
> protocol-security@3.0.0-alpha test
> jest --coverage

  console.debug
    [34m[DEBUG][0m 2026-03-24T21:32:31.475Z protocol-security: [CircuitBreaker:redis] [INIT] CircuitBreaker инициализирован: redis

      at ConsoleTransport.method [as send] (src/logging/Logger.ts:158:7)
          at Array.map (<anonymous>)

  console.debug
    [34m[DEBUG][0m 2026-03-24T21:32:32.015Z protocol-security: [CircuitBreaker:database] [INIT] CircuitBreaker инициализирован: database

      at ConsoleTransport.method [as send] (src/logging/Logger.ts:158:7)
          at Array.map (<anonymous>)

  console.debug
    [34m[DEBUG][0m 2026-03-24T21:32:32.025Z protocol-security: [CircuitBreaker:vault] [INIT] CircuitBreaker инициализирован: vault

      at ConsoleTransport.method [as send] (src/logging/Logger.ts:158:7)
          at Array.map (<anonymous>)

  console.debug
    [34m[DEBUG][0m 2026-03-24T21:32:32.029Z protocol-security: [CircuitBreaker:elasticsearch] [INIT] CircuitBreaker инициализирован: elasticsearch

      at ConsoleTransport.method [as send] (src/logging/Logger.ts:158:7)
          at Array.map (<anonymous>)

  console.debug
    [34m[DEBUG][0m 2026-03-24T21:32:32.067Z protocol-security: [CircuitBreaker:redis] [INIT] CircuitBreaker инициализирован: redis

      at ConsoleTransport.method [as send] (src/logging/Logger.ts:158:7)
          at Array.map (<anonymous>)

  console.debug
    [34m[DEBUG][0m 2026-03-24T21:32:32.074Z protocol-security: [CircuitBreaker:database] [INIT] CircuitBreaker инициализирован: database

      at ConsoleTransport.method [as send] (src/logging/Logger.ts:158:7)
          at Array.map (<anonymous>)

  console.debug
    [34m[DEBUG][0m 2026-03-24T21:32:32.085Z protocol-security: [CircuitBreaker:vault] [INIT] CircuitBreaker инициализирован: vault

      at ConsoleTransport.method [as send] (src/logging/Logger.ts:158:7)
          at Array.map (<anonymous>)

  console.debug
    [34m[DEBUG][0m 2026-03-24T21:32:32.088Z protocol-security: [CircuitBreaker:elasticsearch] [INIT] CircuitBreaker инициализирован: elasticsearch

      at ConsoleTransport.method [as send] (src/logging/Logger.ts:158:7)
          at Array.map (<anonymous>)

  console.debug
    [34m[DEBUG][0m 2026-03-24T21:32:32.099Z protocol-security: [HealthCheckService] [STOP] Остановка Health Check Service

      at ConsoleTransport.method [as send] (src/logging/Logger.ts:158:7)
          at Array.map (<anonymous>)

  console.debug
    [34m[DEBUG][0m 2026-03-24T21:32:32.105Z protocol-security: [CircuitBreaker:redis] [INIT] CircuitBreaker инициализирован: redis

      at ConsoleTransport.method [as send] (src/logging/Logger.ts:158:7)
          at Array.map (<anonymous>)

  console.debug
    [34m[DEBUG][0m 2026-03-24T21:32:32.110Z protocol-security: [CircuitBreaker:database] [INIT] CircuitBreaker инициализирован: database

      at ConsoleTransport.method [as send] (src/logging/Logger.ts:158:7)
          at Array.map (<anonymous>)

  console.debug
    [34m[DEBUG][0m 2026-03-24T21:32:32.113Z protocol-security: [CircuitBreaker:vault] [INIT] CircuitBreaker инициализирован: vault

      at ConsoleTransport.method [as send] (src/logging/Logger.ts:158:7)
          at Array.map (<anonymous>)

  console.debug
    [34m[DEBUG][0m 2026-03-24T21:32:32.117Z protocol-security: [CircuitBreaker:elasticsearch] [INIT] CircuitBreaker инициализирован: elasticsearch

      at ConsoleTransport.method [as send] (src/logging/Logger.ts:158:7)
          at Array.map (<anonymous>)

  console.debug
    [34m[DEBUG][0m 2026-03-24T21:32:32.121Z protocol-security: [CircuitBreaker:redis] [INIT] CircuitBreaker инициализирован: redis

      at ConsoleTransport.method [as send] (src/logging/Logger.ts:158:7)
          at Array.map (<anonymous>)

  console.debug
    [34m[DEBUG][0m 2026-03-24T21:32:32.125Z protocol-security: [CircuitBreaker:database] [INIT] CircuitBreaker инициализирован: database

      at ConsoleTransport.method [as send] (src/logging/Logger.ts:158:7)
          at Array.map (<anonymous>)

  console.debug
    [34m[DEBUG][0m 2026-03-24T21:32:32.128Z protocol-security: [CircuitBreaker:vault] [INIT] CircuitBreaker инициализирован: vault

      at ConsoleTransport.method [as send] (src/logging/Logger.ts:158:7)
          at Array.map (<anonymous>)

  console.debug
    [34m[DEBUG][0m 2026-03-24T21:32:32.141Z protocol-security: [CircuitBreaker:elasticsearch] [INIT] CircuitBreaker инициализирован: elasticsearch

      at ConsoleTransport.method [as send] (src/logging/Logger.ts:158:7)
          at Array.map (<anonymous>)

  console.debug
    [34m[DEBUG][0m 2026-03-24T21:32:32.145Z protocol-security: [HealthCheckService] [STOP] Остановка Health Check Service

      at ConsoleTransport.method [as send] (src/logging/Logger.ts:158:7)
          at Array.map (<anonymous>)

  console.debug
    [34m[DEBUG][0m 2026-03-24T21:32:32.148Z protocol-security: [HealthCheckService] [STOP] Остановка Health Check Service

      at ConsoleTransport.method [as send] (src/logging/Logger.ts:158:7)
          at Array.map (<anonymous>)

  console.debug
    [34m[DEBUG][0m 2026-03-24T21:32:32.169Z protocol-security: [CircuitBreaker:redis] [INIT] CircuitBreaker инициализирован: redis

      at ConsoleTransport.method [as send] (src/logging/Logger.ts:158:7)
          at Array.map (<anonymous>)

  console.debug
    [34m[DEBUG][0m 2026-03-24T21:32:32.172Z protocol-security: [CircuitBreaker:database] [INIT] CircuitBreaker инициализирован: database

      at ConsoleTransport.method [as send] (src/logging/Logger.ts:158:7)
          at Array.map (<anonymous>)

  console.debug
    [34m[DEBUG][0m 2026-03-24T21:32:32.175Z protocol-security: [CircuitBreaker:vault] [INIT] CircuitBreaker инициализирован: vault

      at ConsoleTransport.method [as send] (src/logging/Logger.ts:158:7)
          at Array.map (<anonymous>)

  console.debug
    [34m[DEBUG][0m 2026-03-24T21:32:32.178Z protocol-security: [CircuitBreaker:elasticsearch] [INIT] CircuitBreaker инициализирован: elasticsearch

      at ConsoleTransport.method [as send] (src/logging/Logger.ts:158:7)
          at Array.map (<anonymous>)

  console.debug
    [34m[DEBUG][0m 2026-03-24T21:32:32.182Z protocol-security: [HealthCheckService] [STOP] Остановка Health Check Service

      at ConsoleTransport.method [as send] (src/logging/Logger.ts:158:7)
          at Array.map (<anonymous>)

  console.debug
    [34m[DEBUG][0m 2026-03-24T21:32:32.186Z protocol-security: [CircuitBreaker:redis] [INIT] CircuitBreaker инициализирован: redis

      at ConsoleTransport.method [as send] (src/logging/Logger.ts:158:7)
          at Array.map (<anonymous>)

  console.debug
    [34m[DEBUG][0m 2026-03-24T21:32:32.190Z protocol-security: [CircuitBreaker:database] [INIT] CircuitBreaker инициализирован: database

      at ConsoleTransport.method [as send] (src/logging/Logger.ts:158:7)
          at Array.map (<anonymous>)

  console.debug
    [34m[DEBUG][0m 2026-03-24T21:32:32.193Z protocol-security: [CircuitBreaker:vault] [INIT] CircuitBreaker инициализирован: vault

      at ConsoleTransport.method [as send] (src/logging/Logger.ts:158:7)
          at Array.map (<anonymous>)

  console.debug
    [34m[DEBUG][0m 2026-03-24T21:32:32.196Z protocol-security: [CircuitBreaker:elasticsearch] [INIT] CircuitBreaker инициализирован: elasticsearch

      at ConsoleTransport.method [as send] (src/logging/Logger.ts:158:7)
          at Array.map (<anonymous>)

  console.debug
    [34m[DEBUG][0m 2026-03-24T21:32:32.201Z protocol-security: [CircuitBreaker:test_service] [INIT] CircuitBreaker инициализирован: test_service

      at ConsoleTransport.method [as send] (src/logging/Logger.ts:158:7)
          at Array.map (<anonymous>)

  console.debug
    [34m[DEBUG][0m 2026-03-24T21:32:32.205Z protocol-security: [HealthCheckService] [STOP] Остановка Health Check Service

      at ConsoleTransport.method [as send] (src/logging/Logger.ts:158:7)
          at Array.map (<anonymous>)

  console.debug
    [34m[DEBUG][0m 2026-03-24T21:32:32.210Z protocol-security: [CircuitBreaker:redis] [INIT] CircuitBreaker инициализирован: redis

      at ConsoleTransport.method [as send] (src/logging/Logger.ts:158:7)
          at Array.map (<anonymous>)

  console.debug
    [34m[DEBUG][0m 2026-03-24T21:32:32.213Z protocol-security: [CircuitBreaker:database] [INIT] CircuitBreaker инициализирован: database

      at ConsoleTransport.method [as send] (src/logging/Logger.ts:158:7)
          at Array.map (<anonymous>)

  console.debug
    [34m[DEBUG][0m 2026-03-24T21:32:32.219Z protocol-security: [CircuitBreaker:vault] [INIT] CircuitBreaker инициализирован: vault

      at ConsoleTransport.method [as send] (src/logging/Logger.ts:158:7)
          at Array.map (<anonymous>)

  console.debug
    [34m[DEBUG][0m 2026-03-24T21:32:32.222Z protocol-security: [CircuitBreaker:elasticsearch] [INIT] CircuitBreaker инициализирован: elasticsearch

      at ConsoleTransport.method [as send] (src/logging/Logger.ts:158:7)
          at Array.map (<anonymous>)

  console.debug
    [34m[DEBUG][0m 2026-03-24T21:32:32.225Z protocol-security: [CircuitBreaker:redis_test] [INIT] CircuitBreaker инициализирован: redis_test

      at ConsoleTransport.method [as send] (src/logging/Logger.ts:158:7)
          at Array.map (<anonymous>)

  console.debug
    [34m[DEBUG][0m 2026-03-24T21:32:31.749Z protocol-security: [CircuitBreaker:default] [INIT] CircuitBreaker инициализирован: default

      at ConsoleTransport.method [as send] (src/logging/Logger.ts:158:7)
          at Array.map (<anonymous>)

  console.debug
    [34m[DEBUG][0m 2026-03-24T21:32:32.237Z protocol-security: [CircuitBreaker:default] [DESTROY] CircuitBreaker остановлен

      at ConsoleTransport.method [as send] (src/logging/Logger.ts:158:7)
          at Array.map (<anonymous>)

  console.debug
    [34m[DEBUG][0m 2026-03-24T21:32:32.245Z protocol-security: [CircuitBreaker:custom] [INIT] CircuitBreaker инициализирован: custom

      at ConsoleTransport.method [as send] (src/logging/Logger.ts:158:7)
          at Array.map (<anonymous>)

  console.debug
    [34m[DEBUG][0m 2026-03-24T21:32:32.250Z protocol-security: [CircuitBreaker:custom] [DESTROY] CircuitBreaker остановлен

      at ConsoleTransport.method [as send] (src/logging/Logger.ts:158:7)
          at Array.map (<anonymous>)

  console.log
    [2026-03-24T21:32:31.913Z] [SecureRandom] [INFO] SecureRandom уничтожен, ресурсы очищены

      at SecureRandom.log (src/crypto/SecureRandom.ts:576:15)

  console.log
    [2026-03-24T21:32:32.288Z] [SecureRandom] [INFO] SecureRandom уничтожен, ресурсы очищены

      at SecureRandom.log (src/crypto/SecureRandom.ts:576:15)

  console.log
    [2026-03-24T21:32:32.301Z] [SecureRandom] [INFO] SecureRandom уничтожен, ресурсы очищены

      at SecureRandom.log (src/crypto/SecureRandom.ts:576:15)

  console.log
    [2026-03-24T21:32:32.308Z] [SecureRandom] [INFO] SecureRandom уничтожен, ресурсы очищены

      at SecureRandom.log (src/crypto/SecureRandom.ts:576:15)

  console.log
    [2026-03-24T21:32:32.321Z] [SecureRandom] [INFO] SecureRandom уничтожен, ресурсы очищены

      at SecureRandom.log (src/crypto/SecureRandom.ts:576:15)

  console.warn
    [33m[WARNING][0m 2026-03-24T21:32:31.820Z InputValidationMiddleware: [InputValidation] Превышен размер body: /api/test

    [0m [90m 156 |[39m       [90m// Выбор метода вывода в зависимости от уровня[39m
     [90m 157 |[39m       [36mconst[39m method [33m=[39m [36mthis[39m[33m.[39mgetConsoleMethod(log[33m.[39mlevel)[33m;[39m
    [31m[1m>[22m[39m[90m 158 |[39m       method(output)[33m;[39m
     [90m     |[39m       [31m[1m^[22m[39m
     [90m 159 |[39m       
     [90m 160 |[39m       [36mreturn[39m {
     [90m 161 |[39m         success[33m:[39m [36mtrue[39m[33m,[39m[0m

      at ConsoleTransport.method [as send] (src/logging/Logger.ts:158:7)
      at send (src/logging/Logger.ts:871:42)
          at Array.map (<anonymous>)
      at SecureLogger.map (src/logging/Logger.ts:868:49)
      at SecureLogger.log [as warning] (src/logging/Logger.ts:1011:17)
      at warning (src/middleware/InputValidationMiddleware.ts:722:17)
      at Object.<anonymous> (tests/middleware/InputValidationMiddleware.test.ts:236:7)

  console.log
    [2026-03-24T21:32:32.376Z] [SecureRandom] [INFO] SecureRandom уничтожен, ресурсы очищены

      at SecureRandom.log (src/crypto/SecureRandom.ts:576:15)

  console.log
    [32m[INFO][0m 2026-03-24T21:32:31.913Z protocol-security: [SecretCache] Инициализирован

      at ConsoleTransport.method [as send] (src/logging/Logger.ts:158:7)
          at Array.map (<anonymous>)

  console.warn
    [33m[WARNING][0m 2026-03-24T21:32:32.360Z InputValidationMiddleware: [InputValidation] Rate limit превышен для 10.0.0.1

    [0m [90m 156 |[39m       [90m// Выбор метода вывода в зависимости от уровня[39m
     [90m 157 |[39m       [36mconst[39m method [33m=[39m [36mthis[39m[33m.[39mgetConsoleMethod(log[33m.[39mlevel)[33m;[39m
    [31m[1m>[22m[39m[90m 158 |[39m       method(output)[33m;[39m
     [90m     |[39m       [31m[1m^[22m[39m
     [90m 159 |[39m       
     [90m 160 |[39m       [36mreturn[39m {
     [90m 161 |[39m         success[33m:[39m [36mtrue[39m[33m,[39m[0m

      at ConsoleTransport.method [as send] (src/logging/Logger.ts:158:7)
      at send (src/logging/Logger.ts:871:42)
          at Array.map (<anonymous>)
      at SecureLogger.map (src/logging/Logger.ts:868:49)
      at SecureLogger.log [as warning] (src/logging/Logger.ts:1011:17)
      at warning (src/middleware/InputValidationMiddleware.ts:743:19)
      at Object.<anonymous> (tests/middleware/InputValidationMiddleware.test.ts:285:7)

  console.log
    [32m[INFO][0m 2026-03-24T21:32:32.385Z protocol-security: [SecretCache] Остановлен

      at ConsoleTransport.method [as send] (src/logging/Logger.ts:158:7)
          at Array.map (<anonymous>)

  console.log
    [32m[INFO][0m 2026-03-24T21:32:32.393Z protocol-security: [SecretCache] Инициализирован

      at ConsoleTransport.method [as send] (src/logging/Logger.ts:158:7)
          at Array.map (<anonymous>)

  console.log
    [32m[INFO][0m 2026-03-24T21:32:32.400Z protocol-security: [SecretCache] Остановлен

      at ConsoleTransport.method [as send] (src/logging/Logger.ts:158:7)
          at Array.map (<anonymous>)

  console.log
    [32m[INFO][0m 2026-03-24T21:32:32.405Z protocol-security: [SecretCache] Остановлен

      at ConsoleTransport.method [as send] (src/logging/Logger.ts:158:7)
          at Array.map (<anonymous>)

  console.debug
    [34m[DEBUG][0m 2026-03-24T21:32:32.405Z protocol-security: [HealthCheckService] [STOP] Остановка Health Check Service

      at ConsoleTransport.method [as send] (src/logging/Logger.ts:158:7)
          at Array.map (<anonymous>)

  console.log
    [32m[INFO][0m 2026-03-24T21:32:32.409Z protocol-security: [SecretCache] Инициализирован

      at ConsoleTransport.method [as send] (src/logging/Logger.ts:158:7)
          at Array.map (<anonymous>)

  console.log
    [32m[INFO][0m 2026-03-24T21:32:32.430Z protocol-security: [SecretCache] Остановлен

      at ConsoleTransport.method [as send] (src/logging/Logger.ts:158:7)
          at Array.map (<anonymous>)

  console.log
    [32m[INFO][0m 2026-03-24T21:32:32.434Z protocol-security: [SecretCache] Инициализирован

      at ConsoleTransport.method [as send] (src/logging/Logger.ts:158:7)
          at Array.map (<anonymous>)

  console.warn
    [33m[WARNING][0m 2026-03-24T21:32:32.407Z InputValidationMiddleware: [InputValidation] Валидация не пройдена (1ms): POST /api/test, ошибок: 1{"method":"POST","path":"/api/test","errorCount":1,"errors":[{"field":"email","code":"INVALID_FORMAT"}]}

    [0m [90m 156 |[39m       [90m// Выбор метода вывода в зависимости от уровня[39m
     [90m 157 |[39m       [36mconst[39m method [33m=[39m [36mthis[39m[33m.[39mgetConsoleMethod(log[33m.[39mlevel)[33m;[39m
    [31m[1m>[22m[39m[90m 158 |[39m       method(output)[33m;[39m
     [90m     |[39m       [31m[1m^[22m[39m
     [90m 159 |[39m       
     [90m 160 |[39m       [36mreturn[39m {
     [90m 161 |[39m         success[33m:[39m [36mtrue[39m[33m,[39m[0m

      at ConsoleTransport.method [as send] (src/logging/Logger.ts:158:7)
      at send (src/logging/Logger.ts:871:42)
          at Array.map (<anonymous>)
      at SecureLogger.map (src/logging/Logger.ts:868:49)
      at SecureLogger.log [as warning] (src/logging/Logger.ts:1011:17)
      at warning (src/middleware/InputValidationMiddleware.ts:856:17)
      at Object.<anonymous> (tests/middleware/InputValidationMiddleware.test.ts:347:7)

  console.log
    [32m[INFO][0m 2026-03-24T21:32:32.438Z protocol-security: [SecretCache] Остановлен

      at ConsoleTransport.method [as send] (src/logging/Logger.ts:158:7)
          at Array.map (<anonymous>)

  console.log
    [32m[INFO][0m 2026-03-24T21:32:32.453Z protocol-security: [SecretCache] Инициализирован

      at ConsoleTransport.method [as send] (src/logging/Logger.ts:158:7)
          at Array.map (<anonymous>)

  console.log
    [32m[INFO][0m 2026-03-24T21:32:32.458Z protocol-security: [SecretCache] Остановлен

      at ConsoleTransport.method [as send] (src/logging/Logger.ts:158:7)
          at Array.map (<anonymous>)

  console.log
    [32m[INFO][0m 2026-03-24T21:32:32.462Z protocol-security: [SecretCache] Инициализирован

      at ConsoleTransport.method [as send] (src/logging/Logger.ts:158:7)
          at Array.map (<anonymous>)

  console.log
    [32m[INFO][0m 2026-03-24T21:32:32.465Z protocol-security: [SecretCache] Инициализирован

      at ConsoleTransport.method [as send] (src/logging/Logger.ts:158:7)
          at Array.map (<anonymous>)

  console.warn
    [33m[WARNING][0m 2026-03-24T21:32:32.450Z InputValidationMiddleware: [InputValidation] Валидация не пройдена (0ms): POST /api/test, ошибок: 1{"method":"POST","path":"/api/test","errorCount":1,"errors":[{"field":"email","code":"INVALID_FORMAT"}]}

    [0m [90m 156 |[39m       [90m// Выбор метода вывода в зависимости от уровня[39m
     [90m 157 |[39m       [36mconst[39m method [33m=[39m [36mthis[39m[33m.[39mgetConsoleMethod(log[33m.[39mlevel)[33m;[39m
    [31m[1m>[22m[39m[90m 158 |[39m       method(output)[33m;[39m
     [90m     |[39m       [31m[1m^[22m[39m
     [90m 159 |[39m       
     [90m 160 |[39m       [36mreturn[39m {
     [90m 161 |[39m         success[33m:[39m [36mtrue[39m[33m,[39m[0m

      at ConsoleTransport.method [as send] (src/logging/Logger.ts:158:7)
      at send (src/logging/Logger.ts:871:42)
          at Array.map (<anonymous>)
      at SecureLogger.map (src/logging/Logger.ts:868:49)
      at SecureLogger.log [as warning] (src/logging/Logger.ts:1011:17)
      at warning (src/middleware/InputValidationMiddleware.ts:856:17)
      at Object.<anonymous> (tests/middleware/InputValidationMiddleware.test.ts:368:7)

  console.debug
    [34m[DEBUG][0m 2026-03-24T21:32:32.479Z protocol-security: [CircuitBreaker:redis] [INIT] CircuitBreaker инициализирован: redis

      at ConsoleTransport.method [as send] (src/logging/Logger.ts:158:7)
          at Array.map (<anonymous>)

  console.debug
    [34m[DEBUG][0m 2026-03-24T21:32:32.483Z protocol-security: [CircuitBreaker:database] [INIT] CircuitBreaker инициализирован: database

      at ConsoleTransport.method [as send] (src/logging/Logger.ts:158:7)
          at Array.map (<anonymous>)

  console.debug
    [34m[DEBUG][0m 2026-03-24T21:32:32.486Z protocol-security: [CircuitBreaker:vault] [INIT] CircuitBreaker инициализирован: vault

      at ConsoleTransport.method [as send] (src/logging/Logger.ts:158:7)
          at Array.map (<anonymous>)

  console.debug
    [34m[DEBUG][0m 2026-03-24T21:32:32.490Z protocol-security: [CircuitBreaker:elasticsearch] [INIT] CircuitBreaker инициализирован: elasticsearch

      at ConsoleTransport.method [as send] (src/logging/Logger.ts:158:7)
          at Array.map (<anonymous>)

  console.debug
    [34m[DEBUG][0m 2026-03-24T21:32:32.495Z protocol-security: [HealthCheckService] [STOP] Остановка Health Check Service

      at ConsoleTransport.method [as send] (src/logging/Logger.ts:158:7)
          at Array.map (<anonymous>)

  console.debug
    [34m[DEBUG][0m 2026-03-24T21:32:32.500Z protocol-security: [CircuitBreaker:redis] [INIT] CircuitBreaker инициализирован: redis

      at ConsoleTransport.method [as send] (src/logging/Logger.ts:158:7)
          at Array.map (<anonymous>)

  console.debug
    [34m[DEBUG][0m 2026-03-24T21:32:32.503Z protocol-security: [CircuitBreaker:database] [INIT] CircuitBreaker инициализирован: database

      at ConsoleTransport.method [as send] (src/logging/Logger.ts:158:7)
          at Array.map (<anonymous>)

  console.warn
    [33m[WARNING][0m 2026-03-24T21:32:32.488Z InputValidationMiddleware: [InputValidation] Валидация не пройдена (1ms): GET /api/test, ошибок: 1{"method":"GET","path":"/api/test","errorCount":1,"errors":[{"field":"uuid","code":"INVALID_UUID"}]}

    [0m [90m 156 |[39m       [90m// Выбор метода вывода в зависимости от уровня[39m
     [90m 157 |[39m       [36mconst[39m method [33m=[39m [36mthis[39m[33m.[39mgetConsoleMethod(log[33m.[39mlevel)[33m;[39m
    [31m[1m>[22m[39m[90m 158 |[39m       method(output)[33m;[39m
     [90m     |[39m       [31m[1m^[22m[39m
     [90m 159 |[39m       
     [90m 160 |[39m       [36mreturn[39m {
     [90m 161 |[39m         success[33m:[39m [36mtrue[39m[33m,[39m[0m

      at ConsoleTransport.method [as send] (src/logging/Logger.ts:158:7)
      at send (src/logging/Logger.ts:871:42)
          at Array.map (<anonymous>)
      at SecureLogger.map (src/logging/Logger.ts:868:49)
      at SecureLogger.log [as warning] (src/logging/Logger.ts:1011:17)
      at warning (src/middleware/InputValidationMiddleware.ts:856:17)
      at Object.<anonymous> (tests/middleware/InputValidationMiddleware.test.ts:426:7)

  console.debug
    [34m[DEBUG][0m 2026-03-24T21:32:32.506Z protocol-security: [CircuitBreaker:vault] [INIT] CircuitBreaker инициализирован: vault

      at ConsoleTransport.method [as send] (src/logging/Logger.ts:158:7)
          at Array.map (<anonymous>)

  console.debug
    [34m[DEBUG][0m 2026-03-24T21:32:32.509Z protocol-security: [CircuitBreaker:elasticsearch] [INIT] CircuitBreaker инициализирован: elasticsearch

      at ConsoleTransport.method [as send] (src/logging/Logger.ts:158:7)
          at Array.map (<anonymous>)

  console.debug
    [34m[DEBUG][0m 2026-03-24T21:32:32.515Z protocol-security: [HealthCheckService] [STOP] Остановка Health Check Service

      at ConsoleTransport.method [as send] (src/logging/Logger.ts:158:7)
          at Array.map (<anonymous>)

  console.debug
    [34m[DEBUG][0m 2026-03-24T21:32:32.519Z protocol-security: [CircuitBreaker:redis] [INIT] CircuitBreaker инициализирован: redis

      at ConsoleTransport.method [as send] (src/logging/Logger.ts:158:7)
          at Array.map (<anonymous>)

  console.debug
    [34m[DEBUG][0m 2026-03-24T21:32:32.524Z protocol-security: [CircuitBreaker:database] [INIT] CircuitBreaker инициализирован: database

      at ConsoleTransport.method [as send] (src/logging/Logger.ts:158:7)
          at Array.map (<anonymous>)

  console.debug
    [34m[DEBUG][0m 2026-03-24T21:32:32.532Z protocol-security: [CircuitBreaker:vault] [INIT] CircuitBreaker инициализирован: vault

      at ConsoleTransport.method [as send] (src/logging/Logger.ts:158:7)
          at Array.map (<anonymous>)

  console.warn
    [33m[WARNING][0m 2026-03-24T21:32:32.516Z InputValidationMiddleware: [InputValidation] Валидация не пройдена (4ms): POST /api/test, ошибок: 1{"method":"POST","path":"/api/test","errorCount":1,"errors":[{"field":"value","code":"TOO_SHORT"}]}

    [0m [90m 156 |[39m       [90m// Выбор метода вывода в зависимости от уровня[39m
     [90m 157 |[39m       [36mconst[39m method [33m=[39m [36mthis[39m[33m.[39mgetConsoleMethod(log[33m.[39mlevel)[33m;[39m
    [31m[1m>[22m[39m[90m 158 |[39m       method(output)[33m;[39m
     [90m     |[39m       [31m[1m^[22m[39m
     [90m 159 |[39m       
     [90m 160 |[39m       [36mreturn[39m {
     [90m 161 |[39m         success[33m:[39m [36mtrue[39m[33m,[39m[0m

      at ConsoleTransport.method [as send] (src/logging/Logger.ts:158:7)
      at send (src/logging/Logger.ts:871:42)
          at Array.map (<anonymous>)
      at SecureLogger.map (src/logging/Logger.ts:868:49)
      at SecureLogger.log [as warning] (src/logging/Logger.ts:1011:17)
      at warning (src/middleware/InputValidationMiddleware.ts:856:17)
      at Object.<anonymous> (tests/middleware/InputValidationMiddleware.test.ts:463:7)

  console.debug
    [34m[DEBUG][0m 2026-03-24T21:32:32.536Z protocol-security: [CircuitBreaker:elasticsearch] [INIT] CircuitBreaker инициализирован: elasticsearch

      at ConsoleTransport.method [as send] (src/logging/Logger.ts:158:7)
          at Array.map (<anonymous>)

  console.debug
    [34m[DEBUG][0m 2026-03-24T21:32:32.556Z protocol-security: [HealthCheckService] [STOP] Остановка Health Check Service

      at ConsoleTransport.method [as send] (src/logging/Logger.ts:158:7)
          at Array.map (<anonymous>)

  console.warn
    [33m[WARNING][0m 2026-03-24T21:32:32.539Z InputValidationMiddleware: [InputValidation] Валидация не пройдена (1ms): POST /api/test, ошибок: 1{"method":"POST","path":"/api/test","errorCount":1,"errors":[{"field":"value","code":"TOO_LONG"}]}

    [0m [90m 156 |[39m       [90m// Выбор метода вывода в зависимости от уровня[39m
     [90m 157 |[39m       [36mconst[39m method [33m=[39m [36mthis[39m[33m.[39mgetConsoleMethod(log[33m.[39mlevel)[33m;[39m
    [31m[1m>[22m[39m[90m 158 |[39m       method(output)[33m;[39m
     [90m     |[39m       [31m[1m^[22m[39m
     [90m 159 |[39m       
     [90m 160 |[39m       [36mreturn[39m {
     [90m 161 |[39m         success[33m:[39m [36mtrue[39m[33m,[39m[0m

      at ConsoleTransport.method [as send] (src/logging/Logger.ts:158:7)
      at send (src/logging/Logger.ts:871:42)
          at Array.map (<anonymous>)
      at SecureLogger.map (src/logging/Logger.ts:868:49)
      at SecureLogger.log [as warning] (src/logging/Logger.ts:1011:17)
      at warning (src/middleware/InputValidationMiddleware.ts:856:17)
      at Object.<anonymous> (tests/middleware/InputValidationMiddleware.test.ts:482:7)

  console.debug
    [34m[DEBUG][0m 2026-03-24T21:32:32.560Z protocol-security: [CircuitBreaker:redis] [INIT] CircuitBreaker инициализирован: redis

      at ConsoleTransport.method [as send] (src/logging/Logger.ts:158:7)
          at Array.map (<anonymous>)

  console.debug
    [34m[DEBUG][0m 2026-03-24T21:32:32.563Z protocol-security: [CircuitBreaker:database] [INIT] CircuitBreaker инициализирован: database

      at ConsoleTransport.method [as send] (src/logging/Logger.ts:158:7)
          at Array.map (<anonymous>)

  console.debug
    [34m[DEBUG][0m 2026-03-24T21:32:32.566Z protocol-security: [CircuitBreaker:vault] [INIT] CircuitBreaker инициализирован: vault

      at ConsoleTransport.method [as send] (src/logging/Logger.ts:158:7)
          at Array.map (<anonymous>)

  console.debug
    [34m[DEBUG][0m 2026-03-24T21:32:32.569Z protocol-security: [CircuitBreaker:elasticsearch] [INIT] CircuitBreaker инициализирован: elasticsearch

      at ConsoleTransport.method [as send] (src/logging/Logger.ts:158:7)
          at Array.map (<anonymous>)

  console.warn
    [33m[WARNING][0m 2026-03-24T21:32:32.567Z InputValidationMiddleware: [InputValidation] Валидация не пройдена (2ms): POST /api/test, ошибок: 1{"method":"POST","path":"/api/test","errorCount":1,"errors":[{"field":"value","code":"PATTERN_MISMATCH"}]}

    [0m [90m 156 |[39m       [90m// Выбор метода вывода в зависимости от уровня[39m
     [90m 157 |[39m       [36mconst[39m method [33m=[39m [36mthis[39m[33m.[39mgetConsoleMethod(log[33m.[39mlevel)[33m;[39m
    [31m[1m>[22m[39m[90m 158 |[39m       method(output)[33m;[39m
     [90m     |[39m       [31m[1m^[22m[39m
     [90m 159 |[39m       
     [90m 160 |[39m       [36mreturn[39m {
     [90m 161 |[39m         success[33m:[39m [36mtrue[39m[33m,[39m[0m

      at ConsoleTransport.method [as send] (src/logging/Logger.ts:158:7)
      at send (src/logging/Logger.ts:871:42)
          at Array.map (<anonymous>)
      at SecureLogger.map (src/logging/Logger.ts:868:49)
      at SecureLogger.log [as warning] (src/logging/Logger.ts:1011:17)
      at warning (src/middleware/InputValidationMiddleware.ts:856:17)
      at Object.<anonymous> (tests/middleware/InputValidationMiddleware.test.ts:521:7)

  console.debug
    [34m[DEBUG][0m 2026-03-24T21:32:32.589Z protocol-security: [HealthCheckService] [STOP] Остановка Health Check Service

      at ConsoleTransport.method [as send] (src/logging/Logger.ts:158:7)
          at Array.map (<anonymous>)

  console.debug
    [34m[DEBUG][0m 2026-03-24T21:32:32.593Z protocol-security: [CircuitBreaker:redis] [INIT] CircuitBreaker инициализирован: redis

      at ConsoleTransport.method [as send] (src/logging/Logger.ts:158:7)
          at Array.map (<anonymous>)

  console.debug
    [34m[DEBUG][0m 2026-03-24T21:32:32.595Z protocol-security: [CircuitBreaker:database] [INIT] CircuitBreaker инициализирован: database

      at ConsoleTransport.method [as send] (src/logging/Logger.ts:158:7)
          at Array.map (<anonymous>)

  console.debug
    [34m[DEBUG][0m 2026-03-24T21:32:32.598Z protocol-security: [CircuitBreaker:vault] [INIT] CircuitBreaker инициализирован: vault

      at ConsoleTransport.method [as send] (src/logging/Logger.ts:158:7)
          at Array.map (<anonymous>)

  console.debug
    [34m[DEBUG][0m 2026-03-24T21:32:32.600Z protocol-security: [CircuitBreaker:elasticsearch] [INIT] CircuitBreaker инициализирован: elasticsearch

      at ConsoleTransport.method [as send] (src/logging/Logger.ts:158:7)
          at Array.map (<anonymous>)

  console.debug
    [34m[DEBUG][0m 2026-03-24T21:32:32.603Z protocol-security: [HealthCheckService] [STOP] Остановка Health Check Service

      at ConsoleTransport.method [as send] (src/logging/Logger.ts:158:7)
          at Array.map (<anonymous>)

  console.debug
    [34m[DEBUG][0m 2026-03-24T21:32:32.607Z protocol-security: [CircuitBreaker:redis] [INIT] CircuitBreaker инициализирован: redis

      at ConsoleTransport.method [as send] (src/logging/Logger.ts:158:7)
          at Array.map (<anonymous>)

  console.debug
    [34m[DEBUG][0m 2026-03-24T21:32:32.609Z protocol-security: [CircuitBreaker:database] [INIT] CircuitBreaker инициализирован: database

      at ConsoleTransport.method [as send] (src/logging/Logger.ts:158:7)
          at Array.map (<anonymous>)

  console.debug
    [34m[DEBUG][0m 2026-03-24T21:32:32.611Z protocol-security: [CircuitBreaker:vault] [INIT] CircuitBreaker инициализирован: vault

      at ConsoleTransport.method [as send] (src/logging/Logger.ts:158:7)
          at Array.map (<anonymous>)

  console.warn
    [33m[WARNING][0m 2026-03-24T21:32:32.591Z InputValidationMiddleware: [InputValidation] Валидация не пройдена (0ms): POST /api/test, ошибок: 1{"method":"POST","path":"/api/test","errorCount":1,"errors":[{"field":"email","code":"INVALID_FORMAT"}]}

    [0m [90m 156 |[39m       [90m// Выбор метода вывода в зависимости от уровня[39m
     [90m 157 |[39m       [36mconst[39m method [33m=[39m [36mthis[39m[33m.[39mgetConsoleMethod(log[33m.[39mlevel)[33m;[39m
    [31m[1m>[22m[39m[90m 158 |[39m       method(output)[33m;[39m
     [90m     |[39m       [31m[1m^[22m[39m
     [90m 159 |[39m       
     [90m 160 |[39m       [36mreturn[39m {
     [90m 161 |[39m         success[33m:[39m [36mtrue[39m[33m,[39m[0m

      at ConsoleTransport.method [as send] (src/logging/Logger.ts:158:7)
      at send (src/logging/Logger.ts:871:42)
          at Array.map (<anonymous>)
      at SecureLogger.map (src/logging/Logger.ts:868:49)
      at SecureLogger.log [as warning] (src/logging/Logger.ts:1011:17)
      at warning (src/middleware/InputValidationMiddleware.ts:856:17)
      at Object.<anonymous> (tests/middleware/InputValidationMiddleware.test.ts:562:7)

  console.debug
    [34m[DEBUG][0m 2026-03-24T21:32:32.614Z protocol-security: [CircuitBreaker:elasticsearch] [INIT] CircuitBreaker инициализирован: elasticsearch

      at ConsoleTransport.method [as send] (src/logging/Logger.ts:158:7)
          at Array.map (<anonymous>)

  console.warn
    [33m[WARNING][0m 2026-03-24T21:32:32.618Z InputValidationMiddleware: [InputValidation] Валидация не пройдена (0ms): POST /api/test, ошибок: 1{"method":"POST","path":"/api/test","errorCount":1,"errors":[{"field":"value","code":"TOO_LARGE"}]}

    [0m [90m 156 |[39m       [90m// Выбор метода вывода в зависимости от уровня[39m
     [90m 157 |[39m       [36mconst[39m method [33m=[39m [36mthis[39m[33m.[39mgetConsoleMethod(log[33m.[39mlevel)[33m;[39m
    [31m[1m>[22m[39m[90m 158 |[39m       method(output)[33m;[39m
     [90m     |[39m       [31m[1m^[22m[39m
     [90m 159 |[39m       
     [90m 160 |[39m       [36mreturn[39m {
     [90m 161 |[39m         success[33m:[39m [36mtrue[39m[33m,[39m[0m

      at ConsoleTransport.method [as send] (src/logging/Logger.ts:158:7)
      at send (src/logging/Logger.ts:871:42)
          at Array.map (<anonymous>)
      at SecureLogger.map (src/logging/Logger.ts:868:49)
      at SecureLogger.log [as warning] (src/logging/Logger.ts:1011:17)
      at warning (src/middleware/InputValidationMiddleware.ts:856:17)
      at Object.<anonymous> (tests/middleware/InputValidationMiddleware.test.ts:603:7)

  console.debug
    [34m[DEBUG][0m 2026-03-24T21:32:32.637Z protocol-security: [HealthCheckService] [STOP] Остановка Health Check Service

      at ConsoleTransport.method [as send] (src/logging/Logger.ts:158:7)
          at Array.map (<anonymous>)

  console.debug
    [34m[DEBUG][0m 2026-03-24T21:32:32.640Z protocol-security: [CircuitBreaker:redis] [INIT] CircuitBreaker инициализирован: redis

      at ConsoleTransport.method [as send] (src/logging/Logger.ts:158:7)
          at Array.map (<anonymous>)

  console.debug
    [34m[DEBUG][0m 2026-03-24T21:32:32.643Z protocol-security: [CircuitBreaker:database] [INIT] CircuitBreaker инициализирован: database

      at ConsoleTransport.method [as send] (src/logging/Logger.ts:158:7)
          at Array.map (<anonymous>)

  console.debug
    [34m[DEBUG][0m 2026-03-24T21:32:32.645Z protocol-security: [CircuitBreaker:vault] [INIT] CircuitBreaker инициализирован: vault

      at ConsoleTransport.method [as send] (src/logging/Logger.ts:158:7)
          at Array.map (<anonymous>)

  console.debug
    [34m[DEBUG][0m 2026-03-24T21:32:32.648Z protocol-security: [CircuitBreaker:elasticsearch] [INIT] CircuitBreaker инициализирован: elasticsearch

      at ConsoleTransport.method [as send] (src/logging/Logger.ts:158:7)
          at Array.map (<anonymous>)

  console.debug
    [34m[DEBUG][0m 2026-03-24T21:32:32.652Z protocol-security: [HealthCheckService] [STOP] Остановка Health Check Service

      at ConsoleTransport.method [as send] (src/logging/Logger.ts:158:7)
          at Array.map (<anonymous>)

  console.debug
    [34m[DEBUG][0m 2026-03-24T21:32:32.655Z protocol-security: [CircuitBreaker:redis] [INIT] CircuitBreaker инициализирован: redis

      at ConsoleTransport.method [as send] (src/logging/Logger.ts:158:7)
          at Array.map (<anonymous>)

  console.debug
    [34m[DEBUG][0m 2026-03-24T21:32:32.657Z protocol-security: [CircuitBreaker:database] [INIT] CircuitBreaker инициализирован: database

      at ConsoleTransport.method [as send] (src/logging/Logger.ts:158:7)
          at Array.map (<anonymous>)

  console.debug
    [34m[DEBUG][0m 2026-03-24T21:32:32.660Z protocol-security: [CircuitBreaker:vault] [INIT] CircuitBreaker инициализирован: vault

      at ConsoleTransport.method [as send] (src/logging/Logger.ts:158:7)
          at Array.map (<anonymous>)

  console.warn
    [33m[WARNING][0m 2026-03-24T21:32:32.646Z InputValidationMiddleware: [InputValidation] Валидация не пройдена (1ms): POST /api/test, ошибок: 4{"method":"POST","path":"/api/test","errorCount":4,"errors":[{"field":"password","code":"TOO_SHORT"},{"field":"password","code":"NO_UPPERCASE"},{"field":"password","code":"NO_NUMBERS"},{"field":"password","code":"NO_SPECIAL"}]}

    [0m [90m 156 |[39m       [90m// Выбор метода вывода в зависимости от уровня[39m
     [90m 157 |[39m       [36mconst[39m method [33m=[39m [36mthis[39m[33m.[39mgetConsoleMethod(log[33m.[39mlevel)[33m;[39m
    [31m[1m>[22m[39m[90m 158 |[39m       method(output)[33m;[39m
     [90m     |[39m       [31m[1m^[22m[39m
     [90m 159 |[39m       
     [90m 160 |[39m       [36mreturn[39m {
     [90m 161 |[39m         success[33m:[39m [36mtrue[39m[33m,[39m[0m

      at ConsoleTransport.method [as send] (src/logging/Logger.ts:158:7)
      at send (src/logging/Logger.ts:871:42)
          at Array.map (<anonymous>)
      at SecureLogger.map (src/logging/Logger.ts:868:49)
      at SecureLogger.log [as warning] (src/logging/Logger.ts:1011:17)
      at warning (src/middleware/InputValidationMiddleware.ts:856:17)
      at Object.<anonymous> (tests/middleware/InputValidationMiddleware.test.ts:717:7)

  console.debug
    [34m[DEBUG][0m 2026-03-24T21:32:32.662Z protocol-security: [CircuitBreaker:elasticsearch] [INIT] CircuitBreaker инициализирован: elasticsearch

      at ConsoleTransport.method [as send] (src/logging/Logger.ts:158:7)
          at Array.map (<anonymous>)

  console.warn
    [33m[WARNING][0m 2026-03-24T21:32:32.668Z InputValidationMiddleware: [InputValidation] Валидация не пройдена (0ms): POST /api/test, ошибок: 1{"method":"POST","path":"/api/test","errorCount":1,"errors":[{"field":"url","code":"INVALID_PROTOCOL"}]}

    [0m [90m 156 |[39m       [90m// Выбор метода вывода в зависимости от уровня[39m
     [90m 157 |[39m       [36mconst[39m method [33m=[39m [36mthis[39m[33m.[39mgetConsoleMethod(log[33m.[39mlevel)[33m;[39m
    [31m[1m>[22m[39m[90m 158 |[39m       method(output)[33m;[39m
     [90m     |[39m       [31m[1m^[22m[39m
     [90m 159 |[39m       
     [90m 160 |[39m       [36mreturn[39m {
     [90m 161 |[39m         success[33m:[39m [36mtrue[39m[33m,[39m[0m

      at ConsoleTransport.method [as send] (src/logging/Logger.ts:158:7)
      at send (src/logging/Logger.ts:871:42)
          at Array.map (<anonymous>)
      at SecureLogger.map (src/logging/Logger.ts:868:49)
      at SecureLogger.log [as warning] (src/logging/Logger.ts:1011:17)
      at warning (src/middleware/InputValidationMiddleware.ts:856:17)
      at Object.<anonymous> (tests/middleware/InputValidationMiddleware.test.ts:758:7)

  console.debug
    [34m[DEBUG][0m 2026-03-24T21:32:32.706Z protocol-security: [HealthCheckService] [STOP] Остановка Health Check Service

      at ConsoleTransport.method [as send] (src/logging/Logger.ts:158:7)
          at Array.map (<anonymous>)

  console.debug
    [34m[DEBUG][0m 2026-03-24T21:32:32.712Z protocol-security: [CircuitBreaker:redis] [INIT] CircuitBreaker инициализирован: redis

      at ConsoleTransport.method [as send] (src/logging/Logger.ts:158:7)
          at Array.map (<anonymous>)

  console.warn
    [33m[WARNING][0m 2026-03-24T21:32:32.691Z InputValidationMiddleware: [InputValidation] Валидация не пройдена (0ms): POST /api/test, ошибок: 2{"method":"POST","path":"/api/test","errorCount":2,"errors":[{"field":"path","code":"PATH_TRAVERSAL"},{"field":"path","code":"INJECTION_DETECTED"}]}

    [0m [90m 156 |[39m       [90m// Выбор метода вывода в зависимости от уровня[39m
     [90m 157 |[39m       [36mconst[39m method [33m=[39m [36mthis[39m[33m.[39mgetConsoleMethod(log[33m.[39mlevel)[33m;[39m
    [31m[1m>[22m[39m[90m 158 |[39m       method(output)[33m;[39m
     [90m     |[39m       [31m[1m^[22m[39m
     [90m 159 |[39m       
     [90m 160 |[39m       [36mreturn[39m {
     [90m 161 |[39m         success[33m:[39m [36mtrue[39m[33m,[39m[0m

      at ConsoleTransport.method [as send] (src/logging/Logger.ts:158:7)
      at send (src/logging/Logger.ts:871:42)
          at Array.map (<anonymous>)
      at SecureLogger.map (src/logging/Logger.ts:868:49)
      at SecureLogger.log [as warning] (src/logging/Logger.ts:1011:17)
      at warning (src/middleware/InputValidationMiddleware.ts:856:17)
      at Object.<anonymous> (tests/middleware/InputValidationMiddleware.test.ts:799:7)

  console.debug
    [34m[DEBUG][0m 2026-03-24T21:32:32.715Z protocol-security: [CircuitBreaker:database] [INIT] CircuitBreaker инициализирован: database

      at ConsoleTransport.method [as send] (src/logging/Logger.ts:158:7)
          at Array.map (<anonymous>)

  console.debug
    [34m[DEBUG][0m 2026-03-24T21:32:32.721Z protocol-security: [CircuitBreaker:vault] [INIT] CircuitBreaker инициализирован: vault

      at ConsoleTransport.method [as send] (src/logging/Logger.ts:158:7)
          at Array.map (<anonymous>)

  console.debug
    [34m[DEBUG][0m 2026-03-24T21:32:32.724Z protocol-security: [CircuitBreaker:elasticsearch] [INIT] CircuitBreaker инициализирован: elasticsearch

      at ConsoleTransport.method [as send] (src/logging/Logger.ts:158:7)
          at Array.map (<anonymous>)

  console.debug
    [34m[DEBUG][0m 2026-03-24T21:32:32.728Z protocol-security: [HealthCheckService] [STOP] Остановка Health Check Service

      at ConsoleTransport.method [as send] (src/logging/Logger.ts:158:7)
          at Array.map (<anonymous>)

  console.debug
    [34m[DEBUG][0m 2026-03-24T21:32:32.732Z protocol-security: [CircuitBreaker:redis] [INIT] CircuitBreaker инициализирован: redis

      at ConsoleTransport.method [as send] (src/logging/Logger.ts:158:7)
          at Array.map (<anonymous>)

  console.debug
    [34m[DEBUG][0m 2026-03-24T21:32:32.734Z protocol-security: [CircuitBreaker:database] [INIT] CircuitBreaker инициализирован: database

      at ConsoleTransport.method [as send] (src/logging/Logger.ts:158:7)
          at Array.map (<anonymous>)

  console.warn
    [33m[WARNING][0m 2026-03-24T21:32:32.719Z InputValidationMiddleware: [InputValidation] Валидация не пройдена (1ms): POST /api/test, ошибок: 1{"method":"POST","path":"/api/test","errorCount":1,"errors":[{"field":"value","code":"INJECTION_DETECTED"}]}

    [0m [90m 156 |[39m       [90m// Выбор метода вывода в зависимости от уровня[39m
     [90m 157 |[39m       [36mconst[39m method [33m=[39m [36mthis[39m[33m.[39mgetConsoleMethod(log[33m.[39mlevel)[33m;[39m
    [31m[1m>[22m[39m[90m 158 |[39m       method(output)[33m;[39m
     [90m     |[39m       [31m[1m^[22m[39m
     [90m 159 |[39m       
     [90m 160 |[39m       [36mreturn[39m {
     [90m 161 |[39m         success[33m:[39m [36mtrue[39m[33m,[39m[0m

      at ConsoleTransport.method [as send] (src/logging/Logger.ts:158:7)
      at send (src/logging/Logger.ts:871:42)
          at Array.map (<anonymous>)
      at SecureLogger.map (src/logging/Logger.ts:868:49)
      at SecureLogger.log [as warning] (src/logging/Logger.ts:1011:17)
      at warning (src/middleware/InputValidationMiddleware.ts:856:17)
      at Object.<anonymous> (tests/middleware/InputValidationMiddleware.test.ts:836:5)

  console.debug
    [34m[DEBUG][0m 2026-03-24T21:32:32.737Z protocol-security: [CircuitBreaker:vault] [INIT] CircuitBreaker инициализирован: vault

      at ConsoleTransport.method [as send] (src/logging/Logger.ts:158:7)
          at Array.map (<anonymous>)

  console.debug
    [34m[DEBUG][0m 2026-03-24T21:32:32.739Z protocol-security: [CircuitBreaker:elasticsearch] [INIT] CircuitBreaker инициализирован: elasticsearch

      at ConsoleTransport.method [as send] (src/logging/Logger.ts:158:7)
          at Array.map (<anonymous>)

  console.warn
    [33m[WARNING][0m 2026-03-24T21:32:32.740Z InputValidationMiddleware: [InputValidation] Валидация не пройдена (1ms): POST /api/test, ошибок: 1{"method":"POST","path":"/api/test","errorCount":1,"errors":[{"field":"value","code":"INJECTION_DETECTED"}]}

    [0m [90m 156 |[39m       [90m// Выбор метода вывода в зависимости от уровня[39m
     [90m 157 |[39m       [36mconst[39m method [33m=[39m [36mthis[39m[33m.[39mgetConsoleMethod(log[33m.[39mlevel)[33m;[39m
    [31m[1m>[22m[39m[90m 158 |[39m       method(output)[33m;[39m
     [90m     |[39m       [31m[1m^[22m[39m
     [90m 159 |[39m       
     [90m 160 |[39m       [36mreturn[39m {
     [90m 161 |[39m         success[33m:[39m [36mtrue[39m[33m,[39m[0m

      at ConsoleTransport.method [as send] (src/logging/Logger.ts:158:7)
      at send (src/logging/Logger.ts:871:42)
          at Array.map (<anonymous>)
      at SecureLogger.map (src/logging/Logger.ts:868:49)
      at SecureLogger.log [as warning] (src/logging/Logger.ts:1011:17)
      at warning (src/middleware/InputValidationMiddleware.ts:856:17)
      at Object.<anonymous> (tests/middleware/InputValidationMiddleware.test.ts:858:5)

  console.debug
    [34m[DEBUG][0m 2026-03-24T21:32:32.777Z protocol-security: [HealthCheckService] [STOP] Остановка Health Check Service

      at ConsoleTransport.method [as send] (src/logging/Logger.ts:158:7)
          at Array.map (<anonymous>)

  console.debug
    [34m[DEBUG][0m 2026-03-24T21:32:32.780Z protocol-security: [CircuitBreaker:redis] [INIT] CircuitBreaker инициализирован: redis

      at ConsoleTransport.method [as send] (src/logging/Logger.ts:158:7)
          at Array.map (<anonymous>)

  console.warn
    [33m[WARNING][0m 2026-03-24T21:32:32.761Z InputValidationMiddleware: [InputValidation] Валидация не пройдена (0ms): POST /api/test, ошибок: 1{"method":"POST","path":"/api/test","errorCount":1,"errors":[{"field":"value","code":"INJECTION_DETECTED"}]}

    [0m [90m 156 |[39m       [90m// Выбор метода вывода в зависимости от уровня[39m
     [90m 157 |[39m       [36mconst[39m method [33m=[39m [36mthis[39m[33m.[39mgetConsoleMethod(log[33m.[39mlevel)[33m;[39m
    [31m[1m>[22m[39m[90m 158 |[39m       method(output)[33m;[39m
     [90m     |[39m       [31m[1m^[22m[39m
     [90m 159 |[39m       
     [90m 160 |[39m       [36mreturn[39m {
     [90m 161 |[39m         success[33m:[39m [36mtrue[39m[33m,[39m[0m

      at ConsoleTransport.method [as send] (src/logging/Logger.ts:158:7)
      at send (src/logging/Logger.ts:871:42)
          at Array.map (<anonymous>)
      at SecureLogger.map (src/logging/Logger.ts:868:49)
      at SecureLogger.log [as warning] (src/logging/Logger.ts:1011:17)
      at warning (src/middleware/InputValidationMiddleware.ts:856:17)
      at Object.<anonymous> (tests/middleware/InputValidationMiddleware.test.ts:880:5)

  console.debug
    [34m[DEBUG][0m 2026-03-24T21:32:32.783Z protocol-security: [CircuitBreaker:database] [INIT] CircuitBreaker инициализирован: database

      at ConsoleTransport.method [as send] (src/logging/Logger.ts:158:7)
          at Array.map (<anonymous>)

  console.debug
    [34m[DEBUG][0m 2026-03-24T21:32:32.786Z protocol-security: [CircuitBreaker:vault] [INIT] CircuitBreaker инициализирован: vault

      at ConsoleTransport.method [as send] (src/logging/Logger.ts:158:7)
          at Array.map (<anonymous>)

  console.debug
    [34m[DEBUG][0m 2026-03-24T21:32:32.788Z protocol-security: [CircuitBreaker:elasticsearch] [INIT] CircuitBreaker инициализирован: elasticsearch

      at ConsoleTransport.method [as send] (src/logging/Logger.ts:158:7)
          at Array.map (<anonymous>)

  console.debug
    [34m[DEBUG][0m 2026-03-24T21:32:32.792Z protocol-security: [HealthCheckService] [STOP] Остановка Health Check Service

      at ConsoleTransport.method [as send] (src/logging/Logger.ts:158:7)
          at Array.map (<anonymous>)

  console.debug
    [34m[DEBUG][0m 2026-03-24T21:32:32.795Z protocol-security: [CircuitBreaker:redis] [INIT] CircuitBreaker инициализирован: redis

      at ConsoleTransport.method [as send] (src/logging/Logger.ts:158:7)
          at Array.map (<anonymous>)

  console.debug
    [34m[DEBUG][0m 2026-03-24T21:32:32.798Z protocol-security: [CircuitBreaker:database] [INIT] CircuitBreaker инициализирован: database

      at ConsoleTransport.method [as send] (src/logging/Logger.ts:158:7)
          at Array.map (<anonymous>)

  console.debug
    [34m[DEBUG][0m 2026-03-24T21:32:32.801Z protocol-security: [CircuitBreaker:vault] [INIT] CircuitBreaker инициализирован: vault

      at ConsoleTransport.method [as send] (src/logging/Logger.ts:158:7)
          at Array.map (<anonymous>)

  console.debug
    [34m[DEBUG][0m 2026-03-24T21:32:32.803Z protocol-security: [CircuitBreaker:elasticsearch] [INIT] CircuitBreaker инициализирован: elasticsearch

      at ConsoleTransport.method [as send] (src/logging/Logger.ts:158:7)
          at Array.map (<anonymous>)

  console.warn
    [33m[WARNING][0m 2026-03-24T21:32:32.789Z InputValidationMiddleware: [InputValidation] Валидация не пройдена (1ms): POST /api/test, ошибок: 2{"method":"POST","path":"/api/test","errorCount":2,"errors":[{"field":"path","code":"PATH_TRAVERSAL"},{"field":"path","code":"INJECTION_DETECTED"}]}

    [0m [90m 156 |[39m       [90m// Выбор метода вывода в зависимости от уровня[39m
     [90m 157 |[39m       [36mconst[39m method [33m=[39m [36mthis[39m[33m.[39mgetConsoleMethod(log[33m.[39mlevel)[33m;[39m
    [31m[1m>[22m[39m[90m 158 |[39m       method(output)[33m;[39m
     [90m     |[39m       [31m[1m^[22m[39m
     [90m 159 |[39m       
     [90m 160 |[39m       [36mreturn[39m {
     [90m 161 |[39m         success[33m:[39m [36mtrue[39m[33m,[39m[0m

      at ConsoleTransport.method [as send] (src/logging/Logger.ts:158:7)
      at send (src/logging/Logger.ts:871:42)
          at Array.map (<anonymous>)
      at SecureLogger.map (src/logging/Logger.ts:868:49)
      at SecureLogger.log [as warning] (src/logging/Logger.ts:1011:17)
      at warning (src/middleware/InputValidationMiddleware.ts:856:17)
      at Object.<anonymous> (tests/middleware/InputValidationMiddleware.test.ts:900:5)

  console.debug
    [34m[DEBUG][0m 2026-03-24T21:32:32.808Z protocol-security: [HealthCheckService] [STOP] Остановка Health Check Service

      at ConsoleTransport.method [as send] (src/logging/Logger.ts:158:7)
          at Array.map (<anonymous>)

  console.debug
    [34m[DEBUG][0m 2026-03-24T21:32:32.811Z protocol-security: [CircuitBreaker:redis] [INIT] CircuitBreaker инициализирован: redis

      at ConsoleTransport.method [as send] (src/logging/Logger.ts:158:7)
          at Array.map (<anonymous>)

  console.debug
    [34m[DEBUG][0m 2026-03-24T21:32:32.814Z protocol-security: [CircuitBreaker:database] [INIT] CircuitBreaker инициализирован: database

      at ConsoleTransport.method [as send] (src/logging/Logger.ts:158:7)
          at Array.map (<anonymous>)

  console.debug
    [34m[DEBUG][0m 2026-03-24T21:32:32.818Z protocol-security: [CircuitBreaker:vault] [INIT] CircuitBreaker инициализирован: vault

      at ConsoleTransport.method [as send] (src/logging/Logger.ts:158:7)
          at Array.map (<anonymous>)

  console.debug
    [34m[DEBUG][0m 2026-03-24T21:32:32.821Z protocol-security: [CircuitBreaker:elasticsearch] [INIT] CircuitBreaker инициализирован: elasticsearch

      at ConsoleTransport.method [as send] (src/logging/Logger.ts:158:7)
          at Array.map (<anonymous>)

  console.debug
    [34m[DEBUG][0m 2026-03-24T21:32:32.830Z protocol-security: [HealthCheckService] [STOP] Остановка Health Check Service

      at ConsoleTransport.method [as send] (src/logging/Logger.ts:158:7)
          at Array.map (<anonymous>)

  console.debug
    [34m[DEBUG][0m 2026-03-24T21:32:32.833Z protocol-security: [CircuitBreaker:redis] [INIT] CircuitBreaker инициализирован: redis

      at ConsoleTransport.method [as send] (src/logging/Logger.ts:158:7)
          at Array.map (<anonymous>)

  console.debug
    [34m[DEBUG][0m 2026-03-24T21:32:32.835Z protocol-security: [CircuitBreaker:database] [INIT] CircuitBreaker инициализирован: database

      at ConsoleTransport.method [as send] (src/logging/Logger.ts:158:7)
          at Array.map (<anonymous>)

  console.debug
    [34m[DEBUG][0m 2026-03-24T21:32:32.838Z protocol-security: [CircuitBreaker:vault] [INIT] CircuitBreaker инициализирован: vault

      at ConsoleTransport.method [as send] (src/logging/Logger.ts:158:7)
          at Array.map (<anonymous>)

  console.debug
    [34m[DEBUG][0m 2026-03-24T21:32:32.841Z protocol-security: [CircuitBreaker:elasticsearch] [INIT] CircuitBreaker инициализирован: elasticsearch

      at ConsoleTransport.method [as send] (src/logging/Logger.ts:158:7)
          at Array.map (<anonymous>)

  console.warn
    [33m[WARNING][0m 2026-03-24T21:32:32.825Z InputValidationMiddleware: [InputValidation] Валидация не пройдена (1ms): POST /api/test, ошибок: 1{"method":"POST","path":"/api/test","errorCount":1,"errors":[{"field":"email","code":"INVALID_FORMAT"}]}

    [0m [90m 156 |[39m       [90m// Выбор метода вывода в зависимости от уровня[39m
     [90m 157 |[39m       [36mconst[39m method [33m=[39m [36mthis[39m[33m.[39mgetConsoleMethod(log[33m.[39mlevel)[33m;[39m
    [31m[1m>[22m[39m[90m 158 |[39m       method(output)[33m;[39m
     [90m     |[39m       [31m[1m^[22m[39m
     [90m 159 |[39m       
     [90m 160 |[39m       [36mreturn[39m {
     [90m 161 |[39m         success[33m:[39m [36mtrue[39m[33m,[39m[0m

      at ConsoleTransport.method [as send] (src/logging/Logger.ts:158:7)
      at send (src/logging/Logger.ts:871:42)
          at Array.map (<anonymous>)
      at SecureLogger.map (src/logging/Logger.ts:868:49)
      at SecureLogger.log [as warning] (src/logging/Logger.ts:1011:17)
      at warning (src/middleware/InputValidationMiddleware.ts:856:17)
      at Object.<anonymous> (tests/middleware/InputValidationMiddleware.test.ts:1067:7)

  console.debug
    [34m[DEBUG][0m 2026-03-24T21:32:32.851Z protocol-security: [HealthCheckService] [STOP] Остановка Health Check Service

      at ConsoleTransport.method [as send] (src/logging/Logger.ts:158:7)
          at Array.map (<anonymous>)

  console.debug
    [34m[DEBUG][0m 2026-03-24T21:32:32.855Z protocol-security: [CircuitBreaker:redis] [INIT] CircuitBreaker инициализирован: redis

      at ConsoleTransport.method [as send] (src/logging/Logger.ts:158:7)
          at Array.map (<anonymous>)

  console.debug
    [34m[DEBUG][0m 2026-03-24T21:32:32.858Z protocol-security: [CircuitBreaker:database] [INIT] CircuitBreaker инициализирован: database

      at ConsoleTransport.method [as send] (src/logging/Logger.ts:158:7)
          at Array.map (<anonymous>)

  console.debug
    [34m[DEBUG][0m 2026-03-24T21:32:32.861Z protocol-security: [CircuitBreaker:vault] [INIT] CircuitBreaker инициализирован: vault

      at ConsoleTransport.method [as send] (src/logging/Logger.ts:158:7)
          at Array.map (<anonymous>)

  console.debug
    [34m[DEBUG][0m 2026-03-24T21:32:32.864Z protocol-security: [CircuitBreaker:elasticsearch] [INIT] CircuitBreaker инициализирован: elasticsearch

      at ConsoleTransport.method [as send] (src/logging/Logger.ts:158:7)
          at Array.map (<anonymous>)

  console.debug
    [34m[DEBUG][0m 2026-03-24T21:32:32.872Z protocol-security: [HealthCheckService] [STOP] Остановка Health Check Service

      at ConsoleTransport.method [as send] (src/logging/Logger.ts:158:7)
          at Array.map (<anonymous>)

  console.debug
    [34m[DEBUG][0m 2026-03-24T21:32:32.875Z protocol-security: [CircuitBreaker:redis] [INIT] CircuitBreaker инициализирован: redis

      at ConsoleTransport.method [as send] (src/logging/Logger.ts:158:7)
          at Array.map (<anonymous>)

  console.debug
    [34m[DEBUG][0m 2026-03-24T21:32:32.879Z protocol-security: [CircuitBreaker:database] [INIT] CircuitBreaker инициализирован: database

      at ConsoleTransport.method [as send] (src/logging/Logger.ts:158:7)
          at Array.map (<anonymous>)

  console.debug
    [34m[DEBUG][0m 2026-03-24T21:32:32.886Z protocol-security: [CircuitBreaker:vault] [INIT] CircuitBreaker инициализирован: vault

      at ConsoleTransport.method [as send] (src/logging/Logger.ts:158:7)
          at Array.map (<anonymous>)

  console.debug
    [34m[DEBUG][0m 2026-03-24T21:32:32.889Z protocol-security: [CircuitBreaker:elasticsearch] [INIT] CircuitBreaker инициализирован: elasticsearch

      at ConsoleTransport.method [as send] (src/logging/Logger.ts:158:7)
          at Array.map (<anonymous>)

  console.warn
    [33m[WARNING][0m 2026-03-24T21:32:32.924Z InputValidationMiddleware: [InputValidation] Валидация не пройдена (0ms): GET /api/test, ошибок: 1{"method":"GET","path":"/api/test","errorCount":1,"errors":[{"field":"uuid","code":"INVALID_UUID"}]}

    [0m [90m 156 |[39m       [90m// Выбор метода вывода в зависимости от уровня[39m
     [90m 157 |[39m       [36mconst[39m method [33m=[39m [36mthis[39m[33m.[39mgetConsoleMethod(log[33m.[39mlevel)[33m;[39m
    [31m[1m>[22m[39m[90m 158 |[39m       method(output)[33m;[39m
     [90m     |[39m       [31m[1m^[22m[39m
     [90m 159 |[39m       
     [90m 160 |[39m       [36mreturn[39m {
     [90m 161 |[39m         success[33m:[39m [36mtrue[39m[33m,[39m[0m

      at ConsoleTransport.method [as send] (src/logging/Logger.ts:158:7)
      at send (src/logging/Logger.ts:871:42)
          at Array.map (<anonymous>)
      at SecureLogger.map (src/logging/Logger.ts:868:49)
      at SecureLogger.log [as warning] (src/logging/Logger.ts:1011:17)
      at warning (src/middleware/InputValidationMiddleware.ts:856:17)
      at Object.<anonymous> (tests/middleware/InputValidationMiddleware.test.ts:1136:7)

  console.error
    {"id":"305ada68-e80e-4d90-bd2d-89f30bb0609c","timestamp":"2026-03-24T21:32:32.614Z","level":0,"source":"application","component":"test-service","hostname":"PC","processId":2656,"message":"Emergency message","category":"application_EMERGENCY","eventCode":"EVT-UNK-00","context":{"metadata":{"environment":"test","region":"us-east-1","version":"1.0.0"}},"schemaVersion":"1.0.0","processingTime":2,"contentHash":"7c4b87304ac1fd72792ba98229b18bed9912cecfbd73766eb330ee9856446482"}

    [0m [90m 156 |[39m       [90m// Выбор метода вывода в зависимости от уровня[39m
     [90m 157 |[39m       [36mconst[39m method [33m=[39m [36mthis[39m[33m.[39mgetConsoleMethod(log[33m.[39mlevel)[33m;[39m
    [31m[1m>[22m[39m[90m 158 |[39m       method(output)[33m;[39m
     [90m     |[39m       [31m[1m^[22m[39m
     [90m 159 |[39m       
     [90m 160 |[39m       [36mreturn[39m {
     [90m 161 |[39m         success[33m:[39m [36mtrue[39m[33m,[39m[0m

      at ConsoleTransport.method [as send] (src/logging/Logger.ts:158:7)
      at send (src/logging/Logger.ts:871:42)
          at Array.map (<anonymous>)
      at SecureLogger.map (src/logging/Logger.ts:868:49)
      at SecureLogger.log [as emergency] (src/logging/Logger.ts:954:17)
      at Object.<anonymous> (tests/logging/logging.test.ts:153:35)

  console.warn
    [33m[WARNING][0m 2026-03-24T21:32:32.944Z InputValidationMiddleware: [InputValidation] Валидация не пройдена (1ms): GET /api/test, ошибок: 1{"method":"GET","path":"/api/test","errorCount":1,"errors":[{"field":"value","code":"TOO_SMALL"}]}

    [0m [90m 156 |[39m       [90m// Выбор метода вывода в зависимости от уровня[39m
     [90m 157 |[39m       [36mconst[39m method [33m=[39m [36mthis[39m[33m.[39mgetConsoleMethod(log[33m.[39mlevel)[33m;[39m
    [31m[1m>[22m[39m[90m 158 |[39m       method(output)[33m;[39m
     [90m     |[39m       [31m[1m^[22m[39m
     [90m 159 |[39m       
     [90m 160 |[39m       [36mreturn[39m {
     [90m 161 |[39m         success[33m:[39m [36mtrue[39m[33m,[39m[0m

      at ConsoleTransport.method [as send] (src/logging/Logger.ts:158:7)
      at send (src/logging/Logger.ts:871:42)
          at Array.map (<anonymous>)
      at SecureLogger.map (src/logging/Logger.ts:868:49)
      at SecureLogger.log [as warning] (src/logging/Logger.ts:1011:17)
      at warning (src/middleware/InputValidationMiddleware.ts:856:17)
      at Object.<anonymous> (tests/middleware/InputValidationMiddleware.test.ts:1171:7)

  console.warn
    [33m[WARNING][0m 2026-03-24T21:32:32.968Z InputValidationMiddleware: [InputValidation] Валидация не пройдена (0ms): GET /api/test, ошибок: 1{"method":"GET","path":"/api/test","errorCount":1,"errors":[{"field":"value","code":"TOO_SHORT"}]}

    [0m [90m 156 |[39m       [90m// Выбор метода вывода в зависимости от уровня[39m
     [90m 157 |[39m       [36mconst[39m method [33m=[39m [36mthis[39m[33m.[39mgetConsoleMethod(log[33m.[39mlevel)[33m;[39m
    [31m[1m>[22m[39m[90m 158 |[39m       method(output)[33m;[39m
     [90m     |[39m       [31m[1m^[22m[39m
     [90m 159 |[39m       
     [90m 160 |[39m       [36mreturn[39m {
     [90m 161 |[39m         success[33m:[39m [36mtrue[39m[33m,[39m[0m

      at ConsoleTransport.method [as send] (src/logging/Logger.ts:158:7)
      at send (src/logging/Logger.ts:871:42)
          at Array.map (<anonymous>)
      at SecureLogger.map (src/logging/Logger.ts:868:49)
      at SecureLogger.log [as warning] (src/logging/Logger.ts:1011:17)
      at warning (src/middleware/InputValidationMiddleware.ts:856:17)
      at Object.<anonymous> (tests/middleware/InputValidationMiddleware.test.ts:1202:7)

  console.error
    {"id":"72688b40-f8ba-44d1-88ca-82461dd40523","timestamp":"2026-03-24T21:32:32.960Z","level":1,"source":"security","component":"test-service","hostname":"PC","processId":2656,"message":"Alert message","category":"security_ALERT","eventCode":"EVT-UNK-01","context":{"metadata":{"environment":"test","region":"us-east-1","version":"1.0.0"}},"schemaVersion":"1.0.0","processingTime":1,"contentHash":"98aa10ddd1aede4eea33cbb09d5c2a4b384d84601c2352c3c51bf341c354fe55"}

    [0m [90m 156 |[39m       [90m// Выбор метода вывода в зависимости от уровня[39m
     [90m 157 |[39m       [36mconst[39m method [33m=[39m [36mthis[39m[33m.[39mgetConsoleMethod(log[33m.[39mlevel)[33m;[39m
    [31m[1m>[22m[39m[90m 158 |[39m       method(output)[33m;[39m
     [90m     |[39m       [31m[1m^[22m[39m
     [90m 159 |[39m       
     [90m 160 |[39m       [36mreturn[39m {
     [90m 161 |[39m         success[33m:[39m [36mtrue[39m[33m,[39m[0m

      at ConsoleTransport.method [as send] (src/logging/Logger.ts:158:7)
      at send (src/logging/Logger.ts:871:42)
          at Array.map (<anonymous>)
      at SecureLogger.map (src/logging/Logger.ts:868:49)
      at SecureLogger.log [as alert] (src/logging/Logger.ts:968:17)
      at Object.<anonymous> (tests/logging/logging.test.ts:154:31)

  console.warn
    [33m[WARNING][0m 2026-03-24T21:32:32.999Z InputValidationMiddleware: [InputValidation] Валидация не пройдена (1ms): POST /api/test, ошибок: 1{"method":"POST","path":"/api/test","errorCount":1,"errors":[{"field":"json","code":"INVALID_TYPE"}]}

    [0m [90m 156 |[39m       [90m// Выбор метода вывода в зависимости от уровня[39m
     [90m 157 |[39m       [36mconst[39m method [33m=[39m [36mthis[39m[33m.[39mgetConsoleMethod(log[33m.[39mlevel)[33m;[39m
    [31m[1m>[22m[39m[90m 158 |[39m       method(output)[33m;[39m
     [90m     |[39m       [31m[1m^[22m[39m
     [90m 159 |[39m       
     [90m 160 |[39m       [36mreturn[39m {
     [90m 161 |[39m         success[33m:[39m [36mtrue[39m[33m,[39m[0m

      at ConsoleTransport.method [as send] (src/logging/Logger.ts:158:7)
      at send (src/logging/Logger.ts:871:42)
          at Array.map (<anonymous>)
      at SecureLogger.map (src/logging/Logger.ts:868:49)
      at SecureLogger.log [as warning] (src/logging/Logger.ts:1011:17)
      at warning (src/middleware/InputValidationMiddleware.ts:856:17)
      at Object.<anonymous> (tests/middleware/InputValidationMiddleware.test.ts:1326:5)

  console.error
    {"id":"6b44823f-ccb2-4b24-b9c8-3b80605d9f6e","timestamp":"2026-03-24T21:32:32.996Z","level":2,"source":"application","component":"test-service","hostname":"PC","processId":2656,"message":"Critical message","category":"application_CRITICAL","eventCode":"EVT-UNK-02","context":{"metadata":{"environment":"test","region":"us-east-1","version":"1.0.0"}},"schemaVersion":"1.0.0","processingTime":0,"contentHash":"1c80a0685d0b1be840dacfa33d40722a72df2b21d359f3aa46f97408cdff5a27"}

    [0m [90m 156 |[39m       [90m// Выбор метода вывода в зависимости от уровня[39m
     [90m 157 |[39m       [36mconst[39m method [33m=[39m [36mthis[39m[33m.[39mgetConsoleMethod(log[33m.[39mlevel)[33m;[39m
    [31m[1m>[22m[39m[90m 158 |[39m       method(output)[33m;[39m
     [90m     |[39m       [31m[1m^[22m[39m
     [90m 159 |[39m       
     [90m 160 |[39m       [36mreturn[39m {
     [90m 161 |[39m         success[33m:[39m [36mtrue[39m[33m,[39m[0m

      at ConsoleTransport.method [as send] (src/logging/Logger.ts:158:7)
      at send (src/logging/Logger.ts:871:42)
          at Array.map (<anonymous>)
      at SecureLogger.map (src/logging/Logger.ts:868:49)
      at SecureLogger.log [as critical] (src/logging/Logger.ts:982:17)
      at Object.<anonymous> (tests/logging/logging.test.ts:155:34)

  console.debug
    [34m[DEBUG][0m 2026-03-24T21:32:33.026Z protocol-security: [HealthCheckService] [STOP] Остановка Health Check Service

      at ConsoleTransport.method [as send] (src/logging/Logger.ts:158:7)
          at Array.map (<anonymous>)

  console.debug
    [34m[DEBUG][0m 2026-03-24T21:32:33.029Z protocol-security: [CircuitBreaker:redis] [INIT] CircuitBreaker инициализирован: redis

      at ConsoleTransport.method [as send] (src/logging/Logger.ts:158:7)
          at Array.map (<anonymous>)

  console.debug
    [34m[DEBUG][0m 2026-03-24T21:32:33.032Z protocol-security: [CircuitBreaker:database] [INIT] CircuitBreaker инициализирован: database

      at ConsoleTransport.method [as send] (src/logging/Logger.ts:158:7)
          at Array.map (<anonymous>)

  console.debug
    [34m[DEBUG][0m 2026-03-24T21:32:33.034Z protocol-security: [CircuitBreaker:vault] [INIT] CircuitBreaker инициализирован: vault

      at ConsoleTransport.method [as send] (src/logging/Logger.ts:158:7)
          at Array.map (<anonymous>)

  console.warn
    [33m[WARNING][0m 2026-03-24T21:32:33.018Z InputValidationMiddleware: [InputValidation] Валидация не пройдена (0ms): POST /api/test, ошибок: 1{"method":"POST","path":"/api/test","errorCount":1,"errors":[{"field":"value","code":"INJECTION_DETECTED"}]}

    [0m [90m 156 |[39m       [90m// Выбор метода вывода в зависимости от уровня[39m
     [90m 157 |[39m       [36mconst[39m method [33m=[39m [36mthis[39m[33m.[39mgetConsoleMethod(log[33m.[39mlevel)[33m;[39m
    [31m[1m>[22m[39m[90m 158 |[39m       method(output)[33m;[39m
     [90m     |[39m       [31m[1m^[22m[39m
     [90m 159 |[39m       
     [90m 160 |[39m       [36mreturn[39m {
     [90m 161 |[39m         success[33m:[39m [36mtrue[39m[33m,[39m[0m

      at ConsoleTransport.method [as send] (src/logging/Logger.ts:158:7)
      at send (src/logging/Logger.ts:871:42)
          at Array.map (<anonymous>)
      at SecureLogger.map (src/logging/Logger.ts:868:49)
      at SecureLogger.log [as warning] (src/logging/Logger.ts:1011:17)
      at warning (src/middleware/InputValidationMiddleware.ts:856:17)
      at Object.<anonymous> (tests/middleware/InputValidationMiddleware.test.ts:1345:5)

  console.debug
    [34m[DEBUG][0m 2026-03-24T21:32:33.037Z protocol-security: [CircuitBreaker:elasticsearch] [INIT] CircuitBreaker инициализирован: elasticsearch

      at ConsoleTransport.method [as send] (src/logging/Logger.ts:158:7)
          at Array.map (<anonymous>)

  console.error
    {"id":"de83e272-7c87-43fd-a5e1-d72978598daf","timestamp":"2026-03-24T21:32:33.025Z","level":3,"source":"application","component":"test-service","hostname":"PC","processId":2656,"message":"Error message","category":"application_ERROR","eventCode":"EVT-UNK-03","context":{"metadata":{"environment":"test","region":"us-east-1","version":"1.0.0"}},"schemaVersion":"1.0.0","processingTime":0,"contentHash":"24449f2b4bf70853b18e88c06a8331eeb48fa55277eb010b784ba41c18a7ac1a"}

    [0m [90m 156 |[39m       [90m// Выбор метода вывода в зависимости от уровня[39m
     [90m 157 |[39m       [36mconst[39m method [33m=[39m [36mthis[39m[33m.[39mgetConsoleMethod(log[33m.[39mlevel)[33m;[39m
    [31m[1m>[22m[39m[90m 158 |[39m       method(output)[33m;[39m
     [90m     |[39m       [31m[1m^[22m[39m
     [90m 159 |[39m       
     [90m 160 |[39m       [36mreturn[39m {
     [90m 161 |[39m         success[33m:[39m [36mtrue[39m[33m,[39m[0m

      at ConsoleTransport.method [as send] (src/logging/Logger.ts:158:7)
      at send (src/logging/Logger.ts:871:42)
          at Array.map (<anonymous>)
      at SecureLogger.map (src/logging/Logger.ts:868:49)
      at SecureLogger.log [as error] (src/logging/Logger.ts:997:17)
      at Object.<anonymous> (tests/logging/logging.test.ts:156:31)

  console.warn
    {"id":"0a5afef4-e768-4405-aad6-26639d87d97e","timestamp":"2026-03-24T21:32:33.045Z","level":4,"source":"application","component":"test-service","hostname":"PC","processId":2656,"message":"Warning message","category":"application_WARNING","eventCode":"EVT-UNK-04","context":{"metadata":{"environment":"test","region":"us-east-1","version":"1.0.0"}},"schemaVersion":"1.0.0","processingTime":0,"contentHash":"9c19c99d0c950c14ff8d68249365fac46fb4d6b5b85852f147425f163511ce56"}

    [0m [90m 156 |[39m       [90m// Выбор метода вывода в зависимости от уровня[39m
     [90m 157 |[39m       [36mconst[39m method [33m=[39m [36mthis[39m[33m.[39mgetConsoleMethod(log[33m.[39mlevel)[33m;[39m
    [31m[1m>[22m[39m[90m 158 |[39m       method(output)[33m;[39m
     [90m     |[39m       [31m[1m^[22m[39m
     [90m 159 |[39m       
     [90m 160 |[39m       [36mreturn[39m {
     [90m 161 |[39m         success[33m:[39m [36mtrue[39m[33m,[39m[0m

      at ConsoleTransport.method [as send] (src/logging/Logger.ts:158:7)
      at send (src/logging/Logger.ts:871:42)
          at Array.map (<anonymous>)
      at SecureLogger.map (src/logging/Logger.ts:868:49)
      at SecureLogger.log [as warning] (src/logging/Logger.ts:1011:17)
      at Object.<anonymous> (tests/logging/logging.test.ts:157:33)

  console.log
    {"id":"6471409c-850c-41ed-8a45-0d47d0aa3ac8","timestamp":"2026-03-24T21:32:33.063Z","level":5,"source":"audit","component":"test-service","hostname":"PC","processId":2656,"message":"Notice message","category":"audit_NOTICE","eventCode":"EVT-UNK-05","context":{"metadata":{"environment":"test","region":"us-east-1","version":"1.0.0"}},"schemaVersion":"1.0.0","processingTime":0,"contentHash":"0e78024cfb1ff48a20e03449eaf5a8cca49ecf65e5e2ed69306f8c6983a5412a"}

      at ConsoleTransport.method [as send] (src/logging/Logger.ts:158:7)
          at Array.map (<anonymous>)

  console.log
    {"id":"df73d778-92f3-474b-85d6-c351a0b0afe4","timestamp":"2026-03-24T21:32:33.066Z","level":6,"source":"application","component":"test-service","hostname":"PC","processId":2656,"message":"Info message","category":"application_INFO","eventCode":"EVT-UNK-06","context":{"metadata":{"environment":"test","region":"us-east-1","version":"1.0.0"}},"schemaVersion":"1.0.0","processingTime":0,"contentHash":"822236e6f455cee0f504602488d98ac37c6378ab81f700ddc39725f2454956ae"}

      at ConsoleTransport.method [as send] (src/logging/Logger.ts:158:7)
          at Array.map (<anonymous>)

  console.warn
    [33m[WARNING][0m 2026-03-24T21:32:33.050Z InputValidationMiddleware: [InputValidation] Валидация не пройдена (3ms): POST /api/test, ошибок: 1{"method":"POST","path":"/api/test","errorCount":1,"errors":[{"field":"value","code":"TOO_LONG"}]}

    [0m [90m 156 |[39m       [90m// Выбор метода вывода в зависимости от уровня[39m
     [90m 157 |[39m       [36mconst[39m method [33m=[39m [36mthis[39m[33m.[39mgetConsoleMethod(log[33m.[39mlevel)[33m;[39m
    [31m[1m>[22m[39m[90m 158 |[39m       method(output)[33m;[39m
     [90m     |[39m       [31m[1m^[22m[39m
     [90m 159 |[39m       
     [90m 160 |[39m       [36mreturn[39m {
     [90m 161 |[39m         success[33m:[39m [36mtrue[39m[33m,[39m[0m

      at ConsoleTransport.method [as send] (src/logging/Logger.ts:158:7)
      at send (src/logging/Logger.ts:871:42)
          at Array.map (<anonymous>)
      at SecureLogger.map (src/logging/Logger.ts:868:49)
      at SecureLogger.log [as warning] (src/logging/Logger.ts:1011:17)
      at warning (src/middleware/InputValidationMiddleware.ts:856:17)
      at Object.<anonymous> (tests/middleware/InputValidationMiddleware.test.ts:1368:5)

  console.debug
    {"id":"42012e6c-33b1-43f2-a9a2-3c06df91eded","timestamp":"2026-03-24T21:32:33.068Z","level":7,"source":"application","component":"test-service","hostname":"PC","processId":2656,"message":"Debug message","category":"application_DEBUG","eventCode":"EVT-UNK-07","context":{"metadata":{"environment":"test","region":"us-east-1","version":"1.0.0"}},"schemaVersion":"1.0.0","processingTime":0,"contentHash":"00470deeec49b2fc803e0e9148801764dc9db14f8fc17bfd7e10cdfbe90ee97b"}

      at ConsoleTransport.method [as send] (src/logging/Logger.ts:158:7)
          at Array.map (<anonymous>)

  console.debug
    {"id":"6ae11686-b7f0-452d-b8aa-2ee8c77ae2d4","timestamp":"2026-03-24T21:32:33.070Z","level":8,"source":"application","component":"test-service","hostname":"PC","processId":2656,"message":"Trace message","category":"application_TRACE","eventCode":"EVT-UNK-08","context":{"metadata":{"environment":"test","region":"us-east-1","version":"1.0.0"}},"schemaVersion":"1.0.0","processingTime":1,"contentHash":"2caf799de01cd9f8e42d3ed5d96e48b4d2650973c53f1b9c01396a2ffcce1c56"}

      at ConsoleTransport.method [as send] (src/logging/Logger.ts:158:7)
          at Array.map (<anonymous>)

  console.log
    {"id":"a610fa27-c75c-4102-8673-d066158f7f3a","timestamp":"2026-03-24T21:32:33.078Z","level":6,"source":"application","component":"test","hostname":"PC","processId":2656,"message":"Message with context","category":"application_INFO","eventCode":"EVT-UNK-06","context":{"userId":"user-123","clientIp":"10.0.0.1","sessionId":"session-456","requestId":"req-789","metadata":{"environment":"test","region":"us-east-1","version":"1.0.0"}},"schemaVersion":"1.0.0","processingTime":0,"contentHash":"95bb9049a1bf4ce4ac27fc9a44a048e8ba1936a1fa3330eeb78ee01d28996c08"}

      at ConsoleTransport.method [as send] (src/logging/Logger.ts:158:7)
          at Array.map (<anonymous>)

  console.log
    {"id":"75564fa5-bf83-49bf-81d7-b2a1eb488134","timestamp":"2026-03-24T21:32:33.083Z","level":6,"source":"application","component":"test-service","hostname":"PC","processId":2656,"message":"Normal messageInjected: fake log entry","category":"application_INFO","eventCode":"EVT-UNK-06","context":{"metadata":{"environment":"test","region":"us-east-1","version":"1.0.0"}},"schemaVersion":"1.0.0","processingTime":0,"contentHash":"c453c3d52544413791e1bb91870bea72d93471fa04d84df1a521708ecec5c4d7"}

      at ConsoleTransport.method [as send] (src/logging/Logger.ts:158:7)
          at Array.map (<anonymous>)

  console.log
    {"id":"3dc34fa3-dbac-445d-9d42-15c74798d70d","timestamp":"2026-03-24T21:32:33.087Z","level":6,"source":"application","component":"test-service","hostname":"PC","processId":2656,"message":"Test message","category":"application_INFO","eventCode":"EVT-UNK-06","context":{"metadata":{"environment":"test","region":"us-east-1","version":"1.0.0"}},"schemaVersion":"1.0.0","processingTime":0,"contentHash":"6d0c1868a80f3cd5fc20cf5c6cbb7526a34d9503c9d55fd3d64c033f60611f13"}

      at ConsoleTransport.method [as send] (src/logging/Logger.ts:158:7)
          at Array.map (<anonymous>)

  console.log
    {"id":"1af2df5a-840a-495f-a4a7-1a9170786ec4","timestamp":"2026-03-24T21:32:33.091Z","level":6,"source":"auth","component":"auth-service","hostname":"PC","processId":2656,"message":"Authentication event: login_success","category":"auth_INFO","eventCode":"EVT-UNK-06","context":{"userId":"user-123","clientIp":"192.168.1.1","sessionId":"39a9e50d-5db9-4122-b46d-82d934dcc9c5","metadata":{"environment":"test","region":"us-east-1","version":"1.0.0"}},"fields":{"eventType":"login_success"},"schemaVersion":"1.0.0","processingTime":0,"contentHash":"0543116067188ea5cc0cb9786d16be7228b5cb1b61cfa1ff74ba1baaf8635f51"}

      at ConsoleTransport.method [as send] (src/logging/Logger.ts:158:7)
          at Array.map (<anonymous>)

  console.warn
    [33m[WARNING][0m 2026-03-24T21:32:33.077Z InputValidationMiddleware: [InputValidation] Валидация не пройдена (0ms): POST /api/test, ошибок: 1{"method":"POST","path":"/api/test","errorCount":1,"errors":[{"field":"email","code":"INVALID_FORMAT"}]}

    [0m [90m 156 |[39m       [90m// Выбор метода вывода в зависимости от уровня[39m
     [90m 157 |[39m       [36mconst[39m method [33m=[39m [36mthis[39m[33m.[39mgetConsoleMethod(log[33m.[39mlevel)[33m;[39m
    [31m[1m>[22m[39m[90m 158 |[39m       method(output)[33m;[39m
     [90m     |[39m       [31m[1m^[22m[39m
     [90m 159 |[39m       
     [90m 160 |[39m       [36mreturn[39m {
     [90m 161 |[39m         success[33m:[39m [36mtrue[39m[33m,[39m[0m

      at ConsoleTransport.method [as send] (src/logging/Logger.ts:158:7)
      at send (src/logging/Logger.ts:871:42)
          at Array.map (<anonymous>)
      at SecureLogger.map (src/logging/Logger.ts:868:49)
      at SecureLogger.log [as warning] (src/logging/Logger.ts:1011:17)
      at warning (src/middleware/InputValidationMiddleware.ts:856:17)
      at Object.<anonymous> (tests/middleware/InputValidationMiddleware.test.ts:1441:5)

  console.warn
    {"id":"231f66f2-3653-4ba5-b59b-c77e9698a67b","timestamp":"2026-03-24T21:32:33.093Z","level":4,"source":"auth","component":"auth-service","hostname":"PC","processId":2656,"message":"Authentication event: login_failure","category":"auth_WARNING","eventCode":"EVT-UNK-04","context":{"userId":"user-123","clientIp":"192.168.1.1","sessionId":"1138b3fa-4823-4563-b66b-6865337c1611","metadata":{"environment":"test","region":"us-east-1","version":"1.0.0"}},"fields":{"eventType":"login_failure"},"schemaVersion":"1.0.0","processingTime":0,"contentHash":"37b738e631239be44e40e3a404912feeda36a94841591bfa045f053260ea75d1"}

    [0m [90m 156 |[39m       [90m// Выбор метода вывода в зависимости от уровня[39m
     [90m 157 |[39m       [36mconst[39m method [33m=[39m [36mthis[39m[33m.[39mgetConsoleMethod(log[33m.[39mlevel)[33m;[39m
    [31m[1m>[22m[39m[90m 158 |[39m       method(output)[33m;[39m
     [90m     |[39m       [31m[1m^[22m[39m
     [90m 159 |[39m       
     [90m 160 |[39m       [36mreturn[39m {
     [90m 161 |[39m         success[33m:[39m [36mtrue[39m[33m,[39m[0m

      at ConsoleTransport.method [as send] (src/logging/Logger.ts:158:7)
      at send (src/logging/Logger.ts:871:42)
          at Array.map (<anonymous>)
      at SecureLogger.map (src/logging/Logger.ts:868:49)
      at SecureLogger.log [as authEvent] (src/logging/Logger.ts:1097:17)
      at Object.<anonymous> (tests/logging/logging.test.ts:209:41)

  console.log
    {"id":"a1b0e011-9fa8-40ef-93de-103b9483aa13","timestamp":"2026-03-24T21:32:33.117Z","level":6,"source":"audit","component":"audit-service","hostname":"PC","processId":2656,"message":"Data access: read customer_data/record-456 - success","category":"audit_INFO","eventCode":"EVT-UNK-06","context":{"userId":"user-123","clientIp":"192.168.1.1","metadata":{"environment":"test","region":"us-east-1","version":"1.0.0"}},"fields":{"resourceType":"customer_data","resourceId":"record-456","action":"read","result":"success"},"schemaVersion":"1.0.0","processingTime":0,"contentHash":"2b388419a0d2d588c8807cf3839481583d397feb1da80a5b9fb00ff89efe650f"}

      at ConsoleTransport.method [as send] (src/logging/Logger.ts:158:7)
          at Array.map (<anonymous>)

  console.warn
    [33m[WARNING][0m 2026-03-24T21:32:33.101Z InputValidationMiddleware: [InputValidation] Валидация не пройдена (1ms): POST /api/test, ошибок: 1{"method":"POST","path":"/api/test","errorCount":1,"errors":[{"field":"body.status","code":"INVALID_ENUM"}]}

    [0m [90m 156 |[39m       [90m// Выбор метода вывода в зависимости от уровня[39m
     [90m 157 |[39m       [36mconst[39m method [33m=[39m [36mthis[39m[33m.[39mgetConsoleMethod(log[33m.[39mlevel)[33m;[39m
    [31m[1m>[22m[39m[90m 158 |[39m       method(output)[33m;[39m
     [90m     |[39m       [31m[1m^[22m[39m
     [90m 159 |[39m       
     [90m 160 |[39m       [36mreturn[39m {
     [90m 161 |[39m         success[33m:[39m [36mtrue[39m[33m,[39m[0m

      at ConsoleTransport.method [as send] (src/logging/Logger.ts:158:7)
      at send (src/logging/Logger.ts:871:42)
          at Array.map (<anonymous>)
      at SecureLogger.map (src/logging/Logger.ts:868:49)
      at SecureLogger.log [as warning] (src/logging/Logger.ts:1011:17)
      at warning (src/middleware/InputValidationMiddleware.ts:856:17)
      at Object.<anonymous> (tests/middleware/InputValidationMiddleware.test.ts:1494:5)

  console.log
    {"id":"77aef047-011b-4709-9782-7ab63819ef4b","timestamp":"2026-03-24T21:32:33.122Z","level":5,"source":"audit","component":"config-service","hostname":"PC","processId":2656,"message":"Configuration changed: /app/settings/security","category":"audit_NOTICE","eventCode":"EVT-UNK-05","context":{"userId":"admin-user","clientIp":"192.168.1.1","metadata":{"environment":"test","region":"us-east-1","version":"1.0.0"}},"fields":{"configPath":"/app/settings/security","oldValue":{"oldValue":"old"},"newValue":{"newValue":"new"},"changeType":"update"},"schemaVersion":"1.0.0","processingTime":1,"contentHash":"bb5ef1e0913dcdcf36869e5cbf0ce2227e5708c8ecc581ff30f2f2cca2a8997d"}

      at ConsoleTransport.method [as send] (src/logging/Logger.ts:158:7)
          at Array.map (<anonymous>)

  console.log
    {"id":"992f0694-c8e8-42a7-9e9d-ffc423c166dd","timestamp":"2026-03-24T21:32:33.127Z","level":6,"source":"application","component":"test-service","hostname":"PC","processId":2656,"message":"Message 0","category":"application_INFO","eventCode":"EVT-UNK-06","context":{"metadata":{"environment":"test","region":"us-east-1","version":"1.0.0"}},"schemaVersion":"1.0.0","processingTime":0,"contentHash":"b8bc0e4782f5412767f04eaa1626391572b262837050099e44ddedf36d46a8c3"}

      at ConsoleTransport.method [as send] (src/logging/Logger.ts:158:7)
          at Array.map (<anonymous>)

  console.log
    {"id":"70217051-1788-4049-a1ca-82d3959c408c","timestamp":"2026-03-24T21:32:33.129Z","level":6,"source":"application","component":"test-service","hostname":"PC","processId":2656,"message":"Message 1","category":"application_INFO","eventCode":"EVT-UNK-06","context":{"metadata":{"environment":"test","region":"us-east-1","version":"1.0.0"}},"schemaVersion":"1.0.0","processingTime":0,"contentHash":"347828688eac2c102ebb36dc961c0f457727c9a96c26414a8f36dfb19a422e3b"}

      at ConsoleTransport.method [as send] (src/logging/Logger.ts:158:7)
          at Array.map (<anonymous>)

  console.log
    {"id":"f045b230-7814-4704-8c5e-9c6935fb864e","timestamp":"2026-03-24T21:32:33.130Z","level":6,"source":"application","component":"test-service","hostname":"PC","processId":2656,"message":"Message 2","category":"application_INFO","eventCode":"EVT-UNK-06","context":{"metadata":{"environment":"test","region":"us-east-1","version":"1.0.0"}},"schemaVersion":"1.0.0","processingTime":0,"contentHash":"8f1ee443f0e2c311e64f3bc5da9eabaeb906b1d3115b193b55b8e5341493086d"}

      at ConsoleTransport.method [as send] (src/logging/Logger.ts:158:7)
          at Array.map (<anonymous>)

  console.log
    {"id":"f013e507-ca19-4d00-a2df-0a0c485b5fce","timestamp":"2026-03-24T21:32:33.131Z","level":6,"source":"application","component":"test-service","hostname":"PC","processId":2656,"message":"Message 3","category":"application_INFO","eventCode":"EVT-UNK-06","context":{"metadata":{"environment":"test","region":"us-east-1","version":"1.0.0"}},"schemaVersion":"1.0.0","processingTime":0,"contentHash":"8a71cc7a6545d1a602972a262304f65c6ffe5073d7845d8cdd553fb1186ad31c"}

      at ConsoleTransport.method [as send] (src/logging/Logger.ts:158:7)
          at Array.map (<anonymous>)

  console.log
    {"id":"88f8cf40-4887-4a35-a7d8-1aeeea39d697","timestamp":"2026-03-24T21:32:33.132Z","level":6,"source":"application","component":"test-service","hostname":"PC","processId":2656,"message":"Message 4","category":"application_INFO","eventCode":"EVT-UNK-06","context":{"metadata":{"environment":"test","region":"us-east-1","version":"1.0.0"}},"schemaVersion":"1.0.0","processingTime":0,"contentHash":"e5548243aa2abaa2fab72b4ba3a2638717dd71358dadede2a5dc6041c9ee03b1"}

      at ConsoleTransport.method [as send] (src/logging/Logger.ts:158:7)
          at Array.map (<anonymous>)

  console.log
    {"id":"12518cd0-3194-4b14-ae5c-5bd875d4fa71","timestamp":"2026-03-24T21:32:33.133Z","level":6,"source":"application","component":"test-service","hostname":"PC","processId":2656,"message":"Message 5","category":"application_INFO","eventCode":"EVT-UNK-06","context":{"metadata":{"environment":"test","region":"us-east-1","version":"1.0.0"}},"schemaVersion":"1.0.0","processingTime":0,"contentHash":"4c74475f5f5856441f12540b035495121e1a28e4e2b42a1ea744f62563bdc50d"}

      at ConsoleTransport.method [as send] (src/logging/Logger.ts:158:7)
          at Array.map (<anonymous>)

  console.log
    {"id":"01c66d72-203f-49ca-87de-a1977affea9b","timestamp":"2026-03-24T21:32:33.134Z","level":6,"source":"application","component":"test-service","hostname":"PC","processId":2656,"message":"Message 6","category":"application_INFO","eventCode":"EVT-UNK-06","context":{"metadata":{"environment":"test","region":"us-east-1","version":"1.0.0"}},"schemaVersion":"1.0.0","processingTime":0,"contentHash":"2285f893d9d1b2ace105361a111783099dd5c074e8be0a085e1af7e1953e7bed"}

      at ConsoleTransport.method [as send] (src/logging/Logger.ts:158:7)
          at Array.map (<anonymous>)

  console.log
    {"id":"172b4aa2-3166-4f02-8bcf-f84d98381c54","timestamp":"2026-03-24T21:32:33.135Z","level":6,"source":"application","component":"test-service","hostname":"PC","processId":2656,"message":"Message 7","category":"application_INFO","eventCode":"EVT-UNK-06","context":{"metadata":{"environment":"test","region":"us-east-1","version":"1.0.0"}},"schemaVersion":"1.0.0","processingTime":0,"contentHash":"b4baa60691bacfdbc4293de4803d047b2cc5d2ca527ef358f8a9d87b83516c48"}

      at ConsoleTransport.method [as send] (src/logging/Logger.ts:158:7)
          at Array.map (<anonymous>)

  console.log
    {"id":"af8ffe1d-3fcd-433b-99c2-8d5912ec5245","timestamp":"2026-03-24T21:32:33.136Z","level":6,"source":"application","component":"test-service","hostname":"PC","processId":2656,"message":"Message 8","category":"application_INFO","eventCode":"EVT-UNK-06","context":{"metadata":{"environment":"test","region":"us-east-1","version":"1.0.0"}},"schemaVersion":"1.0.0","processingTime":0,"contentHash":"c3994d2a8bbbec149da0ae115e39e3b538a0bd85c5d53534b85ff27487f9aa4e"}

      at ConsoleTransport.method [as send] (src/logging/Logger.ts:158:7)
          at Array.map (<anonymous>)

  console.log
    {"id":"59de2606-00f0-49c7-99d5-356595ebc5ec","timestamp":"2026-03-24T21:32:33.137Z","level":6,"source":"application","component":"test-service","hostname":"PC","processId":2656,"message":"Message 9","category":"application_INFO","eventCode":"EVT-UNK-06","context":{"metadata":{"environment":"test","region":"us-east-1","version":"1.0.0"}},"schemaVersion":"1.0.0","processingTime":0,"contentHash":"76663f36bd1603d2007367703cfc4648cad55e5fa3088779c596ddb4434bb19c"}

      at ConsoleTransport.method [as send] (src/logging/Logger.ts:158:7)
          at Array.map (<anonymous>)

  console.log
    {"id":"274315f0-c2ad-4b4e-bddd-31b9b1164e63","timestamp":"2026-03-24T21:32:33.138Z","level":6,"source":"application","component":"test-service","hostname":"PC","processId":2656,"message":"Message 10","category":"application_INFO","eventCode":"EVT-UNK-06","context":{"metadata":{"environment":"test","region":"us-east-1","version":"1.0.0"}},"schemaVersion":"1.0.0","processingTime":0,"contentHash":"8a3fd46e9c3354f6c27986a7b63c34ed87a2cabf0614844d86dfdebd2b978e4b"}

      at ConsoleTransport.method [as send] (src/logging/Logger.ts:158:7)
          at Array.map (<anonymous>)

  console.log
    {"id":"0dddd385-00d8-4783-b910-6835d55a2b7b","timestamp":"2026-03-24T21:32:33.139Z","level":6,"source":"application","component":"test-service","hostname":"PC","processId":2656,"message":"Message 11","category":"application_INFO","eventCode":"EVT-UNK-06","context":{"metadata":{"environment":"test","region":"us-east-1","version":"1.0.0"}},"schemaVersion":"1.0.0","processingTime":0,"contentHash":"111df3d0be1e8eb82a432efe2ccde650cf29783c05be8ecfe3de6e8009e5f1e6"}

      at ConsoleTransport.method [as send] (src/logging/Logger.ts:158:7)
          at Array.map (<anonymous>)

  console.log
    {"id":"9785ae07-63b6-46c7-a360-4580fb741059","timestamp":"2026-03-24T21:32:33.140Z","level":6,"source":"application","component":"test-service","hostname":"PC","processId":2656,"message":"Message 12","category":"application_INFO","eventCode":"EVT-UNK-06","context":{"metadata":{"environment":"test","region":"us-east-1","version":"1.0.0"}},"schemaVersion":"1.0.0","processingTime":0,"contentHash":"35dbae12615c92be16df7e74ded2a7e231e1c6ebbaf35f91927f4dc528879516"}

      at ConsoleTransport.method [as send] (src/logging/Logger.ts:158:7)
          at Array.map (<anonymous>)

  console.log
    {"id":"687cc4ff-34ec-4976-9feb-342b84f493f0","timestamp":"2026-03-24T21:32:33.141Z","level":6,"source":"application","component":"test-service","hostname":"PC","processId":2656,"message":"Message 13","category":"application_INFO","eventCode":"EVT-UNK-06","context":{"metadata":{"environment":"test","region":"us-east-1","version":"1.0.0"}},"schemaVersion":"1.0.0","processingTime":0,"contentHash":"61ae86a6f84d3660edc0d3248ca4cd5c358b290bc32bc964c7320cad01e11f19"}

      at ConsoleTransport.method [as send] (src/logging/Logger.ts:158:7)
          at Array.map (<anonymous>)

  console.log
    {"id":"c0a78746-7f9e-470d-afe6-b9f511b810e4","timestamp":"2026-03-24T21:32:33.142Z","level":6,"source":"application","component":"test-service","hostname":"PC","processId":2656,"message":"Message 14","category":"application_INFO","eventCode":"EVT-UNK-06","context":{"metadata":{"environment":"test","region":"us-east-1","version":"1.0.0"}},"schemaVersion":"1.0.0","processingTime":0,"contentHash":"7bbd947f464ab7c5be38b28af0598ba505695c64051732231120bb1a10d5b0dd"}

      at ConsoleTransport.method [as send] (src/logging/Logger.ts:158:7)
          at Array.map (<anonymous>)

  console.log
    {"id":"3489f280-66fa-423b-8262-ad9a65d370b8","timestamp":"2026-03-24T21:32:33.143Z","level":6,"source":"application","component":"test-service","hostname":"PC","processId":2656,"message":"Message 15","category":"application_INFO","eventCode":"EVT-UNK-06","context":{"metadata":{"environment":"test","region":"us-east-1","version":"1.0.0"}},"schemaVersion":"1.0.0","processingTime":0,"contentHash":"a6d1209ad6193e96d6be385f44e3c3e6bf6060b1145173fe8e1508bb3f1fcf49"}

      at ConsoleTransport.method [as send] (src/logging/Logger.ts:158:7)
          at Array.map (<anonymous>)

  console.log
    {"id":"cdbf64ff-e94a-4014-8f19-3bce5e799962","timestamp":"2026-03-24T21:32:33.144Z","level":6,"source":"application","component":"test-service","hostname":"PC","processId":2656,"message":"Message 16","category":"application_INFO","eventCode":"EVT-UNK-06","context":{"metadata":{"environment":"test","region":"us-east-1","version":"1.0.0"}},"schemaVersion":"1.0.0","processingTime":0,"contentHash":"63469b6b8184d2b0a12fd6bac6c054910cd9b4669478f73524bd2b57e0b3f7ea"}

      at ConsoleTransport.method [as send] (src/logging/Logger.ts:158:7)
          at Array.map (<anonymous>)

  console.log
    {"id":"50335b6d-fb96-4449-a794-eeca1a6cb37b","timestamp":"2026-03-24T21:32:33.145Z","level":6,"source":"application","component":"test-service","hostname":"PC","processId":2656,"message":"Message 17","category":"application_INFO","eventCode":"EVT-UNK-06","context":{"metadata":{"environment":"test","region":"us-east-1","version":"1.0.0"}},"schemaVersion":"1.0.0","processingTime":0,"contentHash":"43636c9b6a5688c297172fc4c5a866dc49403179e4b1c5871360ee09e03f4fc9"}

      at ConsoleTransport.method [as send] (src/logging/Logger.ts:158:7)
          at Array.map (<anonymous>)

  console.log
    {"id":"f9e0af8d-cff5-4c31-aad8-55e90419c356","timestamp":"2026-03-24T21:32:33.146Z","level":6,"source":"application","component":"test-service","hostname":"PC","processId":2656,"message":"Message 18","category":"application_INFO","eventCode":"EVT-UNK-06","context":{"metadata":{"environment":"test","region":"us-east-1","version":"1.0.0"}},"schemaVersion":"1.0.0","processingTime":0,"contentHash":"da969d6dbeb2c65cbc84045d0417afb85b7858c6ee71bb6e56f2a253cedf50ca"}

      at ConsoleTransport.method [as send] (src/logging/Logger.ts:158:7)
          at Array.map (<anonymous>)

  console.log
    {"id":"f486eed6-a5f8-4511-91c9-3d6bc8364e4d","timestamp":"2026-03-24T21:32:33.147Z","level":6,"source":"application","component":"test-service","hostname":"PC","processId":2656,"message":"Message 19","category":"application_INFO","eventCode":"EVT-UNK-06","context":{"metadata":{"environment":"test","region":"us-east-1","version":"1.0.0"}},"schemaVersion":"1.0.0","processingTime":0,"contentHash":"41bdc3414bca92e8eb9d0c959329b82441c82bee3ca20f9b8fcd3b044b7c854a"}

      at ConsoleTransport.method [as send] (src/logging/Logger.ts:158:7)
          at Array.map (<anonymous>)

  console.log
    {"id":"c75b1f50-eca3-4e92-9975-6856fe244ee9","timestamp":"2026-03-24T21:32:33.148Z","level":6,"source":"application","component":"test-service","hostname":"PC","processId":2656,"message":"Message 20","category":"application_INFO","eventCode":"EVT-UNK-06","context":{"metadata":{"environment":"test","region":"us-east-1","version":"1.0.0"}},"schemaVersion":"1.0.0","processingTime":0,"contentHash":"164d933265915d0e0fb705431208d062bdbc8bb7a3d86064a0dc4e920f3783d4"}

      at ConsoleTransport.method [as send] (src/logging/Logger.ts:158:7)
          at Array.map (<anonymous>)

  console.log
    {"id":"32334559-052e-441d-a8b9-d9f677b8fe1d","timestamp":"2026-03-24T21:32:33.149Z","level":6,"source":"application","component":"test-service","hostname":"PC","processId":2656,"message":"Message 21","category":"application_INFO","eventCode":"EVT-UNK-06","context":{"metadata":{"environment":"test","region":"us-east-1","version":"1.0.0"}},"schemaVersion":"1.0.0","processingTime":0,"contentHash":"07bc23c6fb4a50891c4f5c4240156a495ff4d0682dffcf70f2fe6903ee479ea9"}

      at ConsoleTransport.method [as send] (src/logging/Logger.ts:158:7)
          at Array.map (<anonymous>)

  console.log
    {"id":"8e35599d-94fa-4c30-91ce-0b1fffe9c1b3","timestamp":"2026-03-24T21:32:33.149Z","level":6,"source":"application","component":"test-service","hostname":"PC","processId":2656,"message":"Message 22","category":"application_INFO","eventCode":"EVT-UNK-06","context":{"metadata":{"environment":"test","region":"us-east-1","version":"1.0.0"}},"schemaVersion":"1.0.0","processingTime":1,"contentHash":"52fdd166b1e3dc9e4a9cbed2e7190c192992414228f49e32420170f335e9862e"}

      at ConsoleTransport.method [as send] (src/logging/Logger.ts:158:7)
          at Array.map (<anonymous>)

  console.log
    {"id":"5552d8bf-9bb5-4640-9480-7b22027195d4","timestamp":"2026-03-24T21:32:33.150Z","level":6,"source":"application","component":"test-service","hostname":"PC","processId":2656,"message":"Message 23","category":"application_INFO","eventCode":"EVT-UNK-06","context":{"metadata":{"environment":"test","region":"us-east-1","version":"1.0.0"}},"schemaVersion":"1.0.0","processingTime":0,"contentHash":"33e66f71f85eab516fefc38eb9554bd453a27a790a1dbaaf2382620b1d95702d"}

      at ConsoleTransport.method [as send] (src/logging/Logger.ts:158:7)
          at Array.map (<anonymous>)

  console.log
    {"id":"2c69911e-d01f-44d6-9d51-9838ca7d0b5e","timestamp":"2026-03-24T21:32:33.152Z","level":6,"source":"application","component":"test-service","hostname":"PC","processId":2656,"message":"Message 24","category":"application_INFO","eventCode":"EVT-UNK-06","context":{"metadata":{"environment":"test","region":"us-east-1","version":"1.0.0"}},"schemaVersion":"1.0.0","processingTime":0,"contentHash":"7e719a024c82b5a9461ecb234e20aac89e7f97e26aa61bcaea3a4d64044f1e65"}

      at ConsoleTransport.method [as send] (src/logging/Logger.ts:158:7)
          at Array.map (<anonymous>)

  console.log
    {"id":"ae91447b-a5bf-4fb7-a889-c575966a86a7","timestamp":"2026-03-24T21:32:33.153Z","level":6,"source":"application","component":"test-service","hostname":"PC","processId":2656,"message":"Message 25","category":"application_INFO","eventCode":"EVT-UNK-06","context":{"metadata":{"environment":"test","region":"us-east-1","version":"1.0.0"}},"schemaVersion":"1.0.0","processingTime":0,"contentHash":"2215d22e2f0e6254abe846841e0195e327958c90800371b206b128786cd800db"}

      at ConsoleTransport.method [as send] (src/logging/Logger.ts:158:7)
          at Array.map (<anonymous>)

  console.log
    {"id":"6724785d-96cd-4fe2-8e3c-8b0bad1b0f35","timestamp":"2026-03-24T21:32:33.154Z","level":6,"source":"application","component":"test-service","hostname":"PC","processId":2656,"message":"Message 26","category":"application_INFO","eventCode":"EVT-UNK-06","context":{"metadata":{"environment":"test","region":"us-east-1","version":"1.0.0"}},"schemaVersion":"1.0.0","processingTime":1,"contentHash":"f0a4cebf0ac13c6b980f868a8ab880c485e07e395719121d76b76ab288b1b5a2"}

      at ConsoleTransport.method [as send] (src/logging/Logger.ts:158:7)
          at Array.map (<anonymous>)

  console.log
    {"id":"07d50062-cb70-4f5c-a201-72ebbb876efc","timestamp":"2026-03-24T21:32:33.156Z","level":6,"source":"application","component":"test-service","hostname":"PC","processId":2656,"message":"Message 27","category":"application_INFO","eventCode":"EVT-UNK-06","context":{"metadata":{"environment":"test","region":"us-east-1","version":"1.0.0"}},"schemaVersion":"1.0.0","processingTime":0,"contentHash":"d10ab0bc79f5e48179856346c33c75d89fdb072c1479c96278c3e7ba4d543f59"}

      at ConsoleTransport.method [as send] (src/logging/Logger.ts:158:7)
          at Array.map (<anonymous>)

  console.log
    {"id":"52ab1a68-0fd7-4ee5-a8f9-20778da26b34","timestamp":"2026-03-24T21:32:33.157Z","level":6,"source":"application","component":"test-service","hostname":"PC","processId":2656,"message":"Message 28","category":"application_INFO","eventCode":"EVT-UNK-06","context":{"metadata":{"environment":"test","region":"us-east-1","version":"1.0.0"}},"schemaVersion":"1.0.0","processingTime":0,"contentHash":"b2160f7919cb02023820018e2fecbb1988081276fd3e8455d866ec50cc1e075c"}

      at ConsoleTransport.method [as send] (src/logging/Logger.ts:158:7)
          at Array.map (<anonymous>)

  console.log
    {"id":"5e81cab3-0005-4d7e-8aeb-de45e8acdc40","timestamp":"2026-03-24T21:32:33.159Z","level":6,"source":"application","component":"test-service","hostname":"PC","processId":2656,"message":"Message 29","category":"application_INFO","eventCode":"EVT-UNK-06","context":{"metadata":{"environment":"test","region":"us-east-1","version":"1.0.0"}},"schemaVersion":"1.0.0","processingTime":0,"contentHash":"c9a1b40c19ac1c08c3513ac3eb019e6c58da1aa918c5385d1fd2201fa241b419"}

      at ConsoleTransport.method [as send] (src/logging/Logger.ts:158:7)
          at Array.map (<anonymous>)

  console.log
    {"id":"6b934636-9729-4786-ae67-f799e2e7762e","timestamp":"2026-03-24T21:32:33.160Z","level":6,"source":"application","component":"test-service","hostname":"PC","processId":2656,"message":"Message 30","category":"application_INFO","eventCode":"EVT-UNK-06","context":{"metadata":{"environment":"test","region":"us-east-1","version":"1.0.0"}},"schemaVersion":"1.0.0","processingTime":0,"contentHash":"7795008cff855759ce46856bfb8b8efc1c475467733647037e1d811df9d9a265"}

      at ConsoleTransport.method [as send] (src/logging/Logger.ts:158:7)
          at Array.map (<anonymous>)

  console.log
    {"id":"0022c7a3-0f59-46f5-9e93-339623c507a8","timestamp":"2026-03-24T21:32:33.162Z","level":6,"source":"application","component":"test-service","hostname":"PC","processId":2656,"message":"Message 31","category":"application_INFO","eventCode":"EVT-UNK-06","context":{"metadata":{"environment":"test","region":"us-east-1","version":"1.0.0"}},"schemaVersion":"1.0.0","processingTime":0,"contentHash":"3060dbf4619f9d5c703de4f0edf353672d7132aa8eb583c9f0fd4cde33c14780"}

      at ConsoleTransport.method [as send] (src/logging/Logger.ts:158:7)
          at Array.map (<anonymous>)

  console.log
    {"id":"0468e60b-4545-46d4-a933-d5a08c64ec2c","timestamp":"2026-03-24T21:32:33.163Z","level":6,"source":"application","component":"test-service","hostname":"PC","processId":2656,"message":"Message 32","category":"application_INFO","eventCode":"EVT-UNK-06","context":{"metadata":{"environment":"test","region":"us-east-1","version":"1.0.0"}},"schemaVersion":"1.0.0","processingTime":0,"contentHash":"96f87a89489ae423db29c91ec4e6b99b84becf4cb1fe6e8f2a01622773378354"}

      at ConsoleTransport.method [as send] (src/logging/Logger.ts:158:7)
          at Array.map (<anonymous>)

  console.log
    {"id":"598f6317-85ea-43fa-bec7-0bba87664fe3","timestamp":"2026-03-24T21:32:33.164Z","level":6,"source":"application","component":"test-service","hostname":"PC","processId":2656,"message":"Message 33","category":"application_INFO","eventCode":"EVT-UNK-06","context":{"metadata":{"environment":"test","region":"us-east-1","version":"1.0.0"}},"schemaVersion":"1.0.0","processingTime":0,"contentHash":"90b5f38bb3c39e7a074698a09c0568b1c816d25f89b2f311ec79b450e22ab3cb"}

      at ConsoleTransport.method [as send] (src/logging/Logger.ts:158:7)
          at Array.map (<anonymous>)

  console.log
    {"id":"a332b260-8603-4f2d-b4a6-6fde5f12d691","timestamp":"2026-03-24T21:32:33.166Z","level":6,"source":"application","component":"test-service","hostname":"PC","processId":2656,"message":"Message 34","category":"application_INFO","eventCode":"EVT-UNK-06","context":{"metadata":{"environment":"test","region":"us-east-1","version":"1.0.0"}},"schemaVersion":"1.0.0","processingTime":0,"contentHash":"d718bf36bbb2f48663251c515e9e26f38e1d1e62ae5a576b8c3a908a07004597"}

      at ConsoleTransport.method [as send] (src/logging/Logger.ts:158:7)
          at Array.map (<anonymous>)

  console.log
    {"id":"886ae225-c616-4843-a54b-117da91a0393","timestamp":"2026-03-24T21:32:33.167Z","level":6,"source":"application","component":"test-service","hostname":"PC","processId":2656,"message":"Message 35","category":"application_INFO","eventCode":"EVT-UNK-06","context":{"metadata":{"environment":"test","region":"us-east-1","version":"1.0.0"}},"schemaVersion":"1.0.0","processingTime":0,"contentHash":"daa9ed323fc2b92fb8fa6a72e1ddb6742758e8989d19ba23fca0af6932e44f98"}

      at ConsoleTransport.method [as send] (src/logging/Logger.ts:158:7)
          at Array.map (<anonymous>)

  console.log
    {"id":"365735dd-d0e8-456f-a2af-e264723338d8","timestamp":"2026-03-24T21:32:33.168Z","level":6,"source":"application","component":"test-service","hostname":"PC","processId":2656,"message":"Message 36","category":"application_INFO","eventCode":"EVT-UNK-06","context":{"metadata":{"environment":"test","region":"us-east-1","version":"1.0.0"}},"schemaVersion":"1.0.0","processingTime":0,"contentHash":"3533d4fd654d29d50a210219dc95e70a64bd554677e5a0a173ba4e5856d77585"}

      at ConsoleTransport.method [as send] (src/logging/Logger.ts:158:7)
          at Array.map (<anonymous>)

  console.log
    {"id":"9f986cf1-f384-4232-9db7-77f10eaf8c33","timestamp":"2026-03-24T21:32:33.170Z","level":6,"source":"application","component":"test-service","hostname":"PC","processId":2656,"message":"Message 37","category":"application_INFO","eventCode":"EVT-UNK-06","context":{"metadata":{"environment":"test","region":"us-east-1","version":"1.0.0"}},"schemaVersion":"1.0.0","processingTime":0,"contentHash":"41b49990b326fd904a2ab1e9b0d894dcf66d2b6bd2a9c1affcd61399f55396eb"}

      at ConsoleTransport.method [as send] (src/logging/Logger.ts:158:7)
          at Array.map (<anonymous>)

  console.log
    {"id":"106ef2ff-c93b-44c3-82a7-b312fa004f57","timestamp":"2026-03-24T21:32:33.171Z","level":6,"source":"application","component":"test-service","hostname":"PC","processId":2656,"message":"Message 38","category":"application_INFO","eventCode":"EVT-UNK-06","context":{"metadata":{"environment":"test","region":"us-east-1","version":"1.0.0"}},"schemaVersion":"1.0.0","processingTime":0,"contentHash":"0dc70eceba50ca1bd1d4007f66ce93f3e83deea404a0465cd02ebe9660181f41"}

      at ConsoleTransport.method [as send] (src/logging/Logger.ts:158:7)
          at Array.map (<anonymous>)

  console.log
    {"id":"607fb657-2f55-401a-a096-035848abd9bc","timestamp":"2026-03-24T21:32:33.172Z","level":6,"source":"application","component":"test-service","hostname":"PC","processId":2656,"message":"Message 39","category":"application_INFO","eventCode":"EVT-UNK-06","context":{"metadata":{"environment":"test","region":"us-east-1","version":"1.0.0"}},"schemaVersion":"1.0.0","processingTime":0,"contentHash":"8efd3b7adebc05b292a07d2c4dec09bee03b200fc5a0bc759e49e5ba69618d94"}

      at ConsoleTransport.method [as send] (src/logging/Logger.ts:158:7)
          at Array.map (<anonymous>)

  console.log
    {"id":"3ff5f5d0-1004-4338-ba49-6bb769daf8ac","timestamp":"2026-03-24T21:32:33.174Z","level":6,"source":"application","component":"test-service","hostname":"PC","processId":2656,"message":"Message 40","category":"application_INFO","eventCode":"EVT-UNK-06","context":{"metadata":{"environment":"test","region":"us-east-1","version":"1.0.0"}},"schemaVersion":"1.0.0","processingTime":0,"contentHash":"417d91669c87fb103ee412d295ffb5cb30c3f13bc8cac13200b18ca3597b0e90"}

      at ConsoleTransport.method [as send] (src/logging/Logger.ts:158:7)
          at Array.map (<anonymous>)

  console.log
    {"id":"572b1633-1e69-4151-95eb-52cadd9ffc23","timestamp":"2026-03-24T21:32:33.177Z","level":6,"source":"application","component":"test-service","hostname":"PC","processId":2656,"message":"Message 41","category":"application_INFO","eventCode":"EVT-UNK-06","context":{"metadata":{"environment":"test","region":"us-east-1","version":"1.0.0"}},"schemaVersion":"1.0.0","processingTime":0,"contentHash":"b37d909e88686a8c3d015c8c5922dc3fe0663877f50ce8574ffc4021941fc327"}

      at ConsoleTransport.method [as send] (src/logging/Logger.ts:158:7)
          at Array.map (<anonymous>)

  console.log
    {"id":"b43d7bb5-a177-4296-adf8-795262a65617","timestamp":"2026-03-24T21:32:33.178Z","level":6,"source":"application","component":"test-service","hostname":"PC","processId":2656,"message":"Message 42","category":"application_INFO","eventCode":"EVT-UNK-06","context":{"metadata":{"environment":"test","region":"us-east-1","version":"1.0.0"}},"schemaVersion":"1.0.0","processingTime":0,"contentHash":"3ab58168aa75cb8f045cbbe89c1fe02c9354dd2af69132834f797b387da8ac73"}

      at ConsoleTransport.method [as send] (src/logging/Logger.ts:158:7)
          at Array.map (<anonymous>)

  console.log
    {"id":"49c09d13-96c4-4c15-8c57-9869408c8aff","timestamp":"2026-03-24T21:32:33.180Z","level":6,"source":"application","component":"test-service","hostname":"PC","processId":2656,"message":"Message 43","category":"application_INFO","eventCode":"EVT-UNK-06","context":{"metadata":{"environment":"test","region":"us-east-1","version":"1.0.0"}},"schemaVersion":"1.0.0","processingTime":0,"contentHash":"7e8f6dbc479177c85f35dec57e07b4d6a6ab51567de956665e4d78ba9e10c168"}

      at ConsoleTransport.method [as send] (src/logging/Logger.ts:158:7)
          at Array.map (<anonymous>)

  console.log
    {"id":"1400b97c-fc75-47e2-9312-811e125c194f","timestamp":"2026-03-24T21:32:33.181Z","level":6,"source":"application","component":"test-service","hostname":"PC","processId":2656,"message":"Message 44","category":"application_INFO","eventCode":"EVT-UNK-06","context":{"metadata":{"environment":"test","region":"us-east-1","version":"1.0.0"}},"schemaVersion":"1.0.0","processingTime":0,"contentHash":"438ddf5f6ce53fbb929abd87004510c713dac63281ae4dc16bc03c7b60257396"}

      at ConsoleTransport.method [as send] (src/logging/Logger.ts:158:7)
          at Array.map (<anonymous>)

  console.log
    {"id":"1122c7ce-0d3f-43c6-befa-42dcb956f6a7","timestamp":"2026-03-24T21:32:33.181Z","level":6,"source":"application","component":"test-service","hostname":"PC","processId":2656,"message":"Message 45","category":"application_INFO","eventCode":"EVT-UNK-06","context":{"metadata":{"environment":"test","region":"us-east-1","version":"1.0.0"}},"schemaVersion":"1.0.0","processingTime":1,"contentHash":"46c24c27fb2ca694fe64d7c089b073867307b05cf813f588ca344d217f0ec82a"}

      at ConsoleTransport.method [as send] (src/logging/Logger.ts:158:7)
          at Array.map (<anonymous>)

  console.log
    {"id":"7cb154a2-c6c4-443c-b5f0-b4fec4f2e34b","timestamp":"2026-03-24T21:32:33.184Z","level":6,"source":"application","component":"test-service","hostname":"PC","processId":2656,"message":"Message 46","category":"application_INFO","eventCode":"EVT-UNK-06","context":{"metadata":{"environment":"test","region":"us-east-1","version":"1.0.0"}},"schemaVersion":"1.0.0","processingTime":0,"contentHash":"1b477862f3071fcae2ab67e9788207e84c65cc5f6859ccafd9567e6cbbd2a784"}

      at ConsoleTransport.method [as send] (src/logging/Logger.ts:158:7)
          at Array.map (<anonymous>)

  console.debug
    [34m[DEBUG][0m 2026-03-24T21:32:33.183Z protocol-security: [HealthCheckService] [STOP] Остановка Health Check Service

      at ConsoleTransport.method [as send] (src/logging/Logger.ts:158:7)
          at Array.map (<anonymous>)

  console.log
    {"id":"16903eb2-1941-46a9-8cdc-42f418d62223","timestamp":"2026-03-24T21:32:33.187Z","level":6,"source":"application","component":"test-service","hostname":"PC","processId":2656,"message":"Message 47","category":"application_INFO","eventCode":"EVT-UNK-06","context":{"metadata":{"environment":"test","region":"us-east-1","version":"1.0.0"}},"schemaVersion":"1.0.0","processingTime":0,"contentHash":"a3416f523fc3210932e49383af264082f51052279682dec145452058e003f078"}

      at ConsoleTransport.method [as send] (src/logging/Logger.ts:158:7)
          at Array.map (<anonymous>)

  console.log
    {"id":"70065ab8-8af2-4368-aeb2-1b7d60a4d572","timestamp":"2026-03-24T21:32:33.188Z","level":6,"source":"application","component":"test-service","hostname":"PC","processId":2656,"message":"Message 48","category":"application_INFO","eventCode":"EVT-UNK-06","context":{"metadata":{"environment":"test","region":"us-east-1","version":"1.0.0"}},"schemaVersion":"1.0.0","processingTime":0,"contentHash":"a868b16df306b1968b867cbd26730d0f2d99023e0993206e2893f74c142bb1bd"}

      at ConsoleTransport.method [as send] (src/logging/Logger.ts:158:7)
          at Array.map (<anonymous>)

  console.log
    {"id":"015f221b-6f0f-40ea-a705-63af2ecb38bb","timestamp":"2026-03-24T21:32:33.190Z","level":6,"source":"application","component":"test-service","hostname":"PC","processId":2656,"message":"Message 49","category":"application_INFO","eventCode":"EVT-UNK-06","context":{"metadata":{"environment":"test","region":"us-east-1","version":"1.0.0"}},"schemaVersion":"1.0.0","processingTime":0,"contentHash":"6bb7a4c17f90708a6ab03e49b6ecf0110db1e7a563100a468da1c70462f6ac46"}

      at ConsoleTransport.method [as send] (src/logging/Logger.ts:158:7)
          at Array.map (<anonymous>)

  console.debug
    [34m[DEBUG][0m 2026-03-24T21:32:33.189Z protocol-security: [CircuitBreaker:redis] [INIT] CircuitBreaker инициализирован: redis

      at ConsoleTransport.method [as send] (src/logging/Logger.ts:158:7)
          at Array.map (<anonymous>)

  console.log
    {"id":"4798da3e-dcf8-4a87-b203-2dabf338b1c9","timestamp":"2026-03-24T21:32:33.191Z","level":6,"source":"application","component":"test-service","hostname":"PC","processId":2656,"message":"Message 50","category":"application_INFO","eventCode":"EVT-UNK-06","context":{"metadata":{"environment":"test","region":"us-east-1","version":"1.0.0"}},"schemaVersion":"1.0.0","processingTime":0,"contentHash":"38ba0366d711ddcbcf8e13bd8f406e05de02933d10cbf67a5de53fd622ba40d8"}

      at ConsoleTransport.method [as send] (src/logging/Logger.ts:158:7)
          at Array.map (<anonymous>)

  console.log
    {"id":"1a53434d-2387-4b0f-bac9-de30d76da876","timestamp":"2026-03-24T21:32:33.193Z","level":6,"source":"application","component":"test-service","hostname":"PC","processId":2656,"message":"Message 51","category":"application_INFO","eventCode":"EVT-UNK-06","context":{"metadata":{"environment":"test","region":"us-east-1","version":"1.0.0"}},"schemaVersion":"1.0.0","processingTime":0,"contentHash":"b9a3649797e5150a10ea92aab38510293fd2bf9994e2d959f2621c248c9021c9"}

      at ConsoleTransport.method [as send] (src/logging/Logger.ts:158:7)
          at Array.map (<anonymous>)

  console.debug
    [34m[DEBUG][0m 2026-03-24T21:32:33.191Z protocol-security: [CircuitBreaker:database] [INIT] CircuitBreaker инициализирован: database

      at ConsoleTransport.method [as send] (src/logging/Logger.ts:158:7)
          at Array.map (<anonymous>)

  console.log
    {"id":"0c346dce-e46d-4fc4-87ef-3b98f1f5e0b9","timestamp":"2026-03-24T21:32:33.194Z","level":6,"source":"application","component":"test-service","hostname":"PC","processId":2656,"message":"Message 52","category":"application_INFO","eventCode":"EVT-UNK-06","context":{"metadata":{"environment":"test","region":"us-east-1","version":"1.0.0"}},"schemaVersion":"1.0.0","processingTime":0,"contentHash":"fc7da24b08242e84621197a89d64d7b1748b9df432bfbc2aa69c14507f70c2ca"}

      at ConsoleTransport.method [as send] (src/logging/Logger.ts:158:7)
          at Array.map (<anonymous>)

  console.log
    {"id":"62ac2671-ae27-4c03-adad-87edbe5213e6","timestamp":"2026-03-24T21:32:33.195Z","level":6,"source":"application","component":"test-service","hostname":"PC","processId":2656,"message":"Message 53","category":"application_INFO","eventCode":"EVT-UNK-06","context":{"metadata":{"environment":"test","region":"us-east-1","version":"1.0.0"}},"schemaVersion":"1.0.0","processingTime":0,"contentHash":"6bcc1b135eb64220de52fd00d6e745f691b7db0a6d5d7b084135f2ad5de56f5d"}

      at ConsoleTransport.method [as send] (src/logging/Logger.ts:158:7)
          at Array.map (<anonymous>)

  console.debug
    [34m[DEBUG][0m 2026-03-24T21:32:33.194Z protocol-security: [CircuitBreaker:vault] [INIT] CircuitBreaker инициализирован: vault

      at ConsoleTransport.method [as send] (src/logging/Logger.ts:158:7)
          at Array.map (<anonymous>)

  console.log
    {"id":"af775def-3103-4fb1-911a-805af9668117","timestamp":"2026-03-24T21:32:33.196Z","level":6,"source":"application","component":"test-service","hostname":"PC","processId":2656,"message":"Message 54","category":"application_INFO","eventCode":"EVT-UNK-06","context":{"metadata":{"environment":"test","region":"us-east-1","version":"1.0.0"}},"schemaVersion":"1.0.0","processingTime":0,"contentHash":"14b898367c96390c442d924cfcb03eae9ead80c32761e0bd15c4bd6aa53952b4"}

      at ConsoleTransport.method [as send] (src/logging/Logger.ts:158:7)
          at Array.map (<anonymous>)

  console.debug
    [34m[DEBUG][0m 2026-03-24T21:32:33.198Z protocol-security: [CircuitBreaker:elasticsearch] [INIT] CircuitBreaker инициализирован: elasticsearch

      at ConsoleTransport.method [as send] (src/logging/Logger.ts:158:7)
          at Array.map (<anonymous>)

  console.log
    {"id":"790586e3-d0e0-4ec4-8852-6a5265adab30","timestamp":"2026-03-24T21:32:33.198Z","level":6,"source":"application","component":"test-service","hostname":"PC","processId":2656,"message":"Message 55","category":"application_INFO","eventCode":"EVT-UNK-06","context":{"metadata":{"environment":"test","region":"us-east-1","version":"1.0.0"}},"schemaVersion":"1.0.0","processingTime":5,"contentHash":"562ee9c7457de7fba6e5fbf61cef90e22cc449f24819b3f1ded6a51bb19052e2"}

      at ConsoleTransport.method [as send] (src/logging/Logger.ts:158:7)
          at Array.map (<anonymous>)

  console.log
    {"id":"fca53c20-78ae-46d2-8adb-a14fbebfb499","timestamp":"2026-03-24T21:32:33.205Z","level":6,"source":"application","component":"test-service","hostname":"PC","processId":2656,"message":"Message 56","category":"application_INFO","eventCode":"EVT-UNK-06","context":{"metadata":{"environment":"test","region":"us-east-1","version":"1.0.0"}},"schemaVersion":"1.0.0","processingTime":0,"contentHash":"d0a2cf99bc5bd6aef350caaecca343e2ef8f608e0b885423909b55297a34b6a3"}

      at ConsoleTransport.method [as send] (src/logging/Logger.ts:158:7)
          at Array.map (<anonymous>)

  console.log
    {"id":"cb9c09b9-5e13-4050-9fbf-ecd4f10f22bb","timestamp":"2026-03-24T21:32:33.207Z","level":6,"source":"application","component":"test-service","hostname":"PC","processId":2656,"message":"Message 57","category":"application_INFO","eventCode":"EVT-UNK-06","context":{"metadata":{"environment":"test","region":"us-east-1","version":"1.0.0"}},"schemaVersion":"1.0.0","processingTime":1,"contentHash":"1cbeaecfbf0167127dcf7c880feedfc6fb6841c97002b07773b7af4fb68402ff"}

      at ConsoleTransport.method [as send] (src/logging/Logger.ts:158:7)
          at Array.map (<anonymous>)

  console.log
    {"id":"4c616ac4-e1e1-47bb-814e-ed0e28bb808e","timestamp":"2026-03-24T21:32:33.210Z","level":6,"source":"application","component":"test-service","hostname":"PC","processId":2656,"message":"Message 58","category":"application_INFO","eventCode":"EVT-UNK-06","context":{"metadata":{"environment":"test","region":"us-east-1","version":"1.0.0"}},"schemaVersion":"1.0.0","processingTime":0,"contentHash":"b289a58352715a5ba7b3aff0ede9e026229cb8d77bbba2db1971bfa34e2c8a7a"}

      at ConsoleTransport.method [as send] (src/logging/Logger.ts:158:7)
          at Array.map (<anonymous>)

  console.log
    {"id":"5cda608c-b3a7-47cc-a1be-1d5e48cdae40","timestamp":"2026-03-24T21:32:33.212Z","level":6,"source":"application","component":"test-service","hostname":"PC","processId":2656,"message":"Message 59","category":"application_INFO","eventCode":"EVT-UNK-06","context":{"metadata":{"environment":"test","region":"us-east-1","version":"1.0.0"}},"schemaVersion":"1.0.0","processingTime":0,"contentHash":"156a3fc00aaafc4d4c2d2b6be9fe7dd34bec645e768bd9ec2335e57e49eebaee"}

      at ConsoleTransport.method [as send] (src/logging/Logger.ts:158:7)
          at Array.map (<anonymous>)

  console.log
    {"id":"f892eb78-1ec1-46fb-b77e-e9a0af20143e","timestamp":"2026-03-24T21:32:33.214Z","level":6,"source":"application","component":"test-service","hostname":"PC","processId":2656,"message":"Message 60","category":"application_INFO","eventCode":"EVT-UNK-06","context":{"metadata":{"environment":"test","region":"us-east-1","version":"1.0.0"}},"schemaVersion":"1.0.0","processingTime":0,"contentHash":"54dd13cc0ff9335124df5d4b95be3071409765b9b1b8776aaef1b47ec7ada15d"}

      at ConsoleTransport.method [as send] (src/logging/Logger.ts:158:7)
          at Array.map (<anonymous>)

  console.log
    {"id":"4444dec5-7783-4def-94e0-494ba587a038","timestamp":"2026-03-24T21:32:33.215Z","level":6,"source":"application","component":"test-service","hostname":"PC","processId":2656,"message":"Message 61","category":"application_INFO","eventCode":"EVT-UNK-06","context":{"metadata":{"environment":"test","region":"us-east-1","version":"1.0.0"}},"schemaVersion":"1.0.0","processingTime":0,"contentHash":"b007c025319b041453ff7ea382983815e32f17b00941653825aa8db13b65e95a"}

      at ConsoleTransport.method [as send] (src/logging/Logger.ts:158:7)
          at Array.map (<anonymous>)

  console.log
    {"id":"6d40b1c7-7243-4472-bae3-8038c275b961","timestamp":"2026-03-24T21:32:33.217Z","level":6,"source":"application","component":"test-service","hostname":"PC","processId":2656,"message":"Message 62","category":"application_INFO","eventCode":"EVT-UNK-06","context":{"metadata":{"environment":"test","region":"us-east-1","version":"1.0.0"}},"schemaVersion":"1.0.0","processingTime":0,"contentHash":"2cb18eeaf015a42bb8683f0e5586a7e3d251d6af02bf075e56e07bfcc0b98a16"}

      at ConsoleTransport.method [as send] (src/logging/Logger.ts:158:7)
          at Array.map (<anonymous>)

  console.log
    {"id":"8f94b8ea-03c6-4bdb-877b-8945a5c4186f","timestamp":"2026-03-24T21:32:33.219Z","level":6,"source":"application","component":"test-service","hostname":"PC","processId":2656,"message":"Message 63","category":"application_INFO","eventCode":"EVT-UNK-06","context":{"metadata":{"environment":"test","region":"us-east-1","version":"1.0.0"}},"schemaVersion":"1.0.0","processingTime":0,"contentHash":"301300244325979818ad963b1aceb83f320dee5b40ca51cffdb69ffa45c8661c"}

      at ConsoleTransport.method [as send] (src/logging/Logger.ts:158:7)
          at Array.map (<anonymous>)

  console.log
    {"id":"7fb96f2a-ffff-47dc-8c3f-2266c99c0ada","timestamp":"2026-03-24T21:32:33.220Z","level":6,"source":"application","component":"test-service","hostname":"PC","processId":2656,"message":"Message 64","category":"application_INFO","eventCode":"EVT-UNK-06","context":{"metadata":{"environment":"test","region":"us-east-1","version":"1.0.0"}},"schemaVersion":"1.0.0","processingTime":0,"contentHash":"fe9d4d9b9c7a27b92f41f1cd0d60a4755278b1956a6a1151843be70705c2e8f9"}

      at ConsoleTransport.method [as send] (src/logging/Logger.ts:158:7)
          at Array.map (<anonymous>)

  console.log
    {"id":"4d2c3f90-4d50-4ccf-982d-eaf1d8ce57a1","timestamp":"2026-03-24T21:32:33.221Z","level":6,"source":"application","component":"test-service","hostname":"PC","processId":2656,"message":"Message 65","category":"application_INFO","eventCode":"EVT-UNK-06","context":{"metadata":{"environment":"test","region":"us-east-1","version":"1.0.0"}},"schemaVersion":"1.0.0","processingTime":0,"contentHash":"74011a0c3a9f6eb13e137cd51fb62e7867d132dbc6f2e998e574a6d25d9cdc9c"}

      at ConsoleTransport.method [as send] (src/logging/Logger.ts:158:7)
          at Array.map (<anonymous>)

  console.log
    {"id":"0c35affd-4dc7-449f-8fa8-a2862419e329","timestamp":"2026-03-24T21:32:33.222Z","level":6,"source":"application","component":"test-service","hostname":"PC","processId":2656,"message":"Message 66","category":"application_INFO","eventCode":"EVT-UNK-06","context":{"metadata":{"environment":"test","region":"us-east-1","version":"1.0.0"}},"schemaVersion":"1.0.0","processingTime":1,"contentHash":"c30a89f2e8f32a411698b78ebdc64224d8a15eef9ddedcbb3b4d58482fb46c90"}

      at ConsoleTransport.method [as send] (src/logging/Logger.ts:158:7)
          at Array.map (<anonymous>)

  console.log
    {"id":"f75e8f3d-b7bc-4003-bfef-aaed708c7ff6","timestamp":"2026-03-24T21:32:33.224Z","level":6,"source":"application","component":"test-service","hostname":"PC","processId":2656,"message":"Message 67","category":"application_INFO","eventCode":"EVT-UNK-06","context":{"metadata":{"environment":"test","region":"us-east-1","version":"1.0.0"}},"schemaVersion":"1.0.0","processingTime":0,"contentHash":"58b64b79d91016140737c76c10d6ccfaefa0b1c52e11886d0474749e099922e5"}

      at ConsoleTransport.method [as send] (src/logging/Logger.ts:158:7)
          at Array.map (<anonymous>)

  console.log
    {"id":"ef4d2556-d279-4d65-9670-9e5d2a2ca2cc","timestamp":"2026-03-24T21:32:33.225Z","level":6,"source":"application","component":"test-service","hostname":"PC","processId":2656,"message":"Message 68","category":"application_INFO","eventCode":"EVT-UNK-06","context":{"metadata":{"environment":"test","region":"us-east-1","version":"1.0.0"}},"schemaVersion":"1.0.0","processingTime":0,"contentHash":"2bac3c22d9007ee298d7be5bae004d050973656917f2f8222386ca138c96b38a"}

      at ConsoleTransport.method [as send] (src/logging/Logger.ts:158:7)
          at Array.map (<anonymous>)

  console.log
    {"id":"95635d18-fde6-40c6-bc62-1effebd39aaa","timestamp":"2026-03-24T21:32:33.226Z","level":6,"source":"application","component":"test-service","hostname":"PC","processId":2656,"message":"Message 69","category":"application_INFO","eventCode":"EVT-UNK-06","context":{"metadata":{"environment":"test","region":"us-east-1","version":"1.0.0"}},"schemaVersion":"1.0.0","processingTime":0,"contentHash":"8d7ef942855c47d19890c4e0bb56a3470563376745f57d564b676bf6a0979beb"}

      at ConsoleTransport.method [as send] (src/logging/Logger.ts:158:7)
          at Array.map (<anonymous>)

  console.log
    {"id":"84a4b5bb-9f3b-4d1a-9c0c-a4c5bd02b860","timestamp":"2026-03-24T21:32:33.228Z","level":6,"source":"application","component":"test-service","hostname":"PC","processId":2656,"message":"Message 70","category":"application_INFO","eventCode":"EVT-UNK-06","context":{"metadata":{"environment":"test","region":"us-east-1","version":"1.0.0"}},"schemaVersion":"1.0.0","processingTime":0,"contentHash":"9af1d1e5fd1bc147347a17caa56e69fa3272eca862c53b6d9a00071739e773e5"}

      at ConsoleTransport.method [as send] (src/logging/Logger.ts:158:7)
          at Array.map (<anonymous>)

  console.log
    {"id":"c71bbfa0-aa55-4030-852d-7352606d21b0","timestamp":"2026-03-24T21:32:33.229Z","level":6,"source":"application","component":"test-service","hostname":"PC","processId":2656,"message":"Message 71","category":"application_INFO","eventCode":"EVT-UNK-06","context":{"metadata":{"environment":"test","region":"us-east-1","version":"1.0.0"}},"schemaVersion":"1.0.0","processingTime":0,"contentHash":"22cfbee5c1337738f09a15e70e28e097d66525048d8517a56e9e816054df3663"}

      at ConsoleTransport.method [as send] (src/logging/Logger.ts:158:7)
          at Array.map (<anonymous>)

  console.log
    {"id":"2d28ce94-40a3-44dc-9adb-b4167c308f3b","timestamp":"2026-03-24T21:32:33.230Z","level":6,"source":"application","component":"test-service","hostname":"PC","processId":2656,"message":"Message 72","category":"application_INFO","eventCode":"EVT-UNK-06","context":{"metadata":{"environment":"test","region":"us-east-1","version":"1.0.0"}},"schemaVersion":"1.0.0","processingTime":0,"contentHash":"1d2f7c358ae368f5b48b927c5866a64b8934361b4fe72ec99ea2d40796a625de"}

      at ConsoleTransport.method [as send] (src/logging/Logger.ts:158:7)
          at Array.map (<anonymous>)

  console.log
    {"id":"ca4a321e-86ed-40f9-9bda-5c9926617b74","timestamp":"2026-03-24T21:32:33.231Z","level":6,"source":"application","component":"test-service","hostname":"PC","processId":2656,"message":"Message 73","category":"application_INFO","eventCode":"EVT-UNK-06","context":{"metadata":{"environment":"test","region":"us-east-1","version":"1.0.0"}},"schemaVersion":"1.0.0","processingTime":0,"contentHash":"840aea11e202b20ee7290633d4a6d6d62558c4b9f54ae0eb4573a8889ebcc31a"}

      at ConsoleTransport.method [as send] (src/logging/Logger.ts:158:7)
          at Array.map (<anonymous>)

  console.log
    {"id":"7c31398a-02c3-4c25-a4bf-838294adfe71","timestamp":"2026-03-24T21:32:33.232Z","level":6,"source":"application","component":"test-service","hostname":"PC","processId":2656,"message":"Message 74","category":"application_INFO","eventCode":"EVT-UNK-06","context":{"metadata":{"environment":"test","region":"us-east-1","version":"1.0.0"}},"schemaVersion":"1.0.0","processingTime":0,"contentHash":"6e3bdb59be3c9e923c34f39dc81bf3f920725af7b4520d64da66c44684ea42ae"}

      at ConsoleTransport.method [as send] (src/logging/Logger.ts:158:7)
          at Array.map (<anonymous>)

  console.log
    {"id":"b7d9466d-1a03-4b21-b6b9-6f028f53fee3","timestamp":"2026-03-24T21:32:33.233Z","level":6,"source":"application","component":"test-service","hostname":"PC","processId":2656,"message":"Message 75","category":"application_INFO","eventCode":"EVT-UNK-06","context":{"metadata":{"environment":"test","region":"us-east-1","version":"1.0.0"}},"schemaVersion":"1.0.0","processingTime":0,"contentHash":"591939a83a400077ea078b82de77236dc4a92e4aac2f3505356d4e2051868b70"}

      at ConsoleTransport.method [as send] (src/logging/Logger.ts:158:7)
          at Array.map (<anonymous>)

  console.log
    {"id":"819ad9be-6667-457e-bac6-79f8d92fd749","timestamp":"2026-03-24T21:32:33.234Z","level":6,"source":"application","component":"test-service","hostname":"PC","processId":2656,"message":"Message 76","category":"application_INFO","eventCode":"EVT-UNK-06","context":{"metadata":{"environment":"test","region":"us-east-1","version":"1.0.0"}},"schemaVersion":"1.0.0","processingTime":0,"contentHash":"ad1ae047bd7c38675fb921195837e6e1b5a594b256cf7f829bb9ec2d1829d02d"}

      at ConsoleTransport.method [as send] (src/logging/Logger.ts:158:7)
          at Array.map (<anonymous>)

  console.log
    {"id":"21c88d4f-0de3-433f-947c-47f1215eb3ba","timestamp":"2026-03-24T21:32:33.235Z","level":6,"source":"application","component":"test-service","hostname":"PC","processId":2656,"message":"Message 77","category":"application_INFO","eventCode":"EVT-UNK-06","context":{"metadata":{"environment":"test","region":"us-east-1","version":"1.0.0"}},"schemaVersion":"1.0.0","processingTime":0,"contentHash":"d6ecbe4f002e45859f7102ca9deffa4c661b3ed81c2b1343eb9d84cdd7bb79e1"}

      at ConsoleTransport.method [as send] (src/logging/Logger.ts:158:7)
          at Array.map (<anonymous>)

  console.log
    {"id":"a940f290-35fa-4047-b685-9ce20f3a8b90","timestamp":"2026-03-24T21:32:33.236Z","level":6,"source":"application","component":"test-service","hostname":"PC","processId":2656,"message":"Message 78","category":"application_INFO","eventCode":"EVT-UNK-06","context":{"metadata":{"environment":"test","region":"us-east-1","version":"1.0.0"}},"schemaVersion":"1.0.0","processingTime":0,"contentHash":"a1b59fc28d957ab236bfda832b56c917e7d1f9f6fb2fb242b23ca8d3be609486"}

      at ConsoleTransport.method [as send] (src/logging/Logger.ts:158:7)
          at Array.map (<anonymous>)

  console.log
    {"id":"8c355fb2-e177-4ced-95e6-7538db33cbac","timestamp":"2026-03-24T21:32:33.237Z","level":6,"source":"application","component":"test-service","hostname":"PC","processId":2656,"message":"Message 79","category":"application_INFO","eventCode":"EVT-UNK-06","context":{"metadata":{"environment":"test","region":"us-east-1","version":"1.0.0"}},"schemaVersion":"1.0.0","processingTime":0,"contentHash":"2e6006d386a86e4ba76e31ecdac76fda50df464fc4f89aaecb54c1eb24755e97"}

      at ConsoleTransport.method [as send] (src/logging/Logger.ts:158:7)
          at Array.map (<anonymous>)

  console.log
    {"id":"56e8ee36-f5f3-438a-9ed3-a35dce5949a1","timestamp":"2026-03-24T21:32:33.238Z","level":6,"source":"application","component":"test-service","hostname":"PC","processId":2656,"message":"Message 80","category":"application_INFO","eventCode":"EVT-UNK-06","context":{"metadata":{"environment":"test","region":"us-east-1","version":"1.0.0"}},"schemaVersion":"1.0.0","processingTime":0,"contentHash":"0be7d48937e26b38fac6c130c40d874de65f46be6fd124b30ff61d4597b97885"}

      at ConsoleTransport.method [as send] (src/logging/Logger.ts:158:7)
          at Array.map (<anonymous>)

  console.log
    {"id":"2fa83483-6363-49f5-a95a-cf3fc89c1347","timestamp":"2026-03-24T21:32:33.239Z","level":6,"source":"application","component":"test-service","hostname":"PC","processId":2656,"message":"Message 81","category":"application_INFO","eventCode":"EVT-UNK-06","context":{"metadata":{"environment":"test","region":"us-east-1","version":"1.0.0"}},"schemaVersion":"1.0.0","processingTime":0,"contentHash":"5749974f0b5818284d8abfffc239246bae9a5171a860f4da384dcc1a59f2d315"}

      at ConsoleTransport.method [as send] (src/logging/Logger.ts:158:7)
          at Array.map (<anonymous>)

  console.log
    {"id":"32e7864b-3e9f-4342-8455-ae5c01b125f2","timestamp":"2026-03-24T21:32:33.244Z","level":6,"source":"application","component":"test-service","hostname":"PC","processId":2656,"message":"Message 82","category":"application_INFO","eventCode":"EVT-UNK-06","context":{"metadata":{"environment":"test","region":"us-east-1","version":"1.0.0"}},"schemaVersion":"1.0.0","processingTime":0,"contentHash":"4ffb3ed6c97011ee012365dcc0f6662beb653b2d75fccf40d06117e4125d897c"}

      at ConsoleTransport.method [as send] (src/logging/Logger.ts:158:7)
          at Array.map (<anonymous>)

  console.log
    {"id":"3828ba2e-117f-4c9c-bf5a-fe28d5c37ba0","timestamp":"2026-03-24T21:32:33.246Z","level":6,"source":"application","component":"test-service","hostname":"PC","processId":2656,"message":"Message 83","category":"application_INFO","eventCode":"EVT-UNK-06","context":{"metadata":{"environment":"test","region":"us-east-1","version":"1.0.0"}},"schemaVersion":"1.0.0","processingTime":0,"contentHash":"cab1ca054d5864201a2ebe099a8b7f1f606fd10047ee2ebf095de4fae29bdc79"}

      at ConsoleTransport.method [as send] (src/logging/Logger.ts:158:7)
          at Array.map (<anonymous>)

  console.log
    {"id":"37663dc3-f2d2-47b9-bbe3-32d34b9680aa","timestamp":"2026-03-24T21:32:33.247Z","level":6,"source":"application","component":"test-service","hostname":"PC","processId":2656,"message":"Message 84","category":"application_INFO","eventCode":"EVT-UNK-06","context":{"metadata":{"environment":"test","region":"us-east-1","version":"1.0.0"}},"schemaVersion":"1.0.0","processingTime":0,"contentHash":"21e2d35e22c9f4119d6f1e88b4969e3d5dd0c57a6518303ebcd3dcecf3e5ca38"}

      at ConsoleTransport.method [as send] (src/logging/Logger.ts:158:7)
          at Array.map (<anonymous>)

  console.log
    {"id":"3dcad212-0843-4ede-9a91-e4caa8e60d7d","timestamp":"2026-03-24T21:32:33.250Z","level":6,"source":"application","component":"test-service","hostname":"PC","processId":2656,"message":"Message 85","category":"application_INFO","eventCode":"EVT-UNK-06","context":{"metadata":{"environment":"test","region":"us-east-1","version":"1.0.0"}},"schemaVersion":"1.0.0","processingTime":1,"contentHash":"dc2c1de3430bb27111efb3a0343d5c5603594aa77a9a9aaa5a9cea6f0c64d125"}

      at ConsoleTransport.method [as send] (src/logging/Logger.ts:158:7)
          at Array.map (<anonymous>)

  console.log
    {"id":"3aba645d-10f0-4ff9-9cee-4e695ce4abe7","timestamp":"2026-03-24T21:32:33.252Z","level":6,"source":"application","component":"test-service","hostname":"PC","processId":2656,"message":"Message 86","category":"application_INFO","eventCode":"EVT-UNK-06","context":{"metadata":{"environment":"test","region":"us-east-1","version":"1.0.0"}},"schemaVersion":"1.0.0","processingTime":0,"contentHash":"313473e3245f8a99db30f868f308b3ae1327ea43840fe0e395ffc961ede0c670"}

      at ConsoleTransport.method [as send] (src/logging/Logger.ts:158:7)
          at Array.map (<anonymous>)

  console.log
    {"id":"dcd31c42-e8d8-4c30-babe-68c846549ba5","timestamp":"2026-03-24T21:32:33.254Z","level":6,"source":"application","component":"test-service","hostname":"PC","processId":2656,"message":"Message 87","category":"application_INFO","eventCode":"EVT-UNK-06","context":{"metadata":{"environment":"test","region":"us-east-1","version":"1.0.0"}},"schemaVersion":"1.0.0","processingTime":1,"contentHash":"2614a604d6050927c70a1d732481963b6fe515403e9a5c3ad01f115fa61cd572"}

      at ConsoleTransport.method [as send] (src/logging/Logger.ts:158:7)
          at Array.map (<anonymous>)

  console.log
    {"id":"2bf1bdf8-20de-457e-9514-c19e0479d6b9","timestamp":"2026-03-24T21:32:33.255Z","level":6,"source":"application","component":"test-service","hostname":"PC","processId":2656,"message":"Message 88","category":"application_INFO","eventCode":"EVT-UNK-06","context":{"metadata":{"environment":"test","region":"us-east-1","version":"1.0.0"}},"schemaVersion":"1.0.0","processingTime":0,"contentHash":"459cbfffee181b0e28f4b6ea3ad7b2ea978d43f482d0b09080a249293f5e8fe4"}

      at ConsoleTransport.method [as send] (src/logging/Logger.ts:158:7)
          at Array.map (<anonymous>)

  console.log
    {"id":"fbf4a9c4-1df0-4ed4-a3aa-e712ae5a17ad","timestamp":"2026-03-24T21:32:33.256Z","level":6,"source":"application","component":"test-service","hostname":"PC","processId":2656,"message":"Message 89","category":"application_INFO","eventCode":"EVT-UNK-06","context":{"metadata":{"environment":"test","region":"us-east-1","version":"1.0.0"}},"schemaVersion":"1.0.0","processingTime":0,"contentHash":"5b016217ae81c267cf0b1439ad967e8687bff132edf81a1a0788a1c6d2c49e2e"}

      at ConsoleTransport.method [as send] (src/logging/Logger.ts:158:7)
          at Array.map (<anonymous>)

  console.log
    {"id":"90ebdf92-e5d6-4237-bc2b-60292b18245e","timestamp":"2026-03-24T21:32:33.257Z","level":6,"source":"application","component":"test-service","hostname":"PC","processId":2656,"message":"Message 90","category":"application_INFO","eventCode":"EVT-UNK-06","context":{"metadata":{"environment":"test","region":"us-east-1","version":"1.0.0"}},"schemaVersion":"1.0.0","processingTime":0,"contentHash":"d2862a7ace90a253edb72b6596778d71f44ee08d5ca6e3f633d42ec51e8a1bc1"}

      at ConsoleTransport.method [as send] (src/logging/Logger.ts:158:7)
          at Array.map (<anonymous>)

  console.log
    {"id":"5838b1b1-5041-4200-9381-520cfc53b9f1","timestamp":"2026-03-24T21:32:33.259Z","level":6,"source":"application","component":"test-service","hostname":"PC","processId":2656,"message":"Message 91","category":"application_INFO","eventCode":"EVT-UNK-06","context":{"metadata":{"environment":"test","region":"us-east-1","version":"1.0.0"}},"schemaVersion":"1.0.0","processingTime":0,"contentHash":"9e41d40e4c4aab191dbd00e0e618a20bfb8f63ade445fa038a1db8af059b3ead"}

      at ConsoleTransport.method [as send] (src/logging/Logger.ts:158:7)
          at Array.map (<anonymous>)

  console.log
    {"id":"69d7ea2e-9067-4376-a9bb-52bc77199ccb","timestamp":"2026-03-24T21:32:33.262Z","level":6,"source":"application","component":"test-service","hostname":"PC","processId":2656,"message":"Message 92","category":"application_INFO","eventCode":"EVT-UNK-06","context":{"metadata":{"environment":"test","region":"us-east-1","version":"1.0.0"}},"schemaVersion":"1.0.0","processingTime":0,"contentHash":"bd4b6e438a1c8ce4c9a362c627fc9c170d2e912a90e55ee1e63cb8baa92d8c63"}

      at ConsoleTransport.method [as send] (src/logging/Logger.ts:158:7)
          at Array.map (<anonymous>)

  console.log
    {"id":"b7d7b71a-01a7-4797-b16f-49c864580cb3","timestamp":"2026-03-24T21:32:33.263Z","level":6,"source":"application","component":"test-service","hostname":"PC","processId":2656,"message":"Message 93","category":"application_INFO","eventCode":"EVT-UNK-06","context":{"metadata":{"environment":"test","region":"us-east-1","version":"1.0.0"}},"schemaVersion":"1.0.0","processingTime":0,"contentHash":"dcf721a630c900b1328180791be82f0d733109c3e1cfc0046d89c959109e8331"}

      at ConsoleTransport.method [as send] (src/logging/Logger.ts:158:7)
          at Array.map (<anonymous>)

  console.log
    {"id":"2dceaafb-961e-4a57-9448-81c796cfd5bf","timestamp":"2026-03-24T21:32:33.265Z","level":6,"source":"application","component":"test-service","hostname":"PC","processId":2656,"message":"Message 94","category":"application_INFO","eventCode":"EVT-UNK-06","context":{"metadata":{"environment":"test","region":"us-east-1","version":"1.0.0"}},"schemaVersion":"1.0.0","processingTime":0,"contentHash":"7834cb8d21dff15fc84f09d43aee42e3a64cebe06d61e1b823bd84dcb3bf017f"}

      at ConsoleTransport.method [as send] (src/logging/Logger.ts:158:7)
          at Array.map (<anonymous>)

  console.log
    {"id":"c0c32a12-5f49-49aa-afd5-fe5c24e41207","timestamp":"2026-03-24T21:32:33.266Z","level":6,"source":"application","component":"test-service","hostname":"PC","processId":2656,"message":"Message 95","category":"application_INFO","eventCode":"EVT-UNK-06","context":{"metadata":{"environment":"test","region":"us-east-1","version":"1.0.0"}},"schemaVersion":"1.0.0","processingTime":0,"contentHash":"192173c8f40688ceba761eaa2191bbf42d1470f580b6a69f9eb80b73536b73fe"}

      at ConsoleTransport.method [as send] (src/logging/Logger.ts:158:7)
          at Array.map (<anonymous>)

  console.log
    {"id":"aca2a510-1bbf-4d84-a12f-f44bb862f39e","timestamp":"2026-03-24T21:32:33.268Z","level":6,"source":"application","component":"test-service","hostname":"PC","processId":2656,"message":"Message 96","category":"application_INFO","eventCode":"EVT-UNK-06","context":{"metadata":{"environment":"test","region":"us-east-1","version":"1.0.0"}},"schemaVersion":"1.0.0","processingTime":0,"contentHash":"257ef218198e61f65aa6cb5ab25f2a3888ed3847eba6d2413cf404aaeb773ca9"}

      at ConsoleTransport.method [as send] (src/logging/Logger.ts:158:7)
          at Array.map (<anonymous>)

  console.log
    {"id":"8fbb048a-283d-46c6-a3a0-04909d93cdd7","timestamp":"2026-03-24T21:32:33.269Z","level":6,"source":"application","component":"test-service","hostname":"PC","processId":2656,"message":"Message 97","category":"application_INFO","eventCode":"EVT-UNK-06","context":{"metadata":{"environment":"test","region":"us-east-1","version":"1.0.0"}},"schemaVersion":"1.0.0","processingTime":0,"contentHash":"92c5b354a6a032192e398a2a7d2c90c19d7f4ba6fb31a958e93f7439e91f8cb0"}

      at ConsoleTransport.method [as send] (src/logging/Logger.ts:158:7)
          at Array.map (<anonymous>)

  console.log
    {"id":"d4f3d8c2-e33e-4a72-91af-60aee34dfdf3","timestamp":"2026-03-24T21:32:33.270Z","level":6,"source":"application","component":"test-service","hostname":"PC","processId":2656,"message":"Message 98","category":"application_INFO","eventCode":"EVT-UNK-06","context":{"metadata":{"environment":"test","region":"us-east-1","version":"1.0.0"}},"schemaVersion":"1.0.0","processingTime":0,"contentHash":"19c82658b8a91959d2f17c4af6fd06634ef648973bddd24ef5798cc4c35eb166"}

      at ConsoleTransport.method [as send] (src/logging/Logger.ts:158:7)
          at Array.map (<anonymous>)

  console.log
    {"id":"b87bbd13-ff04-4716-ba37-539fa46df84a","timestamp":"2026-03-24T21:32:33.272Z","level":6,"source":"application","component":"test-service","hostname":"PC","processId":2656,"message":"Message 99","category":"application_INFO","eventCode":"EVT-UNK-06","context":{"metadata":{"environment":"test","region":"us-east-1","version":"1.0.0"}},"schemaVersion":"1.0.0","processingTime":0,"contentHash":"30fe004faf85f3470b1468bfcaf21531067daf9d56688fa6a27187cfefe853bb"}

      at ConsoleTransport.method [as send] (src/logging/Logger.ts:158:7)
          at Array.map (<anonymous>)

  console.warn
    Log rate limit exceeded. Suppressed 100 logs.

    [0m [90m 823 |[39m       [90m// Логирование факта suppression только если это не слишком часто[39m
     [90m 824 |[39m       [36mif[39m ([36mthis[39m[33m.[39mrateLimiter[33m.[39mgetSuppressedCount() [33m%[39m [35m100[39m [33m===[39m [35m0[39m) {
    [31m[1m>[22m[39m[90m 825 |[39m         console[33m.[39mwarn([32m`Log rate limit exceeded. Suppressed ${this.rateLimiter.getSuppressedCount()} logs.`[39m)[33m;[39m
     [90m     |[39m                 [31m[1m^[22m[39m
     [90m 826 |[39m       }
     [90m 827 |[39m       [36mreturn[39m [36mnull[39m[33m;[39m
     [90m 828 |[39m     }[0m

      at SecureLogger.warn [as log] (src/logging/Logger.ts:825:17)
      at SecureLogger.log [as info] (src/logging/Logger.ts:1039:17)
      at Object.<anonymous> (tests/logging/logging.test.ts:253:32)

  console.warn
    Log rate limit exceeded. Suppressed 200 logs.

    [0m [90m 823 |[39m       [90m// Логирование факта suppression только если это не слишком часто[39m
     [90m 824 |[39m       [36mif[39m ([36mthis[39m[33m.[39mrateLimiter[33m.[39mgetSuppressedCount() [33m%[39m [35m100[39m [33m===[39m [35m0[39m) {
    [31m[1m>[22m[39m[90m 825 |[39m         console[33m.[39mwarn([32m`Log rate limit exceeded. Suppressed ${this.rateLimiter.getSuppressedCount()} logs.`[39m)[33m;[39m
     [90m     |[39m                 [31m[1m^[22m[39m
     [90m 826 |[39m       }
     [90m 827 |[39m       [36mreturn[39m [36mnull[39m[33m;[39m
     [90m 828 |[39m     }[0m

      at SecureLogger.warn [as log] (src/logging/Logger.ts:825:17)
      at SecureLogger.log [as info] (src/logging/Logger.ts:1039:17)
      at Object.<anonymous> (tests/logging/logging.test.ts:253:32)

  console.warn
    Log rate limit exceeded. Suppressed 300 logs.

    [0m [90m 823 |[39m       [90m// Логирование факта suppression только если это не слишком часто[39m
     [90m 824 |[39m       [36mif[39m ([36mthis[39m[33m.[39mrateLimiter[33m.[39mgetSuppressedCount() [33m%[39m [35m100[39m [33m===[39m [35m0[39m) {
    [31m[1m>[22m[39m[90m 825 |[39m         console[33m.[39mwarn([32m`Log rate limit exceeded. Suppressed ${this.rateLimiter.getSuppressedCount()} logs.`[39m)[33m;[39m
     [90m     |[39m                 [31m[1m^[22m[39m
     [90m 826 |[39m       }
     [90m 827 |[39m       [36mreturn[39m [36mnull[39m[33m;[39m
     [90m 828 |[39m     }[0m

      at SecureLogger.warn [as log] (src/logging/Logger.ts:825:17)
      at SecureLogger.log [as info] (src/logging/Logger.ts:1039:17)
      at Object.<anonymous> (tests/logging/logging.test.ts:253:32)

FAIL tests/middleware/InputValidationMiddleware.test.ts
  Input Validation Middleware - Basic Functionality
    Creation
      √ должен создавать middleware без конфигурации (35 ms)
      √ должен создавать middleware с пустой конфигурацией (2 ms)
      √ должен создавать middleware с полной конфигурацией (1 ms)
    Skip Conditions
      √ должен пропускать GET запросы по умолчанию (5 ms)
      √ должен пропускать HEAD запросы по умолчанию (2 ms)
      √ должен пропускать OPTIONS запросы по умолчанию (1 ms)
      √ должен обрабатывать POST запросы (4 ms)
      √ должен пропускать пути из skipPaths (4 ms)
      √ не должен пропускать пути не из skipPaths (2 ms)
    Body Size Validation
      √ должен пропускать запросы в пределах maxBodySize (1 ms)
      √ должен отклонять запросы превышающие maxBodySize (524 ms)
    Rate Limiting
      √ должен устанавливать заголовки rate limit (8 ms)
      √ должен блокировать при превышении rate limit (40 ms)
    Schema Validation
      √ должен пропускать запросы без схемы (2 ms)
      √ должен валидировать body по схеме (11 ms)
      √ должен отклонять невалидный body в strict mode (44 ms)
      √ должен продолжать выполнение при ошибках вне strict mode (33 ms)
      √ должен валидировать query параметры (1 ms)
      √ должен валидировать route params (2 ms)
      √ должен отклонять невалидный UUID (24 ms)
  Input Validation - Validation Types
    String Validation
      √ должен валидировать строку с minLength (26 ms)
      √ должен валидировать строку с maxLength (25 ms)
      √ должен валидировать строку с pattern (1 ms)
      √ должен отклонять строку не соответствующую pattern (22 ms)
    Email Validation
      √ должен валидировать правильный email (2 ms)
      √ должен отклонять невалидный email (26 ms)
    Number Validation
      √ должен валидировать число в диапазоне (2 ms)
      √ должен отклонять число вне диапазона (22 ms)
      √ должен конвертировать строку в число (1 ms)
    Boolean Validation
      √ должен валидировать boolean (1 ms)
      √ должен конвертировать строку "true" в boolean (1 ms)
    Password Validation
      √ должен валидировать сложный пароль (2 ms)
      √ должен отклонять простой пароль (20 ms)
    URL Validation
      √ должен валидировать HTTPS URL (3 ms)
      √ должен отклонять HTTP URL когда разрешен только HTTPS (21 ms)
    Path Validation
      √ должен валидировать безопасный путь (2 ms)
      √ должен отклонять path traversal (27 ms)
  Input Validation - Injection Protection
    √ должен детектировать SQL injection (21 ms)
    √ должен детектировать XSS атаку (21 ms)
    √ должен детектировать command injection (28 ms)
    √ должен детектировать path traversal (21 ms)
  Input Validation - Helper Functions
    getValidatedData
      √ должен возвращать валидированные данные (1 ms)
      √ должен возвращать undefined если нет данных
    getSanitizedData
      √ должен возвращать санитизированные данные (2 ms)
    isValidated
      √ должен возвращать true если валидация пройдена
      √ должен возвращать false если валидация не пройдена (1 ms)
      √ должен возвращать false если нет результата (1 ms)
    getValidationErrors
      √ должен возвращать массив ошибок (1 ms)
      √ должен возвращать пустой массив если нет ошибок (1 ms)
    createValidationSchema
      √ должен создавать схему для body по умолчанию (2 ms)
      √ должен создавать схему для query
  Input Validation - Validation Presets
    userRegistration Preset
      √ должен валидировать правильные данные регистрации (2 ms)
      √ должен отклонять невалидный email (25 ms)
    search Preset
      √ должен валидировать search параметры (1 ms)
      × должен использовать значения по умолчанию (1 ms)
    uuidParams Preset
      √ должен валидировать UUID v4 параметр (1 ms)
      √ должен отклонять невалидный UUID (18 ms)
    pagination Preset
      √ должен валидировать pagination параметры
      √ должен отклонять page < 1 (22 ms)
    apiKeyAuth Preset
      √ должен валидировать API key в headers (1 ms)
      √ должен отклонять короткий API key (23 ms)
  Input Validation - Edge Cases
    √ должен обрабатывать пустой body (2 ms)
    √ должен обрабатывать null значения (1 ms)
    √ должен обрабатывать undefined значения (2 ms)
    √ должен обрабатывать вложенные объекты (1 ms)
    √ должен обрабатывать массивы в body (19 ms)
    × должен обрабатывать специальные символы в строках (23 ms)
    √ должен обрабатывать очень длинные строки (24 ms)
    √ должен обрабатывать Unicode символы (5 ms)
    √ должен обрабатывать ошибку в middleware (1 ms)
  Input Validation - Custom Error Handler
    √ должен использовать кастомный обработчик ошибок (21 ms)
  Input Validation - Enum Validation
    √ должен валидировать enum значения (2 ms)
    √ должен отклонять невалидное enum значение (21 ms)

  ● Input Validation - Validation Presets › search Preset › должен использовать значения по умолчанию

    TypeError: Cannot read properties of undefined (reading 'page')

    [0m [90m 1103 |[39m       middleware(req[33m,[39m res[33m,[39m next)[33m;[39m
     [90m 1104 |[39m       expect((req [36mas[39m any)[33m.[39mvalidationResult[33m.[39mvalid)[33m.[39mtoBe([36mtrue[39m)[33m;[39m
    [31m[1m>[22m[39m[90m 1105 |[39m       expect((req [36mas[39m any)[33m.[39mvalidationResult[33m.[39msanitized[33m.[39mquery[33m.[39mpage)[33m.[39mtoBe([35m1[39m)[33m;[39m
     [90m      |[39m                                                            [31m[1m^[22m[39m
     [90m 1106 |[39m       expect((req [36mas[39m any)[33m.[39mvalidationResult[33m.[39msanitized[33m.[39mquery[33m.[39mlimit)[33m.[39mtoBe([35m20[39m)[33m;[39m
     [90m 1107 |[39m     })[33m;[39m
     [90m 1108 |[39m   })[33m;[39m[0m

      at Object.<anonymous> (tests/middleware/InputValidationMiddleware.test.ts:1105:60)

  ● Input Validation - Edge Cases › должен обрабатывать специальные символы в строках

    expect(received).toContain(expected) // indexOf

    Matcher error: received value must not be null nor undefined

    Received has value: undefined

    [0m [90m 1347 |[39m     [90m// Санитизация должна заменить специальные символы на HTML entities[39m
     [90m 1348 |[39m     [36mconst[39m sanitized [33m=[39m (req [36mas[39m any)[33m.[39mvalidationResult[33m.[39msanitized[33m.[39mbody[33m.[39mdescription[33m;[39m
    [31m[1m>[22m[39m[90m 1349 |[39m     expect(sanitized)[33m.[39mtoContain([32m'&lt;'[39m)[33m;[39m
     [90m      |[39m                       [31m[1m^[22m[39m
     [90m 1350 |[39m   })[33m;[39m
     [90m 1351 |[39m
     [90m 1352 |[39m   it([32m'должен обрабатывать очень длинные строки'[39m[33m,[39m () [33m=>[39m {[0m

      at Object.<anonymous> (tests/middleware/InputValidationMiddleware.test.ts:1349:23)

  console.debug
    [34m[DEBUG][0m 2026-03-24T21:32:33.338Z protocol-security: [HealthCheckService] [STOP] Остановка Health Check Service

      at ConsoleTransport.method [as send] (src/logging/Logger.ts:158:7)
          at Array.map (<anonymous>)

  console.debug
    [34m[DEBUG][0m 2026-03-24T21:32:33.341Z protocol-security: [CircuitBreaker:redis] [INIT] CircuitBreaker инициализирован: redis

      at ConsoleTransport.method [as send] (src/logging/Logger.ts:158:7)
          at Array.map (<anonymous>)

  console.debug
    [34m[DEBUG][0m 2026-03-24T21:32:33.344Z protocol-security: [CircuitBreaker:database] [INIT] CircuitBreaker инициализирован: database

      at ConsoleTransport.method [as send] (src/logging/Logger.ts:158:7)
          at Array.map (<anonymous>)

  console.warn
    Log rate limit exceeded. Suppressed 400 logs.

    [0m [90m 823 |[39m       [90m// Логирование факта suppression только если это не слишком часто[39m
     [90m 824 |[39m       [36mif[39m ([36mthis[39m[33m.[39mrateLimiter[33m.[39mgetSuppressedCount() [33m%[39m [35m100[39m [33m===[39m [35m0[39m) {
    [31m[1m>[22m[39m[90m 825 |[39m         console[33m.[39mwarn([32m`Log rate limit exceeded. Suppressed ${this.rateLimiter.getSuppressedCount()} logs.`[39m)[33m;[39m
     [90m     |[39m                 [31m[1m^[22m[39m
     [90m 826 |[39m       }
     [90m 827 |[39m       [36mreturn[39m [36mnull[39m[33m;[39m
     [90m 828 |[39m     }[0m

      at SecureLogger.warn [as log] (src/logging/Logger.ts:825:17)
      at SecureLogger.log [as info] (src/logging/Logger.ts:1039:17)
      at Object.<anonymous> (tests/logging/logging.test.ts:253:32)

  console.debug
    [34m[DEBUG][0m 2026-03-24T21:32:33.347Z protocol-security: [CircuitBreaker:vault] [INIT] CircuitBreaker инициализирован: vault

      at ConsoleTransport.method [as send] (src/logging/Logger.ts:158:7)
          at Array.map (<anonymous>)

  console.debug
    [34m[DEBUG][0m 2026-03-24T21:32:33.349Z protocol-security: [CircuitBreaker:elasticsearch] [INIT] CircuitBreaker инициализирован: elasticsearch

      at ConsoleTransport.method [as send] (src/logging/Logger.ts:158:7)
          at Array.map (<anonymous>)

  console.warn
    Log rate limit exceeded. Suppressed 500 logs.

    [0m [90m 823 |[39m       [90m// Логирование факта suppression только если это не слишком часто[39m
     [90m 824 |[39m       [36mif[39m ([36mthis[39m[33m.[39mrateLimiter[33m.[39mgetSuppressedCount() [33m%[39m [35m100[39m [33m===[39m [35m0[39m) {
    [31m[1m>[22m[39m[90m 825 |[39m         console[33m.[39mwarn([32m`Log rate limit exceeded. Suppressed ${this.rateLimiter.getSuppressedCount()} logs.`[39m)[33m;[39m
     [90m     |[39m                 [31m[1m^[22m[39m
     [90m 826 |[39m       }
     [90m 827 |[39m       [36mreturn[39m [36mnull[39m[33m;[39m
     [90m 828 |[39m     }[0m

      at SecureLogger.warn [as log] (src/logging/Logger.ts:825:17)
      at SecureLogger.log [as info] (src/logging/Logger.ts:1039:17)
      at Object.<anonymous> (tests/logging/logging.test.ts:253:32)

  console.warn
    Log rate limit exceeded. Suppressed 600 logs.

    [0m [90m 823 |[39m       [90m// Логирование факта suppression только если это не слишком часто[39m
     [90m 824 |[39m       [36mif[39m ([36mthis[39m[33m.[39mrateLimiter[33m.[39mgetSuppressedCount() [33m%[39m [35m100[39m [33m===[39m [35m0[39m) {
    [31m[1m>[22m[39m[90m 825 |[39m         console[33m.[39mwarn([32m`Log rate limit exceeded. Suppressed ${this.rateLimiter.getSuppressedCount()} logs.`[39m)[33m;[39m
     [90m     |[39m                 [31m[1m^[22m[39m
     [90m 826 |[39m       }
     [90m 827 |[39m       [36mreturn[39m [36mnull[39m[33m;[39m
     [90m 828 |[39m     }[0m

      at SecureLogger.warn [as log] (src/logging/Logger.ts:825:17)
      at SecureLogger.log [as info] (src/logging/Logger.ts:1039:17)
      at Object.<anonymous> (tests/logging/logging.test.ts:253:32)

  console.warn
    Log rate limit exceeded. Suppressed 700 logs.

    [0m [90m 823 |[39m       [90m// Логирование факта suppression только если это не слишком часто[39m
     [90m 824 |[39m       [36mif[39m ([36mthis[39m[33m.[39mrateLimiter[33m.[39mgetSuppressedCount() [33m%[39m [35m100[39m [33m===[39m [35m0[39m) {
    [31m[1m>[22m[39m[90m 825 |[39m         console[33m.[39mwarn([32m`Log rate limit exceeded. Suppressed ${this.rateLimiter.getSuppressedCount()} logs.`[39m)[33m;[39m
     [90m     |[39m                 [31m[1m^[22m[39m
     [90m 826 |[39m       }
     [90m 827 |[39m       [36mreturn[39m [36mnull[39m[33m;[39m
     [90m 828 |[39m     }[0m

      at SecureLogger.warn [as log] (src/logging/Logger.ts:825:17)
      at SecureLogger.log [as info] (src/logging/Logger.ts:1039:17)
      at Object.<anonymous> (tests/logging/logging.test.ts:253:32)

  console.warn
    Log rate limit exceeded. Suppressed 800 logs.

    [0m [90m 823 |[39m       [90m// Логирование факта suppression только если это не слишком часто[39m
     [90m 824 |[39m       [36mif[39m ([36mthis[39m[33m.[39mrateLimiter[33m.[39mgetSuppressedCount() [33m%[39m [35m100[39m [33m===[39m [35m0[39m) {
    [31m[1m>[22m[39m[90m 825 |[39m         console[33m.[39mwarn([32m`Log rate limit exceeded. Suppressed ${this.rateLimiter.getSuppressedCount()} logs.`[39m)[33m;[39m
     [90m     |[39m                 [31m[1m^[22m[39m
     [90m 826 |[39m       }
     [90m 827 |[39m       [36mreturn[39m [36mnull[39m[33m;[39m
     [90m 828 |[39m     }[0m

      at SecureLogger.warn [as log] (src/logging/Logger.ts:825:17)
      at SecureLogger.log [as info] (src/logging/Logger.ts:1039:17)
      at Object.<anonymous> (tests/logging/logging.test.ts:253:32)

  console.warn
    Log rate limit exceeded. Suppressed 900 logs.

    [0m [90m 823 |[39m       [90m// Логирование факта suppression только если это не слишком часто[39m
     [90m 824 |[39m       [36mif[39m ([36mthis[39m[33m.[39mrateLimiter[33m.[39mgetSuppressedCount() [33m%[39m [35m100[39m [33m===[39m [35m0[39m) {
    [31m[1m>[22m[39m[90m 825 |[39m         console[33m.[39mwarn([32m`Log rate limit exceeded. Suppressed ${this.rateLimiter.getSuppressedCount()} logs.`[39m)[33m;[39m
     [90m     |[39m                 [31m[1m^[22m[39m
     [90m 826 |[39m       }
     [90m 827 |[39m       [36mreturn[39m [36mnull[39m[33m;[39m
     [90m 828 |[39m     }[0m

      at SecureLogger.warn [as log] (src/logging/Logger.ts:825:17)
      at SecureLogger.log [as info] (src/logging/Logger.ts:1039:17)
      at Object.<anonymous> (tests/logging/logging.test.ts:253:32)

  console.log
    {"id":"31004759-bbb7-4236-b818-bfb4ac2a1277","timestamp":"2026-03-24T21:32:33.427Z","level":6,"source":"system","component":"logger","hostname":"PC","processId":2656,"message":"Log level changed to WARNING","category":"system_INFO","eventCode":"EVT-UNK-06","context":{"metadata":{"environment":"test","region":"us-east-1","version":"1.0.0"}},"schemaVersion":"1.0.0","processingTime":0,"contentHash":"5f2aded7300805d0376c704541477893c788bfcde1d2798f78c0899e4e658f79"}

      at ConsoleTransport.method [as send] (src/logging/Logger.ts:158:7)
          at Array.map (<anonymous>)

  console.debug
    {"id":"8a9d951b-7d3c-4ab9-a706-16ce240ae692","timestamp":"2026-03-24T21:32:33.430Z","level":7,"source":"application","component":"test-service","hostname":"PC","processId":2656,"message":"This should not be logged","category":"application_DEBUG","eventCode":"EVT-UNK-07","context":{"metadata":{"environment":"test","region":"us-east-1","version":"1.0.0"}},"schemaVersion":"1.0.0","processingTime":1,"contentHash":"5fadffc6441253360b0adba9d499ca586b1bb9f672693b40c1a0c664cfff6be0"}

      at ConsoleTransport.method [as send] (src/logging/Logger.ts:158:7)
          at Array.map (<anonymous>)

  console.error
    {"id":"b2072943-1a4a-4123-8da3-8b096dae1058","timestamp":"2026-03-24T21:32:33.433Z","level":3,"source":"application","component":"test-service","hostname":"PC","processId":2656,"message":"This should be logged","category":"application_ERROR","eventCode":"EVT-UNK-03","context":{"metadata":{"environment":"test","region":"us-east-1","version":"1.0.0"}},"schemaVersion":"1.0.0","processingTime":0,"contentHash":"3300c7a58cec735ea1394f6b0eae18f1110c6ed5fc24be5aa6fd706e4cba5e22"}

    [0m [90m 156 |[39m       [90m// Выбор метода вывода в зависимости от уровня[39m
     [90m 157 |[39m       [36mconst[39m method [33m=[39m [36mthis[39m[33m.[39mgetConsoleMethod(log[33m.[39mlevel)[33m;[39m
    [31m[1m>[22m[39m[90m 158 |[39m       method(output)[33m;[39m
     [90m     |[39m       [31m[1m^[22m[39m
     [90m 159 |[39m       
     [90m 160 |[39m       [36mreturn[39m {
     [90m 161 |[39m         success[33m:[39m [36mtrue[39m[33m,[39m[0m

      at ConsoleTransport.method [as send] (src/logging/Logger.ts:158:7)
      at send (src/logging/Logger.ts:871:42)
          at Array.map (<anonymous>)
      at SecureLogger.map (src/logging/Logger.ts:868:49)
      at SecureLogger.log [as error] (src/logging/Logger.ts:997:17)
      at Object.<anonymous> (tests/logging/logging.test.ts:268:37)

  console.log
    {"id":"dcb9811e-08b4-4b97-a4eb-6e71a8a5ed69","timestamp":"2026-03-24T21:32:33.510Z","level":6,"source":"application","component":"test-service","hostname":"PC","processId":2656,"message":"Test 1","category":"application_INFO","eventCode":"EVT-UNK-06","context":{"metadata":{"environment":"test","region":"us-east-1","version":"1.0.0"}},"schemaVersion":"1.0.0","processingTime":0,"contentHash":"4629172948d79cbbecba584783c9fd790fedf72e690907ed6653147d2f3a883e"}

      at ConsoleTransport.method [as send] (src/logging/Logger.ts:158:7)
          at Array.map (<anonymous>)

  console.error
    {"id":"bf84235c-8598-4f40-ba94-a5e65a3162ec","timestamp":"2026-03-24T21:32:33.512Z","level":3,"source":"application","component":"test-service","hostname":"PC","processId":2656,"message":"Test 2","category":"application_ERROR","eventCode":"EVT-UNK-03","context":{"metadata":{"environment":"test","region":"us-east-1","version":"1.0.0"}},"schemaVersion":"1.0.0","processingTime":0,"contentHash":"b3edd12342607510ccd0baadc485f76c14a4c46062e23273674b9d3de926991c"}

    [0m [90m 156 |[39m       [90m// Выбор метода вывода в зависимости от уровня[39m
     [90m 157 |[39m       [36mconst[39m method [33m=[39m [36mthis[39m[33m.[39mgetConsoleMethod(log[33m.[39mlevel)[33m;[39m
    [31m[1m>[22m[39m[90m 158 |[39m       method(output)[33m;[39m
     [90m     |[39m       [31m[1m^[22m[39m
     [90m 159 |[39m       
     [90m 160 |[39m       [36mreturn[39m {
     [90m 161 |[39m         success[33m:[39m [36mtrue[39m[33m,[39m[0m

      at ConsoleTransport.method [as send] (src/logging/Logger.ts:158:7)
      at send (src/logging/Logger.ts:871:42)
          at Array.map (<anonymous>)
      at SecureLogger.map (src/logging/Logger.ts:868:49)
      at SecureLogger.log [as error] (src/logging/Logger.ts:997:17)
      at Object.<anonymous> (tests/logging/logging.test.ts:287:14)

  console.debug
    [34m[DEBUG][0m 2026-03-24T21:32:33.542Z protocol-security: [HealthCheckService] [STOP] Остановка Health Check Service

      at ConsoleTransport.method [as send] (src/logging/Logger.ts:158:7)
          at Array.map (<anonymous>)

  console.warn
    {"id":"19b89363-f7ba-4c60-bc63-f5e1e7374a59","timestamp":"2026-03-24T21:32:33.527Z","level":4,"source":"application","component":"test-service","hostname":"PC","processId":2656,"message":"Test 3","category":"application_WARNING","eventCode":"EVT-UNK-04","context":{"metadata":{"environment":"test","region":"us-east-1","version":"1.0.0"}},"schemaVersion":"1.0.0","processingTime":0,"contentHash":"2935f74af14be860851dfc46e1bcccee0de4f542568a58b3dc680b8828323c83"}

    [0m [90m 156 |[39m       [90m// Выбор метода вывода в зависимости от уровня[39m
     [90m 157 |[39m       [36mconst[39m method [33m=[39m [36mthis[39m[33m.[39mgetConsoleMethod(log[33m.[39mlevel)[33m;[39m
    [31m[1m>[22m[39m[90m 158 |[39m       method(output)[33m;[39m
     [90m     |[39m       [31m[1m^[22m[39m
     [90m 159 |[39m       
     [90m 160 |[39m       [36mreturn[39m {
     [90m 161 |[39m         success[33m:[39m [36mtrue[39m[33m,[39m[0m

      at ConsoleTransport.method [as send] (src/logging/Logger.ts:158:7)
      at send (src/logging/Logger.ts:871:42)
          at Array.map (<anonymous>)
      at SecureLogger.map (src/logging/Logger.ts:868:49)
      at SecureLogger.log [as warning] (src/logging/Logger.ts:1011:17)
      at Object.<anonymous> (tests/logging/logging.test.ts:288:14)

  console.debug
    [34m[DEBUG][0m 2026-03-24T21:32:33.546Z protocol-security: [CircuitBreaker:redis] [INIT] CircuitBreaker инициализирован: redis

      at ConsoleTransport.method [as send] (src/logging/Logger.ts:158:7)
          at Array.map (<anonymous>)

  console.debug
    [34m[DEBUG][0m 2026-03-24T21:32:33.549Z protocol-security: [CircuitBreaker:database] [INIT] CircuitBreaker инициализирован: database

      at ConsoleTransport.method [as send] (src/logging/Logger.ts:158:7)
          at Array.map (<anonymous>)

  console.debug
    [34m[DEBUG][0m 2026-03-24T21:32:33.551Z protocol-security: [CircuitBreaker:vault] [INIT] CircuitBreaker инициализирован: vault

      at ConsoleTransport.method [as send] (src/logging/Logger.ts:158:7)
          at Array.map (<anonymous>)

  console.debug
    [34m[DEBUG][0m 2026-03-24T21:32:33.554Z protocol-security: [CircuitBreaker:elasticsearch] [INIT] CircuitBreaker инициализирован: elasticsearch

      at ConsoleTransport.method [as send] (src/logging/Logger.ts:158:7)
          at Array.map (<anonymous>)

  console.debug
    [34m[DEBUG][0m 2026-03-24T21:32:33.557Z protocol-security: [CircuitBreaker:redis] [INIT] CircuitBreaker инициализирован: redis

      at ConsoleTransport.method [as send] (src/logging/Logger.ts:158:7)
          at Array.map (<anonymous>)

  console.debug
    [34m[DEBUG][0m 2026-03-24T21:32:33.560Z protocol-security: [CircuitBreaker:database] [INIT] CircuitBreaker инициализирован: database

      at ConsoleTransport.method [as send] (src/logging/Logger.ts:158:7)
          at Array.map (<anonymous>)

  console.debug
    [34m[DEBUG][0m 2026-03-24T21:32:33.562Z protocol-security: [CircuitBreaker:vault] [INIT] CircuitBreaker инициализирован: vault

      at ConsoleTransport.method [as send] (src/logging/Logger.ts:158:7)
          at Array.map (<anonymous>)

  console.debug
    [34m[DEBUG][0m 2026-03-24T21:32:33.565Z protocol-security: [CircuitBreaker:elasticsearch] [INIT] CircuitBreaker инициализирован: elasticsearch

      at ConsoleTransport.method [as send] (src/logging/Logger.ts:158:7)
          at Array.map (<anonymous>)

  console.debug
    [34m[DEBUG][0m 2026-03-24T21:32:33.731Z protocol-security: [HealthCheckService] [STOP] Остановка Health Check Service

      at ConsoleTransport.method [as send] (src/logging/Logger.ts:158:7)
          at Array.map (<anonymous>)

  console.debug
    [34m[DEBUG][0m 2026-03-24T21:32:33.736Z protocol-security: [CircuitBreaker:redis] [INIT] CircuitBreaker инициализирован: redis

      at ConsoleTransport.method [as send] (src/logging/Logger.ts:158:7)
          at Array.map (<anonymous>)

  console.debug
    [34m[DEBUG][0m 2026-03-24T21:32:33.739Z protocol-security: [CircuitBreaker:database] [INIT] CircuitBreaker инициализирован: database

      at ConsoleTransport.method [as send] (src/logging/Logger.ts:158:7)
          at Array.map (<anonymous>)

  console.debug
    [34m[DEBUG][0m 2026-03-24T21:32:33.748Z protocol-security: [CircuitBreaker:vault] [INIT] CircuitBreaker инициализирован: vault

      at ConsoleTransport.method [as send] (src/logging/Logger.ts:158:7)
          at Array.map (<anonymous>)

  console.debug
    [34m[DEBUG][0m 2026-03-24T21:32:33.750Z protocol-security: [CircuitBreaker:elasticsearch] [INIT] CircuitBreaker инициализирован: elasticsearch

      at ConsoleTransport.method [as send] (src/logging/Logger.ts:158:7)
          at Array.map (<anonymous>)

  console.warn
    [33m[WARNING][0m 2026-03-24T21:32:33.690Z protocol-security: ⚠️  ПРЕДУПРЕЖДЕНИЯ ВАЛИДАЦИИ ОКРУЖЕНИЯ:

    [0m [90m 156 |[39m       [90m// Выбор метода вывода в зависимости от уровня[39m
     [90m 157 |[39m       [36mconst[39m method [33m=[39m [36mthis[39m[33m.[39mgetConsoleMethod(log[33m.[39mlevel)[33m;[39m
    [31m[1m>[22m[39m[90m 158 |[39m       method(output)[33m;[39m
     [90m     |[39m       [31m[1m^[22m[39m
     [90m 159 |[39m       
     [90m 160 |[39m       [36mreturn[39m {
     [90m 161 |[39m         success[33m:[39m [36mtrue[39m[33m,[39m[0m

      at ConsoleTransport.method [as send] (src/logging/Logger.ts:158:7)
      at send (src/logging/Logger.ts:871:42)
          at Array.map (<anonymous>)
      at SecureLogger.map (src/logging/Logger.ts:868:49)
      at SecureLogger.log [as warn] (src/logging/Logger.ts:1067:17)
      at EnvironmentValidator.warn [as validateEnvironment] (src/utils/EnvironmentValidator.ts:279:14)
      at validateEnvironment (src/utils/EnvironmentValidator.ts:733:28)
      at tests/security/environment-validator.test.ts:536:39
      at Object.<anonymous> (node_modules/expect/build/toThrowMatchers.js:74:11)
      at Object.throwingMatcher [as toThrow] (node_modules/expect/build/index.js:320:21)
      at Object.<anonymous> (tests/security/environment-validator.test.ts:536:47)

  console.warn
    [33m[WARNING][0m 2026-03-24T21:32:33.777Z protocol-security:    [SLACK_WEBHOOK_URL] Webhook URL имеет неверный формат

    [0m [90m 156 |[39m       [90m// Выбор метода вывода в зависимости от уровня[39m
     [90m 157 |[39m       [36mconst[39m method [33m=[39m [36mthis[39m[33m.[39mgetConsoleMethod(log[33m.[39mlevel)[33m;[39m
    [31m[1m>[22m[39m[90m 158 |[39m       method(output)[33m;[39m
     [90m     |[39m       [31m[1m^[22m[39m
     [90m 159 |[39m       
     [90m 160 |[39m       [36mreturn[39m {
     [90m 161 |[39m         success[33m:[39m [36mtrue[39m[33m,[39m[0m

      at ConsoleTransport.method [as send] (src/logging/Logger.ts:158:7)
      at send (src/logging/Logger.ts:871:42)
          at Array.map (<anonymous>)
      at SecureLogger.map (src/logging/Logger.ts:868:49)
      at SecureLogger.log [as warn] (src/logging/Logger.ts:1067:17)
      at warn (src/utils/EnvironmentValidator.ts:280:36)
          at Array.forEach (<anonymous>)
      at EnvironmentValidator.forEach [as validateEnvironment] (src/utils/EnvironmentValidator.ts:280:16)
      at validateEnvironment (src/utils/EnvironmentValidator.ts:733:28)
      at tests/security/environment-validator.test.ts:536:39
      at Object.<anonymous> (node_modules/expect/build/toThrowMatchers.js:74:11)
      at Object.throwingMatcher [as toThrow] (node_modules/expect/build/index.js:320:21)
      at Object.<anonymous> (tests/security/environment-validator.test.ts:536:47)

  console.error
    [31m[ERROR][0m 2026-03-24T21:32:33.788Z protocol-security: ❌ ОШИБКИ ВАЛИДАЦИИ ОКРУЖЕНИЯ:

    [0m [90m 156 |[39m       [90m// Выбор метода вывода в зависимости от уровня[39m
     [90m 157 |[39m       [36mconst[39m method [33m=[39m [36mthis[39m[33m.[39mgetConsoleMethod(log[33m.[39mlevel)[33m;[39m
    [31m[1m>[22m[39m[90m 158 |[39m       method(output)[33m;[39m
     [90m     |[39m       [31m[1m^[22m[39m
     [90m 159 |[39m       
     [90m 160 |[39m       [36mreturn[39m {
     [90m 161 |[39m         success[33m:[39m [36mtrue[39m[33m,[39m[0m

      at ConsoleTransport.method [as send] (src/logging/Logger.ts:158:7)
      at send (src/logging/Logger.ts:871:42)
          at Array.map (<anonymous>)
      at SecureLogger.map (src/logging/Logger.ts:868:49)
      at SecureLogger.log [as error] (src/logging/Logger.ts:997:17)
      at EnvironmentValidator.error [as validateEnvironment] (src/utils/EnvironmentValidator.ts:284:14)
      at validateEnvironment (src/utils/EnvironmentValidator.ts:733:28)
      at tests/security/environment-validator.test.ts:536:39
      at Object.<anonymous> (node_modules/expect/build/toThrowMatchers.js:74:11)
      at Object.throwingMatcher [as toThrow] (node_modules/expect/build/index.js:320:21)
      at Object.<anonymous> (tests/security/environment-validator.test.ts:536:47)

  console.error
    [31m[ERROR][0m 2026-03-24T21:32:33.813Z protocol-security:    [JWT_SECRET] Критическая переменная отсутствует в production

    [0m [90m 156 |[39m       [90m// Выбор метода вывода в зависимости от уровня[39m
     [90m 157 |[39m       [36mconst[39m method [33m=[39m [36mthis[39m[33m.[39mgetConsoleMethod(log[33m.[39mlevel)[33m;[39m
    [31m[1m>[22m[39m[90m 158 |[39m       method(output)[33m;[39m
     [90m     |[39m       [31m[1m^[22m[39m
     [90m 159 |[39m       
     [90m 160 |[39m       [36mreturn[39m {
     [90m 161 |[39m         success[33m:[39m [36mtrue[39m[33m,[39m[0m

      at ConsoleTransport.method [as send] (src/logging/Logger.ts:158:7)
      at send (src/logging/Logger.ts:871:42)
          at Array.map (<anonymous>)
      at SecureLogger.map (src/logging/Logger.ts:868:49)
      at SecureLogger.log [as error] (src/logging/Logger.ts:997:17)
      at error (src/utils/EnvironmentValidator.ts:285:34)
          at Array.forEach (<anonymous>)
      at EnvironmentValidator.forEach [as validateEnvironment] (src/utils/EnvironmentValidator.ts:285:14)
      at validateEnvironment (src/utils/EnvironmentValidator.ts:733:28)
      at tests/security/environment-validator.test.ts:536:39
      at Object.<anonymous> (node_modules/expect/build/toThrowMatchers.js:74:11)
      at Object.throwingMatcher [as toThrow] (node_modules/expect/build/index.js:320:21)
      at Object.<anonymous> (tests/security/environment-validator.test.ts:536:47)

  console.error
    [31m[ERROR][0m 2026-03-24T21:32:33.838Z protocol-security:    [CRYPTO_KEY_ID] Критическая переменная отсутствует в production

    [0m [90m 156 |[39m       [90m// Выбор метода вывода в зависимости от уровня[39m
     [90m 157 |[39m       [36mconst[39m method [33m=[39m [36mthis[39m[33m.[39mgetConsoleMethod(log[33m.[39mlevel)[33m;[39m
    [31m[1m>[22m[39m[90m 158 |[39m       method(output)[33m;[39m
     [90m     |[39m       [31m[1m^[22m[39m
     [90m 159 |[39m       
     [90m 160 |[39m       [36mreturn[39m {
     [90m 161 |[39m         success[33m:[39m [36mtrue[39m[33m,[39m[0m

      at ConsoleTransport.method [as send] (src/logging/Logger.ts:158:7)
      at send (src/logging/Logger.ts:871:42)
          at Array.map (<anonymous>)
      at SecureLogger.map (src/logging/Logger.ts:868:49)
      at SecureLogger.log [as error] (src/logging/Logger.ts:997:17)
      at error (src/utils/EnvironmentValidator.ts:285:34)
          at Array.forEach (<anonymous>)
      at EnvironmentValidator.forEach [as validateEnvironment] (src/utils/EnvironmentValidator.ts:285:14)
      at validateEnvironment (src/utils/EnvironmentValidator.ts:733:28)
      at tests/security/environment-validator.test.ts:536:39
      at Object.<anonymous> (node_modules/expect/build/toThrowMatchers.js:74:11)
      at Object.throwingMatcher [as toThrow] (node_modules/expect/build/index.js:320:21)
      at Object.<anonymous> (tests/security/environment-validator.test.ts:536:47)

  console.debug
    [34m[DEBUG][0m 2026-03-24T21:32:33.946Z protocol-security: [HealthCheckService] [STOP] Остановка Health Check Service

      at ConsoleTransport.method [as send] (src/logging/Logger.ts:158:7)
          at Array.map (<anonymous>)

  console.debug
    [34m[DEBUG][0m 2026-03-24T21:32:33.949Z protocol-security: [CircuitBreaker:redis] [INIT] CircuitBreaker инициализирован: redis

      at ConsoleTransport.method [as send] (src/logging/Logger.ts:158:7)
          at Array.map (<anonymous>)

  console.debug
    [34m[DEBUG][0m 2026-03-24T21:32:33.952Z protocol-security: [CircuitBreaker:database] [INIT] CircuitBreaker инициализирован: database

      at ConsoleTransport.method [as send] (src/logging/Logger.ts:158:7)
          at Array.map (<anonymous>)

  console.debug
    [34m[DEBUG][0m 2026-03-24T21:32:33.954Z protocol-security: [CircuitBreaker:vault] [INIT] CircuitBreaker инициализирован: vault

      at ConsoleTransport.method [as send] (src/logging/Logger.ts:158:7)
          at Array.map (<anonymous>)

  console.debug
    [34m[DEBUG][0m 2026-03-24T21:32:33.957Z protocol-security: [CircuitBreaker:elasticsearch] [INIT] CircuitBreaker инициализирован: elasticsearch

      at ConsoleTransport.method [as send] (src/logging/Logger.ts:158:7)
          at Array.map (<anonymous>)

  console.debug
    [34m[DEBUG][0m 2026-03-24T21:32:33.961Z protocol-security: [HealthCheckService] [STOP] Остановка Health Check Service

      at ConsoleTransport.method [as send] (src/logging/Logger.ts:158:7)
          at Array.map (<anonymous>)

  console.debug
    [34m[DEBUG][0m 2026-03-24T21:32:33.964Z protocol-security: [CircuitBreaker:redis] [INIT] CircuitBreaker инициализирован: redis

      at ConsoleTransport.method [as send] (src/logging/Logger.ts:158:7)
          at Array.map (<anonymous>)

  console.debug
    [34m[DEBUG][0m 2026-03-24T21:32:33.967Z protocol-security: [CircuitBreaker:database] [INIT] CircuitBreaker инициализирован: database

      at ConsoleTransport.method [as send] (src/logging/Logger.ts:158:7)
          at Array.map (<anonymous>)

  console.debug
    [34m[DEBUG][0m 2026-03-24T21:32:33.969Z protocol-security: [CircuitBreaker:vault] [INIT] CircuitBreaker инициализирован: vault

      at ConsoleTransport.method [as send] (src/logging/Logger.ts:158:7)
          at Array.map (<anonymous>)

  console.debug
    [34m[DEBUG][0m 2026-03-24T21:32:33.972Z protocol-security: [CircuitBreaker:elasticsearch] [INIT] CircuitBreaker инициализирован: elasticsearch

      at ConsoleTransport.method [as send] (src/logging/Logger.ts:158:7)
          at Array.map (<anonymous>)

  console.warn
    [33m[WARNING][0m 2026-03-24T21:32:33.951Z protocol-security: ⚠️  ПРЕДУПРЕЖДЕНИЯ ВАЛИДАЦИИ ОКРУЖЕНИЯ:

    [0m [90m 156 |[39m       [90m// Выбор метода вывода в зависимости от уровня[39m
     [90m 157 |[39m       [36mconst[39m method [33m=[39m [36mthis[39m[33m.[39mgetConsoleMethod(log[33m.[39mlevel)[33m;[39m
    [31m[1m>[22m[39m[90m 158 |[39m       method(output)[33m;[39m
     [90m     |[39m       [31m[1m^[22m[39m
     [90m 159 |[39m       
     [90m 160 |[39m       [36mreturn[39m {
     [90m 161 |[39m         success[33m:[39m [36mtrue[39m[33m,[39m[0m

      at ConsoleTransport.method [as send] (src/logging/Logger.ts:158:7)
      at send (src/logging/Logger.ts:871:42)
          at Array.map (<anonymous>)
      at SecureLogger.map (src/logging/Logger.ts:868:49)
      at SecureLogger.log [as warn] (src/logging/Logger.ts:1067:17)
      at EnvironmentValidator.warn [as validateEnvironment] (src/utils/EnvironmentValidator.ts:279:14)
      at validateEnvironment (src/utils/EnvironmentValidator.ts:733:28)
      at tests/security/environment-validator.test.ts:545:39
      at Object.<anonymous> (node_modules/expect/build/toThrowMatchers.js:74:11)
      at Object.throwingMatcher [as toThrow] (node_modules/expect/build/index.js:320:21)
      at Object.<anonymous> (tests/security/environment-validator.test.ts:545:43)

  console.log
    [32m[INFO][0m 2026-03-24T21:32:33.977Z protocol-security: [SecretCache] Остановлен

      at ConsoleTransport.method [as send] (src/logging/Logger.ts:158:7)
          at Array.map (<anonymous>)

  console.log
    [32m[INFO][0m 2026-03-24T21:32:33.980Z protocol-security: [SecretCache] Остановлен

      at ConsoleTransport.method [as send] (src/logging/Logger.ts:158:7)
          at Array.map (<anonymous>)

  console.log
    [32m[INFO][0m 2026-03-24T21:32:33.986Z protocol-security: [SecretCache] Инициализирован

      at ConsoleTransport.method [as send] (src/logging/Logger.ts:158:7)
          at Array.map (<anonymous>)

  console.log
    [32m[INFO][0m 2026-03-24T21:32:33.991Z protocol-security: [SecretCache] Остановлен

      at ConsoleTransport.method [as send] (src/logging/Logger.ts:158:7)
          at Array.map (<anonymous>)

  console.log
    [32m[INFO][0m 2026-03-24T21:32:33.995Z protocol-security: [SecretCache] Инициализирован

      at ConsoleTransport.method [as send] (src/logging/Logger.ts:158:7)
          at Array.map (<anonymous>)

  console.log
    [32m[INFO][0m 2026-03-24T21:32:34.001Z protocol-security: [SecretCache] Остановлен

      at ConsoleTransport.method [as send] (src/logging/Logger.ts:158:7)
          at Array.map (<anonymous>)

  console.log
    [32m[INFO][0m 2026-03-24T21:32:34.005Z protocol-security: [SecretCache] Инициализирован

      at ConsoleTransport.method [as send] (src/logging/Logger.ts:158:7)
          at Array.map (<anonymous>)

  console.warn
    [33m[WARNING][0m 2026-03-24T21:32:33.975Z protocol-security:    [ELASTICSEARCH_PASSWORD] Пароль не содержит специальных символов

    [0m [90m 156 |[39m       [90m// Выбор метода вывода в зависимости от уровня[39m
     [90m 157 |[39m       [36mconst[39m method [33m=[39m [36mthis[39m[33m.[39mgetConsoleMethod(log[33m.[39mlevel)[33m;[39m
    [31m[1m>[22m[39m[90m 158 |[39m       method(output)[33m;[39m
     [90m     |[39m       [31m[1m^[22m[39m
     [90m 159 |[39m       
     [90m 160 |[39m       [36mreturn[39m {
     [90m 161 |[39m         success[33m:[39m [36mtrue[39m[33m,[39m[0m

      at ConsoleTransport.method [as send] (src/logging/Logger.ts:158:7)
      at send (src/logging/Logger.ts:871:42)
          at Array.map (<anonymous>)
      at SecureLogger.map (src/logging/Logger.ts:868:49)
      at SecureLogger.log [as warn] (src/logging/Logger.ts:1067:17)
      at warn (src/utils/EnvironmentValidator.ts:280:36)
          at Array.forEach (<anonymous>)
      at EnvironmentValidator.forEach [as validateEnvironment] (src/utils/EnvironmentValidator.ts:280:16)
      at validateEnvironment (src/utils/EnvironmentValidator.ts:733:28)
      at tests/security/environment-validator.test.ts:545:39
      at Object.<anonymous> (node_modules/expect/build/toThrowMatchers.js:74:11)
      at Object.throwingMatcher [as toThrow] (node_modules/expect/build/index.js:320:21)
      at Object.<anonymous> (tests/security/environment-validator.test.ts:545:43)

  console.log
    [32m[INFO][0m 2026-03-24T21:32:34.011Z protocol-security: [SecretCache] Остановлен

      at ConsoleTransport.method [as send] (src/logging/Logger.ts:158:7)
          at Array.map (<anonymous>)

  console.log
    [32m[INFO][0m 2026-03-24T21:32:34.020Z protocol-security: [SecretCache] Инициализирован

      at ConsoleTransport.method [as send] (src/logging/Logger.ts:158:7)
          at Array.map (<anonymous>)

  console.log
    [32m[INFO][0m 2026-03-24T21:32:34.025Z protocol-security: [SecretCache] Остановлен

      at ConsoleTransport.method [as send] (src/logging/Logger.ts:158:7)
          at Array.map (<anonymous>)

  console.log
    [32m[INFO][0m 2026-03-24T21:32:34.029Z protocol-security: [SecretCache] Инициализирован

      at ConsoleTransport.method [as send] (src/logging/Logger.ts:158:7)
          at Array.map (<anonymous>)

  console.log
    [32m[INFO][0m 2026-03-24T21:32:34.032Z protocol-security: [SecretCache] Остановлен

      at ConsoleTransport.method [as send] (src/logging/Logger.ts:158:7)
          at Array.map (<anonymous>)

  console.warn
    [33m[WARNING][0m 2026-03-24T21:32:34.007Z protocol-security:    [SLACK_WEBHOOK_URL] Webhook URL имеет неверный формат

    [0m [90m 156 |[39m       [90m// Выбор метода вывода в зависимости от уровня[39m
     [90m 157 |[39m       [36mconst[39m method [33m=[39m [36mthis[39m[33m.[39mgetConsoleMethod(log[33m.[39mlevel)[33m;[39m
    [31m[1m>[22m[39m[90m 158 |[39m       method(output)[33m;[39m
     [90m     |[39m       [31m[1m^[22m[39m
     [90m 159 |[39m       
     [90m 160 |[39m       [36mreturn[39m {
     [90m 161 |[39m         success[33m:[39m [36mtrue[39m[33m,[39m[0m

      at ConsoleTransport.method [as send] (src/logging/Logger.ts:158:7)
      at send (src/logging/Logger.ts:871:42)
          at Array.map (<anonymous>)
      at SecureLogger.map (src/logging/Logger.ts:868:49)
      at SecureLogger.log [as warn] (src/logging/Logger.ts:1067:17)
      at warn (src/utils/EnvironmentValidator.ts:280:36)
          at Array.forEach (<anonymous>)
      at EnvironmentValidator.forEach [as validateEnvironment] (src/utils/EnvironmentValidator.ts:280:16)
      at validateEnvironment (src/utils/EnvironmentValidator.ts:733:28)
      at tests/security/environment-validator.test.ts:545:39
      at Object.<anonymous> (node_modules/expect/build/toThrowMatchers.js:74:11)
      at Object.throwingMatcher [as toThrow] (node_modules/expect/build/index.js:320:21)
      at Object.<anonymous> (tests/security/environment-validator.test.ts:545:43)

  console.log
    [32m[INFO][0m 2026-03-24T21:32:34.035Z protocol-security: [SecretCache] Инициализирован

      at ConsoleTransport.method [as send] (src/logging/Logger.ts:158:7)
          at Array.map (<anonymous>)

  console.log
    [32m[INFO][0m 2026-03-24T21:32:34.039Z protocol-security: [SecretCache] Остановлен

      at ConsoleTransport.method [as send] (src/logging/Logger.ts:158:7)
          at Array.map (<anonymous>)

  console.error
    [31m[ERROR][0m 2026-03-24T21:32:34.036Z protocol-security: ❌ ОШИБКИ ВАЛИДАЦИИ ОКРУЖЕНИЯ:

    [0m [90m 156 |[39m       [90m// Выбор метода вывода в зависимости от уровня[39m
     [90m 157 |[39m       [36mconst[39m method [33m=[39m [36mthis[39m[33m.[39mgetConsoleMethod(log[33m.[39mlevel)[33m;[39m
    [31m[1m>[22m[39m[90m 158 |[39m       method(output)[33m;[39m
     [90m     |[39m       [31m[1m^[22m[39m
     [90m 159 |[39m       
     [90m 160 |[39m       [36mreturn[39m {
     [90m 161 |[39m         success[33m:[39m [36mtrue[39m[33m,[39m[0m

      at ConsoleTransport.method [as send] (src/logging/Logger.ts:158:7)
      at send (src/logging/Logger.ts:871:42)
          at Array.map (<anonymous>)
      at SecureLogger.map (src/logging/Logger.ts:868:49)
      at SecureLogger.log [as error] (src/logging/Logger.ts:997:17)
      at EnvironmentValidator.error [as validateEnvironment] (src/utils/EnvironmentValidator.ts:284:14)
      at validateEnvironment (src/utils/EnvironmentValidator.ts:733:28)
      at tests/security/environment-validator.test.ts:545:39
      at Object.<anonymous> (node_modules/expect/build/toThrowMatchers.js:74:11)
      at Object.throwingMatcher [as toThrow] (node_modules/expect/build/index.js:320:21)
      at Object.<anonymous> (tests/security/environment-validator.test.ts:545:43)

  console.error
    [31m[ERROR][0m 2026-03-24T21:32:34.055Z protocol-security:    [REDIS_PASSWORD] Переменная содержит плейсхолдер вместо реального значения

    [0m [90m 156 |[39m       [90m// Выбор метода вывода в зависимости от уровня[39m
     [90m 157 |[39m       [36mconst[39m method [33m=[39m [36mthis[39m[33m.[39mgetConsoleMethod(log[33m.[39mlevel)[33m;[39m
    [31m[1m>[22m[39m[90m 158 |[39m       method(output)[33m;[39m
     [90m     |[39m       [31m[1m^[22m[39m
     [90m 159 |[39m       
     [90m 160 |[39m       [36mreturn[39m {
     [90m 161 |[39m         success[33m:[39m [36mtrue[39m[33m,[39m[0m

      at ConsoleTransport.method [as send] (src/logging/Logger.ts:158:7)
      at send (src/logging/Logger.ts:871:42)
          at Array.map (<anonymous>)
      at SecureLogger.map (src/logging/Logger.ts:868:49)
      at SecureLogger.log [as error] (src/logging/Logger.ts:997:17)
      at error (src/utils/EnvironmentValidator.ts:285:34)
          at Array.forEach (<anonymous>)
      at EnvironmentValidator.forEach [as validateEnvironment] (src/utils/EnvironmentValidator.ts:285:14)
      at validateEnvironment (src/utils/EnvironmentValidator.ts:733:28)
      at tests/security/environment-validator.test.ts:545:39
      at Object.<anonymous> (node_modules/expect/build/toThrowMatchers.js:74:11)
      at Object.throwingMatcher [as toThrow] (node_modules/expect/build/index.js:320:21)
      at Object.<anonymous> (tests/security/environment-validator.test.ts:545:43)

  console.debug
    [34m[DEBUG][0m 2026-03-24T21:32:34.078Z protocol-security: [HealthCheckService] [STOP] Остановка Health Check Service

      at ConsoleTransport.method [as send] (src/logging/Logger.ts:158:7)
          at Array.map (<anonymous>)

  console.log
    [32m[INFO][0m 2026-03-24T21:32:34.043Z protocol-security: [AccessPolicy] Инициализирован

      at ConsoleTransport.method [as send] (src/logging/Logger.ts:158:7)
          at Array.map (<anonymous>)

  console.debug
    [34m[DEBUG][0m 2026-03-24T21:32:34.082Z protocol-security: [CircuitBreaker:redis] [INIT] CircuitBreaker инициализирован: redis

      at ConsoleTransport.method [as send] (src/logging/Logger.ts:158:7)
          at Array.map (<anonymous>)

  console.debug
    [34m[DEBUG][0m 2026-03-24T21:32:34.084Z protocol-security: [CircuitBreaker:database] [INIT] CircuitBreaker инициализирован: database

      at ConsoleTransport.method [as send] (src/logging/Logger.ts:158:7)
          at Array.map (<anonymous>)

  console.debug
    [34m[DEBUG][0m 2026-03-24T21:32:34.087Z protocol-security: [CircuitBreaker:vault] [INIT] CircuitBreaker инициализирован: vault

      at ConsoleTransport.method [as send] (src/logging/Logger.ts:158:7)
          at Array.map (<anonymous>)

  console.debug
    [34m[DEBUG][0m 2026-03-24T21:32:34.090Z protocol-security: [CircuitBreaker:elasticsearch] [INIT] CircuitBreaker инициализирован: elasticsearch

      at ConsoleTransport.method [as send] (src/logging/Logger.ts:158:7)
          at Array.map (<anonymous>)

  console.log
    [32m[INFO][0m 2026-03-24T21:32:34.085Z protocol-security: [AccessPolicy] Добавлена политика: Test Policy

      at ConsoleTransport.method [as send] (src/logging/Logger.ts:158:7)
          at Array.map (<anonymous>)

  console.error
    [31m[ERROR][0m 2026-03-24T21:32:34.074Z protocol-security:    [JWT_SECRET] Критическая переменная отсутствует в production

    [0m [90m 156 |[39m       [90m// Выбор метода вывода в зависимости от уровня[39m
     [90m 157 |[39m       [36mconst[39m method [33m=[39m [36mthis[39m[33m.[39mgetConsoleMethod(log[33m.[39mlevel)[33m;[39m
    [31m[1m>[22m[39m[90m 158 |[39m       method(output)[33m;[39m
     [90m     |[39m       [31m[1m^[22m[39m
     [90m 159 |[39m       
     [90m 160 |[39m       [36mreturn[39m {
     [90m 161 |[39m         success[33m:[39m [36mtrue[39m[33m,[39m[0m

      at ConsoleTransport.method [as send] (src/logging/Logger.ts:158:7)
      at send (src/logging/Logger.ts:871:42)
          at Array.map (<anonymous>)
      at SecureLogger.map (src/logging/Logger.ts:868:49)
      at SecureLogger.log [as error] (src/logging/Logger.ts:997:17)
      at error (src/utils/EnvironmentValidator.ts:285:34)
          at Array.forEach (<anonymous>)
      at EnvironmentValidator.forEach [as validateEnvironment] (src/utils/EnvironmentValidator.ts:285:14)
      at validateEnvironment (src/utils/EnvironmentValidator.ts:733:28)
      at tests/security/environment-validator.test.ts:545:39
      at Object.<anonymous> (node_modules/expect/build/toThrowMatchers.js:74:11)
      at Object.throwingMatcher [as toThrow] (node_modules/expect/build/index.js:320:21)
      at Object.<anonymous> (tests/security/environment-validator.test.ts:545:43)

  console.log
    [32m[INFO][0m 2026-03-24T21:32:34.099Z protocol-security: [AccessPolicy] Остановлен

      at ConsoleTransport.method [as send] (src/logging/Logger.ts:158:7)
          at Array.map (<anonymous>)

  console.log
    [32m[INFO][0m 2026-03-24T21:32:34.103Z protocol-security: [AccessPolicy] Инициализирован

      at ConsoleTransport.method [as send] (src/logging/Logger.ts:158:7)
          at Array.map (<anonymous>)

  console.log
    [32m[INFO][0m 2026-03-24T21:32:34.106Z protocol-security: [AccessPolicy] Добавлена политика: Test Policy

      at ConsoleTransport.method [as send] (src/logging/Logger.ts:158:7)
          at Array.map (<anonymous>)

  console.log
    [32m[INFO][0m 2026-03-24T21:32:34.109Z protocol-security: [AccessPolicy] Обновлена политика: Updated Policy

      at ConsoleTransport.method [as send] (src/logging/Logger.ts:158:7)
          at Array.map (<anonymous>)

  console.log
    [32m[INFO][0m 2026-03-24T21:32:34.113Z protocol-security: [AccessPolicy] Остановлен

      at ConsoleTransport.method [as send] (src/logging/Logger.ts:158:7)
          at Array.map (<anonymous>)

  console.log
    [32m[INFO][0m 2026-03-24T21:32:34.118Z protocol-security: [AccessPolicy] Инициализирован

      at ConsoleTransport.method [as send] (src/logging/Logger.ts:158:7)
          at Array.map (<anonymous>)

  console.log
    [32m[INFO][0m 2026-03-24T21:32:34.121Z protocol-security: [AccessPolicy] Добавлена политика: Test Policy

      at ConsoleTransport.method [as send] (src/logging/Logger.ts:158:7)
          at Array.map (<anonymous>)

  console.log
    [32m[INFO][0m 2026-03-24T21:32:34.124Z protocol-security: [AccessPolicy] Удалена политика: test-policy

      at ConsoleTransport.method [as send] (src/logging/Logger.ts:158:7)
          at Array.map (<anonymous>)

  console.error
    [31m[ERROR][0m 2026-03-24T21:32:34.101Z protocol-security:    [CRYPTO_KEY_ID] Критическая переменная отсутствует в production

    [0m [90m 156 |[39m       [90m// Выбор метода вывода в зависимости от уровня[39m
     [90m 157 |[39m       [36mconst[39m method [33m=[39m [36mthis[39m[33m.[39mgetConsoleMethod(log[33m.[39mlevel)[33m;[39m
    [31m[1m>[22m[39m[90m 158 |[39m       method(output)[33m;[39m
     [90m     |[39m       [31m[1m^[22m[39m
     [90m 159 |[39m       
     [90m 160 |[39m       [36mreturn[39m {
     [90m 161 |[39m         success[33m:[39m [36mtrue[39m[33m,[39m[0m

      at ConsoleTransport.method [as send] (src/logging/Logger.ts:158:7)
      at send (src/logging/Logger.ts:871:42)
          at Array.map (<anonymous>)
      at SecureLogger.map (src/logging/Logger.ts:868:49)
      at SecureLogger.log [as error] (src/logging/Logger.ts:997:17)
      at error (src/utils/EnvironmentValidator.ts:285:34)
          at Array.forEach (<anonymous>)
      at EnvironmentValidator.forEach [as validateEnvironment] (src/utils/EnvironmentValidator.ts:285:14)
      at validateEnvironment (src/utils/EnvironmentValidator.ts:733:28)
      at tests/security/environment-validator.test.ts:545:39
      at Object.<anonymous> (node_modules/expect/build/toThrowMatchers.js:74:11)
      at Object.throwingMatcher [as toThrow] (node_modules/expect/build/index.js:320:21)
      at Object.<anonymous> (tests/security/environment-validator.test.ts:545:43)

  console.log
    [32m[INFO][0m 2026-03-24T21:32:34.126Z protocol-security: [AccessPolicy] Остановлен

      at ConsoleTransport.method [as send] (src/logging/Logger.ts:158:7)
          at Array.map (<anonymous>)

  console.log
    [32m[INFO][0m 2026-03-24T21:32:34.129Z protocol-security: [AccessPolicy] Инициализирован

      at ConsoleTransport.method [as send] (src/logging/Logger.ts:158:7)
          at Array.map (<anonymous>)

  console.log
    [32m[INFO][0m 2026-03-24T21:32:34.132Z protocol-security: [AccessPolicy] Добавлена политика: Allow Read

      at ConsoleTransport.method [as send] (src/logging/Logger.ts:158:7)
          at Array.map (<anonymous>)

  console.log
    [32m[INFO][0m 2026-03-24T21:32:34.137Z protocol-security: [AccessPolicy] Остановлен

      at ConsoleTransport.method [as send] (src/logging/Logger.ts:158:7)
          at Array.map (<anonymous>)

  console.log
    [32m[INFO][0m 2026-03-24T21:32:34.140Z protocol-security: [AccessPolicy] Инициализирован

      at ConsoleTransport.method [as send] (src/logging/Logger.ts:158:7)
          at Array.map (<anonymous>)

  console.log
    [32m[INFO][0m 2026-03-24T21:32:34.143Z protocol-security: [AccessPolicy] Добавлена политика: Deny Write

      at ConsoleTransport.method [as send] (src/logging/Logger.ts:158:7)
          at Array.map (<anonymous>)

  console.error
    [31m[ERROR][0m 2026-03-24T21:32:34.126Z protocol-security:    [REDIS_PASSWORD] Обнаружен дефолтный/слабый пароль

    [0m [90m 156 |[39m       [90m// Выбор метода вывода в зависимости от уровня[39m
     [90m 157 |[39m       [36mconst[39m method [33m=[39m [36mthis[39m[33m.[39mgetConsoleMethod(log[33m.[39mlevel)[33m;[39m
    [31m[1m>[22m[39m[90m 158 |[39m       method(output)[33m;[39m
     [90m     |[39m       [31m[1m^[22m[39m
     [90m 159 |[39m       
     [90m 160 |[39m       [36mreturn[39m {
     [90m 161 |[39m         success[33m:[39m [36mtrue[39m[33m,[39m[0m

      at ConsoleTransport.method [as send] (src/logging/Logger.ts:158:7)
      at send (src/logging/Logger.ts:871:42)
          at Array.map (<anonymous>)
      at SecureLogger.map (src/logging/Logger.ts:868:49)
      at SecureLogger.log [as error] (src/logging/Logger.ts:997:17)
      at error (src/utils/EnvironmentValidator.ts:285:34)
          at Array.forEach (<anonymous>)
      at EnvironmentValidator.forEach [as validateEnvironment] (src/utils/EnvironmentValidator.ts:285:14)
      at validateEnvironment (src/utils/EnvironmentValidator.ts:733:28)
      at tests/security/environment-validator.test.ts:545:39
      at Object.<anonymous> (node_modules/expect/build/toThrowMatchers.js:74:11)
      at Object.throwingMatcher [as toThrow] (node_modules/expect/build/index.js:320:21)
      at Object.<anonymous> (tests/security/environment-validator.test.ts:545:43)

  console.log
    [32m[INFO][0m 2026-03-24T21:32:34.146Z protocol-security: [AccessPolicy] Остановлен

      at ConsoleTransport.method [as send] (src/logging/Logger.ts:158:7)
          at Array.map (<anonymous>)

  console.log
    [32m[INFO][0m 2026-03-24T21:32:34.149Z protocol-security: [AccessPolicy] Инициализирован

      at ConsoleTransport.method [as send] (src/logging/Logger.ts:158:7)
          at Array.map (<anonymous>)

  console.log
    [32m[INFO][0m 2026-03-24T21:32:34.151Z protocol-security: [AccessPolicy] Инициализирован

      at ConsoleTransport.method [as send] (src/logging/Logger.ts:158:7)
          at Array.map (<anonymous>)

  console.log
    [32m[INFO][0m 2026-03-24T21:32:34.154Z protocol-security: [AccessPolicy] Остановлен

      at ConsoleTransport.method [as send] (src/logging/Logger.ts:158:7)
          at Array.map (<anonymous>)

  console.log
    [32m[INFO][0m 2026-03-24T21:32:34.155Z protocol-security: [AccessPolicy] Остановлен

      at ConsoleTransport.method [as send] (src/logging/Logger.ts:158:7)
          at Array.map (<anonymous>)

  console.log
    [32m[INFO][0m 2026-03-24T21:32:34.158Z protocol-security: [AccessPolicy] Инициализирован

      at ConsoleTransport.method [as send] (src/logging/Logger.ts:158:7)
          at Array.map (<anonymous>)

  console.log
    [32m[INFO][0m 2026-03-24T21:32:34.161Z protocol-security: [AccessPolicy] Добавлена политика: Admin Only

      at ConsoleTransport.method [as send] (src/logging/Logger.ts:158:7)
          at Array.map (<anonymous>)

  console.error
    [31m[ERROR][0m 2026-03-24T21:32:34.145Z protocol-security:    [ELASTICSEARCH_PASSWORD] Пароль слишком короткий (15 < 20)

    [0m [90m 156 |[39m       [90m// Выбор метода вывода в зависимости от уровня[39m
     [90m 157 |[39m       [36mconst[39m method [33m=[39m [36mthis[39m[33m.[39mgetConsoleMethod(log[33m.[39mlevel)[33m;[39m
    [31m[1m>[22m[39m[90m 158 |[39m       method(output)[33m;[39m
     [90m     |[39m       [31m[1m^[22m[39m
     [90m 159 |[39m       
     [90m 160 |[39m       [36mreturn[39m {
     [90m 161 |[39m         success[33m:[39m [36mtrue[39m[33m,[39m[0m

      at ConsoleTransport.method [as send] (src/logging/Logger.ts:158:7)
      at send (src/logging/Logger.ts:871:42)
          at Array.map (<anonymous>)
      at SecureLogger.map (src/logging/Logger.ts:868:49)
      at SecureLogger.log [as error] (src/logging/Logger.ts:997:17)
      at error (src/utils/EnvironmentValidator.ts:285:34)
          at Array.forEach (<anonymous>)
      at EnvironmentValidator.forEach [as validateEnvironment] (src/utils/EnvironmentValidator.ts:285:14)
      at validateEnvironment (src/utils/EnvironmentValidator.ts:733:28)
      at tests/security/environment-validator.test.ts:545:39
      at Object.<anonymous> (node_modules/expect/build/toThrowMatchers.js:74:11)
      at Object.throwingMatcher [as toThrow] (node_modules/expect/build/index.js:320:21)
      at Object.<anonymous> (tests/security/environment-validator.test.ts:545:43)

  console.log
    [32m[INFO][0m 2026-03-24T21:32:34.169Z protocol-security: [AccessPolicy] Остановлен

      at ConsoleTransport.method [as send] (src/logging/Logger.ts:158:7)
          at Array.map (<anonymous>)

  console.error
    [31m[ERROR][0m 2026-03-24T21:32:34.168Z protocol-security:    [VAULT_TOKEN] Токен содержит опасный префикс

    [0m [90m 156 |[39m       [90m// Выбор метода вывода в зависимости от уровня[39m
     [90m 157 |[39m       [36mconst[39m method [33m=[39m [36mthis[39m[33m.[39mgetConsoleMethod(log[33m.[39mlevel)[33m;[39m
    [31m[1m>[22m[39m[90m 158 |[39m       method(output)[33m;[39m
     [90m     |[39m       [31m[1m^[22m[39m
     [90m 159 |[39m       
     [90m 160 |[39m       [36mreturn[39m {
     [90m 161 |[39m         success[33m:[39m [36mtrue[39m[33m,[39m[0m

      at ConsoleTransport.method [as send] (src/logging/Logger.ts:158:7)
      at send (src/logging/Logger.ts:871:42)
          at Array.map (<anonymous>)
      at SecureLogger.map (src/logging/Logger.ts:868:49)
      at SecureLogger.log [as error] (src/logging/Logger.ts:997:17)
      at error (src/utils/EnvironmentValidator.ts:285:34)
          at Array.forEach (<anonymous>)
      at EnvironmentValidator.forEach [as validateEnvironment] (src/utils/EnvironmentValidator.ts:285:14)
      at validateEnvironment (src/utils/EnvironmentValidator.ts:733:28)
      at tests/security/environment-validator.test.ts:545:39
      at Object.<anonymous> (node_modules/expect/build/toThrowMatchers.js:74:11)
      at Object.throwingMatcher [as toThrow] (node_modules/expect/build/index.js:320:21)
      at Object.<anonymous> (tests/security/environment-validator.test.ts:545:43)

  console.warn
    [33m[WARNING][0m 2026-03-24T21:32:34.195Z protocol-security: ⚠️  ПРЕДУПРЕЖДЕНИЯ ВАЛИДАЦИИ ОКРУЖЕНИЯ:

    [0m [90m 156 |[39m       [90m// Выбор метода вывода в зависимости от уровня[39m
     [90m 157 |[39m       [36mconst[39m method [33m=[39m [36mthis[39m[33m.[39mgetConsoleMethod(log[33m.[39mlevel)[33m;[39m
    [31m[1m>[22m[39m[90m 158 |[39m       method(output)[33m;[39m
     [90m     |[39m       [31m[1m^[22m[39m
     [90m 159 |[39m       
     [90m 160 |[39m       [36mreturn[39m {
     [90m 161 |[39m         success[33m:[39m [36mtrue[39m[33m,[39m[0m

      at ConsoleTransport.method [as send] (src/logging/Logger.ts:158:7)
      at send (src/logging/Logger.ts:871:42)
          at Array.map (<anonymous>)
      at SecureLogger.map (src/logging/Logger.ts:868:49)
      at SecureLogger.log [as warn] (src/logging/Logger.ts:1067:17)
      at EnvironmentValidator.warn [as validateEnvironment] (src/utils/EnvironmentValidator.ts:279:14)
      at validateEnvironment (src/utils/EnvironmentValidator.ts:733:28)
      at tests/security/environment-validator.test.ts:555:39
      at Object.<anonymous> (node_modules/expect/build/toThrowMatchers.js:74:11)
      at Object.throwingMatcher [as toThrow] (node_modules/expect/build/index.js:320:21)
      at Object.<anonymous> (tests/security/environment-validator.test.ts:555:47)

  console.warn
    [33m[WARNING][0m 2026-03-24T21:32:34.214Z protocol-security:    [REDIS_PASSWORD] Пароль слишком короткий (11 < 20)

    [0m [90m 156 |[39m       [90m// Выбор метода вывода в зависимости от уровня[39m
     [90m 157 |[39m       [36mconst[39m method [33m=[39m [36mthis[39m[33m.[39mgetConsoleMethod(log[33m.[39mlevel)[33m;[39m
    [31m[1m>[22m[39m[90m 158 |[39m       method(output)[33m;[39m
     [90m     |[39m       [31m[1m^[22m[39m
     [90m 159 |[39m       
     [90m 160 |[39m       [36mreturn[39m {
     [90m 161 |[39m         success[33m:[39m [36mtrue[39m[33m,[39m[0m

      at ConsoleTransport.method [as send] (src/logging/Logger.ts:158:7)
      at send (src/logging/Logger.ts:871:42)
          at Array.map (<anonymous>)
      at SecureLogger.map (src/logging/Logger.ts:868:49)
      at SecureLogger.log [as warn] (src/logging/Logger.ts:1067:17)
      at warn (src/utils/EnvironmentValidator.ts:280:36)
          at Array.forEach (<anonymous>)
      at EnvironmentValidator.forEach [as validateEnvironment] (src/utils/EnvironmentValidator.ts:280:16)
      at validateEnvironment (src/utils/EnvironmentValidator.ts:733:28)
      at tests/security/environment-validator.test.ts:555:39
      at Object.<anonymous> (node_modules/expect/build/toThrowMatchers.js:74:11)
      at Object.throwingMatcher [as toThrow] (node_modules/expect/build/index.js:320:21)
      at Object.<anonymous> (tests/security/environment-validator.test.ts:555:47)

  console.log
    [32m[INFO][0m 2026-03-24T21:32:34.243Z protocol-security: [AccessPolicy] Инициализирован

      at ConsoleTransport.method [as send] (src/logging/Logger.ts:158:7)
          at Array.map (<anonymous>)

  console.log
    [32m[INFO][0m 2026-03-24T21:32:34.246Z protocol-security: [AccessPolicy] Добавлена политика: IP Restricted

      at ConsoleTransport.method [as send] (src/logging/Logger.ts:158:7)
          at Array.map (<anonymous>)

  console.log
    [32m[INFO][0m 2026-03-24T21:32:34.250Z protocol-security: [AccessPolicy] Остановлен

      at ConsoleTransport.method [as send] (src/logging/Logger.ts:158:7)
          at Array.map (<anonymous>)

  console.log
    [32m[INFO][0m 2026-03-24T21:32:34.253Z protocol-security: [AccessPolicy] Инициализирован

      at ConsoleTransport.method [as send] (src/logging/Logger.ts:158:7)
          at Array.map (<anonymous>)

  console.log
    [32m[INFO][0m 2026-03-24T21:32:34.256Z protocol-security: [AccessPolicy] Добавлена политика: MFA Required

      at ConsoleTransport.method [as send] (src/logging/Logger.ts:158:7)
          at Array.map (<anonymous>)

  console.log
    [32m[INFO][0m 2026-03-24T21:32:34.260Z protocol-security: [AccessPolicy] Остановлен

      at ConsoleTransport.method [as send] (src/logging/Logger.ts:158:7)
          at Array.map (<anonymous>)

  console.warn
    [33m[WARNING][0m 2026-03-24T21:32:34.244Z protocol-security:    [REDIS_PASSWORD] Пароль не содержит специальных символов

    [0m [90m 156 |[39m       [90m// Выбор метода вывода в зависимости от уровня[39m
     [90m 157 |[39m       [36mconst[39m method [33m=[39m [36mthis[39m[33m.[39mgetConsoleMethod(log[33m.[39mlevel)[33m;[39m
    [31m[1m>[22m[39m[90m 158 |[39m       method(output)[33m;[39m
     [90m     |[39m       [31m[1m^[22m[39m
     [90m 159 |[39m       
     [90m 160 |[39m       [36mreturn[39m {
     [90m 161 |[39m         success[33m:[39m [36mtrue[39m[33m,[39m[0m

      at ConsoleTransport.method [as send] (src/logging/Logger.ts:158:7)
      at send (src/logging/Logger.ts:871:42)
          at Array.map (<anonymous>)
      at SecureLogger.map (src/logging/Logger.ts:868:49)
      at SecureLogger.log [as warn] (src/logging/Logger.ts:1067:17)
      at warn (src/utils/EnvironmentValidator.ts:280:36)
          at Array.forEach (<anonymous>)
      at EnvironmentValidator.forEach [as validateEnvironment] (src/utils/EnvironmentValidator.ts:280:16)
      at validateEnvironment (src/utils/EnvironmentValidator.ts:733:28)
      at tests/security/environment-validator.test.ts:555:39
      at Object.<anonymous> (node_modules/expect/build/toThrowMatchers.js:74:11)
      at Object.throwingMatcher [as toThrow] (node_modules/expect/build/index.js:320:21)
      at Object.<anonymous> (tests/security/environment-validator.test.ts:555:47)

  console.log
    [32m[INFO][0m 2026-03-24T21:32:34.263Z protocol-security: [AccessPolicy] Инициализирован

      at ConsoleTransport.method [as send] (src/logging/Logger.ts:158:7)
          at Array.map (<anonymous>)

  console.log
    [32m[INFO][0m 2026-03-24T21:32:34.266Z protocol-security: [AccessPolicy] Добавлена политика: Test Policy

      at ConsoleTransport.method [as send] (src/logging/Logger.ts:158:7)
          at Array.map (<anonymous>)

  console.log
    [32m[INFO][0m 2026-03-24T21:32:34.269Z protocol-security: [AccessPolicy] Остановлен

      at ConsoleTransport.method [as send] (src/logging/Logger.ts:158:7)
          at Array.map (<anonymous>)

  console.warn
    [33m[WARNING][0m 2026-03-24T21:32:34.263Z protocol-security:    [ELASTICSEARCH_PASSWORD] Пароль слишком короткий (15 < 20)

    [0m [90m 156 |[39m       [90m// Выбор метода вывода в зависимости от уровня[39m
     [90m 157 |[39m       [36mconst[39m method [33m=[39m [36mthis[39m[33m.[39mgetConsoleMethod(log[33m.[39mlevel)[33m;[39m
    [31m[1m>[22m[39m[90m 158 |[39m       method(output)[33m;[39m
     [90m     |[39m       [31m[1m^[22m[39m
     [90m 159 |[39m       
     [90m 160 |[39m       [36mreturn[39m {
     [90m 161 |[39m         success[33m:[39m [36mtrue[39m[33m,[39m[0m

      at ConsoleTransport.method [as send] (src/logging/Logger.ts:158:7)
      at send (src/logging/Logger.ts:871:42)
          at Array.map (<anonymous>)
      at SecureLogger.map (src/logging/Logger.ts:868:49)
      at SecureLogger.log [as warn] (src/logging/Logger.ts:1067:17)
      at warn (src/utils/EnvironmentValidator.ts:280:36)
          at Array.forEach (<anonymous>)
      at EnvironmentValidator.forEach [as validateEnvironment] (src/utils/EnvironmentValidator.ts:280:16)
      at validateEnvironment (src/utils/EnvironmentValidator.ts:733:28)
      at tests/security/environment-validator.test.ts:555:39
      at Object.<anonymous> (node_modules/expect/build/toThrowMatchers.js:74:11)
      at Object.throwingMatcher [as toThrow] (node_modules/expect/build/index.js:320:21)
      at Object.<anonymous> (tests/security/environment-validator.test.ts:555:47)

  console.debug
    [34m[DEBUG][0m 2026-03-24T21:32:34.288Z protocol-security: [CircuitBreaker:redis] [INIT] CircuitBreaker инициализирован: redis

      at ConsoleTransport.method [as send] (src/logging/Logger.ts:158:7)
          at Array.map (<anonymous>)

  console.debug
    [34m[DEBUG][0m 2026-03-24T21:32:34.294Z protocol-security: [CircuitBreaker:redis] [DESTROY] CircuitBreaker остановлен

      at ConsoleTransport.method [as send] (src/logging/Logger.ts:158:7)
          at Array.map (<anonymous>)

  console.debug
    [34m[DEBUG][0m 2026-03-24T21:32:34.299Z protocol-security: [CircuitBreaker:redis] [INIT] CircuitBreaker инициализирован: redis

      at ConsoleTransport.method [as send] (src/logging/Logger.ts:158:7)
          at Array.map (<anonymous>)

  console.debug
    [34m[DEBUG][0m 2026-03-24T21:32:34.302Z protocol-security: [CircuitBreaker:redis] [DESTROY] CircuitBreaker остановлен

      at ConsoleTransport.method [as send] (src/logging/Logger.ts:158:7)
          at Array.map (<anonymous>)

  console.debug
    [34m[DEBUG][0m 2026-03-24T21:32:34.307Z protocol-security: [CircuitBreaker:default] [INIT] CircuitBreaker инициализирован: default

      at ConsoleTransport.method [as send] (src/logging/Logger.ts:158:7)
          at Array.map (<anonymous>)

  console.warn
    [33m[WARNING][0m 2026-03-24T21:32:34.282Z protocol-security:    [ELASTICSEARCH_PASSWORD] Пароль не содержит специальных символов

    [0m [90m 156 |[39m       [90m// Выбор метода вывода в зависимости от уровня[39m
     [90m 157 |[39m       [36mconst[39m method [33m=[39m [36mthis[39m[33m.[39mgetConsoleMethod(log[33m.[39mlevel)[33m;[39m
    [31m[1m>[22m[39m[90m 158 |[39m       method(output)[33m;[39m
     [90m     |[39m       [31m[1m^[22m[39m
     [90m 159 |[39m       
     [90m 160 |[39m       [36mreturn[39m {
     [90m 161 |[39m         success[33m:[39m [36mtrue[39m[33m,[39m[0m

      at ConsoleTransport.method [as send] (src/logging/Logger.ts:158:7)
      at send (src/logging/Logger.ts:871:42)
          at Array.map (<anonymous>)
      at SecureLogger.map (src/logging/Logger.ts:868:49)
      at SecureLogger.log [as warn] (src/logging/Logger.ts:1067:17)
      at warn (src/utils/EnvironmentValidator.ts:280:36)
          at Array.forEach (<anonymous>)
      at EnvironmentValidator.forEach [as validateEnvironment] (src/utils/EnvironmentValidator.ts:280:16)
      at validateEnvironment (src/utils/EnvironmentValidator.ts:733:28)
      at tests/security/environment-validator.test.ts:555:39
      at Object.<anonymous> (node_modules/expect/build/toThrowMatchers.js:74:11)
      at Object.throwingMatcher [as toThrow] (node_modules/expect/build/index.js:320:21)
      at Object.<anonymous> (tests/security/environment-validator.test.ts:555:47)

  console.debug
    [34m[DEBUG][0m 2026-03-24T21:32:34.314Z protocol-security: [HealthCheckService] [STOP] Остановка Health Check Service

      at ConsoleTransport.method [as send] (src/logging/Logger.ts:158:7)
          at Array.map (<anonymous>)

  console.debug
    [34m[DEBUG][0m 2026-03-24T21:32:34.317Z protocol-security: [CircuitBreaker:redis] [INIT] CircuitBreaker инициализирован: redis

      at ConsoleTransport.method [as send] (src/logging/Logger.ts:158:7)
          at Array.map (<anonymous>)

  console.log
    [32m[INFO][0m 2026-03-24T21:32:34.273Z protocol-security: [SecretVersioning] Инициализирован

      at ConsoleTransport.method [as send] (src/logging/Logger.ts:158:7)
          at Array.map (<anonymous>)

  console.debug
    [34m[DEBUG][0m 2026-03-24T21:32:34.320Z protocol-security: [CircuitBreaker:database] [INIT] CircuitBreaker инициализирован: database

      at ConsoleTransport.method [as send] (src/logging/Logger.ts:158:7)
          at Array.map (<anonymous>)

  console.log
    [32m[INFO][0m 2026-03-24T21:32:34.322Z protocol-security: [SecretVersioning] Создана версия 1

      at ConsoleTransport.method [as send] (src/logging/Logger.ts:158:7)
          at Array.map (<anonymous>)

  console.debug
    [34m[DEBUG][0m 2026-03-24T21:32:34.322Z protocol-security: [CircuitBreaker:vault] [INIT] CircuitBreaker инициализирован: vault

      at ConsoleTransport.method [as send] (src/logging/Logger.ts:158:7)
          at Array.map (<anonymous>)

  console.debug
    [34m[DEBUG][0m 2026-03-24T21:32:34.324Z protocol-security: [CircuitBreaker:elasticsearch] [INIT] CircuitBreaker инициализирован: elasticsearch

      at ConsoleTransport.method [as send] (src/logging/Logger.ts:158:7)
          at Array.map (<anonymous>)

  console.log
    [32m[INFO][0m 2026-03-24T21:32:34.324Z protocol-security: [SecretVersioning] Остановлен

      at ConsoleTransport.method [as send] (src/logging/Logger.ts:158:7)
          at Array.map (<anonymous>)

  console.debug
    [34m[DEBUG][0m 2026-03-24T21:32:34.312Z protocol-security: [CircuitBreaker:default] [DESTROY] CircuitBreaker остановлен

      at ConsoleTransport.method [as send] (src/logging/Logger.ts:158:7)
          at Array.map (<anonymous>)

  console.log
    [32m[INFO][0m 2026-03-24T21:32:34.327Z protocol-security: [SecretVersioning] Инициализирован

      at ConsoleTransport.method [as send] (src/logging/Logger.ts:158:7)
          at Array.map (<anonymous>)

  console.log
    [32m[INFO][0m 2026-03-24T21:32:34.330Z protocol-security: [SecretVersioning] Создана версия 1

      at ConsoleTransport.method [as send] (src/logging/Logger.ts:158:7)
          at Array.map (<anonymous>)

  console.log
    [32m[INFO][0m 2026-03-24T21:32:34.333Z protocol-security: [SecretVersioning] Остановлен

      at ConsoleTransport.method [as send] (src/logging/Logger.ts:158:7)
          at Array.map (<anonymous>)

  console.debug
    [34m[DEBUG][0m 2026-03-24T21:32:34.333Z protocol-security: [CircuitBreaker:redis] [INIT] CircuitBreaker инициализирован: redis

      at ConsoleTransport.method [as send] (src/logging/Logger.ts:158:7)
          at Array.map (<anonymous>)

  console.debug
    [34m[DEBUG][0m 2026-03-24T21:32:34.337Z protocol-security: [CircuitBreaker:redis] [DESTROY] CircuitBreaker остановлен

      at ConsoleTransport.method [as send] (src/logging/Logger.ts:158:7)
          at Array.map (<anonymous>)

  console.debug
    [34m[DEBUG][0m 2026-03-24T21:32:34.342Z protocol-security: [CircuitBreaker:redis] [INIT] CircuitBreaker инициализирован: redis

      at ConsoleTransport.method [as send] (src/logging/Logger.ts:158:7)
          at Array.map (<anonymous>)

  console.debug
    [34m[DEBUG][0m 2026-03-24T21:32:34.347Z protocol-security: [CircuitBreaker:database] [INIT] CircuitBreaker инициализирован: database

      at ConsoleTransport.method [as send] (src/logging/Logger.ts:158:7)
          at Array.map (<anonymous>)

  console.warn
    [33m[WARNING][0m 2026-03-24T21:32:34.314Z protocol-security:    [SLACK_WEBHOOK_URL] Webhook URL имеет неверный формат

    [0m [90m 156 |[39m       [90m// Выбор метода вывода в зависимости от уровня[39m
     [90m 157 |[39m       [36mconst[39m method [33m=[39m [36mthis[39m[33m.[39mgetConsoleMethod(log[33m.[39mlevel)[33m;[39m
    [31m[1m>[22m[39m[90m 158 |[39m       method(output)[33m;[39m
     [90m     |[39m       [31m[1m^[22m[39m
     [90m 159 |[39m       
     [90m 160 |[39m       [36mreturn[39m {
     [90m 161 |[39m         success[33m:[39m [36mtrue[39m[33m,[39m[0m

      at ConsoleTransport.method [as send] (src/logging/Logger.ts:158:7)
      at send (src/logging/Logger.ts:871:42)
          at Array.map (<anonymous>)
      at SecureLogger.map (src/logging/Logger.ts:868:49)
      at SecureLogger.log [as warn] (src/logging/Logger.ts:1067:17)
      at warn (src/utils/EnvironmentValidator.ts:280:36)
          at Array.forEach (<anonymous>)
      at EnvironmentValidator.forEach [as validateEnvironment] (src/utils/EnvironmentValidator.ts:280:16)
      at validateEnvironment (src/utils/EnvironmentValidator.ts:733:28)
      at tests/security/environment-validator.test.ts:555:39
      at Object.<anonymous> (node_modules/expect/build/toThrowMatchers.js:74:11)
      at Object.throwingMatcher [as toThrow] (node_modules/expect/build/index.js:320:21)
      at Object.<anonymous> (tests/security/environment-validator.test.ts:555:47)

  console.debug
    [34m[DEBUG][0m 2026-03-24T21:32:34.350Z protocol-security: [CircuitBreaker:http] [INIT] CircuitBreaker инициализирован: http

      at ConsoleTransport.method [as send] (src/logging/Logger.ts:158:7)
          at Array.map (<anonymous>)

  console.debug
    [34m[DEBUG][0m 2026-03-24T21:32:34.353Z protocol-security: [CircuitBreaker:redis] [DESTROY] CircuitBreaker остановлен

      at ConsoleTransport.method [as send] (src/logging/Logger.ts:158:7)
          at Array.map (<anonymous>)

  console.debug
    [34m[DEBUG][0m 2026-03-24T21:32:34.356Z protocol-security: [CircuitBreaker:database] [DESTROY] CircuitBreaker остановлен

      at ConsoleTransport.method [as send] (src/logging/Logger.ts:158:7)
          at Array.map (<anonymous>)

  console.debug
    [34m[DEBUG][0m 2026-03-24T21:32:34.359Z protocol-security: [CircuitBreaker:http] [DESTROY] CircuitBreaker остановлен

      at ConsoleTransport.method [as send] (src/logging/Logger.ts:158:7)
          at Array.map (<anonymous>)

  console.error
    [31m[ERROR][0m 2026-03-24T21:32:34.350Z protocol-security: ❌ ОШИБКИ ВАЛИДАЦИИ ОКРУЖЕНИЯ:

    [0m [90m 156 |[39m       [90m// Выбор метода вывода в зависимости от уровня[39m
     [90m 157 |[39m       [36mconst[39m method [33m=[39m [36mthis[39m[33m.[39mgetConsoleMethod(log[33m.[39mlevel)[33m;[39m
    [31m[1m>[22m[39m[90m 158 |[39m       method(output)[33m;[39m
     [90m     |[39m       [31m[1m^[22m[39m
     [90m 159 |[39m       
     [90m 160 |[39m       [36mreturn[39m {
     [90m 161 |[39m         success[33m:[39m [36mtrue[39m[33m,[39m[0m

      at ConsoleTransport.method [as send] (src/logging/Logger.ts:158:7)
      at send (src/logging/Logger.ts:871:42)
          at Array.map (<anonymous>)
      at SecureLogger.map (src/logging/Logger.ts:868:49)
      at SecureLogger.log [as error] (src/logging/Logger.ts:997:17)
      at EnvironmentValidator.error [as validateEnvironment] (src/utils/EnvironmentValidator.ts:284:14)
      at validateEnvironment (src/utils/EnvironmentValidator.ts:733:28)
      at tests/security/environment-validator.test.ts:555:39
      at Object.<anonymous> (node_modules/expect/build/toThrowMatchers.js:74:11)
      at Object.throwingMatcher [as toThrow] (node_modules/expect/build/index.js:320:21)
      at Object.<anonymous> (tests/security/environment-validator.test.ts:555:47)

  console.debug
    [34m[DEBUG][0m 2026-03-24T21:32:34.362Z protocol-security: [CircuitBreaker:closed] [INIT] CircuitBreaker инициализирован: closed

      at ConsoleTransport.method [as send] (src/logging/Logger.ts:158:7)
          at Array.map (<anonymous>)

  console.debug
    [34m[DEBUG][0m 2026-03-24T21:32:34.381Z protocol-security: [CircuitBreaker:open] [INIT] CircuitBreaker инициализирован: open

      at ConsoleTransport.method [as send] (src/logging/Logger.ts:158:7)
          at Array.map (<anonymous>)

  console.debug
    [34m[DEBUG][0m 2026-03-24T21:32:34.386Z protocol-security: [CircuitBreaker:open] [STATE_CHANGE] CLOSED -> OPEN

      at ConsoleTransport.method [as send] (src/logging/Logger.ts:158:7)
          at Array.map (<anonymous>)

  console.debug
    [34m[DEBUG][0m 2026-03-24T21:32:34.389Z protocol-security: [CircuitBreaker:open] [OPEN] Circuit разорван после 1 failures

      at ConsoleTransport.method [as send] (src/logging/Logger.ts:158:7)
          at Array.map (<anonymous>)

  console.error
    [31m[ERROR][0m 2026-03-24T21:32:34.367Z protocol-security:    [REDIS_PASSWORD] Обнаружен дефолтный/слабый пароль

    [0m [90m 156 |[39m       [90m// Выбор метода вывода в зависимости от уровня[39m
     [90m 157 |[39m       [36mconst[39m method [33m=[39m [36mthis[39m[33m.[39mgetConsoleMethod(log[33m.[39mlevel)[33m;[39m
    [31m[1m>[22m[39m[90m 158 |[39m       method(output)[33m;[39m
     [90m     |[39m       [31m[1m^[22m[39m
     [90m 159 |[39m       
     [90m 160 |[39m       [36mreturn[39m {
     [90m 161 |[39m         success[33m:[39m [36mtrue[39m[33m,[39m[0m

      at ConsoleTransport.method [as send] (src/logging/Logger.ts:158:7)
      at send (src/logging/Logger.ts:871:42)
          at Array.map (<anonymous>)
      at SecureLogger.map (src/logging/Logger.ts:868:49)
      at SecureLogger.log [as error] (src/logging/Logger.ts:997:17)
      at error (src/utils/EnvironmentValidator.ts:285:34)
          at Array.forEach (<anonymous>)
      at EnvironmentValidator.forEach [as validateEnvironment] (src/utils/EnvironmentValidator.ts:285:14)
      at validateEnvironment (src/utils/EnvironmentValidator.ts:733:28)
      at tests/security/environment-validator.test.ts:555:39
      at Object.<anonymous> (node_modules/expect/build/toThrowMatchers.js:74:11)
      at Object.throwingMatcher [as toThrow] (node_modules/expect/build/index.js:320:21)
      at Object.<anonymous> (tests/security/environment-validator.test.ts:555:47)

  console.debug
    [34m[DEBUG][0m 2026-03-24T21:32:34.392Z protocol-security: [CircuitBreaker:closed] [DESTROY] CircuitBreaker остановлен

      at ConsoleTransport.method [as send] (src/logging/Logger.ts:158:7)
          at Array.map (<anonymous>)

  console.debug
    [34m[DEBUG][0m 2026-03-24T21:32:34.395Z protocol-security: [CircuitBreaker:open] [DESTROY] CircuitBreaker остановлен

      at ConsoleTransport.method [as send] (src/logging/Logger.ts:158:7)
          at Array.map (<anonymous>)

  console.debug
    [34m[DEBUG][0m 2026-03-24T21:32:34.399Z protocol-security: [CircuitBreaker:test] [INIT] CircuitBreaker инициализирован: test

      at ConsoleTransport.method [as send] (src/logging/Logger.ts:158:7)
          at Array.map (<anonymous>)

  console.debug
    [34m[DEBUG][0m 2026-03-24T21:32:34.402Z protocol-security: [CircuitBreaker:test] [STATE_CHANGE] CLOSED -> OPEN

      at ConsoleTransport.method [as send] (src/logging/Logger.ts:158:7)
          at Array.map (<anonymous>)

  console.debug
    [34m[DEBUG][0m 2026-03-24T21:32:34.404Z protocol-security: [CircuitBreaker:test] [OPEN] Circuit разорван после 1 failures

      at ConsoleTransport.method [as send] (src/logging/Logger.ts:158:7)
          at Array.map (<anonymous>)

  console.debug
    [34m[DEBUG][0m 2026-03-24T21:32:34.407Z protocol-security: [CircuitBreaker:test] [DESTROY] CircuitBreaker остановлен

      at ConsoleTransport.method [as send] (src/logging/Logger.ts:158:7)
          at Array.map (<anonymous>)

  console.error
    [31m[ERROR][0m 2026-03-24T21:32:34.392Z protocol-security:    [VAULT_TOKEN] Токен содержит опасный префикс

    [0m [90m 156 |[39m       [90m// Выбор метода вывода в зависимости от уровня[39m
     [90m 157 |[39m       [36mconst[39m method [33m=[39m [36mthis[39m[33m.[39mgetConsoleMethod(log[33m.[39mlevel)[33m;[39m
    [31m[1m>[22m[39m[90m 158 |[39m       method(output)[33m;[39m
     [90m     |[39m       [31m[1m^[22m[39m
     [90m 159 |[39m       
     [90m 160 |[39m       [36mreturn[39m {
     [90m 161 |[39m         success[33m:[39m [36mtrue[39m[33m,[39m[0m

      at ConsoleTransport.method [as send] (src/logging/Logger.ts:158:7)
      at send (src/logging/Logger.ts:871:42)
          at Array.map (<anonymous>)
      at SecureLogger.map (src/logging/Logger.ts:868:49)
      at SecureLogger.log [as error] (src/logging/Logger.ts:997:17)
      at error (src/utils/EnvironmentValidator.ts:285:34)
          at Array.forEach (<anonymous>)
      at EnvironmentValidator.forEach [as validateEnvironment] (src/utils/EnvironmentValidator.ts:285:14)
      at validateEnvironment (src/utils/EnvironmentValidator.ts:733:28)
      at tests/security/environment-validator.test.ts:555:39
      at Object.<anonymous> (node_modules/expect/build/toThrowMatchers.js:74:11)
      at Object.throwingMatcher [as toThrow] (node_modules/expect/build/index.js:320:21)
      at Object.<anonymous> (tests/security/environment-validator.test.ts:555:47)

  console.debug
    [34m[DEBUG][0m 2026-03-24T21:32:34.410Z protocol-security: [CircuitBreaker:redis] [INIT] CircuitBreaker инициализирован: redis

      at ConsoleTransport.method [as send] (src/logging/Logger.ts:158:7)
          at Array.map (<anonymous>)

  console.log
    [32m[INFO][0m 2026-03-24T21:32:34.424Z protocol-security: [SecretVersioning] Инициализирован

      at ConsoleTransport.method [as send] (src/logging/Logger.ts:158:7)
          at Array.map (<anonymous>)

  console.log
    [32m[INFO][0m 2026-03-24T21:32:34.434Z protocol-security: [SecretVersioning] Создана версия 1

      at ConsoleTransport.method [as send] (src/logging/Logger.ts:158:7)
          at Array.map (<anonymous>)

  console.log
    [32m[INFO][0m 2026-03-24T21:32:34.437Z protocol-security: [SecretVersioning] Остановлен

      at ConsoleTransport.method [as send] (src/logging/Logger.ts:158:7)
          at Array.map (<anonymous>)

  console.debug
    [34m[DEBUG][0m 2026-03-24T21:32:34.413Z protocol-security: [CircuitBreaker:database] [INIT] CircuitBreaker инициализирован: database

      at ConsoleTransport.method [as send] (src/logging/Logger.ts:158:7)
          at Array.map (<anonymous>)

  console.debug
    [34m[DEBUG][0m 2026-03-24T21:32:34.436Z protocol-security: [CircuitBreaker:http] [INIT] CircuitBreaker инициализирован: http

      at ConsoleTransport.method [as send] (src/logging/Logger.ts:158:7)
          at Array.map (<anonymous>)

  console.debug
    [34m[DEBUG][0m 2026-03-24T21:32:34.442Z protocol-security: [CircuitBreaker:redis] [DESTROY] CircuitBreaker остановлен

      at ConsoleTransport.method [as send] (src/logging/Logger.ts:158:7)
          at Array.map (<anonymous>)

  console.log
    [32m[INFO][0m 2026-03-24T21:32:34.443Z protocol-security: [SecretVersioning] Инициализирован

      at ConsoleTransport.method [as send] (src/logging/Logger.ts:158:7)
          at Array.map (<anonymous>)

  console.debug
    [34m[DEBUG][0m 2026-03-24T21:32:34.444Z protocol-security: [CircuitBreaker:database] [DESTROY] CircuitBreaker остановлен

      at ConsoleTransport.method [as send] (src/logging/Logger.ts:158:7)
          at Array.map (<anonymous>)

  console.log
    [32m[INFO][0m 2026-03-24T21:32:34.447Z protocol-security: [SecretVersioning] Создана версия 1

      at ConsoleTransport.method [as send] (src/logging/Logger.ts:158:7)
          at Array.map (<anonymous>)

  console.debug
    [34m[DEBUG][0m 2026-03-24T21:32:34.447Z protocol-security: [CircuitBreaker:http] [DESTROY] CircuitBreaker остановлен

      at ConsoleTransport.method [as send] (src/logging/Logger.ts:158:7)
          at Array.map (<anonymous>)

  console.log
    [32m[INFO][0m 2026-03-24T21:32:34.452Z protocol-security: [SecretVersioning] Остановлен

      at ConsoleTransport.method [as send] (src/logging/Logger.ts:158:7)
          at Array.map (<anonymous>)

  console.log
    [32m[INFO][0m 2026-03-24T21:32:34.494Z protocol-security: [SecretVersioning] Инициализирован

      at ConsoleTransport.method [as send] (src/logging/Logger.ts:158:7)
          at Array.map (<anonymous>)

  console.log
    [32m[INFO][0m 2026-03-24T21:32:34.497Z protocol-security: [SecretVersioning] Создана версия 1

      at ConsoleTransport.method [as send] (src/logging/Logger.ts:158:7)
          at Array.map (<anonymous>)

  console.log
    [32m[INFO][0m 2026-03-24T21:32:34.499Z protocol-security: [SecretVersioning] Остановлен

      at ConsoleTransport.method [as send] (src/logging/Logger.ts:158:7)
          at Array.map (<anonymous>)

  console.log
    [32m[INFO][0m 2026-03-24T21:32:34.503Z protocol-security: [SecretVersioning] Инициализирован

      at ConsoleTransport.method [as send] (src/logging/Logger.ts:158:7)
          at Array.map (<anonymous>)

  console.log
    [32m[INFO][0m 2026-03-24T21:32:34.506Z protocol-security: [SecretVersioning] Создана версия 1

      at ConsoleTransport.method [as send] (src/logging/Logger.ts:158:7)
          at Array.map (<anonymous>)

  console.log
    [32m[INFO][0m 2026-03-24T21:32:34.513Z protocol-security: [SecretVersioning] Остановлен

      at ConsoleTransport.method [as send] (src/logging/Logger.ts:158:7)
          at Array.map (<anonymous>)

  console.log
    [32m[INFO][0m 2026-03-24T21:32:34.516Z protocol-security: [SecretVersioning] Инициализирован

      at ConsoleTransport.method [as send] (src/logging/Logger.ts:158:7)
          at Array.map (<anonymous>)

  console.log
    [32m[INFO][0m 2026-03-24T21:32:34.519Z protocol-security: [SecretVersioning] Создана версия 1

      at ConsoleTransport.method [as send] (src/logging/Logger.ts:158:7)
          at Array.map (<anonymous>)

  console.log
    [32m[INFO][0m 2026-03-24T21:32:34.522Z protocol-security: [SecretVersioning] Остановлен

      at ConsoleTransport.method [as send] (src/logging/Logger.ts:158:7)
          at Array.map (<anonymous>)

  console.log
    [32m[INFO][0m 2026-03-24T21:32:34.526Z protocol-security: [SecretVersioning] Инициализирован

      at ConsoleTransport.method [as send] (src/logging/Logger.ts:158:7)
          at Array.map (<anonymous>)

  console.log
    [32m[INFO][0m 2026-03-24T21:32:34.547Z protocol-security: [SecretVersioning] Создана версия 1

      at ConsoleTransport.method [as send] (src/logging/Logger.ts:158:7)
          at Array.map (<anonymous>)

  console.log
    [32m[INFO][0m 2026-03-24T21:32:34.549Z protocol-security: [SecretVersioning] Остановлен

      at ConsoleTransport.method [as send] (src/logging/Logger.ts:158:7)
          at Array.map (<anonymous>)

FAIL tests/security/environment-validator.test.ts
  EnvironmentValidator
    Creation
      √ должен создавать валидатор с конфигурацией по умолчанию (4 ms)
      √ должен создавать валидатор с кастомной конфигурацией (6 ms)
    Password Validation
      √ должен обнаруживать дефолтный пароль "change_this_password" (6 ms)
      √ должен обнаруживать пароль "changeme" (4 ms)
      √ должен обнаруживать пароль "password" (2 ms)
      √ должен обнаруживать пароль "devpassword" (3 ms)
      √ должен пропускать стойкий пароль (2 ms)
      √ должен предупреждать о коротком пароле (2 ms)
    Token Validation
      √ должен обнаруживать плейсхолдер Vault токена (2 ms)
      √ должен обнаруживать опасный префикс токена (2 ms)
      √ должен пропускать валидный Vault токен (2 ms)
      √ должен обнаруживать плейсхолдер Slack webhook (1 ms)
    Production Validation
      √ должен блокировать запуск с дефолтными паролями в production (2 ms)
      × должен пропускать запуск с валидными секретами в production (4 ms)
      √ должен требовать TLS для Redis в production (2 ms)
      √ должен предупреждать о debug логировании в production (2 ms)
    Placeholder Detection
      √ должен обнаруживать плейсхолдер "your_" (2 ms)
      √ должен обнаруживать плейсхолдер "example" (2 ms)
      √ должен обнаруживать плейсхолдер "changeme" (2 ms)
      √ должен пропускать реальные значения (2 ms)
    Value Masking
      √ должен маскировать длинные значения (1 ms)
      √ должен маскировать короткие значения (1 ms)
      √ должен маскировать пустые значения (1 ms)
    Password Generation
      √ должен генерировать пароль заданной длины (3 ms)
      √ должен генерировать пароль с заглавными буквами (1 ms)
      √ должен генерировать пароль со строчными буквами (2 ms)
      √ должен генерировать пароль с цифрами (1 ms)
      √ должен генерировать пароль со специальными символами (2 ms)
      √ должен генерировать разные пароли (2 ms)
    Utility Functions
      √ должен генерировать команду для AWS Secrets Manager (2 ms)
      √ должен генерировать команду для Vault KV (1 ms)
      √ должен генерировать команду для создания токена Vault (2 ms)
  validateEnvironmentQuick
    √ должен возвращать результат валидации (2 ms)
  assertProductionReady
    × не должен выбрасывать ошибку с валидными секретами в production (261 ms)
    √ должен выбрасывать ошибку с дефолтными паролями в production (244 ms)
    √ не должен выбрасывать ошибку в development с дефолтными паролями (219 ms)
  EnvironmentValidator Integration
    √ должен комплексно валидировать окружение (20 ms)
    × должен успешно валидировать хорошее production окружение (2 ms)
    √ должен обнаруживать REDACTED Slack webhook URL (2 ms)

  ● EnvironmentValidator › Production Validation › должен пропускать запуск с валидными секретами в production

    expect(received).toBe(expected) // Object.is equality

    Expected: true
    Received: false

    [0m [90m 299 |[39m       [36mconst[39m result [33m=[39m validator[33m.[39mvalidateEnvironment()[33m;[39m
     [90m 300 |[39m
    [31m[1m>[22m[39m[90m 301 |[39m       expect(result[33m.[39misProductionReady)[33m.[39mtoBe([36mtrue[39m)[33m;[39m
     [90m     |[39m                                        [31m[1m^[22m[39m
     [90m 302 |[39m       expect(result[33m.[39merrors[33m.[39mlength)[33m.[39mtoBe([35m0[39m)[33m;[39m
     [90m 303 |[39m     })[33m;[39m
     [90m 304 |[39m[0m

      at Object.<anonymous> (tests/security/environment-validator.test.ts:301:40)

  ● assertProductionReady › не должен выбрасывать ошибку с валидными секретами в production

    expect(received).not.toThrow()

    Error name:    "Error"
    Error message: "Production environment validation failed:
    [JWT_SECRET] Критическая переменная отсутствует в production
    [CRYPTO_KEY_ID] Критическая переменная отсутствует в production·
    Please fix these issues before deploying to production."

        [0m [90m 735 |[39m   [36mif[39m ([33m![39mresult[33m.[39misProductionReady [33m&&[39m process[33m.[39menv[33m.[39m[33mNODE_ENV[39m [33m===[39m [32m'production'[39m) {
         [90m 736 |[39m     [36mconst[39m errorMessages [33m=[39m result[33m.[39merrors[33m.[39mjoin([32m'\n'[39m)[33m;[39m
        [31m[1m>[22m[39m[90m 737 |[39m     [36mthrow[39m [36mnew[39m [33mError[39m(
         [90m     |[39m           [31m[1m^[22m[39m
         [90m 738 |[39m       [32m`Production environment validation failed:\n${errorMessages}\n\n`[39m [33m+[39m
         [90m 739 |[39m       [32m`Please fix these issues before deploying to production.`[39m
         [90m 740 |[39m     )[33m;[39m[0m

      at assertProductionReady (src/utils/EnvironmentValidator.ts:737:11)
      at tests/security/environment-validator.test.ts:536:39
      at Object.<anonymous> (node_modules/expect/build/toThrowMatchers.js:74:11)
      at Object.throwingMatcher [as toThrow] (node_modules/expect/build/index.js:320:21)
      at Object.<anonymous> (tests/security/environment-validator.test.ts:536:47)
      at Object.<anonymous> (tests/security/environment-validator.test.ts:536:47)

  ● EnvironmentValidator Integration › должен успешно валидировать хорошее production окружение

    expect(received).toBe(expected) // Object.is equality

    Expected: true
    Received: false

    [0m [90m 634 |[39m     [36mconst[39m result [33m=[39m validator[33m.[39mvalidateEnvironment()[33m;[39m
     [90m 635 |[39m
    [31m[1m>[22m[39m[90m 636 |[39m     expect(result[33m.[39misProductionReady)[33m.[39mtoBe([36mtrue[39m)[33m;[39m
     [90m     |[39m                                      [31m[1m^[22m[39m
     [90m 637 |[39m     expect(result[33m.[39merrors[33m.[39mlength)[33m.[39mtoBe([35m0[39m)[33m;[39m
     [90m 638 |[39m   })[33m;[39m
     [90m 639 |[39m[0m

      at Object.<anonymous> (tests/security/environment-validator.test.ts:636:38)

  console.log
    [32m[INFO][0m 2026-03-24T21:32:34.560Z protocol-security: [SecretLease] Инициализирован

      at ConsoleTransport.method [as send] (src/logging/Logger.ts:158:7)
          at Array.map (<anonymous>)

  console.log
    [32m[INFO][0m 2026-03-24T21:32:34.628Z protocol-security: [SecretLease] Выдан lease 86105bc3-d5f3-4ba0-9a90-3a2324b66d24

      at ConsoleTransport.method [as send] (src/logging/Logger.ts:158:7)
          at Array.map (<anonymous>)

  console.log
    [32m[INFO][0m 2026-03-24T21:32:34.642Z protocol-security: [SecretLease] Отозван lease 86105bc3-d5f3-4ba0-9a90-3a2324b66d24

      at ConsoleTransport.method [as send] (src/logging/Logger.ts:158:7)
          at Array.map (<anonymous>)

  console.log
    [32m[INFO][0m 2026-03-24T21:32:34.645Z protocol-security: [SecretLease] Остановлен

      at ConsoleTransport.method [as send] (src/logging/Logger.ts:158:7)
          at Array.map (<anonymous>)

  console.log
    [32m[INFO][0m 2026-03-24T21:32:34.647Z protocol-security: [SecretLease] Инициализирован

      at ConsoleTransport.method [as send] (src/logging/Logger.ts:158:7)
          at Array.map (<anonymous>)

FAIL tests/logging/logging.test.ts
  SecureLogger
    Basic Logging
      √ should create a logger instance (27 ms)
      √ should log at different levels (467 ms)
      √ should include context in logs (4 ms)
      √ should sanitize messages to prevent log injection (3 ms)
      √ should compute content hash for integrity (3 ms)
    Security Events
      √ should log authentication events (25 ms)
      √ should log data access events (5 ms)
      √ should log configuration change events (4 ms)
    Rate Limiting
      √ should respect rate limits (300 ms)
    Logger Management
      × should change log level (21 ms)
      √ should enable and disable logging (2 ms)
      √ should get statistics (39 ms)
  LogParser
    Format Detection
      √ should detect JSON format (12 ms)
      √ should detect Syslog RFC 5424 format (4 ms)
      √ should detect Apache Combined format (4 ms)
      √ should detect CEF format (2 ms)
    Security Pattern Detection
      √ should detect SQL injection patterns (4 ms)
      √ should detect XSS patterns (4 ms)
      × should detect path traversal patterns (5 ms)
    Data Masking
      × should mask email addresses (2 ms)
      × should mask credit card numbers (2 ms)
    Statistics
      √ should track parsing statistics (3 ms)
  LogEnricher
    User Agent Parsing
      √ should parse desktop user agents (2 ms)
      √ should parse mobile user agents
    Cache
      × should cache enrichment results (3 ms)
  LogCorrelator
    Correlation
      √ should correlate logs by correlation ID (11 ms)
      √ should correlate logs by session ID (2 ms)
    Attack Chain Detection
      √ should detect SQL injection attack chain (11 ms)
  SIEMEngine
    Rule Execution
      √ should execute built-in rules (19 ms)
      √ should trigger alerts for matched rules (5 ms)
    Rule Management
      √ should add custom rules (2 ms)
      √ should enable and disable rules (1 ms)
  AttackDetector
    SQL Injection Detection
      √ should detect UNION-based SQL injection (18 ms)
      √ should detect boolean-based SQL injection (9 ms)
      √ should detect time-based SQL injection (2 ms)
    XSS Detection
      √ should detect script tag injection (3 ms)
      √ should detect event handler XSS (2 ms)
    Path Traversal Detection
      √ should detect basic path traversal (2 ms)
    Statistics
      √ should track detection statistics (2 ms)
  AnomalyDetector
    Training
      √ should accept training data (8 ms)
    Anomaly Detection
      √ should detect anomalies after training (119 ms)
  AlertingService
    Alert Creation
      √ should create alerts (6 ms)
      √ should deduplicate alerts (1 ms)
    Alert Management
      √ should acknowledge alerts (1 ms)
      √ should resolve alerts (2 ms)
  LogStorage
    Writing Logs
      √ should write logs to storage (15 ms)
      √ should maintain hash chain (6 ms)
    Integrity Verification
      × should verify integrity of stored logs (25 ms)
  IntegrityVerifier
    Hash Chain Verification
      √ should verify valid records (2 ms)
    Merkle Tree
      √ should generate Merkle proofs (3 ms)
    Audit Trail
      √ should generate audit trails (1 ms)
  ComplianceReporter
    Report Generation
      √ should generate PCI DSS compliance report (7 ms)
      √ should generate GDPR compliance report (4 ms)
    Compliance Score
      √ should track compliance scores (1 ms)
      √ should provide score by standard (1 ms)
    Violation Management
      √ should track violations (2 ms)
      √ should update violation status (2 ms)
  ElasticsearchClient
    Query Builder
      √ should build match queries (2 ms)
      × should build bool queries (1 ms)
      √ should build range queries (1 ms)
    Connection
      √ should report disconnected state initially (1 ms)
      √ should provide statistics (1 ms)
  Integration Tests
    √ should process logs through the entire pipeline (7 ms)

  ● SecureLogger › Logger Management › should change log level

    expect(received).toBeNull()

    Received: {"category": "application_DEBUG", "component": "test-service", "contentHash": "5fadffc6441253360b0adba9d499ca586b1bb9f672693b40c1a0c664cfff6be0", "context": {"metadata": {"environment": "test", "region": "us-east-1", "version": "1.0.0"}}, "eventCode": "EVT-UNK-07", "fields": undefined, "hostname": "PC", "id": "8a9d951b-7d3c-4ab9-a706-16ce240ae692", "level": 7, "message": "This should not be logged", "processId": 2656, "processingTime": 1, "schemaVersion": "1.0.0", "source": "application", "stackTrace": undefined, "timestamp": "2026-03-24T21:32:33.430Z"}

    [0m [90m 268 |[39m       [36mconst[39m errorLog [33m=[39m [36mawait[39m logger[33m.[39merror([32m'This should be logged'[39m)[33m;[39m
     [90m 269 |[39m
    [31m[1m>[22m[39m[90m 270 |[39m       expect(debugLog)[33m.[39mtoBeNull()[33m;[39m
     [90m     |[39m                        [31m[1m^[22m[39m
     [90m 271 |[39m       expect(errorLog)[33m.[39mnot[33m.[39mtoBeNull()[33m;[39m
     [90m 272 |[39m     })[33m;[39m
     [90m 273 |[39m[0m

      at Object.<anonymous> (tests/logging/logging.test.ts:270:24)

  ● LogParser › Security Pattern Detection › should detect path traversal patterns

    expect(received).toBe(expected) // Object.is equality

    Expected: true
    Received: false

    [0m [90m 366 |[39m       [36mconst[39m result [33m=[39m parser[33m.[39mparse(traversalLog)[33m;[39m
     [90m 367 |[39m       
    [31m[1m>[22m[39m[90m 368 |[39m       expect(result[33m.[39msuccess)[33m.[39mtoBe([36mtrue[39m)[33m;[39m
     [90m     |[39m                              [31m[1m^[22m[39m
     [90m 369 |[39m       expect(result[33m.[39mlog[33m?[39m[33m.[39mcontext[33m.[39mmetadata[33m?[39m[33m.[39msecurityThreat)[33m.[39mtoBe([32m'path_traversal'[39m)[33m;[39m
     [90m 370 |[39m     })[33m;[39m
     [90m 371 |[39m   })[33m;[39m[0m

      at Object.<anonymous> (tests/logging/logging.test.ts:368:30)

  ● LogParser › Data Masking › should mask email addresses

    expect(received).not.toContain(expected) // indexOf

    Matcher error: received value must not be null nor undefined

    Received has value: undefined

    [0m [90m 376 |[39m       [36mconst[39m result [33m=[39m parser[33m.[39mparse(logWithSensitive)[33m;[39m
     [90m 377 |[39m       
    [31m[1m>[22m[39m[90m 378 |[39m       expect(result[33m.[39mlog[33m?[39m[33m.[39mmessage)[33m.[39mnot[33m.[39mtoContain([32m'test@example.com'[39m)[33m;[39m
     [90m     |[39m                                       [31m[1m^[22m[39m
     [90m 379 |[39m     })[33m;[39m
     [90m 380 |[39m     
     [90m 381 |[39m     it([32m'should mask credit card numbers'[39m[33m,[39m () [33m=>[39m {[0m

      at Object.<anonymous> (tests/logging/logging.test.ts:378:39)

  ● LogParser › Data Masking › should mask credit card numbers

    expect(received).not.toContain(expected) // indexOf

    Matcher error: received value must not be null nor undefined

    Received has value: undefined

    [0m [90m 383 |[39m       [36mconst[39m result [33m=[39m parser[33m.[39mparse(logWithCC)[33m;[39m
     [90m 384 |[39m       
    [31m[1m>[22m[39m[90m 385 |[39m       expect(result[33m.[39mlog[33m?[39m[33m.[39mmessage)[33m.[39mnot[33m.[39mtoContain([32m'4111111111111111'[39m)[33m;[39m
     [90m     |[39m                                       [31m[1m^[22m[39m
     [90m 386 |[39m     })[33m;[39m
     [90m 387 |[39m   })[33m;[39m
     [90m 388 |[39m   [0m

      at Object.<anonymous> (tests/logging/logging.test.ts:385:39)

  ● LogEnricher › Cache › should cache enrichment results

    expect(received).toBeGreaterThanOrEqual(expected)

    Expected: >= 1
    Received:    0

    [0m [90m 450 |[39m       
     [90m 451 |[39m       [36mconst[39m stats [33m=[39m enricher[33m.[39mgetStatistics()[33m;[39m
    [31m[1m>[22m[39m[90m 452 |[39m       expect(stats[33m.[39mcacheHits)[33m.[39mtoBeGreaterThanOrEqual([35m1[39m)[33m;[39m
     [90m     |[39m                               [31m[1m^[22m[39m
     [90m 453 |[39m     })[33m;[39m
     [90m 454 |[39m   })[33m;[39m
     [90m 455 |[39m })[33m;[39m[0m

      at Object.<anonymous> (tests/logging/logging.test.ts:452:31)

  ● LogStorage › Integrity Verification › should verify integrity of stored logs

    expect(received).toBe(expected) // Object.is equality

    Expected: true
    Received: false

    [0m [90m 1022 |[39m       [36mconst[39m result [33m=[39m [36mawait[39m storage[33m.[39mverifyIntegrity()[33m;[39m
     [90m 1023 |[39m       
    [31m[1m>[22m[39m[90m 1024 |[39m       expect(result[33m.[39misValid)[33m.[39mtoBe([36mtrue[39m)[33m;[39m
     [90m      |[39m                              [31m[1m^[22m[39m
     [90m 1025 |[39m       expect(result[33m.[39mverifiedRecords)[33m.[39mtoBe([35m5[39m)[33m;[39m
     [90m 1026 |[39m       expect(result[33m.[39mviolationsFound)[33m.[39mtoBe([35m0[39m)[33m;[39m
     [90m 1027 |[39m     })[33m;[39m[0m

      at Object.<anonymous> (tests/logging/logging.test.ts:1024:30)

  ● ElasticsearchClient › Query Builder › should build bool queries

    expect(received).toBeDefined()

    Received: undefined

    [0m [90m 1225 |[39m       
     [90m 1226 |[39m       expect(query[33m.[39mquery[33m.[39mbool)[33m.[39mtoBeDefined()[33m;[39m
    [31m[1m>[22m[39m[90m 1227 |[39m       expect(query[33m.[39msort)[33m.[39mtoBeDefined()[33m;[39m
     [90m      |[39m                          [31m[1m^[22m[39m
     [90m 1228 |[39m     })[33m;[39m
     [90m 1229 |[39m     
     [90m 1230 |[39m     it([32m'should build range queries'[39m[33m,[39m () [33m=>[39m {[0m

      at Object.<anonymous> (tests/logging/logging.test.ts:1227:26)

  console.log
    [32m[INFO][0m 2026-03-24T21:32:34.650Z protocol-security: [SecretLease] Инициализирован

      at ConsoleTransport.method [as send] (src/logging/Logger.ts:158:7)
          at Array.map (<anonymous>)

  console.log
    [32m[INFO][0m 2026-03-24T21:32:34.653Z protocol-security: [SecretLease] Выдан lease d93d6473-be85-4009-95f7-9fe431ea3a62

      at ConsoleTransport.method [as send] (src/logging/Logger.ts:158:7)
          at Array.map (<anonymous>)

  console.log
    [32m[INFO][0m 2026-03-24T21:32:34.655Z protocol-security: [SecretLease] Выдан lease d62be534-38d4-45bf-96c0-4057e017107b

      at ConsoleTransport.method [as send] (src/logging/Logger.ts:158:7)
          at Array.map (<anonymous>)

  console.debug
    [34m[DEBUG][0m 2026-03-24T21:32:34.717Z protocol-security: [HealthCheckService] [STOP] Остановка Health Check Service

      at ConsoleTransport.method [as send] (src/logging/Logger.ts:158:7)
          at Array.map (<anonymous>)

  console.debug
    [34m[DEBUG][0m 2026-03-24T21:32:34.721Z protocol-security: [CircuitBreaker:redis] [INIT] CircuitBreaker инициализирован: redis

      at ConsoleTransport.method [as send] (src/logging/Logger.ts:158:7)
          at Array.map (<anonymous>)

  console.debug
    [34m[DEBUG][0m 2026-03-24T21:32:34.723Z protocol-security: [CircuitBreaker:database] [INIT] CircuitBreaker инициализирован: database

      at ConsoleTransport.method [as send] (src/logging/Logger.ts:158:7)
          at Array.map (<anonymous>)

  console.debug
    [34m[DEBUG][0m 2026-03-24T21:32:34.726Z protocol-security: [CircuitBreaker:vault] [INIT] CircuitBreaker инициализирован: vault

      at ConsoleTransport.method [as send] (src/logging/Logger.ts:158:7)
          at Array.map (<anonymous>)

  console.debug
    [34m[DEBUG][0m 2026-03-24T21:32:34.729Z protocol-security: [CircuitBreaker:elasticsearch] [INIT] CircuitBreaker инициализирован: elasticsearch

      at ConsoleTransport.method [as send] (src/logging/Logger.ts:158:7)
          at Array.map (<anonymous>)

  console.log
    [32m[INFO][0m 2026-03-24T21:32:34.831Z protocol-security: [SecretLease] Отозван lease d93d6473-be85-4009-95f7-9fe431ea3a62

      at ConsoleTransport.method [as send] (src/logging/Logger.ts:158:7)
          at Array.map (<anonymous>)

  console.log
    [32m[INFO][0m 2026-03-24T21:32:34.833Z protocol-security: [SecretLease] Отозван lease d62be534-38d4-45bf-96c0-4057e017107b

      at ConsoleTransport.method [as send] (src/logging/Logger.ts:158:7)
          at Array.map (<anonymous>)

  console.log
    [32m[INFO][0m 2026-03-24T21:32:34.835Z protocol-security: [SecretLease] Остановлен

      at ConsoleTransport.method [as send] (src/logging/Logger.ts:158:7)
          at Array.map (<anonymous>)

  console.log
    [32m[INFO][0m 2026-03-24T21:32:34.837Z protocol-security: [SecretLease] Остановлен

      at ConsoleTransport.method [as send] (src/logging/Logger.ts:158:7)
          at Array.map (<anonymous>)

  console.log
    [32m[INFO][0m 2026-03-24T21:32:34.865Z protocol-security: [SecretLease] Инициализирован

      at ConsoleTransport.method [as send] (src/logging/Logger.ts:158:7)
          at Array.map (<anonymous>)

  console.log
    [32m[INFO][0m 2026-03-24T21:32:34.868Z protocol-security: [SecretLease] Выдан lease da69008a-fd12-43a9-93fc-0493063300ea

      at ConsoleTransport.method [as send] (src/logging/Logger.ts:158:7)
          at Array.map (<anonymous>)

  console.log
    [32m[INFO][0m 2026-03-24T21:32:34.872Z protocol-security: [SecretLease] Продлён lease da69008a-fd12-43a9-93fc-0493063300ea

      at ConsoleTransport.method [as send] (src/logging/Logger.ts:158:7)
          at Array.map (<anonymous>)

  console.log
    [32m[INFO][0m 2026-03-24T21:32:34.874Z protocol-security: [SecretLease] Отозван lease da69008a-fd12-43a9-93fc-0493063300ea

      at ConsoleTransport.method [as send] (src/logging/Logger.ts:158:7)
          at Array.map (<anonymous>)

  console.log
    [32m[INFO][0m 2026-03-24T21:32:34.878Z protocol-security: [SecretLease] Остановлен

      at ConsoleTransport.method [as send] (src/logging/Logger.ts:158:7)
          at Array.map (<anonymous>)

  console.log
    [32m[INFO][0m 2026-03-24T21:32:34.880Z protocol-security: [SecretLease] Инициализирован

      at ConsoleTransport.method [as send] (src/logging/Logger.ts:158:7)
          at Array.map (<anonymous>)

  console.log
    [32m[INFO][0m 2026-03-24T21:32:34.883Z protocol-security: [SecretLease] Выдан lease d488b7de-977f-4c9c-b9bc-345dcd4011d8

      at ConsoleTransport.method [as send] (src/logging/Logger.ts:158:7)
          at Array.map (<anonymous>)

  console.log
    [32m[INFO][0m 2026-03-24T21:32:34.887Z protocol-security: [SecretLease] Отозван lease d488b7de-977f-4c9c-b9bc-345dcd4011d8

      at ConsoleTransport.method [as send] (src/logging/Logger.ts:158:7)
          at Array.map (<anonymous>)

  console.log
    [32m[INFO][0m 2026-03-24T21:32:34.889Z protocol-security: [SecretLease] Остановлен

      at ConsoleTransport.method [as send] (src/logging/Logger.ts:158:7)
          at Array.map (<anonymous>)

  console.log
    [32m[INFO][0m 2026-03-24T21:32:34.891Z protocol-security: [SecretLease] Инициализирован

      at ConsoleTransport.method [as send] (src/logging/Logger.ts:158:7)
          at Array.map (<anonymous>)

  console.log
    [32m[INFO][0m 2026-03-24T21:32:34.895Z protocol-security: [SecretLease] Инициализирован

      at ConsoleTransport.method [as send] (src/logging/Logger.ts:158:7)
          at Array.map (<anonymous>)

  console.log
    [32m[INFO][0m 2026-03-24T21:32:34.912Z protocol-security: [SecretLease] Выдан lease 8b45f5dd-000f-45d8-b2e1-e17d393d3ad7

      at ConsoleTransport.method [as send] (src/logging/Logger.ts:158:7)
          at Array.map (<anonymous>)

  console.log
    [32m[INFO][0m 2026-03-24T21:32:34.913Z protocol-security: [SecretLease] Продлён lease 8b45f5dd-000f-45d8-b2e1-e17d393d3ad7

      at ConsoleTransport.method [as send] (src/logging/Logger.ts:158:7)
          at Array.map (<anonymous>)

  console.log
    [32m[INFO][0m 2026-03-24T21:32:34.915Z protocol-security: [SecretLease] Продлён lease 8b45f5dd-000f-45d8-b2e1-e17d393d3ad7

      at ConsoleTransport.method [as send] (src/logging/Logger.ts:158:7)
          at Array.map (<anonymous>)

  console.log
    [32m[INFO][0m 2026-03-24T21:32:34.918Z protocol-security: [SecretLease] Отозван lease 8b45f5dd-000f-45d8-b2e1-e17d393d3ad7

      at ConsoleTransport.method [as send] (src/logging/Logger.ts:158:7)
          at Array.map (<anonymous>)

  console.log
    [32m[INFO][0m 2026-03-24T21:32:34.920Z protocol-security: [SecretLease] Остановлен

      at ConsoleTransport.method [as send] (src/logging/Logger.ts:158:7)
          at Array.map (<anonymous>)

  console.log
    [32m[INFO][0m 2026-03-24T21:32:34.921Z protocol-security: [SecretLease] Остановлен

      at ConsoleTransport.method [as send] (src/logging/Logger.ts:158:7)
          at Array.map (<anonymous>)

FAIL tests/utils/CircuitBreaker.test.ts (5.652 s)
  Circuit Breaker - Basic Functionality
    Initialization
      √ должен создавать circuit breaker с конфигурацией по умолчанию (530 ms)
      √ должен создавать circuit breaker с кастомной конфигурацией (10 ms)
      √ должен начинать в состоянии CLOSED (2 ms)
      √ должен иметь нулевые метрики при создании (2 ms)
    CLOSED State
      √ должен успешно выполнять операции в состоянии CLOSED (3 ms)
      √ должен увеличивать счетчик successes при успехе (1 ms)
      √ должен увеличивать счетчик failures при ошибке (176 ms)
      √ должен переходить в OPEN после превышения failureThreshold (5 ms)
      √ должен сохранять состояние CLOSED при успехах после failures (3 ms)
    OPEN State
      √ должен блокировать выполнение в состоянии OPEN (5 ms)
      √ должен увеличивать totalRejections при блокировке (21 ms)
      √ должен устанавливать openedAt при переходе в OPEN (3 ms)
      √ должен эммитить событие open при переходе в OPEN (8 ms)
    HALF_OPEN State
      √ должен переходить в HALF_OPEN после resetTimeout (169 ms)
      √ должен разрешать ограниченные запросы в HALF_OPEN (169 ms)
      √ должен переходить в CLOSED после successThreshold успехов в HALF_OPEN (155 ms)
      √ должен возвращаться в OPEN при failure в HALF_OPEN (170 ms)
      × должен сбрасывать failureCount и successCount при переходе в HALF_OPEN (163 ms)
      √ должен эммитить событие half_open при переходе (168 ms)
    Operation Timeout
      √ должен выбрасывать ошибку при превышении operationTimeout (103 ms)
      √ должен считать timeout как failure (122 ms)
    Metrics and Statistics
      √ должен подсчитывать totalRequests (20 ms)
      × должен подсчитывать averageLatency (30 ms)
      √ должен сохранять lastError и lastFailureAt при ошибке (2 ms)
      √ должен сохранять lastSuccessAt при успехе (1 ms)
    Event Emitter
      √ должен эммитить событие success при успехе (1 ms)
      √ должен эммитить событие failure при ошибке (3 ms)
      √ должен эммитить событие reject при блокировке (4 ms)
      √ должен эммитить событие close при замыкании (155 ms)
      √ должен эммитить событие reset при принудительном сбросе (2 ms)
    Reset and Destroy
      √ должен сбрасывать все счетчики при reset (3 ms)
      √ должен очищать таймеры при destroy (167 ms)
      √ должен удалять всех listeners при destroy (2 ms)
    isAvailable
      √ должен возвращать true в состоянии CLOSED
      √ должен возвращать true в состоянии HALF_OPEN (172 ms)
      √ должен возвращать false в состоянии OPEN (2 ms)
  CircuitBreakerError
    √ должен создавать ошибку с кодом и состоянием (1 ms)
    √ должен создавать ошибку с причиной (1 ms)
    √ должен сохранять stack trace (2 ms)
  CircuitBreakerManager
    Creation
      √ должен создавать circuit breaker по имени (12 ms)
      √ должен возвращать существующий breaker при повторном создании (8 ms)
      √ должен создавать breaker с конфигурацией по умолчанию (24 ms)
    Retrieval
      √ должен получать breaker по имени (8 ms)
      √ должен возвращать undefined для несуществующего breaker
      √ должен получать все breakers (20 ms)
    Global Stats
      √ должен подсчитывать общую статистику (36 ms)
    Event Propagation
      √ должен пробрасывать события от breakers (11 ms)
    Destroy All
      √ должен уничтожать все breakers (46 ms)
  @circuitBreaker Decorator
    ○ skipped должен применять circuit breaker к методу класса
    ○ skipped должен использовать fallback при ошибке
    ○ skipped должен выбрасывать CircuitBreakerError при открытом circuit
  Edge Cases and Stress Tests
    √ должен обрабатывать быстрые последовательные запросы (13 ms)
    √ должен корректно обрабатывать отмену promise (76 ms)
    √ должен обрабатывать null и undefined результаты (1 ms)
    √ должен обрабатывать очень большие числа
    √ должен сохранять состояние между вызовами getStats (1 ms)
  Integration with Retry Logic
    × должен корректно работать с retry паттернами (149 ms)
    √ должен предотвращать retry при открытом circuit (2 ms)

  ● Circuit Breaker - Basic Functionality › HALF_OPEN State › должен сбрасывать failureCount и successCount при переходе в HALF_OPEN

    expect(received).toBe(expected) // Object.is equality

    Expected: 0
    Received: 1

    [0m [90m 484 |[39m       [36mconst[39m stats [33m=[39m cb[33m.[39mgetStats()[33m;[39m
     [90m 485 |[39m       expect(stats[33m.[39mfailures)[33m.[39mtoBe([35m0[39m)[33m;[39m [90m// Сброшен при переходе в HALF_OPEN[39m
    [31m[1m>[22m[39m[90m 486 |[39m       expect(stats[33m.[39msuccesses)[33m.[39mtoBe([35m0[39m)[33m;[39m
     [90m     |[39m                               [31m[1m^[22m[39m
     [90m 487 |[39m
     [90m 488 |[39m       cb[33m.[39mdestroy()[33m;[39m
     [90m 489 |[39m     })[33m;[39m[0m

      at Object.<anonymous> (tests/utils/CircuitBreaker.test.ts:486:31)

  ● Circuit Breaker - Basic Functionality › Metrics and Statistics › должен подсчитывать averageLatency

    expect(received).toBeLessThan(expected)

    Expected: < 100
    Received:   Infinity

    [0m [90m 627 |[39m       [36mconst[39m stats [33m=[39m cb[33m.[39mgetStats()[33m;[39m
     [90m 628 |[39m       expect(stats[33m.[39maverageLatency)[33m.[39mtoBeGreaterThan([35m0[39m)[33m;[39m
    [31m[1m>[22m[39m[90m 629 |[39m       expect(stats[33m.[39maverageLatency)[33m.[39mtoBeLessThan([35m100[39m)[33m;[39m
     [90m     |[39m                                    [31m[1m^[22m[39m
     [90m 630 |[39m
     [90m 631 |[39m       cb[33m.[39mdestroy()[33m;[39m
     [90m 632 |[39m     })[33m;[39m[0m

      at Object.<anonymous> (tests/utils/CircuitBreaker.test.ts:629:36)

  ● Integration with Retry Logic › должен корректно работать с retry паттернами

    expect(received).toBeNull()

    Received: [Error: Attempt 2 failed]

    [0m [90m 1417 |[39m     }
     [90m 1418 |[39m
    [31m[1m>[22m[39m[90m 1419 |[39m     expect(lastError)[33m.[39mtoBeNull()[33m;[39m
     [90m      |[39m                       [31m[1m^[22m[39m
     [90m 1420 |[39m     expect(attemptCount)[33m.[39mtoBe([35m3[39m)[33m;[39m
     [90m 1421 |[39m
     [90m 1422 |[39m     cb[33m.[39mdestroy()[33m;[39m[0m

      at Object.<anonymous> (tests/utils/CircuitBreaker.test.ts:1419:23)

  console.debug
    [34m[DEBUG][0m 2026-03-24T21:32:35.054Z protocol-security: [HealthCheckService] [STOP] Остановка Health Check Service

      at ConsoleTransport.method [as send] (src/logging/Logger.ts:158:7)
          at Array.map (<anonymous>)

  console.debug
    [34m[DEBUG][0m 2026-03-24T21:32:35.057Z protocol-security: [CircuitBreaker:redis] [INIT] CircuitBreaker инициализирован: redis

      at ConsoleTransport.method [as send] (src/logging/Logger.ts:158:7)
          at Array.map (<anonymous>)

  console.debug
    [34m[DEBUG][0m 2026-03-24T21:32:35.059Z protocol-security: [CircuitBreaker:database] [INIT] CircuitBreaker инициализирован: database

      at ConsoleTransport.method [as send] (src/logging/Logger.ts:158:7)
          at Array.map (<anonymous>)

  console.debug
    [34m[DEBUG][0m 2026-03-24T21:32:35.064Z protocol-security: [CircuitBreaker:vault] [INIT] CircuitBreaker инициализирован: vault

      at ConsoleTransport.method [as send] (src/logging/Logger.ts:158:7)
          at Array.map (<anonymous>)

  console.debug
    [34m[DEBUG][0m 2026-03-24T21:32:35.067Z protocol-security: [CircuitBreaker:elasticsearch] [INIT] CircuitBreaker инициализирован: elasticsearch

      at ConsoleTransport.method [as send] (src/logging/Logger.ts:158:7)
          at Array.map (<anonymous>)

  console.debug
    [34m[DEBUG][0m 2026-03-24T21:32:35.069Z protocol-security: [CircuitBreaker:redis] [INIT] CircuitBreaker инициализирован: redis

      at ConsoleTransport.method [as send] (src/logging/Logger.ts:158:7)
          at Array.map (<anonymous>)

  console.debug
    [34m[DEBUG][0m 2026-03-24T21:32:35.072Z protocol-security: [CircuitBreaker:database] [INIT] CircuitBreaker инициализирован: database

      at ConsoleTransport.method [as send] (src/logging/Logger.ts:158:7)
          at Array.map (<anonymous>)

  console.debug
    [34m[DEBUG][0m 2026-03-24T21:32:35.074Z protocol-security: [CircuitBreaker:vault] [INIT] CircuitBreaker инициализирован: vault

      at ConsoleTransport.method [as send] (src/logging/Logger.ts:158:7)
          at Array.map (<anonymous>)

  console.debug
    [34m[DEBUG][0m 2026-03-24T21:32:35.077Z protocol-security: [CircuitBreaker:elasticsearch] [INIT] CircuitBreaker инициализирован: elasticsearch

      at ConsoleTransport.method [as send] (src/logging/Logger.ts:158:7)
          at Array.map (<anonymous>)

  console.log
    [32m[INFO][0m 2026-03-24T21:32:35.019Z protocol-security: [JWTBlacklist] Инициализация завершена

      at ConsoleTransport.method [as send] (src/logging/Logger.ts:158:7)
          at Array.map (<anonymous>)

  console.debug
    [34m[DEBUG][0m 2026-03-24T21:32:35.079Z protocol-security: [HealthCheckService] [STOP] Остановка Health Check Service

      at ConsoleTransport.method [as send] (src/logging/Logger.ts:158:7)
          at Array.map (<anonymous>)

  console.debug
    [34m[DEBUG][0m 2026-03-24T21:32:35.082Z protocol-security: [HealthCheckService] [STOP] Остановка Health Check Service

      at ConsoleTransport.method [as send] (src/logging/Logger.ts:158:7)
          at Array.map (<anonymous>)

  console.log
    [32m[INFO][0m 2026-03-24T21:32:35.083Z protocol-security: [JWTBlacklist] Blacklist отключен

      at ConsoleTransport.method [as send] (src/logging/Logger.ts:158:7)
          at Array.map (<anonymous>)

  console.debug
    [34m[DEBUG][0m 2026-03-24T21:32:35.085Z protocol-security: [CircuitBreaker:redis] [INIT] CircuitBreaker инициализирован: redis

      at ConsoleTransport.method [as send] (src/logging/Logger.ts:158:7)
          at Array.map (<anonymous>)

  console.debug
    [34m[DEBUG][0m 2026-03-24T21:32:35.092Z protocol-security: [CircuitBreaker:database] [INIT] CircuitBreaker инициализирован: database

      at ConsoleTransport.method [as send] (src/logging/Logger.ts:158:7)
          at Array.map (<anonymous>)

  console.debug
    [34m[DEBUG][0m 2026-03-24T21:32:35.094Z protocol-security: [CircuitBreaker:vault] [INIT] CircuitBreaker инициализирован: vault

      at ConsoleTransport.method [as send] (src/logging/Logger.ts:158:7)
          at Array.map (<anonymous>)

  console.debug
    [34m[DEBUG][0m 2026-03-24T21:32:35.097Z protocol-security: [CircuitBreaker:elasticsearch] [INIT] CircuitBreaker инициализирован: elasticsearch

      at ConsoleTransport.method [as send] (src/logging/Logger.ts:158:7)
          at Array.map (<anonymous>)

  console.debug
    [34m[DEBUG][0m 2026-03-24T21:32:35.100Z protocol-security: [CircuitBreaker:redis] [INIT] CircuitBreaker инициализирован: redis

      at ConsoleTransport.method [as send] (src/logging/Logger.ts:158:7)
          at Array.map (<anonymous>)

  console.debug
    [34m[DEBUG][0m 2026-03-24T21:32:35.102Z protocol-security: [CircuitBreaker:database] [INIT] CircuitBreaker инициализирован: database

      at ConsoleTransport.method [as send] (src/logging/Logger.ts:158:7)
          at Array.map (<anonymous>)

  console.debug
    [34m[DEBUG][0m 2026-03-24T21:32:35.105Z protocol-security: [CircuitBreaker:vault] [INIT] CircuitBreaker инициализирован: vault

      at ConsoleTransport.method [as send] (src/logging/Logger.ts:158:7)
          at Array.map (<anonymous>)

  console.debug
    [34m[DEBUG][0m 2026-03-24T21:32:35.107Z protocol-security: [CircuitBreaker:elasticsearch] [INIT] CircuitBreaker инициализирован: elasticsearch

      at ConsoleTransport.method [as send] (src/logging/Logger.ts:158:7)
          at Array.map (<anonymous>)

  console.debug
    [34m[DEBUG][0m 2026-03-24T21:32:35.111Z protocol-security: [HealthCheckService] [START] Запуск Health Check Service

      at ConsoleTransport.method [as send] (src/logging/Logger.ts:158:7)
          at Array.map (<anonymous>)

  console.debug
    [34m[DEBUG][0m 2026-03-24T21:32:35.113Z protocol-security: [HealthCheckService] [STOP] Остановка Health Check Service

      at ConsoleTransport.method [as send] (src/logging/Logger.ts:158:7)
          at Array.map (<anonymous>)

  console.warn
    [33m[WARNING][0m 2026-03-24T21:32:35.091Z protocol-security: [JWTBlacklist] Failed to connect to Redis, blacklist disabled

    [0m [90m 156 |[39m       [90m// Выбор метода вывода в зависимости от уровня[39m
     [90m 157 |[39m       [36mconst[39m method [33m=[39m [36mthis[39m[33m.[39mgetConsoleMethod(log[33m.[39mlevel)[33m;[39m
    [31m[1m>[22m[39m[90m 158 |[39m       method(output)[33m;[39m
     [90m     |[39m       [31m[1m^[22m[39m
     [90m 159 |[39m       
     [90m 160 |[39m       [36mreturn[39m {
     [90m 161 |[39m         success[33m:[39m [36mtrue[39m[33m,[39m[0m

      at ConsoleTransport.method [as send] (src/logging/Logger.ts:158:7)
      at send (src/logging/Logger.ts:871:42)
          at Array.map (<anonymous>)
      at SecureLogger.map (src/logging/Logger.ts:868:49)
      at SecureLogger.log [as warn] (src/logging/Logger.ts:1067:17)
      at JWTBlacklist.warn [as initialize] (src/auth/JWTBlacklist.ts:219:14)
      at Object.<anonymous> (tests/auth/JWTBlacklist.test.ts:91:7)

  console.debug
    [34m[DEBUG][0m 2026-03-24T21:32:35.119Z protocol-security: [HealthCheckService] [STOP] Остановка Health Check Service

      at ConsoleTransport.method [as send] (src/logging/Logger.ts:158:7)
          at Array.map (<anonymous>)

  console.log
    [32m[INFO][0m 2026-03-24T21:32:35.121Z protocol-security: [JWTBlacklist] Инициализация завершена

      at ConsoleTransport.method [as send] (src/logging/Logger.ts:158:7)
          at Array.map (<anonymous>)

  console.debug
    [34m[DEBUG][0m 2026-03-24T21:32:35.122Z protocol-security: [CircuitBreaker:redis] [INIT] CircuitBreaker инициализирован: redis

      at ConsoleTransport.method [as send] (src/logging/Logger.ts:158:7)
          at Array.map (<anonymous>)

  console.debug
    [34m[DEBUG][0m 2026-03-24T21:32:35.127Z protocol-security: [CircuitBreaker:database] [INIT] CircuitBreaker инициализирован: database

      at ConsoleTransport.method [as send] (src/logging/Logger.ts:158:7)
          at Array.map (<anonymous>)

  console.debug
    [34m[DEBUG][0m 2026-03-24T21:32:35.130Z protocol-security: [CircuitBreaker:vault] [INIT] CircuitBreaker инициализирован: vault

      at ConsoleTransport.method [as send] (src/logging/Logger.ts:158:7)
          at Array.map (<anonymous>)

  console.debug
    [34m[DEBUG][0m 2026-03-24T21:32:35.133Z protocol-security: [CircuitBreaker:elasticsearch] [INIT] CircuitBreaker инициализирован: elasticsearch

      at ConsoleTransport.method [as send] (src/logging/Logger.ts:158:7)
          at Array.map (<anonymous>)

  console.debug
    [34m[DEBUG][0m 2026-03-24T21:32:35.142Z protocol-security: [CircuitBreaker:redis] [INIT] CircuitBreaker инициализирован: redis

      at ConsoleTransport.method [as send] (src/logging/Logger.ts:158:7)
          at Array.map (<anonymous>)

  console.debug
    [34m[DEBUG][0m 2026-03-24T21:32:35.146Z protocol-security: [CircuitBreaker:database] [INIT] CircuitBreaker инициализирован: database

      at ConsoleTransport.method [as send] (src/logging/Logger.ts:158:7)
          at Array.map (<anonymous>)

  console.debug
    [34m[DEBUG][0m 2026-03-24T21:32:35.148Z protocol-security: [CircuitBreaker:vault] [INIT] CircuitBreaker инициализирован: vault

      at ConsoleTransport.method [as send] (src/logging/Logger.ts:158:7)
          at Array.map (<anonymous>)

  console.debug
    [34m[DEBUG][0m 2026-03-24T21:32:35.156Z protocol-security: [CircuitBreaker:elasticsearch] [INIT] CircuitBreaker инициализирован: elasticsearch

      at ConsoleTransport.method [as send] (src/logging/Logger.ts:158:7)
          at Array.map (<anonymous>)

  console.debug
    [34m[DEBUG][0m 2026-03-24T21:32:35.158Z protocol-security: [HealthCheckService] [START] Запуск Health Check Service

      at ConsoleTransport.method [as send] (src/logging/Logger.ts:158:7)
          at Array.map (<anonymous>)

  console.debug
    [34m[DEBUG][0m 2026-03-24T21:32:35.161Z protocol-security: [HealthCheckService] [STOP] Остановка Health Check Service

      at ConsoleTransport.method [as send] (src/logging/Logger.ts:158:7)
          at Array.map (<anonymous>)

  console.debug
    [34m[DEBUG][0m 2026-03-24T21:32:35.165Z protocol-security: [HealthCheckService] [STOP] Остановка Health Check Service

      at ConsoleTransport.method [as send] (src/logging/Logger.ts:158:7)
          at Array.map (<anonymous>)

  console.debug
    [34m[DEBUG][0m 2026-03-24T21:32:35.167Z protocol-security: [CircuitBreaker:redis] [INIT] CircuitBreaker инициализирован: redis

      at ConsoleTransport.method [as send] (src/logging/Logger.ts:158:7)
          at Array.map (<anonymous>)

  console.debug
    [34m[DEBUG][0m 2026-03-24T21:32:35.172Z protocol-security: [CircuitBreaker:database] [INIT] CircuitBreaker инициализирован: database

      at ConsoleTransport.method [as send] (src/logging/Logger.ts:158:7)
          at Array.map (<anonymous>)

  console.debug
    [34m[DEBUG][0m 2026-03-24T21:32:35.174Z protocol-security: [CircuitBreaker:vault] [INIT] CircuitBreaker инициализирован: vault

      at ConsoleTransport.method [as send] (src/logging/Logger.ts:158:7)
          at Array.map (<anonymous>)

  console.debug
    [34m[DEBUG][0m 2026-03-24T21:32:35.177Z protocol-security: [CircuitBreaker:elasticsearch] [INIT] CircuitBreaker инициализирован: elasticsearch

      at ConsoleTransport.method [as send] (src/logging/Logger.ts:158:7)
          at Array.map (<anonymous>)

  console.log
    [32m[INFO][0m 2026-03-24T21:32:35.179Z protocol-security: [JWTBlacklist] Инициализация завершена

      at ConsoleTransport.method [as send] (src/logging/Logger.ts:158:7)
          at Array.map (<anonymous>)

  console.debug
    [34m[DEBUG][0m 2026-03-24T21:32:35.180Z protocol-security: [CircuitBreaker:redis] [INIT] CircuitBreaker инициализирован: redis

      at ConsoleTransport.method [as send] (src/logging/Logger.ts:158:7)
          at Array.map (<anonymous>)

  console.log
    [32m[INFO][0m 2026-03-24T21:32:35.183Z protocol-security: [JWTBlacklist] Инициализация завершена

      at ConsoleTransport.method [as send] (src/logging/Logger.ts:158:7)
          at Array.map (<anonymous>)

  console.debug
    [34m[DEBUG][0m 2026-03-24T21:32:35.183Z protocol-security: [CircuitBreaker:database] [INIT] CircuitBreaker инициализирован: database

      at ConsoleTransport.method [as send] (src/logging/Logger.ts:158:7)
          at Array.map (<anonymous>)

  console.debug
    [34m[DEBUG][0m 2026-03-24T21:32:35.187Z protocol-security: [CircuitBreaker:vault] [INIT] CircuitBreaker инициализирован: vault

      at ConsoleTransport.method [as send] (src/logging/Logger.ts:158:7)
          at Array.map (<anonymous>)

  console.log
    [32m[INFO][0m 2026-03-24T21:32:35.187Z protocol-security: [JWTBlacklist] Инициализация завершена

      at ConsoleTransport.method [as send] (src/logging/Logger.ts:158:7)
          at Array.map (<anonymous>)

  console.debug
    [34m[DEBUG][0m 2026-03-24T21:32:35.190Z protocol-security: [CircuitBreaker:elasticsearch] [INIT] CircuitBreaker инициализирован: elasticsearch

      at ConsoleTransport.method [as send] (src/logging/Logger.ts:158:7)
          at Array.map (<anonymous>)

  console.debug
    [34m[DEBUG][0m 2026-03-24T21:32:35.192Z protocol-security: [HealthCheckService] [START] Запуск Health Check Service

      at ConsoleTransport.method [as send] (src/logging/Logger.ts:158:7)
          at Array.map (<anonymous>)

  console.log
    [32m[INFO][0m 2026-03-24T21:32:35.196Z protocol-security: [JWTBlacklist] Инициализация завершена

      at ConsoleTransport.method [as send] (src/logging/Logger.ts:158:7)
          at Array.map (<anonymous>)

  console.log
    [32m[INFO][0m 2026-03-24T21:32:35.200Z protocol-security: [JWTBlacklist] Инициализация завершена

      at ConsoleTransport.method [as send] (src/logging/Logger.ts:158:7)
          at Array.map (<anonymous>)

  console.log
    [32m[INFO][0m 2026-03-24T21:32:35.204Z protocol-security: [JWTBlacklist] Инициализация завершена

      at ConsoleTransport.method [as send] (src/logging/Logger.ts:158:7)
          at Array.map (<anonymous>)

  console.log
    [32m[INFO][0m 2026-03-24T21:32:35.308Z protocol-security: [JWTBlacklist] Инициализация завершена

      at ConsoleTransport.method [as send] (src/logging/Logger.ts:158:7)
          at Array.map (<anonymous>)

  console.log
    [32m[INFO][0m 2026-03-24T21:32:35.312Z protocol-security: [JWTBlacklist] Инициализация завершена

      at ConsoleTransport.method [as send] (src/logging/Logger.ts:158:7)
          at Array.map (<anonymous>)

  console.log
    [32m[INFO][0m 2026-03-24T21:32:35.314Z protocol-security: [JWTBlacklist] Blacklist отключен

      at ConsoleTransport.method [as send] (src/logging/Logger.ts:158:7)
          at Array.map (<anonymous>)

  console.debug
    [34m[DEBUG][0m 2026-03-24T21:32:35.321Z protocol-security: [HealthCheckService] [STOP] Остановка Health Check Service

      at ConsoleTransport.method [as send] (src/logging/Logger.ts:158:7)
          at Array.map (<anonymous>)

  console.log
    [32m[INFO][0m 2026-03-24T21:32:35.323Z protocol-security: [JWTBlacklist] Инициализация завершена

      at ConsoleTransport.method [as send] (src/logging/Logger.ts:158:7)
          at Array.map (<anonymous>)

  console.debug
    [34m[DEBUG][0m 2026-03-24T21:32:35.323Z protocol-security: [HealthCheckService] [STOP] Остановка Health Check Service

      at ConsoleTransport.method [as send] (src/logging/Logger.ts:158:7)
          at Array.map (<anonymous>)

  console.debug
    [34m[DEBUG][0m 2026-03-24T21:32:35.326Z protocol-security: [CircuitBreaker:redis] [INIT] CircuitBreaker инициализирован: redis

      at ConsoleTransport.method [as send] (src/logging/Logger.ts:158:7)
          at Array.map (<anonymous>)

  console.log
    [32m[INFO][0m 2026-03-24T21:32:35.325Z protocol-security: [JWTBlacklist] Инициализация завершена

      at ConsoleTransport.method [as send] (src/logging/Logger.ts:158:7)
          at Array.map (<anonymous>)

  console.debug
    [34m[DEBUG][0m 2026-03-24T21:32:35.329Z protocol-security: [CircuitBreaker:database] [INIT] CircuitBreaker инициализирован: database

      at ConsoleTransport.method [as send] (src/logging/Logger.ts:158:7)
          at Array.map (<anonymous>)

  console.log
    [32m[INFO][0m 2026-03-24T21:32:35.332Z protocol-security: [JWTBlacklist] Инициализация завершена

      at ConsoleTransport.method [as send] (src/logging/Logger.ts:158:7)
          at Array.map (<anonymous>)

  console.debug
    [34m[DEBUG][0m 2026-03-24T21:32:35.332Z protocol-security: [CircuitBreaker:vault] [INIT] CircuitBreaker инициализирован: vault

      at ConsoleTransport.method [as send] (src/logging/Logger.ts:158:7)
          at Array.map (<anonymous>)

  console.log
    [32m[INFO][0m 2026-03-24T21:32:35.336Z protocol-security: [JWTBlacklist] Инициализация завершена

      at ConsoleTransport.method [as send] (src/logging/Logger.ts:158:7)
          at Array.map (<anonymous>)

  console.debug
    [34m[DEBUG][0m 2026-03-24T21:32:35.335Z protocol-security: [CircuitBreaker:elasticsearch] [INIT] CircuitBreaker инициализирован: elasticsearch

      at ConsoleTransport.method [as send] (src/logging/Logger.ts:158:7)
          at Array.map (<anonymous>)

  console.debug
    [34m[DEBUG][0m 2026-03-24T21:32:35.338Z protocol-security: [CircuitBreaker:redis] [INIT] CircuitBreaker инициализирован: redis

      at ConsoleTransport.method [as send] (src/logging/Logger.ts:158:7)
          at Array.map (<anonymous>)

  console.log
    [32m[INFO][0m 2026-03-24T21:32:35.348Z protocol-security: [JWTBlacklist] Инициализация завершена

      at ConsoleTransport.method [as send] (src/logging/Logger.ts:158:7)
          at Array.map (<anonymous>)

  console.debug
    [34m[DEBUG][0m 2026-03-24T21:32:35.348Z protocol-security: [CircuitBreaker:database] [INIT] CircuitBreaker инициализирован: database

      at ConsoleTransport.method [as send] (src/logging/Logger.ts:158:7)
          at Array.map (<anonymous>)

  console.log
    [32m[INFO][0m 2026-03-24T21:32:35.352Z protocol-security: [JWTBlacklist] Инициализация завершена

      at ConsoleTransport.method [as send] (src/logging/Logger.ts:158:7)
          at Array.map (<anonymous>)

  console.debug
    [34m[DEBUG][0m 2026-03-24T21:32:35.352Z protocol-security: [CircuitBreaker:vault] [INIT] CircuitBreaker инициализирован: vault

      at ConsoleTransport.method [as send] (src/logging/Logger.ts:158:7)
          at Array.map (<anonymous>)

  console.log
    [32m[INFO][0m 2026-03-24T21:32:35.354Z protocol-security: [JWTBlacklist] Blacklist отключен

      at ConsoleTransport.method [as send] (src/logging/Logger.ts:158:7)
          at Array.map (<anonymous>)

  console.debug
    [34m[DEBUG][0m 2026-03-24T21:32:35.355Z protocol-security: [CircuitBreaker:elasticsearch] [INIT] CircuitBreaker инициализирован: elasticsearch

      at ConsoleTransport.method [as send] (src/logging/Logger.ts:158:7)
          at Array.map (<anonymous>)

  console.log
    [32m[INFO][0m 2026-03-24T21:32:35.358Z protocol-security: [JWTBlacklist] Инициализация завершена

      at ConsoleTransport.method [as send] (src/logging/Logger.ts:158:7)
          at Array.map (<anonymous>)

  console.error
    [31m[ERROR][0m 2026-03-24T21:32:35.360Z protocol-security: [JWTBlacklist] Ошибка проверки токена

    [0m [90m 156 |[39m       [90m// Выбор метода вывода в зависимости от уровня[39m
     [90m 157 |[39m       [36mconst[39m method [33m=[39m [36mthis[39m[33m.[39mgetConsoleMethod(log[33m.[39mlevel)[33m;[39m
    [31m[1m>[22m[39m[90m 158 |[39m       method(output)[33m;[39m
     [90m     |[39m       [31m[1m^[22m[39m
     [90m 159 |[39m       
     [90m 160 |[39m       [36mreturn[39m {
     [90m 161 |[39m         success[33m:[39m [36mtrue[39m[33m,[39m[0m

      at ConsoleTransport.method [as send] (src/logging/Logger.ts:158:7)
      at send (src/logging/Logger.ts:871:42)
          at Array.map (<anonymous>)
      at SecureLogger.map (src/logging/Logger.ts:868:49)
      at SecureLogger.log [as error] (src/logging/Logger.ts:997:17)
      at JWTBlacklist.error [as isRevoked] (src/auth/JWTBlacklist.ts:415:14)
      at Object.<anonymous> (tests/auth/JWTBlacklist.test.ts:280:22)

  console.log
    [32m[INFO][0m 2026-03-24T21:32:35.392Z protocol-security: [JWTBlacklist] Инициализация завершена

      at ConsoleTransport.method [as send] (src/logging/Logger.ts:158:7)
          at Array.map (<anonymous>)

  console.log
    [32m[INFO][0m 2026-03-24T21:32:35.395Z protocol-security: [JWTBlacklist] Отозвано 3 токенов пользователя user-mass-revoke

      at ConsoleTransport.method [as send] (src/logging/Logger.ts:158:7)
          at Array.map (<anonymous>)

  console.log
    [32m[INFO][0m 2026-03-24T21:32:35.399Z protocol-security: [JWTBlacklist] Инициализация завершена

      at ConsoleTransport.method [as send] (src/logging/Logger.ts:158:7)
          at Array.map (<anonymous>)

  console.log
    [32m[INFO][0m 2026-03-24T21:32:35.401Z protocol-security: [JWTBlacklist] Инициализация завершена

      at ConsoleTransport.method [as send] (src/logging/Logger.ts:158:7)
          at Array.map (<anonymous>)

  console.log
    [32m[INFO][0m 2026-03-24T21:32:35.403Z protocol-security: [JWTBlacklist] Отозвано 1 токенов пользователя user-123

      at ConsoleTransport.method [as send] (src/logging/Logger.ts:158:7)
          at Array.map (<anonymous>)

  console.log
    [32m[INFO][0m 2026-03-24T21:32:35.406Z protocol-security: [JWTBlacklist] Инициализация завершена

      at ConsoleTransport.method [as send] (src/logging/Logger.ts:158:7)
          at Array.map (<anonymous>)

  console.log
    [32m[INFO][0m 2026-03-24T21:32:35.408Z protocol-security: [JWTBlacklist] Инициализация завершена

      at ConsoleTransport.method [as send] (src/logging/Logger.ts:158:7)
          at Array.map (<anonymous>)

  console.log
    [32m[INFO][0m 2026-03-24T21:32:35.412Z protocol-security: [JWTBlacklist] Инициализация завершена

      at ConsoleTransport.method [as send] (src/logging/Logger.ts:158:7)
          at Array.map (<anonymous>)

  console.log
    [32m[INFO][0m 2026-03-24T21:32:35.414Z protocol-security: [JWTBlacklist] Отозвано 1 токенов пользователя user-123

      at ConsoleTransport.method [as send] (src/logging/Logger.ts:158:7)
          at Array.map (<anonymous>)

  console.log
    [32m[INFO][0m 2026-03-24T21:32:35.417Z protocol-security: [JWTBlacklist] Инициализация завершена

      at ConsoleTransport.method [as send] (src/logging/Logger.ts:158:7)
          at Array.map (<anonymous>)

  console.log
    [32m[INFO][0m 2026-03-24T21:32:35.420Z protocol-security: [JWTBlacklist] Отозвано 2 токенов устройства device-abc-123

      at ConsoleTransport.method [as send] (src/logging/Logger.ts:158:7)
          at Array.map (<anonymous>)

  console.log
    [32m[INFO][0m 2026-03-24T21:32:35.423Z protocol-security: [JWTBlacklist] Инициализация завершена

      at ConsoleTransport.method [as send] (src/logging/Logger.ts:158:7)
          at Array.map (<anonymous>)

  console.log
    [32m[INFO][0m 2026-03-24T21:32:35.426Z protocol-security: [JWTBlacklist] Инициализация завершена

      at ConsoleTransport.method [as send] (src/logging/Logger.ts:158:7)
          at Array.map (<anonymous>)

  console.log
    [32m[INFO][0m 2026-03-24T21:32:35.429Z protocol-security: [JWTBlacklist] Отозвано 1 токенов сессии session-xyz

      at ConsoleTransport.method [as send] (src/logging/Logger.ts:158:7)
          at Array.map (<anonymous>)

  console.log
    [32m[INFO][0m 2026-03-24T21:32:35.432Z protocol-security: [JWTBlacklist] Инициализация завершена

      at ConsoleTransport.method [as send] (src/logging/Logger.ts:158:7)
          at Array.map (<anonymous>)

  console.log
    [32m[INFO][0m 2026-03-24T21:32:35.434Z protocol-security: [JWTBlacklist] Очистка завершена

      at ConsoleTransport.method [as send] (src/logging/Logger.ts:158:7)
          at Array.map (<anonymous>)

  console.log
    [32m[INFO][0m 2026-03-24T21:32:35.437Z protocol-security: [JWTBlacklist] Инициализация завершена

      at ConsoleTransport.method [as send] (src/logging/Logger.ts:158:7)
          at Array.map (<anonymous>)

  console.log
    [32m[INFO][0m 2026-03-24T21:32:35.440Z protocol-security: [JWTBlacklist] Инициализация завершена

      at ConsoleTransport.method [as send] (src/logging/Logger.ts:158:7)
          at Array.map (<anonymous>)

  console.log
    [32m[INFO][0m 2026-03-24T21:32:35.442Z protocol-security: [JWTBlacklist] Очистка завершена

      at ConsoleTransport.method [as send] (src/logging/Logger.ts:158:7)
          at Array.map (<anonymous>)

  console.log
    [32m[INFO][0m 2026-03-24T21:32:35.445Z protocol-security: [JWTBlacklist] Инициализация завершена

      at ConsoleTransport.method [as send] (src/logging/Logger.ts:158:7)
          at Array.map (<anonymous>)

  console.log
    [32m[INFO][0m 2026-03-24T21:32:35.449Z protocol-security: [JWTBlacklist] Инициализация завершена

      at ConsoleTransport.method [as send] (src/logging/Logger.ts:158:7)
          at Array.map (<anonymous>)

  console.log
    [32m[INFO][0m 2026-03-24T21:32:35.451Z protocol-security: [JWTBlacklist] Инициализация завершена

      at ConsoleTransport.method [as send] (src/logging/Logger.ts:158:7)
          at Array.map (<anonymous>)

  console.log
    [32m[INFO][0m 2026-03-24T21:32:35.455Z protocol-security: [JWTBlacklist] Инициализация завершена

      at ConsoleTransport.method [as send] (src/logging/Logger.ts:158:7)
          at Array.map (<anonymous>)

  console.log
    [32m[INFO][0m 2026-03-24T21:32:35.458Z protocol-security: [JWTBlacklist] Инициализация завершена

      at ConsoleTransport.method [as send] (src/logging/Logger.ts:158:7)
          at Array.map (<anonymous>)

  console.log
    [32m[INFO][0m 2026-03-24T21:32:35.461Z protocol-security: [JWTBlacklist] Инициализация завершена

      at ConsoleTransport.method [as send] (src/logging/Logger.ts:158:7)
          at Array.map (<anonymous>)

  console.log
    [32m[INFO][0m 2026-03-24T21:32:35.463Z protocol-security: [JWTBlacklist] Инициализация завершена

      at ConsoleTransport.method [as send] (src/logging/Logger.ts:158:7)
          at Array.map (<anonymous>)

  console.log
    [32m[INFO][0m 2026-03-24T21:32:35.465Z protocol-security: [JWTBlacklist] Инициализация завершена

      at ConsoleTransport.method [as send] (src/logging/Logger.ts:158:7)
          at Array.map (<anonymous>)

  console.log
    [32m[INFO][0m 2026-03-24T21:32:35.469Z protocol-security: [JWTBlacklist] Инициализация завершена

      at ConsoleTransport.method [as send] (src/logging/Logger.ts:158:7)
          at Array.map (<anonymous>)

  console.log
    [32m[INFO][0m 2026-03-24T21:32:35.477Z protocol-security: [JWTBlacklist] Инициализация завершена

      at ConsoleTransport.method [as send] (src/logging/Logger.ts:158:7)
          at Array.map (<anonymous>)

  console.log
    [32m[INFO][0m 2026-03-24T21:32:35.483Z protocol-security: [JWTBlacklist] Инициализация завершена

      at ConsoleTransport.method [as send] (src/logging/Logger.ts:158:7)
          at Array.map (<anonymous>)

  console.log
    [32m[INFO][0m 2026-03-24T21:32:35.488Z protocol-security: [JWTBlacklist] Инициализация завершена

      at ConsoleTransport.method [as send] (src/logging/Logger.ts:158:7)
          at Array.map (<anonymous>)

  console.log
    [32m[INFO][0m 2026-03-24T21:32:35.492Z protocol-security: [JWTBlacklist] Инициализация завершена

      at ConsoleTransport.method [as send] (src/logging/Logger.ts:158:7)
          at Array.map (<anonymous>)

  console.log
    [32m[INFO][0m 2026-03-24T21:32:35.496Z protocol-security: [JWTBlacklist] Инициализация завершена

      at ConsoleTransport.method [as send] (src/logging/Logger.ts:158:7)
          at Array.map (<anonymous>)

  console.log
    [32m[INFO][0m 2026-03-24T21:32:35.499Z protocol-security: [JWTBlacklist] Отозвано 5 токенов пользователя mass-revoke-user

      at ConsoleTransport.method [as send] (src/logging/Logger.ts:158:7)
          at Array.map (<anonymous>)

  console.log
    [32m[INFO][0m 2026-03-24T21:32:35.503Z protocol-security: [JWTBlacklist] Инициализация завершена

      at ConsoleTransport.method [as send] (src/logging/Logger.ts:158:7)
          at Array.map (<anonymous>)

  console.log
    [32m[INFO][0m 2026-03-24T21:32:35.506Z protocol-security: [JWTBlacklist] Инициализация завершена

      at ConsoleTransport.method [as send] (src/logging/Logger.ts:158:7)
          at Array.map (<anonymous>)

  console.log
    [32m[INFO][0m 2026-03-24T21:32:35.510Z protocol-security: [JWTBlacklist] Инициализация завершена

      at ConsoleTransport.method [as send] (src/logging/Logger.ts:158:7)
          at Array.map (<anonymous>)

  console.log
    [32m[INFO][0m 2026-03-24T21:32:35.514Z protocol-security: [JWTBlacklist] Инициализация завершена

      at ConsoleTransport.method [as send] (src/logging/Logger.ts:158:7)
          at Array.map (<anonymous>)

  console.log
    [32m[INFO][0m 2026-03-24T21:32:35.517Z protocol-security: [JWTBlacklist] Отозвано 2 токенов пользователя race-condition-user

      at ConsoleTransport.method [as send] (src/logging/Logger.ts:158:7)
          at Array.map (<anonymous>)
          at async Promise.all (index 0)

  console.warn
    [33m[WARNING][0m 2026-03-24T21:32:35.520Z protocol-security: [JWTBlacklist] Redis недоступен при проверке токена

    [0m [90m 156 |[39m       [90m// Выбор метода вывода в зависимости от уровня[39m
     [90m 157 |[39m       [36mconst[39m method [33m=[39m [36mthis[39m[33m.[39mgetConsoleMethod(log[33m.[39mlevel)[33m;[39m
    [31m[1m>[22m[39m[90m 158 |[39m       method(output)[33m;[39m
     [90m     |[39m       [31m[1m^[22m[39m
     [90m 159 |[39m       
     [90m 160 |[39m       [36mreturn[39m {
     [90m 161 |[39m         success[33m:[39m [36mtrue[39m[33m,[39m[0m

      at ConsoleTransport.method [as send] (src/logging/Logger.ts:158:7)
      at send (src/logging/Logger.ts:871:42)
          at Array.map (<anonymous>)
      at SecureLogger.map (src/logging/Logger.ts:868:49)
      at SecureLogger.log [as warn] (src/logging/Logger.ts:1067:17)
      at JWTBlacklist.warn [as isRevoked] (src/auth/JWTBlacklist.ts:411:16)
      at Object.<anonymous> (tests/auth/JWTBlacklist.test.ts:757:38)

  console.warn
    [33m[WARNING][0m 2026-03-24T21:32:35.541Z protocol-security: [JWTBlacklist] Redis недоступен при проверке токена

    [0m [90m 156 |[39m       [90m// Выбор метода вывода в зависимости от уровня[39m
     [90m 157 |[39m       [36mconst[39m method [33m=[39m [36mthis[39m[33m.[39mgetConsoleMethod(log[33m.[39mlevel)[33m;[39m
    [31m[1m>[22m[39m[90m 158 |[39m       method(output)[33m;[39m
     [90m     |[39m       [31m[1m^[22m[39m
     [90m 159 |[39m       
     [90m 160 |[39m       [36mreturn[39m {
     [90m 161 |[39m         success[33m:[39m [36mtrue[39m[33m,[39m[0m

      at ConsoleTransport.method [as send] (src/logging/Logger.ts:158:7)
      at send (src/logging/Logger.ts:871:42)
          at Array.map (<anonymous>)
      at SecureLogger.map (src/logging/Logger.ts:868:49)
      at SecureLogger.log [as warn] (src/logging/Logger.ts:1067:17)
      at JWTBlacklist.warn [as isRevoked] (src/auth/JWTBlacklist.ts:411:16)
      at Object.<anonymous> (tests/auth/JWTBlacklist.test.ts:767:23)

  console.log
    [32m[INFO][0m 2026-03-24T21:32:35.570Z protocol-security: [JWTBlacklist] Инициализация завершена

      at ConsoleTransport.method [as send] (src/logging/Logger.ts:158:7)
          at Array.map (<anonymous>)

  console.log
    [32m[INFO][0m 2026-03-24T21:32:35.580Z protocol-security: [JWTBlacklist] Инициализация завершена

      at ConsoleTransport.method [as send] (src/logging/Logger.ts:158:7)
          at Array.map (<anonymous>)

  console.debug
    [34m[DEBUG][0m 2026-03-24T21:32:35.600Z protocol-security: [HealthCheckService] [STOP] Остановка Health Check Service

      at ConsoleTransport.method [as send] (src/logging/Logger.ts:158:7)
          at Array.map (<anonymous>)

  console.debug
    [34m[DEBUG][0m 2026-03-24T21:32:35.603Z protocol-security: [HealthCheckService] [STOP] Остановка Health Check Service

      at ConsoleTransport.method [as send] (src/logging/Logger.ts:158:7)
          at Array.map (<anonymous>)

  console.debug
    [34m[DEBUG][0m 2026-03-24T21:32:35.611Z protocol-security: [CircuitBreaker:redis] [INIT] CircuitBreaker инициализирован: redis

      at ConsoleTransport.method [as send] (src/logging/Logger.ts:158:7)
          at Array.map (<anonymous>)

  console.debug
    [34m[DEBUG][0m 2026-03-24T21:32:35.614Z protocol-security: [CircuitBreaker:database] [INIT] CircuitBreaker инициализирован: database

      at ConsoleTransport.method [as send] (src/logging/Logger.ts:158:7)
          at Array.map (<anonymous>)

  console.debug
    [34m[DEBUG][0m 2026-03-24T21:32:35.617Z protocol-security: [CircuitBreaker:vault] [INIT] CircuitBreaker инициализирован: vault

      at ConsoleTransport.method [as send] (src/logging/Logger.ts:158:7)
          at Array.map (<anonymous>)

  console.debug
    [34m[DEBUG][0m 2026-03-24T21:32:35.619Z protocol-security: [CircuitBreaker:elasticsearch] [INIT] CircuitBreaker инициализирован: elasticsearch

      at ConsoleTransport.method [as send] (src/logging/Logger.ts:158:7)
          at Array.map (<anonymous>)

  console.debug
    [34m[DEBUG][0m 2026-03-24T21:32:35.622Z protocol-security: [CircuitBreaker:redis] [INIT] CircuitBreaker инициализирован: redis

      at ConsoleTransport.method [as send] (src/logging/Logger.ts:158:7)
          at Array.map (<anonymous>)

  console.debug
    [34m[DEBUG][0m 2026-03-24T21:32:35.624Z protocol-security: [CircuitBreaker:database] [INIT] CircuitBreaker инициализирован: database

      at ConsoleTransport.method [as send] (src/logging/Logger.ts:158:7)
          at Array.map (<anonymous>)

  console.debug
    [34m[DEBUG][0m 2026-03-24T21:32:35.627Z protocol-security: [CircuitBreaker:vault] [INIT] CircuitBreaker инициализирован: vault

      at ConsoleTransport.method [as send] (src/logging/Logger.ts:158:7)
          at Array.map (<anonymous>)

  console.debug
    [34m[DEBUG][0m 2026-03-24T21:32:35.630Z protocol-security: [CircuitBreaker:elasticsearch] [INIT] CircuitBreaker инициализирован: elasticsearch

      at ConsoleTransport.method [as send] (src/logging/Logger.ts:158:7)
          at Array.map (<anonymous>)

  console.debug
    [34m[DEBUG][0m 2026-03-24T21:32:35.637Z protocol-security: [HealthCheckService] [START] Запуск Health Check Service

      at ConsoleTransport.method [as send] (src/logging/Logger.ts:158:7)
          at Array.map (<anonymous>)

  console.error
    [winston] Attempt to write logs with no transports, which can increase memory usage: {"service":"protocol-security","category":"AUTH","eventType":"LOGIN","severity":"INFO","outcome":"SUCCESS","actor":{"type":"user","id":"user123"},"action":"login","resource":{"type":"auth-service"},"context":{"ipAddress":"127.0.0.1","correlationId":"test-123"},"eventId":"7b1d079f-cc5c-4ba8-a1c5-3ca5b2772e25","timestamp":"2026-03-24T21:32:35.737Z","level":"info","message":"LOGIN"}

    [0m [90m 278 |[39m     [90m// Логирование[39m
     [90m 279 |[39m     [36mconst[39m logLevel [33m=[39m [36mthis[39m[33m.[39mgetLogLevel(securityEvent[33m.[39mseverity)[33m;[39m
    [31m[1m>[22m[39m[90m 280 |[39m     [36mthis[39m[33m.[39mlogger[33m.[39mlog(logLevel[33m,[39m securityEvent[33m.[39meventType[33m,[39m securityEvent)[33m;[39m
     [90m     |[39m                 [31m[1m^[22m[39m
     [90m 281 |[39m   }
     [90m 282 |[39m
     [90m 283 |[39m   [90m/**[39m[0m

      at DerivedLogger._transform (node_modules/winston/lib/winston/logger.js:326:15)
      at DerivedLogger.Object.<anonymous>.Transform._read (node_modules/readable-stream/lib/_stream_transform.js:166:10)
      at DerivedLogger.Object.<anonymous>.Transform._write (node_modules/readable-stream/lib/_stream_transform.js:155:83)
      at doWrite (node_modules/readable-stream/lib/_stream_writable.js:390:139)
      at writeOrBuffer (node_modules/readable-stream/lib/_stream_writable.js:381:5)
      at DerivedLogger.Object.<anonymous>.Writable.write (node_modules/readable-stream/lib/_stream_writable.js:302:11)
      at DerivedLogger.log (node_modules/winston/lib/winston/logger.js:276:14)
      at SecurityLogger.log (src/logging/StructuredSecurityLogger.ts:280:17)
      at Object.<anonymous> (tests/security/security-logger.test.ts:106:14)

  console.error
    [winston] Attempt to write logs with no transports, which can increase memory usage: {"service":"protocol-security","category":"AUTH","eventType":"LOGIN_SUCCESS","severity":"INFO","outcome":"SUCCESS","actor":{"type":"user","id":"user123","identifier":"user@example.com"},"action":"login_success","resource":{"type":"authentication-service","name":"Auth Service"},"context":{"ipAddress":"192.168.1.1","sessionId":"sess_abc123","correlationId":"8c238d4d-a0d8-492e-8e17-61a5134d04cf"},"data":{},"tags":["authentication","login_success"],"eventId":"893f40b8-c1c7-4fed-8a1d-ec891d079fcb","timestamp":"2026-03-24T21:32:35.799Z","level":"info","message":"LOGIN_SUCCESS"}

    [0m [90m 278 |[39m     [90m// Логирование[39m
     [90m 279 |[39m     [36mconst[39m logLevel [33m=[39m [36mthis[39m[33m.[39mgetLogLevel(securityEvent[33m.[39mseverity)[33m;[39m
    [31m[1m>[22m[39m[90m 280 |[39m     [36mthis[39m[33m.[39mlogger[33m.[39mlog(logLevel[33m,[39m securityEvent[33m.[39meventType[33m,[39m securityEvent)[33m;[39m
     [90m     |[39m                 [31m[1m^[22m[39m
     [90m 281 |[39m   }
     [90m 282 |[39m
     [90m 283 |[39m   [90m/**[39m[0m

      at DerivedLogger._transform (node_modules/winston/lib/winston/logger.js:326:15)
      at DerivedLogger.Object.<anonymous>.Transform._read (node_modules/readable-stream/lib/_stream_transform.js:166:10)
      at DerivedLogger.Object.<anonymous>.Transform._write (node_modules/readable-stream/lib/_stream_transform.js:155:83)
      at doWrite (node_modules/readable-stream/lib/_stream_writable.js:390:139)
      at writeOrBuffer (node_modules/readable-stream/lib/_stream_writable.js:381:5)
      at DerivedLogger.Object.<anonymous>.Writable.write (node_modules/readable-stream/lib/_stream_writable.js:302:11)
      at DerivedLogger.log (node_modules/winston/lib/winston/logger.js:276:14)
      at SecurityLogger.log (src/logging/StructuredSecurityLogger.ts:280:17)
      at SecurityLogger.log [as logAuth] (src/logging/StructuredSecurityLogger.ts:298:10)
      at Object.<anonymous> (tests/security/security-logger.test.ts:134:14)

FAIL tests/auth/JWTBlacklist.test.ts
  JWTBlacklist
    Инициализация
      √ должен успешно инициализироваться с Redis (65 ms)
      √ должен корректно обрабатывать отключенный blacklist (7 ms)
      √ должен обрабатывать ошибку подключения к Redis (30 ms)
      × должен запускать периодическую очистку при инициализации (4 ms)
    Уничтожение
      √ должен корректно закрывать соединение с Redis (3 ms)
      √ должен останавливать интервал очистки (4 ms)
    revokeToken
      √ должен успешно отзывать токен (8 ms)
      √ должен создавать индекс по userId (5 ms)
      √ должен создавать индекс по deviceId (3 ms)
      √ должен выбрасывать ошибку при пустом tokenId (104 ms)
      √ должен выбрасывать ошибку при отрицательном TTL (5 ms)
      √ должен выбрасывать ошибку если blacklist отключен (11 ms)
      √ должен использовать fallback при недоступном Redis (8 ms)
    isRevoked
      √ должен возвращать false для не отозванного токена (4 ms)
      √ должен возвращать true для отозванного токена (13 ms)
      √ должен возвращать false при пустом tokenId (3 ms)
      √ должен возвращать false если blacklist отключен (5 ms)
      √ должен обрабатывать ошибку при проверке токена (34 ms)
    revokeUserTokens
      √ должен отзывать все токены пользователя (7 ms)
      √ должен возвращать 0 если у пользователя нет токенов (3 ms)
      √ должен фильтровать уже отозванные токены (4 ms)
      × должен выбрасывать ошибку при недоступном Redis (5 ms)
      √ должен очищать индекс пользователя после revocation (6 ms)
    revokeDeviceTokens
      √ должен отзывать все токены устройства (5 ms)
      √ должен возвращать 0 если у устройства нет токенов (3 ms)
    revokeSessionTokens
      √ должен отзывать все токены сессии (6 ms)
    cleanup
      √ должен выполнять очистку просроченных записей (6 ms)
      × должен возвращать 0 если Redis недоступен (7 ms)
    getMetrics
      √ должен возвращать метрики blacklist (4 ms)
      × должен возвращать метрики с redisConnected=false если Redis недоступен (5 ms)
    getRevokedTokenInfo
      √ должен возвращать информацию об отозванном токене (4 ms)
      √ должен возвращать null если токен не найден (3 ms)
      √ должен возвращать null если Redis недоступен (4 ms)
    getUserRevokedTokens
      √ должен возвращать все отозванные токены пользователя (3 ms)
      √ должен возвращать пустой массив если у пользователя нет токенов (9 ms)
    getDeviceRevokedTokens
      √ должен возвращать все отозванные токены устройства (3 ms)
      √ должен возвращать пустой массив если у устройства нет токенов (4 ms)
    getStatus
      √ должен возвращать корректный статус до инициализации (1 ms)
      √ должен возвращать корректный статус после инициализации (3 ms)
      √ должен возвращать enabled=false если blacklist отключен
    Интеграция: полный цикл revocation
      × должен выполнять полный цикл: revoke -> check -> cleanup (2 ms)
      × должен корректно обрабатывать массовую revocation (7 ms)
    Security тесты
      × должен предотвращать injection атаки через tokenId (3 ms)
      × должен корректно обрабатывать очень длинные tokenId (3 ms)
      × должен обрабатывать специальные символы в reason (4 ms)
      √ должен предотвращать race conditions при массовой revocation (6 ms)
    Fail-open / Fail-close поведение
      √ должен использовать fail-open при проверке токена (доступность > безопасность) (19 ms)
      × должен логировать ошибку при fail-open (29 ms)
    TTL тесты
      √ должен устанавливать корректный TTL для записи (10 ms)
      √ должен устанавливать TTL для индексов (4 ms)
  createJWTBlacklist
    √ должен создавать экземпляр с конфигурацией по умолчанию (1 ms)
    √ должен создавать экземпляр с кастомной конфигурацией (1 ms)
    √ должен объединять конфигурацию с дефолтной

  ● JWTBlacklist › Инициализация › должен запускать периодическую очистку при инициализации

    expect(received).toBe(expected) // Object.is equality

    Expected: false
    Received: true

    [0m [90m 108 |[39m
     [90m 109 |[39m       [36mawait[39m cleanupBlacklist[33m.[39mdestroy()[33m;[39m
    [31m[1m>[22m[39m[90m 110 |[39m       expect(status[33m.[39mcleanupRunning)[33m.[39mtoBe([36mfalse[39m)[33m;[39m
     [90m     |[39m                                     [31m[1m^[22m[39m
     [90m 111 |[39m     })[33m;[39m
     [90m 112 |[39m   })[33m;[39m
     [90m 113 |[39m[0m

      at Object.<anonymous> (tests/auth/JWTBlacklist.test.ts:110:37)

  ● JWTBlacklist › revokeUserTokens › должен выбрасывать ошибку при недоступном Redis

    expect(received).rejects.toThrow()

    Received promise resolved instead of rejected
    Resolved to value: 0

    [0m [90m 335 |[39m       [36mawait[39m noRedisBlacklist[33m.[39minitialize()[33m;[39m
     [90m 336 |[39m
    [31m[1m>[22m[39m[90m 337 |[39m       [36mawait[39m expect(noRedisBlacklist[33m.[39mrevokeUserTokens([32m'user'[39m[33m,[39m [35m3600[39m))[33m.[39mrejects[33m.[39mtoThrow([33mAuthError[39m)[33m;[39m
     [90m     |[39m             [31m[1m^[22m[39m
     [90m 338 |[39m
     [90m 339 |[39m       [36mawait[39m noRedisBlacklist[33m.[39mdestroy()[33m;[39m
     [90m 340 |[39m     })[33m;[39m[0m

      at expect (node_modules/expect/build/index.js:113:15)
      at Object.<anonymous> (tests/auth/JWTBlacklist.test.ts:337:13)

  ● JWTBlacklist › cleanup › должен возвращать 0 если Redis недоступен

    expect(received).toBe(expected) // Object.is equality

    Expected: 0
    Received: 2

    [0m [90m 433 |[39m
     [90m 434 |[39m       expect(result[33m.[39mcleanedKeys)[33m.[39mtoBe([35m0[39m)[33m;[39m
    [31m[1m>[22m[39m[90m 435 |[39m       expect(result[33m.[39mcleanedUserIndexes)[33m.[39mtoBe([35m0[39m)[33m;[39m
     [90m     |[39m                                         [31m[1m^[22m[39m
     [90m 436 |[39m       expect(result[33m.[39mcleanedDeviceIndexes)[33m.[39mtoBe([35m0[39m)[33m;[39m
     [90m 437 |[39m
     [90m 438 |[39m       [36mawait[39m noRedisBlacklist[33m.[39mdestroy()[33m;[39m[0m

      at Object.<anonymous> (tests/auth/JWTBlacklist.test.ts:435:41)

  ● JWTBlacklist › getMetrics › должен возвращать метрики с redisConnected=false если Redis недоступен

    expect(received).toBe(expected) // Object.is equality

    Expected: false
    Received: true

    [0m [90m 475 |[39m       [36mconst[39m metrics [33m=[39m [36mawait[39m noRedisBlacklist[33m.[39mgetMetrics()[33m;[39m
     [90m 476 |[39m
    [31m[1m>[22m[39m[90m 477 |[39m       expect(metrics[33m.[39mredisConnected)[33m.[39mtoBe([36mfalse[39m)[33m;[39m
     [90m     |[39m                                      [31m[1m^[22m[39m
     [90m 478 |[39m
     [90m 479 |[39m       [36mawait[39m noRedisBlacklist[33m.[39mdestroy()[33m;[39m
     [90m 480 |[39m     })[33m;[39m[0m

      at Object.<anonymous> (tests/auth/JWTBlacklist.test.ts:477:38)

  ● JWTBlacklist › Интеграция: полный цикл revocation › должен выполнять полный цикл: revoke -> check -> cleanup

    expect(received).toBe(expected) // Object.is equality

    Expected: true
    Received: false

    [0m [90m 640 |[39m       [90m// 2. Проверка что токен отозван[39m
     [90m 641 |[39m       [36mconst[39m checkResult [33m=[39m [36mawait[39m blacklist[33m.[39misRevoked(tokenId)[33m;[39m
    [31m[1m>[22m[39m[90m 642 |[39m       expect(checkResult[33m.[39misRevoked)[33m.[39mtoBe([36mtrue[39m)[33m;[39m
     [90m     |[39m                                     [31m[1m^[22m[39m
     [90m 643 |[39m       expect(checkResult[33m.[39mreason)[33m.[39mtoBe([32m'Integration test'[39m)[33m;[39m
     [90m 644 |[39m
     [90m 645 |[39m       [90m// 3. Получение метрик[39m[0m

      at Object.<anonymous> (tests/auth/JWTBlacklist.test.ts:642:37)

  ● JWTBlacklist › Интеграция: полный цикл revocation › должен корректно обрабатывать массовую revocation

    expect(received).toBe(expected) // Object.is equality

    Expected: true
    Received: false

    [0m [90m 677 |[39m       [36mfor[39m ([36mconst[39m tokenId [36mof[39m tokenIds) {
     [90m 678 |[39m         [36mconst[39m result [33m=[39m [36mawait[39m blacklist[33m.[39misRevoked(tokenId)[33m;[39m
    [31m[1m>[22m[39m[90m 679 |[39m         expect(result[33m.[39misRevoked)[33m.[39mtoBe([36mtrue[39m)[33m;[39m
     [90m     |[39m                                  [31m[1m^[22m[39m
     [90m 680 |[39m       }
     [90m 681 |[39m
     [90m 682 |[39m       [36mawait[39m blacklist[33m.[39mdestroy()[33m;[39m[0m

      at Object.<anonymous> (tests/auth/JWTBlacklist.test.ts:679:34)

  ● JWTBlacklist › Security тесты › должен предотвращать injection атаки через tokenId

    expect(received).toBe(expected) // Object.is equality

    Expected: true
    Received: false

    [0m [90m 702 |[39m       [90m// Проверка должна работать корректно[39m
     [90m 703 |[39m       [36mconst[39m checkResult [33m=[39m [36mawait[39m blacklist[33m.[39misRevoked(maliciousTokenId)[33m;[39m
    [31m[1m>[22m[39m[90m 704 |[39m       expect(checkResult[33m.[39misRevoked)[33m.[39mtoBe([36mtrue[39m)[33m;[39m
     [90m     |[39m                                     [31m[1m^[22m[39m
     [90m 705 |[39m     })[33m;[39m
     [90m 706 |[39m
     [90m 707 |[39m     it([32m'должен корректно обрабатывать очень длинные tokenId'[39m[33m,[39m [36masync[39m () [33m=>[39m {[0m

      at Object.<anonymous> (tests/auth/JWTBlacklist.test.ts:704:37)

  ● JWTBlacklist › Security тесты › должен корректно обрабатывать очень длинные tokenId

    expect(received).toBe(expected) // Object.is equality

    Expected: true
    Received: false

    [0m [90m 712 |[39m
     [90m 713 |[39m       [36mconst[39m checkResult [33m=[39m [36mawait[39m blacklist[33m.[39misRevoked(longTokenId)[33m;[39m
    [31m[1m>[22m[39m[90m 714 |[39m       expect(checkResult[33m.[39misRevoked)[33m.[39mtoBe([36mtrue[39m)[33m;[39m
     [90m     |[39m                                     [31m[1m^[22m[39m
     [90m 715 |[39m     })[33m;[39m
     [90m 716 |[39m
     [90m 717 |[39m     it([32m'должен обрабатывать специальные символы в reason'[39m[33m,[39m [36masync[39m () [33m=>[39m {[0m

      at Object.<anonymous> (tests/auth/JWTBlacklist.test.ts:714:37)

  ● JWTBlacklist › Security тесты › должен обрабатывать специальные символы в reason

    expect(received).toBe(expected) // Object.is equality

    Expected: "<script>alert(\"XSS\")</script>"
    Received: undefined

    [0m [90m 725 |[39m
     [90m 726 |[39m       [36mconst[39m checkResult [33m=[39m [36mawait[39m blacklist[33m.[39misRevoked([32m'xss-token'[39m)[33m;[39m
    [31m[1m>[22m[39m[90m 727 |[39m       expect(checkResult[33m.[39mreason)[33m.[39mtoBe(specialReason)[33m;[39m
     [90m     |[39m                                  [31m[1m^[22m[39m
     [90m 728 |[39m     })[33m;[39m
     [90m 729 |[39m
     [90m 730 |[39m     it([32m'должен предотвращать race conditions при массовой revocation'[39m[33m,[39m [36masync[39m () [33m=>[39m {[0m

      at Object.<anonymous> (tests/auth/JWTBlacklist.test.ts:727:34)

  ● JWTBlacklist › Fail-open / Fail-close поведение › должен логировать ошибку при fail-open

    expect(jest.fn()).toHaveBeenCalledWith(...expected)

    Expected: StringContaining "[JWTBlacklist] Ошибка проверки токена", Any<Error>

    Number of calls: 0

    [0m [90m 767 |[39m       [36mawait[39m blacklist[33m.[39misRevoked([32m'token'[39m)[33m;[39m
     [90m 768 |[39m
    [31m[1m>[22m[39m[90m 769 |[39m       expect(consoleSpy)[33m.[39mtoHaveBeenCalledWith(
     [90m     |[39m                          [31m[1m^[22m[39m
     [90m 770 |[39m         expect[33m.[39mstringContaining([32m'[JWTBlacklist] Ошибка проверки токена'[39m)[33m,[39m
     [90m 771 |[39m         expect[33m.[39many([33mError[39m)
     [90m 772 |[39m       )[33m;[39m[0m

      at Object.<anonymous> (tests/auth/JWTBlacklist.test.ts:769:26)

  console.error
    [winston] Attempt to write logs with no transports, which can increase memory usage: {"service":"protocol-security","category":"AUTH","eventType":"LOGIN_FAILURE","severity":"MEDIUM","outcome":"FAILURE","actor":{"type":"anonymous","identifier":"user@example.com"},"action":"authenticate-failure","resource":{"type":"authentication-service","name":"Auth Service"},"context":{"ipAddress":"192.168.1.1","correlationId":"7d2efe71-456b-41ea-af98-294a71a5b336"},"data":{"failureReason":"INVALID_PASSWORD"},"tags":["authentication","login_failure"],"eventId":"3ad7652c-d654-47be-8c0e-f8dd106db7ca","timestamp":"2026-03-24T21:32:35.815Z","level":"warn","message":"LOGIN_FAILURE"}

    [0m [90m 278 |[39m     [90m// Логирование[39m
     [90m 279 |[39m     [36mconst[39m logLevel [33m=[39m [36mthis[39m[33m.[39mgetLogLevel(securityEvent[33m.[39mseverity)[33m;[39m
    [31m[1m>[22m[39m[90m 280 |[39m     [36mthis[39m[33m.[39mlogger[33m.[39mlog(logLevel[33m,[39m securityEvent[33m.[39meventType[33m,[39m securityEvent)[33m;[39m
     [90m     |[39m                 [31m[1m^[22m[39m
     [90m 281 |[39m   }
     [90m 282 |[39m
     [90m 283 |[39m   [90m/**[39m[0m

      at DerivedLogger._transform (node_modules/winston/lib/winston/logger.js:326:15)
      at DerivedLogger.Object.<anonymous>.Transform._read (node_modules/readable-stream/lib/_stream_transform.js:166:10)
      at DerivedLogger.Object.<anonymous>.Transform._write (node_modules/readable-stream/lib/_stream_transform.js:155:83)
      at doWrite (node_modules/readable-stream/lib/_stream_writable.js:390:139)
      at writeOrBuffer (node_modules/readable-stream/lib/_stream_writable.js:381:5)
      at DerivedLogger.Object.<anonymous>.Writable.write (node_modules/readable-stream/lib/_stream_writable.js:302:11)
      at DerivedLogger.log (node_modules/winston/lib/winston/logger.js:276:14)
      at SecurityLogger.log (src/logging/StructuredSecurityLogger.ts:280:17)
      at SecurityLogger.log [as logAuth] (src/logging/StructuredSecurityLogger.ts:298:10)
      at Object.<anonymous> (tests/security/security-logger.test.ts:153:14)

  console.error
    [winston] Attempt to write logs with no transports, which can increase memory usage: {"service":"protocol-security","category":"AUTH","eventType":"MFA_CHALLENGE","severity":"INFO","outcome":"SUCCESS","actor":{"type":"user","id":"user123"},"action":"mfa-challenge","resource":{"type":"authentication-service","name":"Auth Service"},"context":{"ipAddress":"192.168.1.1","correlationId":"b3241873-62bf-4900-b028-8f7856819ff8"},"data":{"mfaMethod":"totp"},"tags":["authentication","mfa_challenge"],"eventId":"2fb21208-4ff1-4861-93ae-a67ddbee6385","timestamp":"2026-03-24T21:32:35.831Z","level":"info","message":"MFA_CHALLENGE"}

    [0m [90m 278 |[39m     [90m// Логирование[39m
     [90m 279 |[39m     [36mconst[39m logLevel [33m=[39m [36mthis[39m[33m.[39mgetLogLevel(securityEvent[33m.[39mseverity)[33m;[39m
    [31m[1m>[22m[39m[90m 280 |[39m     [36mthis[39m[33m.[39mlogger[33m.[39mlog(logLevel[33m,[39m securityEvent[33m.[39meventType[33m,[39m securityEvent)[33m;[39m
     [90m     |[39m                 [31m[1m^[22m[39m
     [90m 281 |[39m   }
     [90m 282 |[39m
     [90m 283 |[39m   [90m/**[39m[0m

      at DerivedLogger._transform (node_modules/winston/lib/winston/logger.js:326:15)
      at DerivedLogger.Object.<anonymous>.Transform._read (node_modules/readable-stream/lib/_stream_transform.js:166:10)
      at DerivedLogger.Object.<anonymous>.Transform._write (node_modules/readable-stream/lib/_stream_transform.js:155:83)
      at doWrite (node_modules/readable-stream/lib/_stream_writable.js:390:139)
      at writeOrBuffer (node_modules/readable-stream/lib/_stream_writable.js:381:5)
      at DerivedLogger.Object.<anonymous>.Writable.write (node_modules/readable-stream/lib/_stream_writable.js:302:11)
      at DerivedLogger.log (node_modules/winston/lib/winston/logger.js:276:14)
      at SecurityLogger.log (src/logging/StructuredSecurityLogger.ts:280:17)
      at SecurityLogger.log [as logAuth] (src/logging/StructuredSecurityLogger.ts:298:10)
      at Object.<anonymous> (tests/security/security-logger.test.ts:169:14)

  console.error
    [winston] Attempt to write logs with no transports, which can increase memory usage: {"service":"protocol-security","category":"AUTH","eventType":"MFA_FAILURE","severity":"MEDIUM","outcome":"FAILURE","actor":{"type":"user","id":"user123"},"action":"mfa-verify-failure","resource":{"type":"authentication-service","name":"Auth Service"},"context":{"ipAddress":"192.168.1.1","correlationId":"719a00ae-d0c1-4821-b4e2-a2802d2a8045"},"data":{},"tags":["authentication","mfa_failure"],"eventId":"d023d843-3376-4d88-a7e2-1149695d8b61","timestamp":"2026-03-24T21:32:35.850Z","level":"warn","message":"MFA_FAILURE"}

    [0m [90m 278 |[39m     [90m// Логирование[39m
     [90m 279 |[39m     [36mconst[39m logLevel [33m=[39m [36mthis[39m[33m.[39mgetLogLevel(securityEvent[33m.[39mseverity)[33m;[39m
    [31m[1m>[22m[39m[90m 280 |[39m     [36mthis[39m[33m.[39mlogger[33m.[39mlog(logLevel[33m,[39m securityEvent[33m.[39meventType[33m,[39m securityEvent)[33m;[39m
     [90m     |[39m                 [31m[1m^[22m[39m
     [90m 281 |[39m   }
     [90m 282 |[39m
     [90m 283 |[39m   [90m/**[39m[0m

      at DerivedLogger._transform (node_modules/winston/lib/winston/logger.js:326:15)
      at DerivedLogger.Object.<anonymous>.Transform._read (node_modules/readable-stream/lib/_stream_transform.js:166:10)
      at DerivedLogger.Object.<anonymous>.Transform._write (node_modules/readable-stream/lib/_stream_transform.js:155:83)
      at doWrite (node_modules/readable-stream/lib/_stream_writable.js:390:139)
      at writeOrBuffer (node_modules/readable-stream/lib/_stream_writable.js:381:5)
      at DerivedLogger.Object.<anonymous>.Writable.write (node_modules/readable-stream/lib/_stream_writable.js:302:11)
      at DerivedLogger.log (node_modules/winston/lib/winston/logger.js:276:14)
      at SecurityLogger.log (src/logging/StructuredSecurityLogger.ts:280:17)
      at SecurityLogger.log [as logAuth] (src/logging/StructuredSecurityLogger.ts:298:10)
      at Object.<anonymous> (tests/security/security-logger.test.ts:185:14)

  console.error
    [winston] Attempt to write logs with no transports, which can increase memory usage: {"service":"protocol-security","category":"AUTH","eventType":"LOGOUT","severity":"INFO","outcome":"SUCCESS","actor":{"type":"user","id":"user123"},"action":"logout","resource":{"type":"authentication-service","name":"Auth Service"},"context":{"ipAddress":"192.168.1.1","sessionId":"sess_abc123","correlationId":"5fd6beee-4bdc-4117-9d8a-cd9e022fffa3"},"data":{},"tags":["authentication","logout"],"eventId":"d5c6b7c5-30cc-4a94-b67b-ca8d23c9dd0d","timestamp":"2026-03-24T21:32:35.864Z","level":"info","message":"LOGOUT"}

    [0m [90m 278 |[39m     [90m// Логирование[39m
     [90m 279 |[39m     [36mconst[39m logLevel [33m=[39m [36mthis[39m[33m.[39mgetLogLevel(securityEvent[33m.[39mseverity)[33m;[39m
    [31m[1m>[22m[39m[90m 280 |[39m     [36mthis[39m[33m.[39mlogger[33m.[39mlog(logLevel[33m,[39m securityEvent[33m.[39meventType[33m,[39m securityEvent)[33m;[39m
     [90m     |[39m                 [31m[1m^[22m[39m
     [90m 281 |[39m   }
     [90m 282 |[39m
     [90m 283 |[39m   [90m/**[39m[0m

      at DerivedLogger._transform (node_modules/winston/lib/winston/logger.js:326:15)
      at DerivedLogger.Object.<anonymous>.Transform._read (node_modules/readable-stream/lib/_stream_transform.js:166:10)
      at DerivedLogger.Object.<anonymous>.Transform._write (node_modules/readable-stream/lib/_stream_transform.js:155:83)
      at doWrite (node_modules/readable-stream/lib/_stream_writable.js:390:139)
      at writeOrBuffer (node_modules/readable-stream/lib/_stream_writable.js:381:5)
      at DerivedLogger.Object.<anonymous>.Writable.write (node_modules/readable-stream/lib/_stream_writable.js:302:11)
      at DerivedLogger.log (node_modules/winston/lib/winston/logger.js:276:14)
      at SecurityLogger.log (src/logging/StructuredSecurityLogger.ts:280:17)
      at SecurityLogger.log [as logAuth] (src/logging/StructuredSecurityLogger.ts:298:10)
      at Object.<anonymous> (tests/security/security-logger.test.ts:200:14)

  console.error
    [winston] Attempt to write logs with no transports, which can increase memory usage: {"service":"protocol-security","category":"AUTH","eventType":"PASSWORD_CHANGE_SUCCESS","severity":"INFO","outcome":"SUCCESS","actor":{"type":"user","id":"user123"},"action":"password_change_success","resource":{"type":"authentication-service","name":"Auth Service"},"context":{"ipAddress":"192.168.1.1","correlationId":"c04482ad-5f68-4da8-ab5a-4f9137249686"},"data":{},"tags":["authentication","password_change_success"],"eventId":"d3f9ab7a-7bd3-4828-9207-d5e3fa6504c6","timestamp":"2026-03-24T21:32:35.878Z","level":"info","message":"PASSWORD_CHANGE_SUCCESS"}

    [0m [90m 278 |[39m     [90m// Логирование[39m
     [90m 279 |[39m     [36mconst[39m logLevel [33m=[39m [36mthis[39m[33m.[39mgetLogLevel(securityEvent[33m.[39mseverity)[33m;[39m
    [31m[1m>[22m[39m[90m 280 |[39m     [36mthis[39m[33m.[39mlogger[33m.[39mlog(logLevel[33m,[39m securityEvent[33m.[39meventType[33m,[39m securityEvent)[33m;[39m
     [90m     |[39m                 [31m[1m^[22m[39m
     [90m 281 |[39m   }
     [90m 282 |[39m
     [90m 283 |[39m   [90m/**[39m[0m

      at DerivedLogger._transform (node_modules/winston/lib/winston/logger.js:326:15)
      at DerivedLogger.Object.<anonymous>.Transform._read (node_modules/readable-stream/lib/_stream_transform.js:166:10)
      at DerivedLogger.Object.<anonymous>.Transform._write (node_modules/readable-stream/lib/_stream_transform.js:155:83)
      at doWrite (node_modules/readable-stream/lib/_stream_writable.js:390:139)
      at writeOrBuffer (node_modules/readable-stream/lib/_stream_writable.js:381:5)
      at DerivedLogger.Object.<anonymous>.Writable.write (node_modules/readable-stream/lib/_stream_writable.js:302:11)
      at DerivedLogger.log (node_modules/winston/lib/winston/logger.js:276:14)
      at SecurityLogger.log (src/logging/StructuredSecurityLogger.ts:280:17)
      at SecurityLogger.log [as logAuth] (src/logging/StructuredSecurityLogger.ts:298:10)
      at Object.<anonymous> (tests/security/security-logger.test.ts:215:14)

  console.error
    [winston] Attempt to write logs with no transports, which can increase memory usage: {"service":"protocol-security","category":"ACCESS","eventType":"ACCESS_GRANTED","severity":"INFO","outcome":"SUCCESS","actor":{"type":"user","id":"user123"},"action":"read","resource":{"type":"resource","id":"doc-123","name":"document-123"},"context":{"ipAddress":"192.168.1.1","correlationId":"b531ece8-4c7f-45d3-9f52-060fff1d6fc5"},"data":{},"tags":["authorization","access_granted"],"eventId":"839b13b9-b271-4958-a904-d1278d8a5369","timestamp":"2026-03-24T21:32:35.892Z","level":"info","message":"ACCESS_GRANTED"}

    [0m [90m 278 |[39m     [90m// Логирование[39m
     [90m 279 |[39m     [36mconst[39m logLevel [33m=[39m [36mthis[39m[33m.[39mgetLogLevel(securityEvent[33m.[39mseverity)[33m;[39m
    [31m[1m>[22m[39m[90m 280 |[39m     [36mthis[39m[33m.[39mlogger[33m.[39mlog(logLevel[33m,[39m securityEvent[33m.[39meventType[33m,[39m securityEvent)[33m;[39m
     [90m     |[39m                 [31m[1m^[22m[39m
     [90m 281 |[39m   }
     [90m 282 |[39m
     [90m 283 |[39m   [90m/**[39m[0m

      at DerivedLogger._transform (node_modules/winston/lib/winston/logger.js:326:15)
      at DerivedLogger.Object.<anonymous>.Transform._read (node_modules/readable-stream/lib/_stream_transform.js:166:10)
      at DerivedLogger.Object.<anonymous>.Transform._write (node_modules/readable-stream/lib/_stream_transform.js:155:83)
      at doWrite (node_modules/readable-stream/lib/_stream_writable.js:390:139)
      at writeOrBuffer (node_modules/readable-stream/lib/_stream_writable.js:381:5)
      at DerivedLogger.Object.<anonymous>.Writable.write (node_modules/readable-stream/lib/_stream_writable.js:302:11)
      at DerivedLogger.log (node_modules/winston/lib/winston/logger.js:276:14)
      at SecurityLogger.log (src/logging/StructuredSecurityLogger.ts:280:17)
      at SecurityLogger.log [as logAccess] (src/logging/StructuredSecurityLogger.ts:342:10)
      at Object.<anonymous> (tests/security/security-logger.test.ts:239:14)

  console.error
    [winston] Attempt to write logs with no transports, which can increase memory usage: {"service":"protocol-security","category":"ACCESS","eventType":"ACCESS_DENIED","severity":"MEDIUM","outcome":"DENIED","actor":{"type":"user","id":"user123"},"action":"delete","resource":{"type":"resource","name":"document-456"},"context":{"ipAddress":"192.168.1.1","correlationId":"7889f2cc-80c9-4cb1-8f46-365bcd24812d"},"data":{"reason":"INSUFFICIENT_PERMISSIONS"},"tags":["authorization","access_denied"],"eventId":"3191c8fb-2654-4559-b45f-1e56aed7719c","timestamp":"2026-03-24T21:32:35.909Z","level":"warn","message":"ACCESS_DENIED"}

    [0m [90m 278 |[39m     [90m// Логирование[39m
     [90m 279 |[39m     [36mconst[39m logLevel [33m=[39m [36mthis[39m[33m.[39mgetLogLevel(securityEvent[33m.[39mseverity)[33m;[39m
    [31m[1m>[22m[39m[90m 280 |[39m     [36mthis[39m[33m.[39mlogger[33m.[39mlog(logLevel[33m,[39m securityEvent[33m.[39meventType[33m,[39m securityEvent)[33m;[39m
     [90m     |[39m                 [31m[1m^[22m[39m
     [90m 281 |[39m   }
     [90m 282 |[39m
     [90m 283 |[39m   [90m/**[39m[0m

      at DerivedLogger._transform (node_modules/winston/lib/winston/logger.js:326:15)
      at DerivedLogger.Object.<anonymous>.Transform._read (node_modules/readable-stream/lib/_stream_transform.js:166:10)
      at DerivedLogger.Object.<anonymous>.Transform._write (node_modules/readable-stream/lib/_stream_transform.js:155:83)
      at doWrite (node_modules/readable-stream/lib/_stream_writable.js:390:139)
      at writeOrBuffer (node_modules/readable-stream/lib/_stream_writable.js:381:5)
      at DerivedLogger.Object.<anonymous>.Writable.write (node_modules/readable-stream/lib/_stream_writable.js:302:11)
      at DerivedLogger.log (node_modules/winston/lib/winston/logger.js:276:14)
      at SecurityLogger.log (src/logging/StructuredSecurityLogger.ts:280:17)
      at SecurityLogger.log [as logAccess] (src/logging/StructuredSecurityLogger.ts:342:10)
      at Object.<anonymous> (tests/security/security-logger.test.ts:259:14)

  console.error
    [winston] Attempt to write logs with no transports, which can increase memory usage: {"service":"protocol-security","category":"ACCESS","eventType":"ROLE_CHANGE","severity":"INFO","outcome":"SUCCESS","actor":{"type":"user","id":"user123"},"action":"role_assignment","resource":{"type":"resource","name":"admin-role"},"context":{"ipAddress":"192.168.1.1","correlationId":"9e432d44-809e-4590-8983-c04b3956adec"},"data":{},"tags":["authorization","role_change"],"eventId":"f0334610-82df-4109-90de-a55ae675ca77","timestamp":"2026-03-24T21:32:35.926Z","level":"info","message":"ROLE_CHANGE"}

    [0m [90m 278 |[39m     [90m// Логирование[39m
     [90m 279 |[39m     [36mconst[39m logLevel [33m=[39m [36mthis[39m[33m.[39mgetLogLevel(securityEvent[33m.[39mseverity)[33m;[39m
    [31m[1m>[22m[39m[90m 280 |[39m     [36mthis[39m[33m.[39mlogger[33m.[39mlog(logLevel[33m,[39m securityEvent[33m.[39meventType[33m,[39m securityEvent)[33m;[39m
     [90m     |[39m                 [31m[1m^[22m[39m
     [90m 281 |[39m   }
     [90m 282 |[39m
     [90m 283 |[39m   [90m/**[39m[0m

      at DerivedLogger._transform (node_modules/winston/lib/winston/logger.js:326:15)
      at DerivedLogger.Object.<anonymous>.Transform._read (node_modules/readable-stream/lib/_stream_transform.js:166:10)
      at DerivedLogger.Object.<anonymous>.Transform._write (node_modules/readable-stream/lib/_stream_transform.js:155:83)
      at doWrite (node_modules/readable-stream/lib/_stream_writable.js:390:139)
      at writeOrBuffer (node_modules/readable-stream/lib/_stream_writable.js:381:5)
      at DerivedLogger.Object.<anonymous>.Writable.write (node_modules/readable-stream/lib/_stream_writable.js:302:11)
      at DerivedLogger.log (node_modules/winston/lib/winston/logger.js:276:14)
      at SecurityLogger.log (src/logging/StructuredSecurityLogger.ts:280:17)
      at SecurityLogger.log [as logAccess] (src/logging/StructuredSecurityLogger.ts:342:10)
      at Object.<anonymous> (tests/security/security-logger.test.ts:276:14)

  console.log
    [32m[INFO][0m 2026-03-24T21:32:35.953Z protocol-security: [SecretLease] Продлён lease f3d3c755-9f8b-4865-b9cd-fef6c7b45ae1

      at ConsoleTransport.method [as send] (src/logging/Logger.ts:158:7)
          at Array.map (<anonymous>)

  console.log
    [32m[INFO][0m 2026-03-24T21:32:35.957Z protocol-security: [SecretLease] Автоматически продлён lease f3d3c755-9f8b-4865-b9cd-fef6c7b45ae1

      at ConsoleTransport.method [as send] (src/logging/Logger.ts:158:7)
          at Array.map (<anonymous>)

  console.error
    [winston] Attempt to write logs with no transports, which can increase memory usage: {"service":"protocol-security","category":"DATA","eventType":"DATA_READ","severity":"INFO","outcome":"SUCCESS","actor":{"type":"user","id":"user123"},"action":"data_read","resource":{"type":"data","name":"users"},"context":{"ipAddress":"192.168.1.1","correlationId":"1bf77430-43df-4e2e-9072-e2f1e84cc09a"},"data":{"dataType":"users","recordCount":100},"tags":["data-access","data_read"],"eventId":"602ec9eb-357d-4b88-aab6-16b44e228b0b","timestamp":"2026-03-24T21:32:35.948Z","level":"info","message":"DATA_READ"}

    [0m [90m 278 |[39m     [90m// Логирование[39m
     [90m 279 |[39m     [36mconst[39m logLevel [33m=[39m [36mthis[39m[33m.[39mgetLogLevel(securityEvent[33m.[39mseverity)[33m;[39m
    [31m[1m>[22m[39m[90m 280 |[39m     [36mthis[39m[33m.[39mlogger[33m.[39mlog(logLevel[33m,[39m securityEvent[33m.[39meventType[33m,[39m securityEvent)[33m;[39m
     [90m     |[39m                 [31m[1m^[22m[39m
     [90m 281 |[39m   }
     [90m 282 |[39m
     [90m 283 |[39m   [90m/**[39m[0m

      at DerivedLogger._transform (node_modules/winston/lib/winston/logger.js:326:15)
      at DerivedLogger.Object.<anonymous>.Transform._read (node_modules/readable-stream/lib/_stream_transform.js:166:10)
      at DerivedLogger.Object.<anonymous>.Transform._write (node_modules/readable-stream/lib/_stream_transform.js:155:83)
      at doWrite (node_modules/readable-stream/lib/_stream_writable.js:390:139)
      at writeOrBuffer (node_modules/readable-stream/lib/_stream_writable.js:381:5)
      at DerivedLogger.Object.<anonymous>.Writable.write (node_modules/readable-stream/lib/_stream_writable.js:302:11)
      at DerivedLogger.log (node_modules/winston/lib/winston/logger.js:276:14)
      at SecurityLogger.log (src/logging/StructuredSecurityLogger.ts:280:17)
      at SecurityLogger.log [as logDataAccess] (src/logging/StructuredSecurityLogger.ts:387:10)
      at Object.<anonymous> (tests/security/security-logger.test.ts:303:14)

  console.error
    [winston] Attempt to write logs with no transports, which can increase memory usage: {"service":"protocol-security","category":"DATA","eventType":"DATA_EXPORT","severity":"MEDIUM","outcome":"SUCCESS","actor":{"type":"user","id":"user123"},"action":"data_export","resource":{"type":"data","name":"customers"},"context":{"ipAddress":"192.168.1.1","correlationId":"eac620fb-dd60-4fb3-b035-dfee602acb5f"},"data":{"dataType":"customers","dataSize":5000000},"tags":["data-access","data_export"],"eventId":"66e7baf5-47b7-4b63-8918-68da7145f77d","timestamp":"2026-03-24T21:32:35.962Z","level":"warn","message":"DATA_EXPORT"}

    [0m [90m 278 |[39m     [90m// Логирование[39m
     [90m 279 |[39m     [36mconst[39m logLevel [33m=[39m [36mthis[39m[33m.[39mgetLogLevel(securityEvent[33m.[39mseverity)[33m;[39m
    [31m[1m>[22m[39m[90m 280 |[39m     [36mthis[39m[33m.[39mlogger[33m.[39mlog(logLevel[33m,[39m securityEvent[33m.[39meventType[33m,[39m securityEvent)[33m;[39m
     [90m     |[39m                 [31m[1m^[22m[39m
     [90m 281 |[39m   }
     [90m 282 |[39m
     [90m 283 |[39m   [90m/**[39m[0m

      at DerivedLogger._transform (node_modules/winston/lib/winston/logger.js:326:15)
      at DerivedLogger.Object.<anonymous>.Transform._read (node_modules/readable-stream/lib/_stream_transform.js:166:10)
      at DerivedLogger.Object.<anonymous>.Transform._write (node_modules/readable-stream/lib/_stream_transform.js:155:83)
      at doWrite (node_modules/readable-stream/lib/_stream_writable.js:390:139)
      at writeOrBuffer (node_modules/readable-stream/lib/_stream_writable.js:381:5)
      at DerivedLogger.Object.<anonymous>.Writable.write (node_modules/readable-stream/lib/_stream_writable.js:302:11)
      at DerivedLogger.log (node_modules/winston/lib/winston/logger.js:276:14)
      at SecurityLogger.log (src/logging/StructuredSecurityLogger.ts:280:17)
      at SecurityLogger.log [as logDataAccess] (src/logging/StructuredSecurityLogger.ts:387:10)
      at Object.<anonymous> (tests/security/security-logger.test.ts:321:14)

  console.error
    [winston] Attempt to write logs with no transports, which can increase memory usage: {"service":"protocol-security","category":"DATA","eventType":"DATA_DELETE","severity":"INFO","outcome":"SUCCESS","actor":{"type":"user","id":"user123"},"action":"data_delete","resource":{"type":"data","name":"logs"},"context":{"ipAddress":"192.168.1.1","correlationId":"b6b58229-b904-48b3-a974-ae7a830d76e8"},"data":{"dataType":"logs"},"tags":["data-access","data_delete"],"eventId":"b4224f33-353d-4b7f-a106-a7781ab93b65","timestamp":"2026-03-24T21:32:35.977Z","level":"info","message":"DATA_DELETE"}

    [0m [90m 278 |[39m     [90m// Логирование[39m
     [90m 279 |[39m     [36mconst[39m logLevel [33m=[39m [36mthis[39m[33m.[39mgetLogLevel(securityEvent[33m.[39mseverity)[33m;[39m
    [31m[1m>[22m[39m[90m 280 |[39m     [36mthis[39m[33m.[39mlogger[33m.[39mlog(logLevel[33m,[39m securityEvent[33m.[39meventType[33m,[39m securityEvent)[33m;[39m
     [90m     |[39m                 [31m[1m^[22m[39m
     [90m 281 |[39m   }
     [90m 282 |[39m
     [90m 283 |[39m   [90m/**[39m[0m

      at DerivedLogger._transform (node_modules/winston/lib/winston/logger.js:326:15)
      at DerivedLogger.Object.<anonymous>.Transform._read (node_modules/readable-stream/lib/_stream_transform.js:166:10)
      at DerivedLogger.Object.<anonymous>.Transform._write (node_modules/readable-stream/lib/_stream_transform.js:155:83)
      at doWrite (node_modules/readable-stream/lib/_stream_writable.js:390:139)
      at writeOrBuffer (node_modules/readable-stream/lib/_stream_writable.js:381:5)
      at DerivedLogger.Object.<anonymous>.Writable.write (node_modules/readable-stream/lib/_stream_writable.js:302:11)
      at DerivedLogger.log (node_modules/winston/lib/winston/logger.js:276:14)
      at SecurityLogger.log (src/logging/StructuredSecurityLogger.ts:280:17)
      at SecurityLogger.log [as logDataAccess] (src/logging/StructuredSecurityLogger.ts:387:10)
      at Object.<anonymous> (tests/security/security-logger.test.ts:337:14)

  console.error
    [winston] Attempt to write logs with no transports, which can increase memory usage: {"service":"protocol-security","category":"NETWORK","eventType":"CONNECTION","severity":"INFO","outcome":"SUCCESS","actor":{"type":"system"},"action":"connection","resource":{"type":"network","id":"10.0.0.1"},"context":{"ipAddress":"192.168.1.100","correlationId":"8ad07e93-df28-42ee-9d6b-179f296517fe"},"data":{"sourceIp":"192.168.1.100","destinationIp":"10.0.0.1","port":443,"protocol":"HTTPS"},"tags":["network","connection"],"eventId":"5165e3bd-cb97-49f7-aa30-6089bd3386ca","timestamp":"2026-03-24T21:32:35.990Z","level":"info","message":"CONNECTION"}

    [0m [90m 278 |[39m     [90m// Логирование[39m
     [90m 279 |[39m     [36mconst[39m logLevel [33m=[39m [36mthis[39m[33m.[39mgetLogLevel(securityEvent[33m.[39mseverity)[33m;[39m
    [31m[1m>[22m[39m[90m 280 |[39m     [36mthis[39m[33m.[39mlogger[33m.[39mlog(logLevel[33m,[39m securityEvent[33m.[39meventType[33m,[39m securityEvent)[33m;[39m
     [90m     |[39m                 [31m[1m^[22m[39m
     [90m 281 |[39m   }
     [90m 282 |[39m
     [90m 283 |[39m   [90m/**[39m[0m

      at DerivedLogger._transform (node_modules/winston/lib/winston/logger.js:326:15)
      at DerivedLogger.Object.<anonymous>.Transform._read (node_modules/readable-stream/lib/_stream_transform.js:166:10)
      at DerivedLogger.Object.<anonymous>.Transform._write (node_modules/readable-stream/lib/_stream_transform.js:155:83)
      at doWrite (node_modules/readable-stream/lib/_stream_writable.js:390:139)
      at writeOrBuffer (node_modules/readable-stream/lib/_stream_writable.js:381:5)
      at DerivedLogger.Object.<anonymous>.Writable.write (node_modules/readable-stream/lib/_stream_writable.js:302:11)
      at DerivedLogger.log (node_modules/winston/lib/winston/logger.js:276:14)
      at SecurityLogger.log (src/logging/StructuredSecurityLogger.ts:280:17)
      at SecurityLogger.log [as logNetworkEvent] (src/logging/StructuredSecurityLogger.ts:427:10)
      at Object.<anonymous> (tests/security/security-logger.test.ts:361:14)

  console.debug
    [34m[DEBUG][0m 2026-03-24T21:32:36.011Z protocol-security: [HealthCheckService] [STOP] Остановка Health Check Service

      at ConsoleTransport.method [as send] (src/logging/Logger.ts:158:7)
          at Array.map (<anonymous>)

  console.debug
    [34m[DEBUG][0m 2026-03-24T21:32:36.013Z protocol-security: [HealthCheckService] [STOP] Остановка Health Check Service

      at ConsoleTransport.method [as send] (src/logging/Logger.ts:158:7)
          at Array.map (<anonymous>)

  console.error
    [winston] Attempt to write logs with no transports, which can increase memory usage: {"service":"protocol-security","category":"NETWORK","eventType":"FIREWALL_BLOCK","severity":"MEDIUM","outcome":"DENIED","actor":{"type":"system"},"action":"firewall_block","resource":{"type":"network","id":"10.0.0.1"},"context":{"ipAddress":"203.0.113.42","correlationId":"787485b3-3593-4824-8fc1-69018338b03c"},"data":{"sourceIp":"203.0.113.42","destinationIp":"10.0.0.1","port":22},"tags":["network","firewall_block"],"eventId":"34a3948d-9e68-42b1-bf79-c8c3c92eb55a","timestamp":"2026-03-24T21:32:36.003Z","level":"warn","message":"FIREWALL_BLOCK"}

    [0m [90m 278 |[39m     [90m// Логирование[39m
     [90m 279 |[39m     [36mconst[39m logLevel [33m=[39m [36mthis[39m[33m.[39mgetLogLevel(securityEvent[33m.[39mseverity)[33m;[39m
    [31m[1m>[22m[39m[90m 280 |[39m     [36mthis[39m[33m.[39mlogger[33m.[39mlog(logLevel[33m,[39m securityEvent[33m.[39meventType[33m,[39m securityEvent)[33m;[39m
     [90m     |[39m                 [31m[1m^[22m[39m
     [90m 281 |[39m   }
     [90m 282 |[39m
     [90m 283 |[39m   [90m/**[39m[0m

      at DerivedLogger._transform (node_modules/winston/lib/winston/logger.js:326:15)
      at DerivedLogger.Object.<anonymous>.Transform._read (node_modules/readable-stream/lib/_stream_transform.js:166:10)
      at DerivedLogger.Object.<anonymous>.Transform._write (node_modules/readable-stream/lib/_stream_transform.js:155:83)
      at doWrite (node_modules/readable-stream/lib/_stream_writable.js:390:139)
      at writeOrBuffer (node_modules/readable-stream/lib/_stream_writable.js:381:5)
      at DerivedLogger.Object.<anonymous>.Writable.write (node_modules/readable-stream/lib/_stream_writable.js:302:11)
      at DerivedLogger.log (node_modules/winston/lib/winston/logger.js:276:14)
      at SecurityLogger.log (src/logging/StructuredSecurityLogger.ts:280:17)
      at SecurityLogger.log [as logNetworkEvent] (src/logging/StructuredSecurityLogger.ts:427:10)
      at Object.<anonymous> (tests/security/security-logger.test.ts:378:14)

  console.debug
    [34m[DEBUG][0m 2026-03-24T21:32:36.017Z protocol-security: [CircuitBreaker:redis] [INIT] CircuitBreaker инициализирован: redis

      at ConsoleTransport.method [as send] (src/logging/Logger.ts:158:7)
          at Array.map (<anonymous>)

  console.debug
    [34m[DEBUG][0m 2026-03-24T21:32:36.021Z protocol-security: [CircuitBreaker:database] [INIT] CircuitBreaker инициализирован: database

      at ConsoleTransport.method [as send] (src/logging/Logger.ts:158:7)
          at Array.map (<anonymous>)

  console.debug
    [34m[DEBUG][0m 2026-03-24T21:32:36.026Z protocol-security: [CircuitBreaker:vault] [INIT] CircuitBreaker инициализирован: vault

      at ConsoleTransport.method [as send] (src/logging/Logger.ts:158:7)
          at Array.map (<anonymous>)

  console.error
    [winston] Attempt to write logs with no transports, which can increase memory usage: {"service":"protocol-security","category":"THREAT","eventType":"BRUTE_FORCE","severity":"HIGH","outcome":"FAILURE","actor":{"type":"anonymous"},"action":"threat-detected","resource":{"type":"system"},"context":{"ipAddress":"203.0.113.42","correlationId":"137d6b06-8e35-4336-9746-125a73f6bfca"},"data":{"threatType":"credential_stuffing","confidence":0.95},"tags":["threat","brute_force","security-alert"],"eventId":"dcebf932-f74a-435c-b269-e9f3c0a1278f","timestamp":"2026-03-24T21:32:36.020Z","level":"error","message":"BRUTE_FORCE"}

    [0m [90m 278 |[39m     [90m// Логирование[39m
     [90m 279 |[39m     [36mconst[39m logLevel [33m=[39m [36mthis[39m[33m.[39mgetLogLevel(securityEvent[33m.[39mseverity)[33m;[39m
    [31m[1m>[22m[39m[90m 280 |[39m     [36mthis[39m[33m.[39mlogger[33m.[39mlog(logLevel[33m,[39m securityEvent[33m.[39meventType[33m,[39m securityEvent)[33m;[39m
     [90m     |[39m                 [31m[1m^[22m[39m
     [90m 281 |[39m   }
     [90m 282 |[39m
     [90m 283 |[39m   [90m/**[39m[0m

      at DerivedLogger._transform (node_modules/winston/lib/winston/logger.js:326:15)
      at DerivedLogger.Object.<anonymous>.Transform._read (node_modules/readable-stream/lib/_stream_transform.js:166:10)
      at DerivedLogger.Object.<anonymous>.Transform._write (node_modules/readable-stream/lib/_stream_transform.js:155:83)
      at doWrite (node_modules/readable-stream/lib/_stream_writable.js:390:139)
      at writeOrBuffer (node_modules/readable-stream/lib/_stream_writable.js:381:5)
      at DerivedLogger.Object.<anonymous>.Writable.write (node_modules/readable-stream/lib/_stream_writable.js:302:11)
      at DerivedLogger.log (node_modules/winston/lib/winston/logger.js:276:14)
      at SecurityLogger.log (src/logging/StructuredSecurityLogger.ts:280:17)
      at SecurityLogger.log [as logThreat] (src/logging/StructuredSecurityLogger.ts:467:10)
      at Object.<anonymous> (tests/security/security-logger.test.ts:402:14)

  console.debug
    [34m[DEBUG][0m 2026-03-24T21:32:36.030Z protocol-security: [CircuitBreaker:elasticsearch] [INIT] CircuitBreaker инициализирован: elasticsearch

      at ConsoleTransport.method [as send] (src/logging/Logger.ts:158:7)
          at Array.map (<anonymous>)

  console.debug
    [34m[DEBUG][0m 2026-03-24T21:32:36.033Z protocol-security: [CircuitBreaker:redis] [INIT] CircuitBreaker инициализирован: redis

      at ConsoleTransport.method [as send] (src/logging/Logger.ts:158:7)
          at Array.map (<anonymous>)

  console.debug
    [34m[DEBUG][0m 2026-03-24T21:32:36.036Z protocol-security: [CircuitBreaker:database] [INIT] CircuitBreaker инициализирован: database

      at ConsoleTransport.method [as send] (src/logging/Logger.ts:158:7)
          at Array.map (<anonymous>)

  console.debug
    [34m[DEBUG][0m 2026-03-24T21:32:36.039Z protocol-security: [CircuitBreaker:vault] [INIT] CircuitBreaker инициализирован: vault

      at ConsoleTransport.method [as send] (src/logging/Logger.ts:158:7)
          at Array.map (<anonymous>)

  console.debug
    [34m[DEBUG][0m 2026-03-24T21:32:36.041Z protocol-security: [CircuitBreaker:elasticsearch] [INIT] CircuitBreaker инициализирован: elasticsearch

      at ConsoleTransport.method [as send] (src/logging/Logger.ts:158:7)
          at Array.map (<anonymous>)

  console.debug
    [34m[DEBUG][0m 2026-03-24T21:32:36.044Z protocol-security: [HealthCheckService] [START] Запуск Health Check Service

      at ConsoleTransport.method [as send] (src/logging/Logger.ts:158:7)
          at Array.map (<anonymous>)

  console.error
    [winston] Attempt to write logs with no transports, which can increase memory usage: {"service":"protocol-security","category":"THREAT","eventType":"INTRUSION_ATTEMPT","severity":"CRITICAL","outcome":"FAILURE","actor":{"type":"anonymous"},"action":"threat-detected","resource":{"type":"system"},"context":{"ipAddress":"198.51.100.42","correlationId":"7f9bd293-dc79-46f6-97ce-69b6a3626fa4"},"data":{"threatType":"exploit","confidence":0.99,"mitreAttackId":"T1190"},"tags":["threat","intrusion_attempt","security-alert"],"eventId":"a6371fa0-3968-48fe-93d5-4c93f82b02b6","timestamp":"2026-03-24T21:32:36.033Z","level":"error","message":"INTRUSION_ATTEMPT"}

    [0m [90m 278 |[39m     [90m// Логирование[39m
     [90m 279 |[39m     [36mconst[39m logLevel [33m=[39m [36mthis[39m[33m.[39mgetLogLevel(securityEvent[33m.[39mseverity)[33m;[39m
    [31m[1m>[22m[39m[90m 280 |[39m     [36mthis[39m[33m.[39mlogger[33m.[39mlog(logLevel[33m,[39m securityEvent[33m.[39meventType[33m,[39m securityEvent)[33m;[39m
     [90m     |[39m                 [31m[1m^[22m[39m
     [90m 281 |[39m   }
     [90m 282 |[39m
     [90m 283 |[39m   [90m/**[39m[0m

      at DerivedLogger._transform (node_modules/winston/lib/winston/logger.js:326:15)
      at DerivedLogger.Object.<anonymous>.Transform._read (node_modules/readable-stream/lib/_stream_transform.js:166:10)
      at DerivedLogger.Object.<anonymous>.Transform._write (node_modules/readable-stream/lib/_stream_transform.js:155:83)
      at doWrite (node_modules/readable-stream/lib/_stream_writable.js:390:139)
      at writeOrBuffer (node_modules/readable-stream/lib/_stream_writable.js:381:5)
      at DerivedLogger.Object.<anonymous>.Writable.write (node_modules/readable-stream/lib/_stream_writable.js:302:11)
      at DerivedLogger.log (node_modules/winston/lib/winston/logger.js:276:14)
      at SecurityLogger.log (src/logging/StructuredSecurityLogger.ts:280:17)
      at SecurityLogger.log [as logThreat] (src/logging/StructuredSecurityLogger.ts:467:10)
      at Object.<anonymous> (tests/security/security-logger.test.ts:419:14)

  console.debug
    [34m[DEBUG][0m 2026-03-24T21:32:36.049Z protocol-security: [HealthCheckService] [STOP] Остановка Health Check Service

      at ConsoleTransport.method [as send] (src/logging/Logger.ts:158:7)
          at Array.map (<anonymous>)

  console.debug
    [34m[DEBUG][0m 2026-03-24T21:32:36.055Z protocol-security: [HealthCheckService] [STOP] Остановка Health Check Service

      at ConsoleTransport.method [as send] (src/logging/Logger.ts:158:7)
          at Array.map (<anonymous>)

  console.error
    [winston] Attempt to write logs with no transports, which can increase memory usage: {"service":"protocol-security","category":"THREAT","eventType":"ANOMALY_DETECTED","severity":"MEDIUM","outcome":"FAILURE","actor":{"type":"anonymous"},"action":"threat-detected","resource":{"type":"system"},"context":{"ipAddress":"192.168.1.50","correlationId":"b4ab3016-4d0d-4836-a914-955358114430"},"data":{"threatType":"behavioral_anomaly","confidence":0.87},"tags":["threat","anomaly_detected","security-alert"],"eventId":"0e50658a-08eb-45bb-b9d7-c2f3184616d5","timestamp":"2026-03-24T21:32:36.049Z","level":"warn","message":"ANOMALY_DETECTED"}

    [0m [90m 278 |[39m     [90m// Логирование[39m
     [90m 279 |[39m     [36mconst[39m logLevel [33m=[39m [36mthis[39m[33m.[39mgetLogLevel(securityEvent[33m.[39mseverity)[33m;[39m
    [31m[1m>[22m[39m[90m 280 |[39m     [36mthis[39m[33m.[39mlogger[33m.[39mlog(logLevel[33m,[39m securityEvent[33m.[39meventType[33m,[39m securityEvent)[33m;[39m
     [90m     |[39m                 [31m[1m^[22m[39m
     [90m 281 |[39m   }
     [90m 282 |[39m
     [90m 283 |[39m   [90m/**[39m[0m

      at DerivedLogger._transform (node_modules/winston/lib/winston/logger.js:326:15)
      at DerivedLogger.Object.<anonymous>.Transform._read (node_modules/readable-stream/lib/_stream_transform.js:166:10)
      at DerivedLogger.Object.<anonymous>.Transform._write (node_modules/readable-stream/lib/_stream_transform.js:155:83)
      at doWrite (node_modules/readable-stream/lib/_stream_writable.js:390:139)
      at writeOrBuffer (node_modules/readable-stream/lib/_stream_writable.js:381:5)
      at DerivedLogger.Object.<anonymous>.Writable.write (node_modules/readable-stream/lib/_stream_writable.js:302:11)
      at DerivedLogger.log (node_modules/winston/lib/winston/logger.js:276:14)
      at SecurityLogger.log (src/logging/StructuredSecurityLogger.ts:280:17)
      at SecurityLogger.log [as logThreat] (src/logging/StructuredSecurityLogger.ts:467:10)
      at Object.<anonymous> (tests/security/security-logger.test.ts:436:14)

  console.debug
    [34m[DEBUG][0m 2026-03-24T21:32:36.064Z protocol-security: [CircuitBreaker:redis] [INIT] CircuitBreaker инициализирован: redis

      at ConsoleTransport.method [as send] (src/logging/Logger.ts:158:7)
          at Array.map (<anonymous>)

  console.debug
    [34m[DEBUG][0m 2026-03-24T21:32:36.067Z protocol-security: [CircuitBreaker:database] [INIT] CircuitBreaker инициализирован: database

      at ConsoleTransport.method [as send] (src/logging/Logger.ts:158:7)
          at Array.map (<anonymous>)

  console.debug
    [34m[DEBUG][0m 2026-03-24T21:32:36.069Z protocol-security: [CircuitBreaker:vault] [INIT] CircuitBreaker инициализирован: vault

      at ConsoleTransport.method [as send] (src/logging/Logger.ts:158:7)
          at Array.map (<anonymous>)

  console.error
    [winston] Attempt to write logs with no transports, which can increase memory usage: {"service":"protocol-security","category":"SYSTEM","eventType":"STARTUP","severity":"INFO","outcome":"SUCCESS","actor":{"type":"system"},"action":"startup","resource":{"type":"component","name":"Auth Service"},"context":{"ipAddress":"localhost","correlationId":"164adfa4-ab89-49cf-a6c2-ab6208bf06e0"},"data":{"componentName":"Auth Service"},"tags":["system","startup"],"eventId":"89c2b1de-7158-4b19-bb1b-c921bf4c9a84","timestamp":"2026-03-24T21:32:36.062Z","level":"info","message":"STARTUP"}

    [0m [90m 278 |[39m     [90m// Логирование[39m
     [90m 279 |[39m     [36mconst[39m logLevel [33m=[39m [36mthis[39m[33m.[39mgetLogLevel(securityEvent[33m.[39mseverity)[33m;[39m
    [31m[1m>[22m[39m[90m 280 |[39m     [36mthis[39m[33m.[39mlogger[33m.[39mlog(logLevel[33m,[39m securityEvent[33m.[39meventType[33m,[39m securityEvent)[33m;[39m
     [90m     |[39m                 [31m[1m^[22m[39m
     [90m 281 |[39m   }
     [90m 282 |[39m
     [90m 283 |[39m   [90m/**[39m[0m

      at DerivedLogger._transform (node_modules/winston/lib/winston/logger.js:326:15)
      at DerivedLogger.Object.<anonymous>.Transform._read (node_modules/readable-stream/lib/_stream_transform.js:166:10)
      at DerivedLogger.Object.<anonymous>.Transform._write (node_modules/readable-stream/lib/_stream_transform.js:155:83)
      at doWrite (node_modules/readable-stream/lib/_stream_writable.js:390:139)
      at writeOrBuffer (node_modules/readable-stream/lib/_stream_writable.js:381:5)
      at DerivedLogger.Object.<anonymous>.Writable.write (node_modules/readable-stream/lib/_stream_writable.js:302:11)
      at DerivedLogger.log (node_modules/winston/lib/winston/logger.js:276:14)
      at SecurityLogger.log (src/logging/StructuredSecurityLogger.ts:280:17)
      at SecurityLogger.log [as logSystemEvent] (src/logging/StructuredSecurityLogger.ts:503:10)
      at Object.<anonymous> (tests/security/security-logger.test.ts:459:14)

  console.debug
    [34m[DEBUG][0m 2026-03-24T21:32:36.072Z protocol-security: [CircuitBreaker:elasticsearch] [INIT] CircuitBreaker инициализирован: elasticsearch

      at ConsoleTransport.method [as send] (src/logging/Logger.ts:158:7)
          at Array.map (<anonymous>)

  console.debug
    [34m[DEBUG][0m 2026-03-24T21:32:36.075Z protocol-security: [CircuitBreaker:redis] [INIT] CircuitBreaker инициализирован: redis

      at ConsoleTransport.method [as send] (src/logging/Logger.ts:158:7)
          at Array.map (<anonymous>)

  console.debug
    [34m[DEBUG][0m 2026-03-24T21:32:36.078Z protocol-security: [CircuitBreaker:database] [INIT] CircuitBreaker инициализирован: database

      at ConsoleTransport.method [as send] (src/logging/Logger.ts:158:7)
          at Array.map (<anonymous>)

  console.debug
    [34m[DEBUG][0m 2026-03-24T21:32:36.081Z protocol-security: [CircuitBreaker:vault] [INIT] CircuitBreaker инициализирован: vault

      at ConsoleTransport.method [as send] (src/logging/Logger.ts:158:7)
          at Array.map (<anonymous>)

  console.debug
    [34m[DEBUG][0m 2026-03-24T21:32:36.083Z protocol-security: [CircuitBreaker:elasticsearch] [INIT] CircuitBreaker инициализирован: elasticsearch

      at ConsoleTransport.method [as send] (src/logging/Logger.ts:158:7)
          at Array.map (<anonymous>)

  console.error
    [winston] Attempt to write logs with no transports, which can increase memory usage: {"service":"protocol-security","category":"SYSTEM","eventType":"ERROR","severity":"HIGH","outcome":"FAILURE","actor":{"type":"system"},"action":"error","resource":{"type":"component","name":"Database"},"context":{"ipAddress":"localhost","correlationId":"bf31f871-e1e8-498a-8db5-ff7f231ca8b1"},"data":{"componentName":"Database","details":"Connection timeout"},"tags":["system","error"],"eventId":"b5a9e332-b693-40b8-a7c5-b5c3658cc275","timestamp":"2026-03-24T21:32:36.074Z","level":"error","message":"ERROR"}

    [0m [90m 278 |[39m     [90m// Логирование[39m
     [90m 279 |[39m     [36mconst[39m logLevel [33m=[39m [36mthis[39m[33m.[39mgetLogLevel(securityEvent[33m.[39mseverity)[33m;[39m
    [31m[1m>[22m[39m[90m 280 |[39m     [36mthis[39m[33m.[39mlogger[33m.[39mlog(logLevel[33m,[39m securityEvent[33m.[39meventType[33m,[39m securityEvent)[33m;[39m
     [90m     |[39m                 [31m[1m^[22m[39m
     [90m 281 |[39m   }
     [90m 282 |[39m
     [90m 283 |[39m   [90m/**[39m[0m

      at DerivedLogger._transform (node_modules/winston/lib/winston/logger.js:326:15)
      at DerivedLogger.Object.<anonymous>.Transform._read (node_modules/readable-stream/lib/_stream_transform.js:166:10)
      at DerivedLogger.Object.<anonymous>.Transform._write (node_modules/readable-stream/lib/_stream_transform.js:155:83)
      at doWrite (node_modules/readable-stream/lib/_stream_writable.js:390:139)
      at writeOrBuffer (node_modules/readable-stream/lib/_stream_writable.js:381:5)
      at DerivedLogger.Object.<anonymous>.Writable.write (node_modules/readable-stream/lib/_stream_writable.js:302:11)
      at DerivedLogger.log (node_modules/winston/lib/winston/logger.js:276:14)
      at SecurityLogger.log (src/logging/StructuredSecurityLogger.ts:280:17)
      at SecurityLogger.log [as logSystemEvent] (src/logging/StructuredSecurityLogger.ts:503:10)
      at Object.<anonymous> (tests/security/security-logger.test.ts:474:14)

  console.debug
    [34m[DEBUG][0m 2026-03-24T21:32:36.087Z protocol-security: [HealthCheckService] [START] Запуск Health Check Service

      at ConsoleTransport.method [as send] (src/logging/Logger.ts:158:7)
          at Array.map (<anonymous>)

  console.debug
    [34m[DEBUG][0m 2026-03-24T21:32:36.094Z protocol-security: [HealthCheckService] [STOP] Остановка Health Check Service

      at ConsoleTransport.method [as send] (src/logging/Logger.ts:158:7)
          at Array.map (<anonymous>)

  console.debug
    [34m[DEBUG][0m 2026-03-24T21:32:36.097Z protocol-security: [HealthCheckService] [STOP] Остановка Health Check Service

      at ConsoleTransport.method [as send] (src/logging/Logger.ts:158:7)
          at Array.map (<anonymous>)

  console.error
    [winston] Attempt to write logs with no transports, which can increase memory usage: {"service":"protocol-security","category":"SYSTEM","eventType":"CONFIG_CHANGE","severity":"INFO","outcome":"SUCCESS","actor":{"type":"system"},"action":"config_change","resource":{"type":"component","name":"Security Module"},"context":{"ipAddress":"localhost","correlationId":"7e0b95d8-dd93-4531-933c-b60f03140e5b"},"data":{"componentName":"Security Module","details":"Updated CSP policy"},"tags":["system","config_change"],"eventId":"b02f0130-cc1d-4876-b7d8-ba1db6a24f69","timestamp":"2026-03-24T21:32:36.093Z","level":"info","message":"CONFIG_CHANGE"}

    [0m [90m 278 |[39m     [90m// Логирование[39m
     [90m 279 |[39m     [36mconst[39m logLevel [33m=[39m [36mthis[39m[33m.[39mgetLogLevel(securityEvent[33m.[39mseverity)[33m;[39m
    [31m[1m>[22m[39m[90m 280 |[39m     [36mthis[39m[33m.[39mlogger[33m.[39mlog(logLevel[33m,[39m securityEvent[33m.[39meventType[33m,[39m securityEvent)[33m;[39m
     [90m     |[39m                 [31m[1m^[22m[39m
     [90m 281 |[39m   }
     [90m 282 |[39m
     [90m 283 |[39m   [90m/**[39m[0m

      at DerivedLogger._transform (node_modules/winston/lib/winston/logger.js:326:15)
      at DerivedLogger.Object.<anonymous>.Transform._read (node_modules/readable-stream/lib/_stream_transform.js:166:10)
      at DerivedLogger.Object.<anonymous>.Transform._write (node_modules/readable-stream/lib/_stream_transform.js:155:83)
      at doWrite (node_modules/readable-stream/lib/_stream_writable.js:390:139)
      at writeOrBuffer (node_modules/readable-stream/lib/_stream_writable.js:381:5)
      at DerivedLogger.Object.<anonymous>.Writable.write (node_modules/readable-stream/lib/_stream_writable.js:302:11)
      at DerivedLogger.log (node_modules/winston/lib/winston/logger.js:276:14)
      at SecurityLogger.log (src/logging/StructuredSecurityLogger.ts:280:17)
      at SecurityLogger.log [as logSystemEvent] (src/logging/StructuredSecurityLogger.ts:503:10)
      at Object.<anonymous> (tests/security/security-logger.test.ts:488:14)

  console.debug
    [34m[DEBUG][0m 2026-03-24T21:32:36.102Z protocol-security: [CircuitBreaker:redis] [INIT] CircuitBreaker инициализирован: redis

      at ConsoleTransport.method [as send] (src/logging/Logger.ts:158:7)
          at Array.map (<anonymous>)

  console.debug
    [34m[DEBUG][0m 2026-03-24T21:32:36.105Z protocol-security: [CircuitBreaker:database] [INIT] CircuitBreaker инициализирован: database

      at ConsoleTransport.method [as send] (src/logging/Logger.ts:158:7)
          at Array.map (<anonymous>)

  console.debug
    [34m[DEBUG][0m 2026-03-24T21:32:36.108Z protocol-security: [CircuitBreaker:vault] [INIT] CircuitBreaker инициализирован: vault

      at ConsoleTransport.method [as send] (src/logging/Logger.ts:158:7)
          at Array.map (<anonymous>)

  console.debug
    [34m[DEBUG][0m 2026-03-24T21:32:36.111Z protocol-security: [CircuitBreaker:elasticsearch] [INIT] CircuitBreaker инициализирован: elasticsearch

      at ConsoleTransport.method [as send] (src/logging/Logger.ts:158:7)
          at Array.map (<anonymous>)

  console.error
    [winston] Attempt to write logs with no transports, which can increase memory usage: {"service":"protocol-security","category":"AUDIT","eventType":"USER_CREATED","severity":"INFO","outcome":"SUCCESS","actor":{"type":"user","id":"admin123"},"action":"create_user","resource":{"type":"resource","name":"new-user"},"context":{"ipAddress":"unknown","correlationId":"6028e786-5b22-4a66-b914-89400dcb8beb"},"data":{"email":"new@example.com"},"tags":["audit","compliance"],"eventId":"11423ac8-8c37-4909-865d-ef61c7e52cd9","timestamp":"2026-03-24T21:32:36.105Z","level":"info","message":"USER_CREATED"}

    [0m [90m 278 |[39m     [90m// Логирование[39m
     [90m 279 |[39m     [36mconst[39m logLevel [33m=[39m [36mthis[39m[33m.[39mgetLogLevel(securityEvent[33m.[39mseverity)[33m;[39m
    [31m[1m>[22m[39m[90m 280 |[39m     [36mthis[39m[33m.[39mlogger[33m.[39mlog(logLevel[33m,[39m securityEvent[33m.[39meventType[33m,[39m securityEvent)[33m;[39m
     [90m     |[39m                 [31m[1m^[22m[39m
     [90m 281 |[39m   }
     [90m 282 |[39m
     [90m 283 |[39m   [90m/**[39m[0m

      at DerivedLogger._transform (node_modules/winston/lib/winston/logger.js:326:15)
      at DerivedLogger.Object.<anonymous>.Transform._read (node_modules/readable-stream/lib/_stream_transform.js:166:10)
      at DerivedLogger.Object.<anonymous>.Transform._write (node_modules/readable-stream/lib/_stream_transform.js:155:83)
      at doWrite (node_modules/readable-stream/lib/_stream_writable.js:390:139)
      at writeOrBuffer (node_modules/readable-stream/lib/_stream_writable.js:381:5)
      at DerivedLogger.Object.<anonymous>.Writable.write (node_modules/readable-stream/lib/_stream_writable.js:302:11)
      at DerivedLogger.log (node_modules/winston/lib/winston/logger.js:276:14)
      at SecurityLogger.log (src/logging/StructuredSecurityLogger.ts:280:17)
      at SecurityLogger.log [as logAudit] (src/logging/StructuredSecurityLogger.ts:540:10)
      at Object.<anonymous> (tests/security/security-logger.test.ts:510:14)

  console.debug
    [34m[DEBUG][0m 2026-03-24T21:32:36.114Z protocol-security: [CircuitBreaker:redis] [INIT] CircuitBreaker инициализирован: redis

      at ConsoleTransport.method [as send] (src/logging/Logger.ts:158:7)
          at Array.map (<anonymous>)

  console.debug
    [34m[DEBUG][0m 2026-03-24T21:32:36.118Z protocol-security: [CircuitBreaker:database] [INIT] CircuitBreaker инициализирован: database

      at ConsoleTransport.method [as send] (src/logging/Logger.ts:158:7)
          at Array.map (<anonymous>)

  console.debug
    [34m[DEBUG][0m 2026-03-24T21:32:36.121Z protocol-security: [CircuitBreaker:vault] [INIT] CircuitBreaker инициализирован: vault

      at ConsoleTransport.method [as send] (src/logging/Logger.ts:158:7)
          at Array.map (<anonymous>)

  console.debug
    [34m[DEBUG][0m 2026-03-24T21:32:36.124Z protocol-security: [CircuitBreaker:elasticsearch] [INIT] CircuitBreaker инициализирован: elasticsearch

      at ConsoleTransport.method [as send] (src/logging/Logger.ts:158:7)
          at Array.map (<anonymous>)

  console.debug
    [34m[DEBUG][0m 2026-03-24T21:32:36.132Z protocol-security: [HealthCheckService] [STOP] Остановка Health Check Service

      at ConsoleTransport.method [as send] (src/logging/Logger.ts:158:7)
          at Array.map (<anonymous>)

  console.debug
    [34m[DEBUG][0m 2026-03-24T21:32:36.134Z protocol-security: [HealthCheckService] [STOP] Остановка Health Check Service

      at ConsoleTransport.method [as send] (src/logging/Logger.ts:158:7)
          at Array.map (<anonymous>)

  console.error
    [winston] Attempt to write logs with no transports, which can increase memory usage: {"service":"protocol-security","category":"AUDIT","eventType":"SECRET_ACCESSED","severity":"INFO","outcome":"SUCCESS","actor":{"type":"user","id":"user123"},"action":"read","resource":{"type":"resource","name":"api-key-prod"},"context":{"ipAddress":"unknown","correlationId":"442617e8-20d4-4f71-a520-4bf9f789576a"},"tags":["audit","compliance"],"eventId":"855b3e12-5c0e-43b3-be77-0aa9c62e195b","timestamp":"2026-03-24T21:32:36.127Z","level":"info","message":"SECRET_ACCESSED"}

    [0m [90m 278 |[39m     [90m// Логирование[39m
     [90m 279 |[39m     [36mconst[39m logLevel [33m=[39m [36mthis[39m[33m.[39mgetLogLevel(securityEvent[33m.[39mseverity)[33m;[39m
    [31m[1m>[22m[39m[90m 280 |[39m     [36mthis[39m[33m.[39mlogger[33m.[39mlog(logLevel[33m,[39m securityEvent[33m.[39meventType[33m,[39m securityEvent)[33m;[39m
     [90m     |[39m                 [31m[1m^[22m[39m
     [90m 281 |[39m   }
     [90m 282 |[39m
     [90m 283 |[39m   [90m/**[39m[0m

      at DerivedLogger._transform (node_modules/winston/lib/winston/logger.js:326:15)
      at DerivedLogger.Object.<anonymous>.Transform._read (node_modules/readable-stream/lib/_stream_transform.js:166:10)
      at DerivedLogger.Object.<anonymous>.Transform._write (node_modules/readable-stream/lib/_stream_transform.js:155:83)
      at doWrite (node_modules/readable-stream/lib/_stream_writable.js:390:139)
      at writeOrBuffer (node_modules/readable-stream/lib/_stream_writable.js:381:5)
      at DerivedLogger.Object.<anonymous>.Writable.write (node_modules/readable-stream/lib/_stream_writable.js:302:11)
      at DerivedLogger.log (node_modules/winston/lib/winston/logger.js:276:14)
      at SecurityLogger.log (src/logging/StructuredSecurityLogger.ts:280:17)
      at SecurityLogger.log [as logAudit] (src/logging/StructuredSecurityLogger.ts:540:10)
      at Object.<anonymous> (tests/security/security-logger.test.ts:526:14)

  console.debug
    [34m[DEBUG][0m 2026-03-24T21:32:36.137Z protocol-security: [CircuitBreaker:redis] [INIT] CircuitBreaker инициализирован: redis

      at ConsoleTransport.method [as send] (src/logging/Logger.ts:158:7)
          at Array.map (<anonymous>)

  console.debug
    [34m[DEBUG][0m 2026-03-24T21:32:36.139Z protocol-security: [CircuitBreaker:database] [INIT] CircuitBreaker инициализирован: database

      at ConsoleTransport.method [as send] (src/logging/Logger.ts:158:7)
          at Array.map (<anonymous>)

  console.debug
    [34m[DEBUG][0m 2026-03-24T21:32:36.142Z protocol-security: [CircuitBreaker:vault] [INIT] CircuitBreaker инициализирован: vault

      at ConsoleTransport.method [as send] (src/logging/Logger.ts:158:7)
          at Array.map (<anonymous>)

  console.debug
    [34m[DEBUG][0m 2026-03-24T21:32:36.145Z protocol-security: [CircuitBreaker:elasticsearch] [INIT] CircuitBreaker инициализирован: elasticsearch

      at ConsoleTransport.method [as send] (src/logging/Logger.ts:158:7)
          at Array.map (<anonymous>)

  console.debug
    [34m[DEBUG][0m 2026-03-24T21:32:36.148Z protocol-security: [CircuitBreaker:redis] [INIT] CircuitBreaker инициализирован: redis

      at ConsoleTransport.method [as send] (src/logging/Logger.ts:158:7)
          at Array.map (<anonymous>)

  console.error
    [winston] Attempt to write logs with no transports, which can increase memory usage: {"service":"protocol-security","category":"AUTH","eventType":"LOGIN","severity":"INFO","outcome":"SUCCESS","actor":{"type":"user"},"action":"login","resource":{"type":"auth"},"context":{"ipAddress":"127.0.0.1","correlationId":"custom-corr-123"},"eventId":"566e10e6-b510-4dad-99a8-3c69fb528274","timestamp":"2026-03-24T21:32:36.140Z","level":"info","message":"LOGIN"}

    [0m [90m 278 |[39m     [90m// Логирование[39m
     [90m 279 |[39m     [36mconst[39m logLevel [33m=[39m [36mthis[39m[33m.[39mgetLogLevel(securityEvent[33m.[39mseverity)[33m;[39m
    [31m[1m>[22m[39m[90m 280 |[39m     [36mthis[39m[33m.[39mlogger[33m.[39mlog(logLevel[33m,[39m securityEvent[33m.[39meventType[33m,[39m securityEvent)[33m;[39m
     [90m     |[39m                 [31m[1m^[22m[39m
     [90m 281 |[39m   }
     [90m 282 |[39m
     [90m 283 |[39m   [90m/**[39m[0m

      at DerivedLogger._transform (node_modules/winston/lib/winston/logger.js:326:15)
      at DerivedLogger.Object.<anonymous>.Transform._read (node_modules/readable-stream/lib/_stream_transform.js:166:10)
      at DerivedLogger.Object.<anonymous>.Transform._write (node_modules/readable-stream/lib/_stream_transform.js:155:83)
      at doWrite (node_modules/readable-stream/lib/_stream_writable.js:390:139)
      at writeOrBuffer (node_modules/readable-stream/lib/_stream_writable.js:381:5)
      at DerivedLogger.Object.<anonymous>.Writable.write (node_modules/readable-stream/lib/_stream_writable.js:302:11)
      at DerivedLogger.log (node_modules/winston/lib/winston/logger.js:276:14)
      at SecurityLogger.log (src/logging/StructuredSecurityLogger.ts:280:17)
      at Object.<anonymous> (tests/security/security-logger.test.ts:549:14)

  console.debug
    [34m[DEBUG][0m 2026-03-24T21:32:36.151Z protocol-security: [CircuitBreaker:database] [INIT] CircuitBreaker инициализирован: database

      at ConsoleTransport.method [as send] (src/logging/Logger.ts:158:7)
          at Array.map (<anonymous>)

  console.debug
    [34m[DEBUG][0m 2026-03-24T21:32:36.155Z protocol-security: [CircuitBreaker:vault] [INIT] CircuitBreaker инициализирован: vault

      at ConsoleTransport.method [as send] (src/logging/Logger.ts:158:7)
          at Array.map (<anonymous>)

  console.debug
    [34m[DEBUG][0m 2026-03-24T21:32:36.157Z protocol-security: [CircuitBreaker:elasticsearch] [INIT] CircuitBreaker инициализирован: elasticsearch

      at ConsoleTransport.method [as send] (src/logging/Logger.ts:158:7)
          at Array.map (<anonymous>)

  console.debug
    [34m[DEBUG][0m 2026-03-24T21:32:36.160Z protocol-security: [HealthCheckService] [STOP] Остановка Health Check Service

      at ConsoleTransport.method [as send] (src/logging/Logger.ts:158:7)
          at Array.map (<anonymous>)

  console.error
    [winston] Attempt to write logs with no transports, which can increase memory usage: {"service":"protocol-security","category":"AUTH","eventType":"LOGIN","severity":"INFO","outcome":"SUCCESS","actor":{"type":"user"},"action":"login","resource":{"type":"auth"},"context":{"ipAddress":"127.0.0.1","correlationId":"54fea1a9-3fa7-4f69-896f-0879558f709f"},"eventId":"235a452f-5f2e-45d6-aec5-fd9f054ddffc","timestamp":"2026-03-24T21:32:36.153Z","level":"info","message":"LOGIN"}

    [0m [90m 278 |[39m     [90m// Логирование[39m
     [90m 279 |[39m     [36mconst[39m logLevel [33m=[39m [36mthis[39m[33m.[39mgetLogLevel(securityEvent[33m.[39mseverity)[33m;[39m
    [31m[1m>[22m[39m[90m 280 |[39m     [36mthis[39m[33m.[39mlogger[33m.[39mlog(logLevel[33m,[39m securityEvent[33m.[39meventType[33m,[39m securityEvent)[33m;[39m
     [90m     |[39m                 [31m[1m^[22m[39m
     [90m 281 |[39m   }
     [90m 282 |[39m
     [90m 283 |[39m   [90m/**[39m[0m

      at DerivedLogger._transform (node_modules/winston/lib/winston/logger.js:326:15)
      at DerivedLogger.Object.<anonymous>.Transform._read (node_modules/readable-stream/lib/_stream_transform.js:166:10)
      at DerivedLogger.Object.<anonymous>.Transform._write (node_modules/readable-stream/lib/_stream_transform.js:155:83)
      at doWrite (node_modules/readable-stream/lib/_stream_writable.js:390:139)
      at writeOrBuffer (node_modules/readable-stream/lib/_stream_writable.js:381:5)
      at DerivedLogger.Object.<anonymous>.Writable.write (node_modules/readable-stream/lib/_stream_writable.js:302:11)
      at DerivedLogger.log (node_modules/winston/lib/winston/logger.js:276:14)
      at SecurityLogger.log (src/logging/StructuredSecurityLogger.ts:280:17)
      at Object.<anonymous> (tests/security/security-logger.test.ts:565:14)

  console.debug
    [34m[DEBUG][0m 2026-03-24T21:32:36.163Z protocol-security: [CircuitBreaker:redis] [INIT] CircuitBreaker инициализирован: redis

      at ConsoleTransport.method [as send] (src/logging/Logger.ts:158:7)
          at Array.map (<anonymous>)

  console.debug
    [34m[DEBUG][0m 2026-03-24T21:32:36.166Z protocol-security: [CircuitBreaker:database] [INIT] CircuitBreaker инициализирован: database

      at ConsoleTransport.method [as send] (src/logging/Logger.ts:158:7)
          at Array.map (<anonymous>)

  console.debug
    [34m[DEBUG][0m 2026-03-24T21:32:36.171Z protocol-security: [CircuitBreaker:vault] [INIT] CircuitBreaker инициализирован: vault

      at ConsoleTransport.method [as send] (src/logging/Logger.ts:158:7)
          at Array.map (<anonymous>)

  console.debug
    [34m[DEBUG][0m 2026-03-24T21:32:36.173Z protocol-security: [CircuitBreaker:elasticsearch] [INIT] CircuitBreaker инициализирован: elasticsearch

      at ConsoleTransport.method [as send] (src/logging/Logger.ts:158:7)
          at Array.map (<anonymous>)

  console.debug
    [34m[DEBUG][0m 2026-03-24T21:32:36.176Z protocol-security: [HealthCheckService] [STOP] Остановка Health Check Service

      at ConsoleTransport.method [as send] (src/logging/Logger.ts:158:7)
          at Array.map (<anonymous>)

  console.debug
    [34m[DEBUG][0m 2026-03-24T21:32:36.179Z protocol-security: [HealthCheckService] [STOP] Остановка Health Check Service

      at ConsoleTransport.method [as send] (src/logging/Logger.ts:158:7)
          at Array.map (<anonymous>)

  console.debug
    [34m[DEBUG][0m 2026-03-24T21:32:36.182Z protocol-security: [CircuitBreaker:redis] [INIT] CircuitBreaker инициализирован: redis

      at ConsoleTransport.method [as send] (src/logging/Logger.ts:158:7)
          at Array.map (<anonymous>)

  console.debug
    [34m[DEBUG][0m 2026-03-24T21:32:36.186Z protocol-security: [CircuitBreaker:database] [INIT] CircuitBreaker инициализирован: database

      at ConsoleTransport.method [as send] (src/logging/Logger.ts:158:7)
          at Array.map (<anonymous>)

  console.debug
    [34m[DEBUG][0m 2026-03-24T21:32:36.189Z protocol-security: [CircuitBreaker:vault] [INIT] CircuitBreaker инициализирован: vault

      at ConsoleTransport.method [as send] (src/logging/Logger.ts:158:7)
          at Array.map (<anonymous>)

  console.debug
    [34m[DEBUG][0m 2026-03-24T21:32:36.192Z protocol-security: [CircuitBreaker:elasticsearch] [INIT] CircuitBreaker инициализирован: elasticsearch

      at ConsoleTransport.method [as send] (src/logging/Logger.ts:158:7)
          at Array.map (<anonymous>)

  console.debug
    [34m[DEBUG][0m 2026-03-24T21:32:36.194Z protocol-security: [CircuitBreaker:redis] [INIT] CircuitBreaker инициализирован: redis

      at ConsoleTransport.method [as send] (src/logging/Logger.ts:158:7)
          at Array.map (<anonymous>)

  console.debug
    [34m[DEBUG][0m 2026-03-24T21:32:36.197Z protocol-security: [CircuitBreaker:database] [INIT] CircuitBreaker инициализирован: database

      at ConsoleTransport.method [as send] (src/logging/Logger.ts:158:7)
          at Array.map (<anonymous>)

  console.debug
    [34m[DEBUG][0m 2026-03-24T21:32:36.199Z protocol-security: [CircuitBreaker:vault] [INIT] CircuitBreaker инициализирован: vault

      at ConsoleTransport.method [as send] (src/logging/Logger.ts:158:7)
          at Array.map (<anonymous>)

  console.debug
    [34m[DEBUG][0m 2026-03-24T21:32:36.202Z protocol-security: [CircuitBreaker:elasticsearch] [INIT] CircuitBreaker инициализирован: elasticsearch

      at ConsoleTransport.method [as send] (src/logging/Logger.ts:158:7)
          at Array.map (<anonymous>)

  console.debug
    [34m[DEBUG][0m 2026-03-24T21:32:36.211Z protocol-security: [HealthCheckService] [STOP] Остановка Health Check Service

      at ConsoleTransport.method [as send] (src/logging/Logger.ts:158:7)
          at Array.map (<anonymous>)

  console.debug
    [34m[DEBUG][0m 2026-03-24T21:32:36.213Z protocol-security: [HealthCheckService] [STOP] Остановка Health Check Service

      at ConsoleTransport.method [as send] (src/logging/Logger.ts:158:7)
          at Array.map (<anonymous>)

  console.debug
    [34m[DEBUG][0m 2026-03-24T21:32:36.216Z protocol-security: [CircuitBreaker:redis] [INIT] CircuitBreaker инициализирован: redis

      at ConsoleTransport.method [as send] (src/logging/Logger.ts:158:7)
          at Array.map (<anonymous>)

  console.log
    [Slack] Sending notification: {
      channel: '#security-alerts',
      username: 'Protocol Security',
      icon_emoji: ':shield:',
      attachments: [
        {
          color: '#fd7e14',
          title: '[HIGH] LOGIN_FAILURE - user123',
          text: '**Event Type:** LOGIN_FAILURE\n' +
            '**Category:** AUTH\n' +
            '**Severity:** HIGH\n' +
            '**Outcome:** FAILURE\n' +
            '**Timestamp:** 2026-03-24T21:32:36.173Z\n' +
            '**IP Address:** 192.168.1.1',
          fields: [Array],
          footer: 'Protocol Security System',
          ts: 1774387956
        }
      ]
    }

      at RealTimeAlerter.log [as sendSlackNotification] (src/logging/RealTimeAlerter.ts:478:13)

  console.debug
    [34m[DEBUG][0m 2026-03-24T21:32:36.218Z protocol-security: [CircuitBreaker:database] [INIT] CircuitBreaker инициализирован: database

      at ConsoleTransport.method [as send] (src/logging/Logger.ts:158:7)
          at Array.map (<anonymous>)

  console.debug
    [34m[DEBUG][0m 2026-03-24T21:32:36.220Z protocol-security: [CircuitBreaker:vault] [INIT] CircuitBreaker инициализирован: vault

      at ConsoleTransport.method [as send] (src/logging/Logger.ts:158:7)
          at Array.map (<anonymous>)

  console.log
    [PagerDuty] Sending notification: {
      routing_key: 'test-key',
      event_action: 'trigger',
      dedup_key: '62653229-f965-4536-93fd-22179ce9393a',
      payload: {
        summary: '[HIGH] LOGIN_FAILURE - user123',
        severity: 'error',
        source: 'protocol-security',
        timestamp: '2026-03-24T21:32:36.175Z',
        component: 'security',
        custom_details: {
          alertId: '62653229-f965-4536-93fd-22179ce9393a',
          eventType: 'LOGIN_FAILURE',
          actor: [Object],
          correlationId: 'test-123'
        }
      }
    }

      at RealTimeAlerter.log [as sendPagerDutyNotification] (src/logging/RealTimeAlerter.ts:513:13)

  console.debug
    [34m[DEBUG][0m 2026-03-24T21:32:36.223Z protocol-security: [CircuitBreaker:elasticsearch] [INIT] CircuitBreaker инициализирован: elasticsearch

      at ConsoleTransport.method [as send] (src/logging/Logger.ts:158:7)
          at Array.map (<anonymous>)

  console.log
    [Slack] Sending notification: {
      channel: '#security-alerts',
      username: 'Protocol Security',
      icon_emoji: ':shield:',
      attachments: [
        {
          color: '#fd7e14',
          title: '[HIGH] MFA_FAILURE - user123',
          text: '**Event Type:** MFA_FAILURE\n' +
            '**Category:** AUTH\n' +
            '**Severity:** HIGH\n' +
            '**Outcome:** FAILURE\n' +
            '**Timestamp:** 2026-03-24T21:32:36.225Z\n' +
            '**IP Address:** 192.168.1.1',
          fields: [Array],
          footer: 'Protocol Security System',
          ts: 1774387956
        }
      ]
    }

      at RealTimeAlerter.log [as sendSlackNotification] (src/logging/RealTimeAlerter.ts:478:13)

  console.debug
    [34m[DEBUG][0m 2026-03-24T21:32:36.226Z protocol-security: [HealthCheckService] [STOP] Остановка Health Check Service

      at ConsoleTransport.method [as send] (src/logging/Logger.ts:158:7)
          at Array.map (<anonymous>)

  console.log
    [PagerDuty] Sending notification: {
      routing_key: 'test-key',
      event_action: 'trigger',
      dedup_key: '526352e7-5d1b-4bb6-92a7-e6e97c06cbfa',
      payload: {
        summary: '[HIGH] MFA_FAILURE - user123',
        severity: 'error',
        source: 'protocol-security',
        timestamp: '2026-03-24T21:32:36.225Z',
        component: 'security',
        custom_details: {
          alertId: '526352e7-5d1b-4bb6-92a7-e6e97c06cbfa',
          eventType: 'MFA_FAILURE',
          actor: [Object],
          correlationId: 'test-123'
        }
      }
    }

      at RealTimeAlerter.log [as sendPagerDutyNotification] (src/logging/RealTimeAlerter.ts:513:13)

  console.debug
    [34m[DEBUG][0m 2026-03-24T21:32:36.232Z protocol-security: [CircuitBreaker:redis] [INIT] CircuitBreaker инициализирован: redis

      at ConsoleTransport.method [as send] (src/logging/Logger.ts:158:7)
          at Array.map (<anonymous>)

  console.log
    [Slack] Sending notification: {
      channel: '#security-alerts',
      username: 'Protocol Security',
      icon_emoji: ':shield:',
      attachments: [
        {
          color: '#fd7e14',
          title: '[HIGH] LOGIN_FAILURE - user123',
          text: '**Event Type:** LOGIN_FAILURE\n' +
            '**Category:** AUTH\n' +
            '**Severity:** HIGH\n' +
            '**Outcome:** FAILURE\n' +
            '**Timestamp:** 2026-03-24T21:32:36.232Z\n' +
            '**IP Address:** 192.168.1.1',
          fields: [Array],
          footer: 'Protocol Security System',
          ts: 1774387956
        }
      ]
    }

      at RealTimeAlerter.log [as sendSlackNotification] (src/logging/RealTimeAlerter.ts:478:13)

  console.debug
    [34m[DEBUG][0m 2026-03-24T21:32:36.235Z protocol-security: [CircuitBreaker:database] [INIT] CircuitBreaker инициализирован: database

      at ConsoleTransport.method [as send] (src/logging/Logger.ts:158:7)
          at Array.map (<anonymous>)

  console.debug
    [34m[DEBUG][0m 2026-03-24T21:32:36.238Z protocol-security: [CircuitBreaker:vault] [INIT] CircuitBreaker инициализирован: vault

      at ConsoleTransport.method [as send] (src/logging/Logger.ts:158:7)
          at Array.map (<anonymous>)

  console.log
    [PagerDuty] Sending notification: {
      routing_key: 'test-key',
      event_action: 'trigger',
      dedup_key: '1b1cac33-5d82-4edf-98b9-152012cc701a',
      payload: {
        summary: '[HIGH] LOGIN_FAILURE - user123',
        severity: 'error',
        source: 'protocol-security',
        timestamp: '2026-03-24T21:32:36.232Z',
        component: 'security',
        custom_details: {
          alertId: '1b1cac33-5d82-4edf-98b9-152012cc701a',
          eventType: 'LOGIN_FAILURE',
          actor: [Object],
          correlationId: 'test-0'
        }
      }
    }

      at RealTimeAlerter.log [as sendPagerDutyNotification] (src/logging/RealTimeAlerter.ts:513:13)

  console.debug
    [34m[DEBUG][0m 2026-03-24T21:32:36.241Z protocol-security: [CircuitBreaker:elasticsearch] [INIT] CircuitBreaker инициализирован: elasticsearch

      at ConsoleTransport.method [as send] (src/logging/Logger.ts:158:7)
          at Array.map (<anonymous>)

  console.log
    [Slack] Sending notification: {
      channel: '#security-alerts',
      username: 'Protocol Security',
      icon_emoji: ':shield:',
      attachments: [
        {
          color: '#fd7e14',
          title: '[HIGH] LOGIN_FAILURE - user123',
          text: '**Event Type:** LOGIN_FAILURE\n' +
            '**Category:** AUTH\n' +
            '**Severity:** HIGH\n' +
            '**Outcome:** FAILURE\n' +
            '**Timestamp:** 2026-03-24T21:32:36.242Z\n' +
            '**IP Address:** 192.168.1.1',
          fields: [Array],
          footer: 'Protocol Security System',
          ts: 1774387956
        }
      ]
    }

      at RealTimeAlerter.log [as sendSlackNotification] (src/logging/RealTimeAlerter.ts:478:13)

  console.log
    [PagerDuty] Sending notification: {
      routing_key: 'test-key',
      event_action: 'trigger',
      dedup_key: '03ee2fc0-abd3-4cd0-b0bd-6df20b65528d',
      payload: {
        summary: '[HIGH] LOGIN_FAILURE - user123',
        severity: 'error',
        source: 'protocol-security',
        timestamp: '2026-03-24T21:32:36.243Z',
        component: 'security',
        custom_details: {
          alertId: '03ee2fc0-abd3-4cd0-b0bd-6df20b65528d',
          eventType: 'LOGIN_FAILURE',
          actor: [Object],
          correlationId: 'test-dedup'
        }
      }
    }

      at RealTimeAlerter.log [as sendPagerDutyNotification] (src/logging/RealTimeAlerter.ts:513:13)

  console.log
    [Slack] Sending notification: {
      channel: '#security-alerts',
      username: 'Protocol Security',
      icon_emoji: ':shield:',
      attachments: [
        {
          color: '#fd7e14',
          title: '[HIGH] LOGIN_FAILURE - user123',
          text: '**Event Type:** LOGIN_FAILURE\n' +
            '**Category:** AUTH\n' +
            '**Severity:** HIGH\n' +
            '**Outcome:** FAILURE\n' +
            '**Timestamp:** 2026-03-24T21:32:36.249Z\n' +
            '**IP Address:** 192.168.1.1',
          fields: [Array],
          footer: 'Protocol Security System',
          ts: 1774387956
        }
      ]
    }

      at RealTimeAlerter.log [as sendSlackNotification] (src/logging/RealTimeAlerter.ts:478:13)

  console.log
    [PagerDuty] Sending notification: {
      routing_key: 'test-key',
      event_action: 'trigger',
      dedup_key: 'c5a549c0-8f15-421d-bf6d-a04415773eed',
      payload: {
        summary: '[HIGH] LOGIN_FAILURE - user123',
        severity: 'error',
        source: 'protocol-security',
        timestamp: '2026-03-24T21:32:36.249Z',
        component: 'security',
        custom_details: {
          alertId: 'c5a549c0-8f15-421d-bf6d-a04415773eed',
          eventType: 'LOGIN_FAILURE',
          actor: [Object],
          correlationId: 'test-ack'
        }
      }
    }

      at RealTimeAlerter.log [as sendPagerDutyNotification] (src/logging/RealTimeAlerter.ts:513:13)

  console.log
    [Slack] Sending notification: {
      channel: '#security-alerts',
      username: 'Protocol Security',
      icon_emoji: ':shield:',
      attachments: [
        {
          color: '#fd7e14',
          title: '[HIGH] LOGIN_FAILURE - user123',
          text: '**Event Type:** LOGIN_FAILURE\n' +
            '**Category:** AUTH\n' +
            '**Severity:** HIGH\n' +
            '**Outcome:** FAILURE\n' +
            '**Timestamp:** 2026-03-24T21:32:36.256Z\n' +
            '**IP Address:** 192.168.1.1',
          fields: [Array],
          footer: 'Protocol Security System',
          ts: 1774387956
        }
      ]
    }

      at RealTimeAlerter.log [as sendSlackNotification] (src/logging/RealTimeAlerter.ts:478:13)

  console.log
    [PagerDuty] Sending notification: {
      routing_key: 'test-key',
      event_action: 'trigger',
      dedup_key: '95d0ad69-22f3-4da7-8dd6-ff68927b1642',
      payload: {
        summary: '[HIGH] LOGIN_FAILURE - user123',
        severity: 'error',
        source: 'protocol-security',
        timestamp: '2026-03-24T21:32:36.256Z',
        component: 'security',
        custom_details: {
          alertId: '95d0ad69-22f3-4da7-8dd6-ff68927b1642',
          eventType: 'LOGIN_FAILURE',
          actor: [Object],
          correlationId: 'test-resolve'
        }
      }
    }

      at RealTimeAlerter.log [as sendPagerDutyNotification] (src/logging/RealTimeAlerter.ts:513:13)

PASS tests/security/security-logger.test.ts
  StructuredSecurityLogger
    Creation
      √ должен создавать logger с конфигурацией по умолчанию (3 ms)
      √ должен создавать logger с кастомной конфигурацией (2 ms)
      √ должен эмитить события при логировании (61 ms)
    Authentication Logging
      √ должен логировать успешный login (17 ms)
      √ должен логировать failed login с MEDIUM severity (16 ms)
      √ должен логировать MFA challenge (18 ms)
      √ должен логировать MFA failure с MEDIUM severity (13 ms)
      √ должен логировать logout (15 ms)
      √ должен логировать password change (13 ms)
    Authorization Logging
      √ должен логировать access granted (16 ms)
      √ должен логировать access denied с MEDIUM severity (17 ms)
      √ должен логировать role change (22 ms)
    Data Access Logging
      √ должен логировать data read (14 ms)
      √ должен логировать data export с MEDIUM severity (14 ms)
      √ должен логировать data delete (13 ms)
    Network Logging
      √ должен логировать connection established (13 ms)
      √ должен логировать firewall block (16 ms)
    Threat Logging
      √ должен логировать brute force detected (13 ms)
      √ должен логировать intrusion attempt с CRITICAL severity (16 ms)
      √ должен логировать anomaly detected (12 ms)
    System Logging
      √ должен логировать system startup (12 ms)
      √ должен логировать error с HIGH severity (19 ms)
      √ должен логировать config change (12 ms)
    Audit Logging
      √ должен логировать audit событие (12 ms)
      √ должен логировать secret access (23 ms)
    Correlation ID
      √ должен использовать correlationId из события (12 ms)
      √ должен использовать default correlationId если не указан (14 ms)
      √ должен позволять устанавливать default correlationId (1 ms)
    Stats
      √ должен возвращать статистику (2 ms)
  RealTimeAlerter
    Creation
      √ должен создавать alerter с конфигурацией (1 ms)
      √ должен эмитить события при создании алерта (50 ms)
    Alert Creation
      √ должен создавать алерт для matching правила (6 ms)
      √ должен игнорировать события не из правила (1 ms)
    Rate Limiting
      √ должен применять rate limiting для правил (10 ms)
    Deduplication
      √ должен deduplicate одинаковые события (6 ms)
    Alert Management
      √ должен acknowledge алерт (7 ms)
      √ должен resolve алерт (8 ms)
      √ должен возвращать false для несуществующего алерта (1 ms)
    Stats
      √ должен возвращать статистику (1 ms)
  SecurityEventTypes
    EventTypes Constants
      √ должен экспортировать константы событий (1 ms)

  console.log
    [32m[INFO][0m 2026-03-24T21:32:36.272Z protocol-security: [PHIProtection] Service created

      at ConsoleTransport.method [as send] (src/logging/Logger.ts:158:7)
          at Array.map (<anonymous>)

  console.debug
    [34m[DEBUG][0m 2026-03-24T21:32:36.349Z protocol-security: [HealthCheckService] [STOP] Остановка Health Check Service

      at ConsoleTransport.method [as send] (src/logging/Logger.ts:158:7)
          at Array.map (<anonymous>)

  console.log
    [32m[INFO][0m 2026-03-24T21:32:36.322Z protocol-security: [PatientConsent] Service created

      at ConsoleTransport.method [as send] (src/logging/Logger.ts:158:7)
          at Array.map (<anonymous>)

  console.log
    [32m[INFO][0m 2026-03-24T21:32:36.361Z protocol-security: [EHRIntegration] Service created

      at ConsoleTransport.method [as send] (src/logging/Logger.ts:158:7)
          at Array.map (<anonymous>)

  console.log
    [32m[INFO][0m 2026-03-24T21:32:36.370Z protocol-security: [FHIRSecurity] Service created

      at ConsoleTransport.method [as send] (src/logging/Logger.ts:158:7)
          at Array.map (<anonymous>)

  console.log
    [32m[INFO][0m 2026-03-24T21:32:36.380Z protocol-security: [MedicalDeviceSecurity] Service created

      at ConsoleTransport.method [as send] (src/logging/Logger.ts:158:7)
          at Array.map (<anonymous>)

  console.log
    [32m[INFO][0m 2026-03-24T21:32:36.398Z protocol-security: [TelehealthSecurity] Service created

      at ConsoleTransport.method [as send] (src/logging/Logger.ts:158:7)
          at Array.map (<anonymous>)

  console.log
    [32m[INFO][0m 2026-03-24T21:32:36.407Z protocol-security: [HealthcareIdentity] Service created

      at ConsoleTransport.method [as send] (src/logging/Logger.ts:158:7)
          at Array.map (<anonymous>)

  console.log
    [INFO] [HealthcareSecurity] Module created

      at StubLogger.log [as info] (src/utils/StubLogger.ts:10:13)

  console.log
    [32m[INFO][0m 2026-03-24T21:32:36.428Z protocol-security: [PHIProtection] Service created

      at ConsoleTransport.method [as send] (src/logging/Logger.ts:158:7)
          at Array.map (<anonymous>)

  console.log
    [32m[INFO][0m 2026-03-24T21:32:36.432Z protocol-security: [PatientConsent] Service created

      at ConsoleTransport.method [as send] (src/logging/Logger.ts:158:7)
          at Array.map (<anonymous>)

  console.log
    [32m[INFO][0m 2026-03-24T21:32:36.436Z protocol-security: [EHRIntegration] Service created

      at ConsoleTransport.method [as send] (src/logging/Logger.ts:158:7)
          at Array.map (<anonymous>)

  console.log
    [32m[INFO][0m 2026-03-24T21:32:36.439Z protocol-security: [FHIRSecurity] Service created

      at ConsoleTransport.method [as send] (src/logging/Logger.ts:158:7)
          at Array.map (<anonymous>)

  console.log
    [32m[INFO][0m 2026-03-24T21:32:36.442Z protocol-security: [MedicalDeviceSecurity] Service created

      at ConsoleTransport.method [as send] (src/logging/Logger.ts:158:7)
          at Array.map (<anonymous>)

  console.log
    [32m[INFO][0m 2026-03-24T21:32:36.445Z protocol-security: [TelehealthSecurity] Service created

      at ConsoleTransport.method [as send] (src/logging/Logger.ts:158:7)
          at Array.map (<anonymous>)

  console.log
    [32m[INFO][0m 2026-03-24T21:32:36.449Z protocol-security: [HealthcareIdentity] Service created

      at ConsoleTransport.method [as send] (src/logging/Logger.ts:158:7)
          at Array.map (<anonymous>)

  console.log
    [INFO] [HealthcareSecurity] Module created

      at StubLogger.log [as info] (src/utils/StubLogger.ts:10:13)

  console.log
    [32m[INFO][0m 2026-03-24T21:32:36.455Z protocol-security: [PHIProtection] Service created

      at ConsoleTransport.method [as send] (src/logging/Logger.ts:158:7)
          at Array.map (<anonymous>)

  console.debug
    [34m[DEBUG][0m 2026-03-24T21:32:36.456Z protocol-security: [HealthCheckService] [STOP] Остановка Health Check Service

      at ConsoleTransport.method [as send] (src/logging/Logger.ts:158:7)
          at Array.map (<anonymous>)

  console.log
    [32m[INFO][0m 2026-03-24T21:32:36.458Z protocol-security: [PatientConsent] Service created

      at ConsoleTransport.method [as send] (src/logging/Logger.ts:158:7)
          at Array.map (<anonymous>)

  console.log
    [32m[INFO][0m 2026-03-24T21:32:36.460Z protocol-security: [EHRIntegration] Service created

      at ConsoleTransport.method [as send] (src/logging/Logger.ts:158:7)
          at Array.map (<anonymous>)

  console.log
    [32m[INFO][0m 2026-03-24T21:32:36.462Z protocol-security: [FHIRSecurity] Service created

      at ConsoleTransport.method [as send] (src/logging/Logger.ts:158:7)
          at Array.map (<anonymous>)

  console.log
    [32m[INFO][0m 2026-03-24T21:32:36.464Z protocol-security: [MedicalDeviceSecurity] Service created

      at ConsoleTransport.method [as send] (src/logging/Logger.ts:158:7)
          at Array.map (<anonymous>)

  console.log
    [32m[INFO][0m 2026-03-24T21:32:36.467Z protocol-security: [TelehealthSecurity] Service created

      at ConsoleTransport.method [as send] (src/logging/Logger.ts:158:7)
          at Array.map (<anonymous>)

  console.log
    [32m[INFO][0m 2026-03-24T21:32:36.469Z protocol-security: [HealthcareIdentity] Service created

      at ConsoleTransport.method [as send] (src/logging/Logger.ts:158:7)
          at Array.map (<anonymous>)

  console.log
    [INFO] [HealthcareSecurity] Module created

      at StubLogger.log [as info] (src/utils/StubLogger.ts:10:13)

  console.log
    [32m[INFO][0m 2026-03-24T21:32:36.474Z protocol-security: [PHIProtection] Generated new encryption key

      at ConsoleTransport.method [as send] (src/logging/Logger.ts:158:7)
          at Array.map (<anonymous>)

  console.log
    [32m[INFO][0m 2026-03-24T21:32:36.476Z protocol-security: [PHIProtection] Initialized successfully

      at ConsoleTransport.method [as send] (src/logging/Logger.ts:158:7)
          at Array.map (<anonymous>)

  console.log
    [32m[INFO][0m 2026-03-24T21:32:36.479Z protocol-security: [PatientConsent] Initialized successfully

      at ConsoleTransport.method [as send] (src/logging/Logger.ts:158:7)
          at Array.map (<anonymous>)

  console.log
    [32m[INFO][0m 2026-03-24T21:32:36.481Z protocol-security: [EHRIntegration] Initializing...

      at ConsoleTransport.method [as send] (src/logging/Logger.ts:158:7)
          at Array.map (<anonymous>)

  console.log
    [32m[INFO][0m 2026-03-24T21:32:36.482Z protocol-security: [EHRIntegration] Initialized

      at ConsoleTransport.method [as send] (src/logging/Logger.ts:158:7)
          at Array.map (<anonymous>)

  console.log
    [32m[INFO][0m 2026-03-24T21:32:36.484Z protocol-security: [FHIRSecurity] Initialized

      at ConsoleTransport.method [as send] (src/logging/Logger.ts:158:7)
          at Array.map (<anonymous>)

  console.log
    [32m[INFO][0m 2026-03-24T21:32:36.485Z protocol-security: [MedicalDeviceSecurity] Initialized

      at ConsoleTransport.method [as send] (src/logging/Logger.ts:158:7)
          at Array.map (<anonymous>)

  console.log
    [32m[INFO][0m 2026-03-24T21:32:36.487Z protocol-security: [TelehealthSecurity] Initialized

      at ConsoleTransport.method [as send] (src/logging/Logger.ts:158:7)
          at Array.map (<anonymous>)

  console.log
    [32m[INFO][0m 2026-03-24T21:32:36.489Z protocol-security: [HealthcareIdentity] Initialized

      at ConsoleTransport.method [as send] (src/logging/Logger.ts:158:7)
          at Array.map (<anonymous>)

  console.log
    [INFO] [HealthcareSecurity] Module fully initialized

      at StubLogger.log [as info] (src/utils/StubLogger.ts:10:13)

  console.log
    [32m[INFO][0m 2026-03-24T21:32:36.501Z protocol-security: [PHIProtection] Service created

      at ConsoleTransport.method [as send] (src/logging/Logger.ts:158:7)
          at Array.map (<anonymous>)

  console.log
    [32m[INFO][0m 2026-03-24T21:32:36.503Z protocol-security: [PatientConsent] Service created

      at ConsoleTransport.method [as send] (src/logging/Logger.ts:158:7)
          at Array.map (<anonymous>)

  console.debug
    [34m[DEBUG][0m 2026-03-24T21:32:36.504Z protocol-security: [HealthCheckService] [STOP] Остановка Health Check Service

      at ConsoleTransport.method [as send] (src/logging/Logger.ts:158:7)
          at Array.map (<anonymous>)

  console.log
    [32m[INFO][0m 2026-03-24T21:32:36.506Z protocol-security: [EHRIntegration] Service created

      at ConsoleTransport.method [as send] (src/logging/Logger.ts:158:7)
          at Array.map (<anonymous>)

  console.log
    [32m[INFO][0m 2026-03-24T21:32:36.509Z protocol-security: [FHIRSecurity] Service created

      at ConsoleTransport.method [as send] (src/logging/Logger.ts:158:7)
          at Array.map (<anonymous>)

  console.debug
    [34m[DEBUG][0m 2026-03-24T21:32:36.509Z protocol-security: [CircuitBreaker:redis] [INIT] CircuitBreaker инициализирован: redis

      at ConsoleTransport.method [as send] (src/logging/Logger.ts:158:7)
          at Array.map (<anonymous>)

  console.log
    [32m[INFO][0m 2026-03-24T21:32:36.511Z protocol-security: [MedicalDeviceSecurity] Service created

      at ConsoleTransport.method [as send] (src/logging/Logger.ts:158:7)
          at Array.map (<anonymous>)

  console.debug
    [34m[DEBUG][0m 2026-03-24T21:32:36.512Z protocol-security: [CircuitBreaker:database] [INIT] CircuitBreaker инициализирован: database

      at ConsoleTransport.method [as send] (src/logging/Logger.ts:158:7)
          at Array.map (<anonymous>)

  console.log
    [32m[INFO][0m 2026-03-24T21:32:36.513Z protocol-security: [TelehealthSecurity] Service created

      at ConsoleTransport.method [as send] (src/logging/Logger.ts:158:7)
          at Array.map (<anonymous>)

  console.log
    [32m[INFO][0m 2026-03-24T21:32:36.516Z protocol-security: [HealthcareIdentity] Service created

      at ConsoleTransport.method [as send] (src/logging/Logger.ts:158:7)
          at Array.map (<anonymous>)

  console.debug
    [34m[DEBUG][0m 2026-03-24T21:32:36.515Z protocol-security: [CircuitBreaker:vault] [INIT] CircuitBreaker инициализирован: vault

      at ConsoleTransport.method [as send] (src/logging/Logger.ts:158:7)
          at Array.map (<anonymous>)

  console.log
    [INFO] [HealthcareSecurity] Module created

      at StubLogger.log [as info] (src/utils/StubLogger.ts:10:13)

  console.debug
    [34m[DEBUG][0m 2026-03-24T21:32:36.519Z protocol-security: [CircuitBreaker:elasticsearch] [INIT] CircuitBreaker инициализирован: elasticsearch

      at ConsoleTransport.method [as send] (src/logging/Logger.ts:158:7)
          at Array.map (<anonymous>)

  console.log
    [32m[INFO][0m 2026-03-24T21:32:36.520Z protocol-security: [PHIProtection] Generated new encryption key

      at ConsoleTransport.method [as send] (src/logging/Logger.ts:158:7)
          at Array.map (<anonymous>)

  console.log
    [32m[INFO][0m 2026-03-24T21:32:36.523Z protocol-security: [PHIProtection] Initialized successfully

      at ConsoleTransport.method [as send] (src/logging/Logger.ts:158:7)
          at Array.map (<anonymous>)

  console.log
    [32m[INFO][0m 2026-03-24T21:32:36.525Z protocol-security: [PatientConsent] Initialized successfully

      at ConsoleTransport.method [as send] (src/logging/Logger.ts:158:7)
          at Array.map (<anonymous>)

  console.log
    [32m[INFO][0m 2026-03-24T21:32:36.526Z protocol-security: [EHRIntegration] Initializing...

      at ConsoleTransport.method [as send] (src/logging/Logger.ts:158:7)
          at Array.map (<anonymous>)

  console.log
    [32m[INFO][0m 2026-03-24T21:32:36.528Z protocol-security: [EHRIntegration] Initialized

      at ConsoleTransport.method [as send] (src/logging/Logger.ts:158:7)
          at Array.map (<anonymous>)

  console.log
    [32m[INFO][0m 2026-03-24T21:32:36.529Z protocol-security: [FHIRSecurity] Initialized

      at ConsoleTransport.method [as send] (src/logging/Logger.ts:158:7)
          at Array.map (<anonymous>)

  console.log
    [32m[INFO][0m 2026-03-24T21:32:36.530Z protocol-security: [MedicalDeviceSecurity] Initialized

      at ConsoleTransport.method [as send] (src/logging/Logger.ts:158:7)
          at Array.map (<anonymous>)

  console.log
    [32m[INFO][0m 2026-03-24T21:32:36.532Z protocol-security: [TelehealthSecurity] Initialized

      at ConsoleTransport.method [as send] (src/logging/Logger.ts:158:7)
          at Array.map (<anonymous>)

  console.log
    [32m[INFO][0m 2026-03-24T21:32:36.533Z protocol-security: [HealthcareIdentity] Initialized

      at ConsoleTransport.method [as send] (src/logging/Logger.ts:158:7)
          at Array.map (<anonymous>)

  console.log
    [INFO] [HealthcareSecurity] Module fully initialized

      at StubLogger.log [as info] (src/utils/StubLogger.ts:10:13)

  console.log
    [32m[INFO][0m 2026-03-24T21:32:36.537Z protocol-security: [PHIProtection] Service created

      at ConsoleTransport.method [as send] (src/logging/Logger.ts:158:7)
          at Array.map (<anonymous>)

  console.log
    [32m[INFO][0m 2026-03-24T21:32:36.540Z protocol-security: [PatientConsent] Service created

      at ConsoleTransport.method [as send] (src/logging/Logger.ts:158:7)
          at Array.map (<anonymous>)

  console.log
    [32m[INFO][0m 2026-03-24T21:32:36.542Z protocol-security: [EHRIntegration] Service created

      at ConsoleTransport.method [as send] (src/logging/Logger.ts:158:7)
          at Array.map (<anonymous>)

  console.log
    [32m[INFO][0m 2026-03-24T21:32:36.547Z protocol-security: [FHIRSecurity] Service created

      at ConsoleTransport.method [as send] (src/logging/Logger.ts:158:7)
          at Array.map (<anonymous>)

  console.log
    [32m[INFO][0m 2026-03-24T21:32:36.550Z protocol-security: [MedicalDeviceSecurity] Service created

      at ConsoleTransport.method [as send] (src/logging/Logger.ts:158:7)
          at Array.map (<anonymous>)

  console.log
    [32m[INFO][0m 2026-03-24T21:32:36.552Z protocol-security: [TelehealthSecurity] Service created

      at ConsoleTransport.method [as send] (src/logging/Logger.ts:158:7)
          at Array.map (<anonymous>)

  console.log
    [32m[INFO][0m 2026-03-24T21:32:36.554Z protocol-security: [HealthcareIdentity] Service created

      at ConsoleTransport.method [as send] (src/logging/Logger.ts:158:7)
          at Array.map (<anonymous>)

  console.log
    [INFO] [HealthcareSecurity] Module created

      at StubLogger.log [as info] (src/utils/StubLogger.ts:10:13)

  console.log
    [32m[INFO][0m 2026-03-24T21:32:36.558Z protocol-security: [PHIProtection] Generated new encryption key

      at ConsoleTransport.method [as send] (src/logging/Logger.ts:158:7)
          at Array.map (<anonymous>)

  console.log
    [32m[INFO][0m 2026-03-24T21:32:36.561Z protocol-security: [PHIProtection] Initialized successfully

      at ConsoleTransport.method [as send] (src/logging/Logger.ts:158:7)
          at Array.map (<anonymous>)

  console.log
    [32m[INFO][0m 2026-03-24T21:32:36.563Z protocol-security: [PatientConsent] Initialized successfully

      at ConsoleTransport.method [as send] (src/logging/Logger.ts:158:7)
          at Array.map (<anonymous>)

  console.log
    [32m[INFO][0m 2026-03-24T21:32:36.564Z protocol-security: [EHRIntegration] Initializing...

      at ConsoleTransport.method [as send] (src/logging/Logger.ts:158:7)
          at Array.map (<anonymous>)

  console.log
    [32m[INFO][0m 2026-03-24T21:32:36.565Z protocol-security: [EHRIntegration] Initialized

      at ConsoleTransport.method [as send] (src/logging/Logger.ts:158:7)
          at Array.map (<anonymous>)

  console.log
    [32m[INFO][0m 2026-03-24T21:32:36.567Z protocol-security: [FHIRSecurity] Initialized

      at ConsoleTransport.method [as send] (src/logging/Logger.ts:158:7)
          at Array.map (<anonymous>)

  console.log
    [32m[INFO][0m 2026-03-24T21:32:36.569Z protocol-security: [MedicalDeviceSecurity] Initialized

      at ConsoleTransport.method [as send] (src/logging/Logger.ts:158:7)
          at Array.map (<anonymous>)

  console.log
    [32m[INFO][0m 2026-03-24T21:32:36.570Z protocol-security: [TelehealthSecurity] Initialized

      at ConsoleTransport.method [as send] (src/logging/Logger.ts:158:7)
          at Array.map (<anonymous>)

  console.log
    [32m[INFO][0m 2026-03-24T21:32:36.571Z protocol-security: [HealthcareIdentity] Initialized

      at ConsoleTransport.method [as send] (src/logging/Logger.ts:158:7)
          at Array.map (<anonymous>)

  console.log
    [INFO] [HealthcareSecurity] Module fully initialized

      at StubLogger.log [as info] (src/utils/StubLogger.ts:10:13)

  console.log
    [32m[INFO][0m 2026-03-24T21:32:36.574Z protocol-security: [PHIProtection] Service created

      at ConsoleTransport.method [as send] (src/logging/Logger.ts:158:7)
          at Array.map (<anonymous>)

  console.log
    [2026-03-24T21:32:36.576Z] [SecureRandom] [INFO] SecureRandom уничтожен, ресурсы очищены

      at SecureRandom.log (src/crypto/SecureRandom.ts:576:15)

  console.log
    [32m[INFO][0m 2026-03-24T21:32:36.577Z protocol-security: [PatientConsent] Service created

      at ConsoleTransport.method [as send] (src/logging/Logger.ts:158:7)
          at Array.map (<anonymous>)

  console.log
    [32m[INFO][0m 2026-03-24T21:32:36.579Z protocol-security: [EHRIntegration] Service created

      at ConsoleTransport.method [as send] (src/logging/Logger.ts:158:7)
          at Array.map (<anonymous>)

  console.log
    [2026-03-24T21:32:36.581Z] [SecureRandom] [INFO] SecureRandom уничтожен, ресурсы очищены

      at SecureRandom.log (src/crypto/SecureRandom.ts:576:15)

  console.log
    [32m[INFO][0m 2026-03-24T21:32:36.582Z protocol-security: [FHIRSecurity] Service created

      at ConsoleTransport.method [as send] (src/logging/Logger.ts:158:7)
          at Array.map (<anonymous>)

  console.log
    [32m[INFO][0m 2026-03-24T21:32:36.585Z protocol-security: [MedicalDeviceSecurity] Service created

      at ConsoleTransport.method [as send] (src/logging/Logger.ts:158:7)
          at Array.map (<anonymous>)

  console.log
    [32m[INFO][0m 2026-03-24T21:32:36.588Z protocol-security: [TelehealthSecurity] Service created

      at ConsoleTransport.method [as send] (src/logging/Logger.ts:158:7)
          at Array.map (<anonymous>)

  console.log
    [2026-03-24T21:32:36.590Z] [SecureRandom] [INFO] SecureRandom уничтожен, ресурсы очищены

      at SecureRandom.log (src/crypto/SecureRandom.ts:576:15)

  console.log
    [32m[INFO][0m 2026-03-24T21:32:36.590Z protocol-security: [HealthcareIdentity] Service created

      at ConsoleTransport.method [as send] (src/logging/Logger.ts:158:7)
          at Array.map (<anonymous>)

  console.log
    [INFO] [HealthcareSecurity] Module created

      at StubLogger.log [as info] (src/utils/StubLogger.ts:10:13)

  console.log
    [32m[INFO][0m 2026-03-24T21:32:36.596Z protocol-security: [PHIProtection] Service created

      at ConsoleTransport.method [as send] (src/logging/Logger.ts:158:7)
          at Array.map (<anonymous>)

  console.log
    [32m[INFO][0m 2026-03-24T21:32:36.599Z protocol-security: [PatientConsent] Service created

      at ConsoleTransport.method [as send] (src/logging/Logger.ts:158:7)
          at Array.map (<anonymous>)

  console.log
    [32m[INFO][0m 2026-03-24T21:32:36.601Z protocol-security: [EHRIntegration] Service created

      at ConsoleTransport.method [as send] (src/logging/Logger.ts:158:7)
          at Array.map (<anonymous>)

  console.log
    [32m[INFO][0m 2026-03-24T21:32:36.604Z protocol-security: [FHIRSecurity] Service created

      at ConsoleTransport.method [as send] (src/logging/Logger.ts:158:7)
          at Array.map (<anonymous>)

  console.log
    [32m[INFO][0m 2026-03-24T21:32:36.607Z protocol-security: [MedicalDeviceSecurity] Service created

      at ConsoleTransport.method [as send] (src/logging/Logger.ts:158:7)
          at Array.map (<anonymous>)

  console.log
    [32m[INFO][0m 2026-03-24T21:32:36.609Z protocol-security: [TelehealthSecurity] Service created

      at ConsoleTransport.method [as send] (src/logging/Logger.ts:158:7)
          at Array.map (<anonymous>)

  console.log
    [32m[INFO][0m 2026-03-24T21:32:36.616Z protocol-security: [HealthcareIdentity] Service created

      at ConsoleTransport.method [as send] (src/logging/Logger.ts:158:7)
          at Array.map (<anonymous>)

  console.log
    [INFO] [HealthcareSecurity] Module created

      at StubLogger.log [as info] (src/utils/StubLogger.ts:10:13)

  console.log
    [32m[INFO][0m 2026-03-24T21:32:36.623Z protocol-security: [PHIProtection] Generated new encryption key

      at ConsoleTransport.method [as send] (src/logging/Logger.ts:158:7)
          at Array.map (<anonymous>)

  console.log
    [32m[INFO][0m 2026-03-24T21:32:36.626Z protocol-security: [PHIProtection] Initialized successfully

      at ConsoleTransport.method [as send] (src/logging/Logger.ts:158:7)
          at Array.map (<anonymous>)

  console.log
    [32m[INFO][0m 2026-03-24T21:32:36.631Z protocol-security: [PatientConsent] Initialized successfully

      at ConsoleTransport.method [as send] (src/logging/Logger.ts:158:7)
          at Array.map (<anonymous>)

  console.log
    [32m[INFO][0m 2026-03-24T21:32:36.638Z protocol-security: [EHRIntegration] Initializing...

      at ConsoleTransport.method [as send] (src/logging/Logger.ts:158:7)
          at Array.map (<anonymous>)

  console.log
    [32m[INFO][0m 2026-03-24T21:32:36.640Z protocol-security: [EHRIntegration] Initialized

      at ConsoleTransport.method [as send] (src/logging/Logger.ts:158:7)
          at Array.map (<anonymous>)

  console.log
    [32m[INFO][0m 2026-03-24T21:32:36.641Z protocol-security: [FHIRSecurity] Initialized

      at ConsoleTransport.method [as send] (src/logging/Logger.ts:158:7)
          at Array.map (<anonymous>)

  console.log
    [32m[INFO][0m 2026-03-24T21:32:36.643Z protocol-security: [MedicalDeviceSecurity] Initialized

      at ConsoleTransport.method [as send] (src/logging/Logger.ts:158:7)
          at Array.map (<anonymous>)

  console.log
    [32m[INFO][0m 2026-03-24T21:32:36.646Z protocol-security: [TelehealthSecurity] Initialized

      at ConsoleTransport.method [as send] (src/logging/Logger.ts:158:7)
          at Array.map (<anonymous>)

  console.log
    [32m[INFO][0m 2026-03-24T21:32:36.649Z protocol-security: [HealthcareIdentity] Initialized

      at ConsoleTransport.method [as send] (src/logging/Logger.ts:158:7)
          at Array.map (<anonymous>)

  console.log
    [INFO] [HealthcareSecurity] Module fully initialized

      at StubLogger.log [as info] (src/utils/StubLogger.ts:10:13)

  console.log
    [INFO] [HealthcareSecurity] Shutting down...

      at StubLogger.log [as info] (src/utils/StubLogger.ts:10:13)

  console.log
    [32m[INFO][0m 2026-03-24T21:32:36.655Z protocol-security: [PHIProtection] Shutting down...

      at ConsoleTransport.method [as send] (src/logging/Logger.ts:158:7)
          at Array.map (<anonymous>)

  console.log
    [32m[INFO][0m 2026-03-24T21:32:36.656Z protocol-security: [PHIProtection] Destroyed

      at ConsoleTransport.method [as send] (src/logging/Logger.ts:158:7)
          at Array.map (<anonymous>)

  console.log
    [32m[INFO][0m 2026-03-24T21:32:36.658Z protocol-security: [PatientConsent] Shutting down...

      at ConsoleTransport.method [as send] (src/logging/Logger.ts:158:7)
          at Array.map (<anonymous>)

  console.log
    [32m[INFO][0m 2026-03-24T21:32:36.661Z protocol-security: [PatientConsent] Destroyed

      at ConsoleTransport.method [as send] (src/logging/Logger.ts:158:7)
          at Array.map (<anonymous>)

  console.log
    [32m[INFO][0m 2026-03-24T21:32:36.662Z protocol-security: [EHRIntegration] Destroyed

      at ConsoleTransport.method [as send] (src/logging/Logger.ts:158:7)
          at Array.map (<anonymous>)

  console.log
    [32m[INFO][0m 2026-03-24T21:32:36.664Z protocol-security: [FHIRSecurity] Destroyed

      at ConsoleTransport.method [as send] (src/logging/Logger.ts:158:7)
          at Array.map (<anonymous>)

  console.log
    [32m[INFO][0m 2026-03-24T21:32:36.665Z protocol-security: [MedicalDeviceSecurity] Destroyed

      at ConsoleTransport.method [as send] (src/logging/Logger.ts:158:7)
          at Array.map (<anonymous>)

  console.log
    [32m[INFO][0m 2026-03-24T21:32:36.667Z protocol-security: [TelehealthSecurity] Destroyed

      at ConsoleTransport.method [as send] (src/logging/Logger.ts:158:7)
          at Array.map (<anonymous>)

  console.log
    [32m[INFO][0m 2026-03-24T21:32:36.681Z protocol-security: [HealthcareIdentity] Destroyed

      at ConsoleTransport.method [as send] (src/logging/Logger.ts:158:7)
          at Array.map (<anonymous>)

  console.log
    [INFO] [HealthcareSecurity] Module shut down

      at StubLogger.log [as info] (src/utils/StubLogger.ts:10:13)

  console.warn
    Argon2 недоступен, используется PBKDF2 fallback

    [0m [90m 393 |[39m       [90m// Fallback: эмуляция через PBKDF2 с усилением[39m
     [90m 394 |[39m       [90m// Это НЕ обеспечивает ту же безопасность, что и настоящий Argon2[39m
    [31m[1m>[22m[39m[90m 395 |[39m       console[33m.[39mwarn([32m'Argon2 недоступен, используется PBKDF2 fallback'[39m)[33m;[39m
     [90m     |[39m               [31m[1m^[22m[39m
     [90m 396 |[39m       [36mreturn[39m [36mthis[39m[33m.[39mderiveArgon2Fallback(password[33m,[39m salt[33m,[39m params)[33m;[39m
     [90m 397 |[39m     }
     [90m 398 |[39m   }[0m

      at KeyDerivationService.warn [as deriveArgon2] (src/crypto/KeyDerivation.ts:395:15)
      at KeyDerivationService.deriveArgon2 [as deriveKey] (src/crypto/KeyDerivation.ts:101:21)
      at Object.<anonymous> (tests/crypto.test.ts:269:30)

PASS tests/healthcare/HealthcareSecurityModule.test.ts
  HealthcareSecurityModule - Simplified
    constructor
      √ should create module (157 ms)
      √ should have HIPAA compliant status (27 ms)
    initialization
      √ should initialize successfully (45 ms)
      √ should emit initialized event (36 ms)
    compliance
      √ should run compliance check (37 ms)
      √ should get compliance score (22 ms)
    destroy
      √ should destroy module (88 ms)

PASS tests/security/error-handling.test.ts
  BaseError
    Creation
      √ должен создавать ошибку с правильными свойствами (3 ms)
      √ должен устанавливать code
      √ должен устанавливать statusCode
      √ должен устанавливать correlationId (2 ms)
      √ должен устанавливать timestamp (1 ms)
      √ должен устанавливать category (1 ms)
      √ должен устанавливать level
      √ должен устанавливать metadata по умолчанию (2 ms)
      √ должен устанавливать кастомные metadata (1 ms)
      √ должен иметь stack trace (81 ms)
    Safe Response
      √ должен возвращать safe response (2 ms)
      √ должен включать details в development режиме (2 ms)
      √ должен исключать details в production режиме (1 ms)
      √ должен включать path если установлен (1 ms)
    Full Error
      √ должен возвращать полную информацию об ошибке (3 ms)
    Request Context
      √ должен устанавливать request контекст (1 ms)
      √ должен возвращать this для chaining (1 ms)
    Logging
      √ должен логировать ошибку через logger (1 ms)
  Security Errors
    AuthenticationError
      √ должен создавать AuthenticationError (1 ms)
      √ должен возвращать safe message (1 ms)
      √ должен принимать кастомное сообщение (1 ms)
      √ должен принимать metadata (2 ms)
    AuthorizationError
      √ должен создавать AuthorizationError (1 ms)
      √ должен возвращать safe message (1 ms)
    SessionExpiredError
      √ должен создавать SessionExpiredError (1 ms)
      √ должен возвращать safe message
    MFARequiredError
      √ должен создавать MFARequiredError (1 ms)
      √ должен возвращать safe message (1 ms)
    InvalidTokenError
      √ должен создавать InvalidTokenError (1 ms)
      √ должен возвращать safe message (1 ms)
    AccountLockedError
      √ должен создавать AccountLockedError (1 ms)
      √ должен возвращать safe message (1 ms)
    Validation Errors
      √ должен создавать ValidationError (6 ms)
      √ должен создавать InvalidInputError (2 ms)
      √ должен создавать MissingParameterError (1 ms)
      √ должен возвращать safe message для validation ошибок (1 ms)
    NotFoundError
      √ должен создавать NotFoundError (1 ms)
      √ должен создавать NotFoundError с resource по умолчанию (1 ms)
      √ должен возвращать safe message (1 ms)
    RateLimitExceededError
      √ должен создавать RateLimitExceededError (1 ms)
      √ должен возвращать safe message (1 ms)
    Database Errors
      √ должен создавать DatabaseError (1 ms)
      √ должен создавать ConnectionError (1 ms)
      √ должен возвращать safe message для database ошибок
    External Service Errors
      √ должен создавать ExternalServiceError (2 ms)
      √ должен создавать TimeoutError (1 ms)
      √ должен возвращать safe message для external service ошибок (1 ms)
    InternalError
      √ должен создавать InternalError (1 ms)
      √ должен создавать InternalError с innerError (1 ms)
      √ должен возвращать safe message
  ErrorFactory
    fromStatusCode
      √ должен создавать ValidationError из 400
      √ должен создавать AuthenticationError из 401
      √ должен создавать AuthorizationError из 403 (1 ms)
      √ должен создавать NotFoundError из 404 (1 ms)
      √ должен создавать RateLimitExceededError из 429
      √ должен создавать InternalError из 500
      √ должен создавать ExternalServiceError из 502 (1 ms)
      √ должен создавать ConnectionError из 503 (1 ms)
      √ должен создавать TimeoutError из 504 (1 ms)
      √ должен создавать InternalError для неизвестного кода
    wrap
      √ должен оборачивать BaseError без изменений (1 ms)
      √ должен оборачивать Error в InternalError (1 ms)
      √ должен оборачивать unknown в InternalError (1 ms)
      √ должен добавлять context при обёртывании
  ErrorHandlerMiddleware
    Creation
      √ должен создавать error handler (1 ms)
      √ должен создавать dev error handler (1 ms)
      √ должен создавать prod error handler (1 ms)
    Error Handling
      √ должен обрабатывать BaseError (4 ms)
      √ должен обрабатывать native Error (46 ms)
      √ должен обрабатывать unknown error (2 ms)
      √ должен логировать ошибку (2 ms)
      √ должен устанавливать X-Correlation-ID header (3 ms)
      √ должен устанавливать X-Content-Type-Options header (2 ms)
    Response Format
      √ должен возвращать JSON response (2 ms)
      √ должен включать details в development (2 ms)
    Express Integration
      √ должен создавать Express error handler (1 ms)
      √ должен создавать async handler wrapper (1 ms)
    Koa Integration
      √ должен создавать Koa error handler (1 ms)
    Fastify Integration
      √ должен создавать Fastify error handler (1 ms)
  Error Levels
    √ должен иметь все уровни ошибок (7 ms)
  Error Categories
    √ должен иметь все категории ошибок (1 ms)

  console.log
    [32m[INFO][0m 2026-03-24T21:32:36.957Z protocol-security: [SecretLease] Продлён lease f3d3c755-9f8b-4865-b9cd-fef6c7b45ae1

      at ConsoleTransport.method [as send] (src/logging/Logger.ts:158:7)
          at Array.map (<anonymous>)

  console.log
    [32m[INFO][0m 2026-03-24T21:32:36.960Z protocol-security: [SecretLease] Автоматически продлён lease f3d3c755-9f8b-4865-b9cd-fef6c7b45ae1

      at ConsoleTransport.method [as send] (src/logging/Logger.ts:158:7)
          at Array.map (<anonymous>)

  console.debug
    [34m[DEBUG][0m 2026-03-24T21:32:37.042Z protocol-security: [HealthCheckService] [STOP] Остановка Health Check Service

      at ConsoleTransport.method [as send] (src/logging/Logger.ts:158:7)
          at Array.map (<anonymous>)

  console.debug
    [34m[DEBUG][0m 2026-03-24T21:32:37.051Z protocol-security: [CircuitBreaker:redis] [INIT] CircuitBreaker инициализирован: redis

      at ConsoleTransport.method [as send] (src/logging/Logger.ts:158:7)
          at Array.map (<anonymous>)

  console.debug
    [34m[DEBUG][0m 2026-03-24T21:32:37.054Z protocol-security: [CircuitBreaker:database] [INIT] CircuitBreaker инициализирован: database

      at ConsoleTransport.method [as send] (src/logging/Logger.ts:158:7)
          at Array.map (<anonymous>)

  console.debug
    [34m[DEBUG][0m 2026-03-24T21:32:37.056Z protocol-security: [CircuitBreaker:vault] [INIT] CircuitBreaker инициализирован: vault

      at ConsoleTransport.method [as send] (src/logging/Logger.ts:158:7)
          at Array.map (<anonymous>)

  console.debug
    [34m[DEBUG][0m 2026-03-24T21:32:37.059Z protocol-security: [CircuitBreaker:elasticsearch] [INIT] CircuitBreaker инициализирован: elasticsearch

      at ConsoleTransport.method [as send] (src/logging/Logger.ts:158:7)
          at Array.map (<anonymous>)

  console.debug
    [34m[DEBUG][0m 2026-03-24T21:32:37.062Z protocol-security: [HealthCheckService] [STOP] Остановка Health Check Service

      at ConsoleTransport.method [as send] (src/logging/Logger.ts:158:7)
          at Array.map (<anonymous>)

  console.debug
    [34m[DEBUG][0m 2026-03-24T21:32:37.066Z protocol-security: [CircuitBreaker:redis] [INIT] CircuitBreaker инициализирован: redis

      at ConsoleTransport.method [as send] (src/logging/Logger.ts:158:7)
          at Array.map (<anonymous>)

  console.debug
    [34m[DEBUG][0m 2026-03-24T21:32:37.069Z protocol-security: [CircuitBreaker:database] [INIT] CircuitBreaker инициализирован: database

      at ConsoleTransport.method [as send] (src/logging/Logger.ts:158:7)
          at Array.map (<anonymous>)

  console.debug
    [34m[DEBUG][0m 2026-03-24T21:32:37.072Z protocol-security: [CircuitBreaker:vault] [INIT] CircuitBreaker инициализирован: vault

      at ConsoleTransport.method [as send] (src/logging/Logger.ts:158:7)
          at Array.map (<anonymous>)

  console.debug
    [34m[DEBUG][0m 2026-03-24T21:32:37.074Z protocol-security: [CircuitBreaker:elasticsearch] [INIT] CircuitBreaker инициализирован: elasticsearch

      at ConsoleTransport.method [as send] (src/logging/Logger.ts:158:7)
          at Array.map (<anonymous>)

  console.debug
    [34m[DEBUG][0m 2026-03-24T21:32:37.078Z protocol-security: [HealthCheckService] [STOP] Остановка Health Check Service

      at ConsoleTransport.method [as send] (src/logging/Logger.ts:158:7)
          at Array.map (<anonymous>)

  console.debug
    [34m[DEBUG][0m 2026-03-24T21:32:37.084Z protocol-security: [CircuitBreaker:redis] [INIT] CircuitBreaker инициализирован: redis

      at ConsoleTransport.method [as send] (src/logging/Logger.ts:158:7)
          at Array.map (<anonymous>)

  console.debug
    [34m[DEBUG][0m 2026-03-24T21:32:37.096Z protocol-security: [CircuitBreaker:database] [INIT] CircuitBreaker инициализирован: database

      at ConsoleTransport.method [as send] (src/logging/Logger.ts:158:7)
          at Array.map (<anonymous>)

  console.debug
    [34m[DEBUG][0m 2026-03-24T21:32:37.100Z protocol-security: [CircuitBreaker:vault] [INIT] CircuitBreaker инициализирован: vault

      at ConsoleTransport.method [as send] (src/logging/Logger.ts:158:7)
          at Array.map (<anonymous>)

  console.debug
    [34m[DEBUG][0m 2026-03-24T21:32:37.103Z protocol-security: [CircuitBreaker:elasticsearch] [INIT] CircuitBreaker инициализирован: elasticsearch

      at ConsoleTransport.method [as send] (src/logging/Logger.ts:158:7)
          at Array.map (<anonymous>)

  console.debug
    [34m[DEBUG][0m 2026-03-24T21:32:37.106Z protocol-security: [HealthCheckService] [STOP] Остановка Health Check Service

      at ConsoleTransport.method [as send] (src/logging/Logger.ts:158:7)
          at Array.map (<anonymous>)

  console.debug
    [34m[DEBUG][0m 2026-03-24T21:32:37.113Z protocol-security: [CircuitBreaker:redis] [INIT] CircuitBreaker инициализирован: redis

      at ConsoleTransport.method [as send] (src/logging/Logger.ts:158:7)
          at Array.map (<anonymous>)

  console.debug
    [34m[DEBUG][0m 2026-03-24T21:32:37.116Z protocol-security: [CircuitBreaker:database] [INIT] CircuitBreaker инициализирован: database

      at ConsoleTransport.method [as send] (src/logging/Logger.ts:158:7)
          at Array.map (<anonymous>)

  console.debug
    [34m[DEBUG][0m 2026-03-24T21:32:37.119Z protocol-security: [CircuitBreaker:vault] [INIT] CircuitBreaker инициализирован: vault

      at ConsoleTransport.method [as send] (src/logging/Logger.ts:158:7)
          at Array.map (<anonymous>)

  console.debug
    [34m[DEBUG][0m 2026-03-24T21:32:37.121Z protocol-security: [CircuitBreaker:elasticsearch] [INIT] CircuitBreaker инициализирован: elasticsearch

      at ConsoleTransport.method [as send] (src/logging/Logger.ts:158:7)
          at Array.map (<anonymous>)

  console.debug
    [34m[DEBUG][0m 2026-03-24T21:32:37.124Z protocol-security: [HealthCheckService] [STOP] Остановка Health Check Service

      at ConsoleTransport.method [as send] (src/logging/Logger.ts:158:7)
          at Array.map (<anonymous>)

  console.log
    [32m[INFO][0m 2026-03-24T21:32:37.120Z protocol-security: [BotProtection] Service created

      at ConsoleTransport.method [as send] (src/logging/Logger.ts:158:7)
          at Array.map (<anonymous>)

  console.warn
    [33m[WARNING][0m 2026-03-24T21:32:37.031Z protocol-security: Не удалось инициализировать публичный ключ log

    [0m [90m 156 |[39m       [90m// Выбор метода вывода в зависимости от уровня[39m
     [90m 157 |[39m       [36mconst[39m method [33m=[39m [36mthis[39m[33m.[39mgetConsoleMethod(log[33m.[39mlevel)[33m;[39m
    [31m[1m>[22m[39m[90m 158 |[39m       method(output)[33m;[39m
     [90m     |[39m       [31m[1m^[22m[39m
     [90m 159 |[39m       
     [90m 160 |[39m       [36mreturn[39m {
     [90m 161 |[39m         success[33m:[39m [36mtrue[39m[33m,[39m[0m

      at ConsoleTransport.method [as send] (src/logging/Logger.ts:158:7)
      at send (src/logging/Logger.ts:871:42)
          at Array.map (<anonymous>)
      at SecureLogger.map (src/logging/Logger.ts:868:49)
      at SecureLogger.log [as warn] (src/logging/Logger.ts:1067:17)
      at new warn (src/integrity/TransparencyLog.ts:155:16)
      at Function.createForSigstore (src/integrity/TransparencyLog.ts:731:12)
      at Object.<anonymous> (tests/integrity.test.ts:499:49)

  console.log
    [32m[INFO][0m 2026-03-24T21:32:37.157Z protocol-security: [ATO] Service created

      at ConsoleTransport.method [as send] (src/logging/Logger.ts:158:7)
          at Array.map (<anonymous>)

  console.log
    [32m[INFO][0m 2026-03-24T21:32:37.183Z protocol-security: [CheckoutSecurity] Service created

      at ConsoleTransport.method [as send] (src/logging/Logger.ts:158:7)
          at Array.map (<anonymous>)

  console.warn
    [CORS WARNING] SECURITY: Wildcard origin (*) with credentials is ignored for safety

    [0m [90m 345 |[39m [90m */[39m
     [90m 346 |[39m [36mfunction[39m loggerCORSWarning(message[33m:[39m string)[33m:[39m [36mvoid[39m {
    [31m[1m>[22m[39m[90m 347 |[39m   console[33m.[39mwarn([32m`[CORS WARNING] ${message}`[39m)[33m;[39m
     [90m     |[39m           [31m[1m^[22m[39m
     [90m 348 |[39m }
     [90m 349 |[39m
     [90m 350 |[39m [90m/**[39m[0m

      at warn (src/middleware/CORSMiddleware.ts:347:11)
      at loggerCORSWarning (src/middleware/CORSMiddleware.ts:195:5)
      at validateConfigSafety (src/middleware/CORSMiddleware.ts:222:3)
      at Object.<anonymous> (tests/middleware/CORSMiddleware.test.ts:453:36)

  console.log
    [32m[INFO][0m 2026-03-24T21:32:37.201Z protocol-security: [ReviewFraud] Service created

      at ConsoleTransport.method [as send] (src/logging/Logger.ts:158:7)
          at Array.map (<anonymous>)

  console.log
    [INFO] [EcommerceSecurity] Module created

      at StubLogger.log [as info] (src/utils/StubLogger.ts:10:13)

  console.log
    [32m[INFO][0m 2026-03-24T21:32:37.255Z protocol-security: [BotProtection] Service created

      at ConsoleTransport.method [as send] (src/logging/Logger.ts:158:7)
          at Array.map (<anonymous>)

  console.log
    [32m[INFO][0m 2026-03-24T21:32:37.258Z protocol-security: [ATO] Service created

      at ConsoleTransport.method [as send] (src/logging/Logger.ts:158:7)
          at Array.map (<anonymous>)

  console.log
    [32m[INFO][0m 2026-03-24T21:32:37.260Z protocol-security: [CheckoutSecurity] Service created

      at ConsoleTransport.method [as send] (src/logging/Logger.ts:158:7)
          at Array.map (<anonymous>)

  console.log
    [32m[INFO][0m 2026-03-24T21:32:37.262Z protocol-security: [ReviewFraud] Service created

      at ConsoleTransport.method [as send] (src/logging/Logger.ts:158:7)
          at Array.map (<anonymous>)

  console.log
    [INFO] [EcommerceSecurity] Module created

      at StubLogger.log [as info] (src/utils/StubLogger.ts:10:13)

  console.log
    [32m[INFO][0m 2026-03-24T21:32:37.267Z protocol-security: [BotProtection] Initialized

      at ConsoleTransport.method [as send] (src/logging/Logger.ts:158:7)
          at Array.map (<anonymous>)

  console.log
    [32m[INFO][0m 2026-03-24T21:32:37.275Z protocol-security: [ATO] Initialized

      at ConsoleTransport.method [as send] (src/logging/Logger.ts:158:7)
          at Array.map (<anonymous>)

  console.log
    [32m[INFO][0m 2026-03-24T21:32:37.279Z protocol-security: [CheckoutSecurity] Initialized

      at ConsoleTransport.method [as send] (src/logging/Logger.ts:158:7)
          at Array.map (<anonymous>)

  console.log
    [32m[INFO][0m 2026-03-24T21:32:37.282Z protocol-security: [ReviewFraud] Initialized

      at ConsoleTransport.method [as send] (src/logging/Logger.ts:158:7)
          at Array.map (<anonymous>)

  console.log
    [INFO] [EcommerceSecurity] Module fully initialized

      at StubLogger.log [as info] (src/utils/StubLogger.ts:10:13)

  console.log
    [32m[INFO][0m 2026-03-24T21:32:37.292Z protocol-security: [BotProtection] Service created

      at ConsoleTransport.method [as send] (src/logging/Logger.ts:158:7)
          at Array.map (<anonymous>)

  console.log
    [32m[INFO][0m 2026-03-24T21:32:37.295Z protocol-security: [ATO] Service created

      at ConsoleTransport.method [as send] (src/logging/Logger.ts:158:7)
          at Array.map (<anonymous>)

  console.warn
    [33m[WARNING][0m 2026-03-24T21:32:37.281Z protocol-security: Не удалось инициализировать публичный ключ log

    [0m [90m 156 |[39m       [90m// Выбор метода вывода в зависимости от уровня[39m
     [90m 157 |[39m       [36mconst[39m method [33m=[39m [36mthis[39m[33m.[39mgetConsoleMethod(log[33m.[39mlevel)[33m;[39m
    [31m[1m>[22m[39m[90m 158 |[39m       method(output)[33m;[39m
     [90m     |[39m       [31m[1m^[22m[39m
     [90m 159 |[39m       
     [90m 160 |[39m       [36mreturn[39m {
     [90m 161 |[39m         success[33m:[39m [36mtrue[39m[33m,[39m[0m

      at ConsoleTransport.method [as send] (src/logging/Logger.ts:158:7)
      at send (src/logging/Logger.ts:871:42)
          at Array.map (<anonymous>)
      at SecureLogger.map (src/logging/Logger.ts:868:49)
      at SecureLogger.log [as warn] (src/logging/Logger.ts:1067:17)
      at new warn (src/integrity/TransparencyLog.ts:155:16)
      at Function.createForSigstore (src/integrity/TransparencyLog.ts:731:12)
      at Object.<anonymous> (tests/integrity.test.ts:519:49)

  console.log
    [32m[INFO][0m 2026-03-24T21:32:37.300Z protocol-security: [CheckoutSecurity] Service created

      at ConsoleTransport.method [as send] (src/logging/Logger.ts:158:7)
          at Array.map (<anonymous>)

  console.log
    [32m[INFO][0m 2026-03-24T21:32:37.304Z protocol-security: [ReviewFraud] Service created

      at ConsoleTransport.method [as send] (src/logging/Logger.ts:158:7)
          at Array.map (<anonymous>)

  console.log
    [INFO] [EcommerceSecurity] Module created

      at StubLogger.log [as info] (src/utils/StubLogger.ts:10:13)

  console.log
    [32m[INFO][0m 2026-03-24T21:32:37.309Z protocol-security: [BotProtection] Initialized

      at ConsoleTransport.method [as send] (src/logging/Logger.ts:158:7)
          at Array.map (<anonymous>)

  console.log
    [32m[INFO][0m 2026-03-24T21:32:37.311Z protocol-security: [ATO] Initialized

      at ConsoleTransport.method [as send] (src/logging/Logger.ts:158:7)
          at Array.map (<anonymous>)

  console.log
    [32m[INFO][0m 2026-03-24T21:32:37.313Z protocol-security: [CheckoutSecurity] Initialized

      at ConsoleTransport.method [as send] (src/logging/Logger.ts:158:7)
          at Array.map (<anonymous>)

  console.log
    [32m[INFO][0m 2026-03-24T21:32:37.314Z protocol-security: [ReviewFraud] Initialized

      at ConsoleTransport.method [as send] (src/logging/Logger.ts:158:7)
          at Array.map (<anonymous>)

  console.log
    [INFO] [EcommerceSecurity] Module fully initialized

      at StubLogger.log [as info] (src/utils/StubLogger.ts:10:13)

  console.log
    [32m[INFO][0m 2026-03-24T21:32:37.317Z protocol-security: [BotProtection] Service created

      at ConsoleTransport.method [as send] (src/logging/Logger.ts:158:7)
          at Array.map (<anonymous>)

  console.log
    [32m[INFO][0m 2026-03-24T21:32:37.322Z protocol-security: [ATO] Service created

      at ConsoleTransport.method [as send] (src/logging/Logger.ts:158:7)
          at Array.map (<anonymous>)

  console.log
    [32m[INFO][0m 2026-03-24T21:32:37.325Z protocol-security: [CheckoutSecurity] Service created

      at ConsoleTransport.method [as send] (src/logging/Logger.ts:158:7)
          at Array.map (<anonymous>)

  console.log
    [32m[INFO][0m 2026-03-24T21:32:37.327Z protocol-security: [ReviewFraud] Service created

      at ConsoleTransport.method [as send] (src/logging/Logger.ts:158:7)
          at Array.map (<anonymous>)

  console.log
    [INFO] [EcommerceSecurity] Module created

      at StubLogger.log [as info] (src/utils/StubLogger.ts:10:13)

  console.log
    [32m[INFO][0m 2026-03-24T21:32:37.333Z protocol-security: [BotProtection] Initialized

      at ConsoleTransport.method [as send] (src/logging/Logger.ts:158:7)
          at Array.map (<anonymous>)

  console.log
    [32m[INFO][0m 2026-03-24T21:32:37.340Z protocol-security: [ATO] Initialized

      at ConsoleTransport.method [as send] (src/logging/Logger.ts:158:7)
          at Array.map (<anonymous>)

  console.log
    [32m[INFO][0m 2026-03-24T21:32:37.342Z protocol-security: [CheckoutSecurity] Initialized

      at ConsoleTransport.method [as send] (src/logging/Logger.ts:158:7)
          at Array.map (<anonymous>)

  console.log
    [32m[INFO][0m 2026-03-24T21:32:37.344Z protocol-security: [ReviewFraud] Initialized

      at ConsoleTransport.method [as send] (src/logging/Logger.ts:158:7)
          at Array.map (<anonymous>)

  console.log
    [INFO] [EcommerceSecurity] Module fully initialized

      at StubLogger.log [as info] (src/utils/StubLogger.ts:10:13)

  console.log
    [32m[INFO][0m 2026-03-24T21:32:37.349Z protocol-security: [BotProtection] Service created

      at ConsoleTransport.method [as send] (src/logging/Logger.ts:158:7)
          at Array.map (<anonymous>)

  console.log
    [32m[INFO][0m 2026-03-24T21:32:37.352Z protocol-security: [ATO] Service created

      at ConsoleTransport.method [as send] (src/logging/Logger.ts:158:7)
          at Array.map (<anonymous>)

  console.log
    [32m[INFO][0m 2026-03-24T21:32:37.354Z protocol-security: [CheckoutSecurity] Service created

      at ConsoleTransport.method [as send] (src/logging/Logger.ts:158:7)
          at Array.map (<anonymous>)

  console.log
    [32m[INFO][0m 2026-03-24T21:32:37.357Z protocol-security: [ReviewFraud] Service created

      at ConsoleTransport.method [as send] (src/logging/Logger.ts:158:7)
          at Array.map (<anonymous>)

  console.log
    [INFO] [EcommerceSecurity] Module created

      at StubLogger.log [as info] (src/utils/StubLogger.ts:10:13)

  console.log
    [32m[INFO][0m 2026-03-24T21:32:37.362Z protocol-security: [BotProtection] Initialized

      at ConsoleTransport.method [as send] (src/logging/Logger.ts:158:7)
          at Array.map (<anonymous>)

  console.log
    [32m[INFO][0m 2026-03-24T21:32:37.364Z protocol-security: [ATO] Initialized

      at ConsoleTransport.method [as send] (src/logging/Logger.ts:158:7)
          at Array.map (<anonymous>)

  console.log
    [32m[INFO][0m 2026-03-24T21:32:37.366Z protocol-security: [CheckoutSecurity] Initialized

      at ConsoleTransport.method [as send] (src/logging/Logger.ts:158:7)
          at Array.map (<anonymous>)

  console.log
    [32m[INFO][0m 2026-03-24T21:32:37.367Z protocol-security: [ReviewFraud] Initialized

      at ConsoleTransport.method [as send] (src/logging/Logger.ts:158:7)
          at Array.map (<anonymous>)

  console.log
    [INFO] [EcommerceSecurity] Module fully initialized

      at StubLogger.log [as info] (src/utils/StubLogger.ts:10:13)

  console.log
    [32m[INFO][0m 2026-03-24T21:32:37.377Z protocol-security: [BotProtection] Service created

      at ConsoleTransport.method [as send] (src/logging/Logger.ts:158:7)
          at Array.map (<anonymous>)

  console.log
    [32m[INFO][0m 2026-03-24T21:32:37.380Z protocol-security: [ATO] Service created

      at ConsoleTransport.method [as send] (src/logging/Logger.ts:158:7)
          at Array.map (<anonymous>)

  console.log
    [32m[INFO][0m 2026-03-24T21:32:37.382Z protocol-security: [CheckoutSecurity] Service created

      at ConsoleTransport.method [as send] (src/logging/Logger.ts:158:7)
          at Array.map (<anonymous>)

  console.log
    [32m[INFO][0m 2026-03-24T21:32:37.384Z protocol-security: [ReviewFraud] Service created

      at ConsoleTransport.method [as send] (src/logging/Logger.ts:158:7)
          at Array.map (<anonymous>)

  console.log
    [INFO] [EcommerceSecurity] Module created

      at StubLogger.log [as info] (src/utils/StubLogger.ts:10:13)

  console.log
    [32m[INFO][0m 2026-03-24T21:32:37.389Z protocol-security: [BotProtection] Initialized

      at ConsoleTransport.method [as send] (src/logging/Logger.ts:158:7)
          at Array.map (<anonymous>)

  console.log
    [32m[INFO][0m 2026-03-24T21:32:37.391Z protocol-security: [ATO] Initialized

      at ConsoleTransport.method [as send] (src/logging/Logger.ts:158:7)
          at Array.map (<anonymous>)

  console.log
    [32m[INFO][0m 2026-03-24T21:32:37.393Z protocol-security: [CheckoutSecurity] Initialized

      at ConsoleTransport.method [as send] (src/logging/Logger.ts:158:7)
          at Array.map (<anonymous>)

  console.log
    [32m[INFO][0m 2026-03-24T21:32:37.394Z protocol-security: [ReviewFraud] Initialized

      at ConsoleTransport.method [as send] (src/logging/Logger.ts:158:7)
          at Array.map (<anonymous>)

  console.log
    [INFO] [EcommerceSecurity] Module fully initialized

      at StubLogger.log [as info] (src/utils/StubLogger.ts:10:13)

  console.log
    [32m[INFO][0m 2026-03-24T21:32:37.398Z protocol-security: [BotProtection] Service created

      at ConsoleTransport.method [as send] (src/logging/Logger.ts:158:7)
          at Array.map (<anonymous>)

  console.log
    [32m[INFO][0m 2026-03-24T21:32:37.405Z protocol-security: [ATO] Service created

      at ConsoleTransport.method [as send] (src/logging/Logger.ts:158:7)
          at Array.map (<anonymous>)

  console.log
    [32m[INFO][0m 2026-03-24T21:32:37.408Z protocol-security: [CheckoutSecurity] Service created

      at ConsoleTransport.method [as send] (src/logging/Logger.ts:158:7)
          at Array.map (<anonymous>)

  console.log
    [32m[INFO][0m 2026-03-24T21:32:37.410Z protocol-security: [ReviewFraud] Service created

      at ConsoleTransport.method [as send] (src/logging/Logger.ts:158:7)
          at Array.map (<anonymous>)

  console.log
    [INFO] [EcommerceSecurity] Module created

      at StubLogger.log [as info] (src/utils/StubLogger.ts:10:13)

  console.log
    [32m[INFO][0m 2026-03-24T21:32:37.417Z protocol-security: [BotProtection] Initialized

      at ConsoleTransport.method [as send] (src/logging/Logger.ts:158:7)
          at Array.map (<anonymous>)

  console.log
    [32m[INFO][0m 2026-03-24T21:32:37.419Z protocol-security: [ATO] Initialized

      at ConsoleTransport.method [as send] (src/logging/Logger.ts:158:7)
          at Array.map (<anonymous>)

  console.log
    [32m[INFO][0m 2026-03-24T21:32:37.422Z protocol-security: [CheckoutSecurity] Initialized

      at ConsoleTransport.method [as send] (src/logging/Logger.ts:158:7)
          at Array.map (<anonymous>)

  console.log
    [32m[INFO][0m 2026-03-24T21:32:37.424Z protocol-security: [ReviewFraud] Initialized

      at ConsoleTransport.method [as send] (src/logging/Logger.ts:158:7)
          at Array.map (<anonymous>)

  console.log
    [INFO] [EcommerceSecurity] Module fully initialized

      at StubLogger.log [as info] (src/utils/StubLogger.ts:10:13)

  console.log
    [32m[INFO][0m 2026-03-24T21:32:37.428Z protocol-security: [BotProtection] Service created

      at ConsoleTransport.method [as send] (src/logging/Logger.ts:158:7)
          at Array.map (<anonymous>)

PASS tests/middleware/CORSMiddleware.test.ts
  CORS Middleware - Basic Functionality
    Creation
      √ должен создавать middleware без конфигурации (5 ms)
      √ должен создавать middleware с пустой конфигурацией (2 ms)
      √ должен создавать middleware с полной конфигурацией (1 ms)
    Default Configuration
      √ должен устанавливать origin: * по умолчанию (8 ms)
      √ должен устанавливать методы по умолчанию (2 ms)
      √ должен устанавливать заголовки по умолчанию (3 ms)
      √ должен устанавливать exposedHeaders по умолчанию (1 ms)
      √ должен устанавливать credentials: false по умолчанию (2 ms)
      √ должен устанавливать maxAge: 86400 по умолчанию (1 ms)
    Origin Configuration
      √ должен разрешать конкретный origin (string) (1 ms)
      √ должен блокировать неподходящий origin (string) (1 ms)
      √ должен разрешать origin по RegExp (2 ms)
      √ должен блокировать origin не подходящий по RegExp (1 ms)
      √ должен разрешать origin из массива (string) (1 ms)
      √ должен разрешать origin из массива (RegExp) (1 ms)
      √ должен использовать функцию для проверки origin (2 ms)
      √ должен блокировать origin когда функция возвращает false (5 ms)
      √ должен устанавливать Vary: Origin header (2 ms)
    Blacklist
      √ должен блокировать origin из blacklist (5 ms)
      √ должен блокировать origin по wildcard pattern в blacklist (3 ms)
      √ должен пропускать origin не из blacklist (2 ms)
      √ должен обрабатывать пустой blacklist (5 ms)
    Dynamic Origin
      √ должен отражать динамический origin при dynamicOrigin: true (1 ms)
      √ не должен отражать origin при dynamicOrigin: false (2 ms)
      √ должен отражать origin только при wildcard origin (1 ms)
    Credentials
      √ должен устанавливать Access-Control-Allow-Credentials: true (1 ms)
      √ не должен устанавливать credentials для wildcard origin (51 ms)
      √ не должен устанавливать credentials при credentials: false (2 ms)
    Methods
      √ должен устанавливать методы из конфигурации (string) (1 ms)
      √ должен устанавливать методы из конфигурации (array) (1 ms)
      √ должен устанавливать методы для preflight запроса (1 ms)
    Headers
      √ должен устанавливать allowedHeaders из конфигурации (string) (1 ms)
      √ должен устанавливать allowedHeaders из конфигурации (array) (1 ms)
      √ должен устанавливать exposedHeaders из конфигурации (4 ms)
      √ должен устанавливать Vary header для allowedHeaders (1 ms)
    Preflight Requests
      √ должен обрабатывать OPTIONS запрос как preflight (1 ms)
      √ должен устанавливать Access-Control-Max-Age для preflight (2 ms)
      √ должен устанавливать Content-Length: 0 для preflight (1 ms)
      √ должен использовать optionsSuccessStatus из конфигурации (1 ms)
      √ должен продолжать выполнение при preflightContinue: true (1 ms)
      √ не должен продолжать выполнение при preflightContinue: false (1 ms)
    Non-Preflight Requests
      √ должен устанавливать методы для GET запроса (2 ms)
      √ должен вызывать next() для GET запроса (1 ms)
      √ должен устанавливать заголовки для POST запроса (2 ms)
    Vary Header
      √ должен устанавливать Vary: Origin (1 ms)
      √ должен добавлять Access-Control-Request-Headers к Vary (4 ms)
  CORS Presets
    CORSPresets.public
      √ должен разрешать все origins
      √ должен разрешать все методы
      √ не должен разрешать credentials
      √ должен устанавливать maxAge: 3600 (1 ms)
    CORSPresets.private
      √ должен разрешать только указанные origins (1 ms)
      √ должен блокировать недоверенные origins (1 ms)
      √ должен разрешать credentials (1 ms)
      √ должен устанавливать maxAge: 86400 (1 ms)
      √ должен быть в strict mode (1 ms)
    CORSPresets.dev
      √ должен разрешать localhost (1 ms)
      √ должен разрешать localhost с портом (1 ms)
      √ должен разрешать 127.0.0.1 (1 ms)
      √ должен разрешать credentials (1 ms)
      √ должен устанавливать maxAge: 600 (1 ms)
      √ должен использовать dynamicOrigin (3 ms)
      √ должен блокировать не-local origins (1 ms)
    CORSPresets.apiGateway
      √ должен разрешать указанные domains (1 ms)
      √ должен разрешать credentials (4 ms)
      √ должен устанавливать X-API-Key в allowedHeaders (1 ms)
      √ должен устанавливать exposedHeaders (1 ms)
      √ должен устанавливать maxAge: 86400 (1 ms)
    CORSPresets.microservice
      √ должен разрешать все origins (1 ms)
      √ не должен разрешать credentials (1 ms)
      √ должен устанавливать X-Service-Key в allowedHeaders (2 ms)
      √ должен устанавливать maxAge: 86400 (1 ms)
  validateCORSConfig
    Wildcard + Credentials Validation
      √ должен возвращать ошибку для wildcard origin с credentials (14 ms)
      √ не должен возвращать ошибку для конкретного origin с credentials
      √ не должен возвращать ошибку для wildcard без credentials (1 ms)
    Max Age Validation
      √ должен возвращать ошибку для отрицательного maxAge (1 ms)
      √ должен возвращать ошибку для слишком большого maxAge (1 ms)
      √ должен принимать maxAge: 0 (1 ms)
      √ должен принимать максимальный valid maxAge (30 дней) (1 ms)
      √ должен принимать стандартный maxAge (86400) (1 ms)
    Dynamic Origin + Strict Validation
      √ должен возвращать ошибку для dynamicOrigin + strict (1 ms)
      √ не должен возвращать ошибку для dynamicOrigin без strict (1 ms)
      √ не должен возвращать ошибку для strict без dynamicOrigin
    Wildcard Pattern Validation
      √ должен возвращать ошибку для wildcard pattern в массиве origins (1 ms)
      √ должен возвращать ошибку для wildcard pattern на конкретном индексе (1 ms)
      √ не должен возвращать ошибку для чистого wildcard (*) (1 ms)
      √ не должен возвращать ошибку для RegExp с wildcard
      √ не должен возвращать ошибку для валидных string origins (1 ms)
    Edge Cases
      √ должен возвращать пустой массив для валидной конфигурации
      √ должен возвращать несколько ошибок для множественных нарушений (1 ms)
      √ должен обрабатывать пустую конфигурацию (1 ms)
  CORS Middleware - Integration
    Full Request Flow
      √ должен полностью обрабатывать простой GET запрос (1 ms)
      √ должен полностью обрабатывать preflight запрос (2 ms)
      √ должен обрабатывать запрос с credentials (2 ms)
    Security
      √ должен блокировать запрос без origin при strict mode (1 ms)
      √ должен защищать от CORS атак с blacklist (1 ms)
      √ должен корректно обрабатывать null origin (1 ms)
    Caching
      √ должен устанавливать правильные заголовки для кэширования preflight (1 ms)
      √ должен устанавливать Vary header для правильного кэширования (2 ms)
  CORS Middleware - Performance
    √ должен быстро обрабатывать запросы (performance benchmark) (71 ms)
    √ должен эффективно обрабатывать preflight запросы (7 ms)

  console.log
    [32m[INFO][0m 2026-03-24T21:32:37.431Z protocol-security: [ATO] Service created

      at ConsoleTransport.method [as send] (src/logging/Logger.ts:158:7)
          at Array.map (<anonymous>)

  console.log
    [32m[INFO][0m 2026-03-24T21:32:37.433Z protocol-security: [CheckoutSecurity] Service created

      at ConsoleTransport.method [as send] (src/logging/Logger.ts:158:7)
          at Array.map (<anonymous>)

  console.log
    [32m[INFO][0m 2026-03-24T21:32:37.436Z protocol-security: [ReviewFraud] Service created

      at ConsoleTransport.method [as send] (src/logging/Logger.ts:158:7)
          at Array.map (<anonymous>)

  console.log
    [INFO] [EcommerceSecurity] Module created

      at StubLogger.log [as info] (src/utils/StubLogger.ts:10:13)

  console.log
    [32m[INFO][0m 2026-03-24T21:32:37.440Z protocol-security: [BotProtection] Initialized

      at ConsoleTransport.method [as send] (src/logging/Logger.ts:158:7)
          at Array.map (<anonymous>)

  console.log
    [32m[INFO][0m 2026-03-24T21:32:37.443Z protocol-security: [ATO] Initialized

      at ConsoleTransport.method [as send] (src/logging/Logger.ts:158:7)
          at Array.map (<anonymous>)

  console.log
    [32m[INFO][0m 2026-03-24T21:32:37.444Z protocol-security: [CheckoutSecurity] Initialized

      at ConsoleTransport.method [as send] (src/logging/Logger.ts:158:7)
          at Array.map (<anonymous>)

  console.log
    [32m[INFO][0m 2026-03-24T21:32:37.445Z protocol-security: [ReviewFraud] Initialized

      at ConsoleTransport.method [as send] (src/logging/Logger.ts:158:7)
          at Array.map (<anonymous>)

  console.log
    [INFO] [EcommerceSecurity] Module fully initialized

      at StubLogger.log [as info] (src/utils/StubLogger.ts:10:13)

  console.log
    [INFO] [EcommerceSecurity] Shutting down...

      at StubLogger.log [as info] (src/utils/StubLogger.ts:10:13)

  console.log
    [32m[INFO][0m 2026-03-24T21:32:37.448Z protocol-security: [BotProtection] Destroyed

      at ConsoleTransport.method [as send] (src/logging/Logger.ts:158:7)
          at Array.map (<anonymous>)

  console.log
    [32m[INFO][0m 2026-03-24T21:32:37.450Z protocol-security: [ATO] Destroyed

      at ConsoleTransport.method [as send] (src/logging/Logger.ts:158:7)
          at Array.map (<anonymous>)

  console.log
    [32m[INFO][0m 2026-03-24T21:32:37.451Z protocol-security: [CheckoutSecurity] Destroyed

      at ConsoleTransport.method [as send] (src/logging/Logger.ts:158:7)
          at Array.map (<anonymous>)

  console.log
    [32m[INFO][0m 2026-03-24T21:32:37.452Z protocol-security: [ReviewFraud] Destroyed

      at ConsoleTransport.method [as send] (src/logging/Logger.ts:158:7)
          at Array.map (<anonymous>)

  console.log
    [INFO] [EcommerceSecurity] Module shut down

      at StubLogger.log [as info] (src/utils/StubLogger.ts:10:13)

PASS tests/ecommerce/EcommerceSecurityModule.test.ts
  EcommerceSecurityModule - Simplified
    constructor
      √ should create module (137 ms)
      √ should have bot protection active after init (36 ms)
      √ should have fraud detection active after init (25 ms)
    initialization
      √ should initialize successfully (32 ms)
      √ should emit initialized event (28 ms)
    status
      √ should get status (20 ms)
      √ should get dashboard (31 ms)
    destroy
      √ should destroy module (27 ms)

  console.log
    [2026-03-24T21:32:37.601Z] [CryptoService] [INFO] CryptoService создан, ожидает инициализации

      at CryptoService.log (src/crypto/CryptoService.ts:736:15)

  console.log
    [2026-03-24T21:32:37.642Z] [CryptoService] [INFO] Мастер-ключ сгенерирован

      at CryptoService.log (src/crypto/CryptoService.ts:736:15)

  console.log
    [2026-03-24T21:32:37.644Z] [CryptoService] [INFO] CryptoService успешно инициализирован

      at CryptoService.log (src/crypto/CryptoService.ts:736:15)

  console.log
    [2026-03-24T21:32:37.650Z] [CryptoService] [INFO] CryptoService остановлен

      at CryptoService.log (src/crypto/CryptoService.ts:736:15)

  console.log
    [2026-03-24T21:32:37.654Z] [CryptoService] [INFO] CryptoService создан, ожидает инициализации

      at CryptoService.log (src/crypto/CryptoService.ts:736:15)

  console.log
    [2026-03-24T21:32:37.657Z] [CryptoService] [INFO] Мастер-ключ сгенерирован

      at CryptoService.log (src/crypto/CryptoService.ts:736:15)

  console.log
    [2026-03-24T21:32:37.659Z] [CryptoService] [INFO] CryptoService успешно инициализирован

      at CryptoService.log (src/crypto/CryptoService.ts:736:15)

FAIL tests/health/HealthCheckService.test.ts (8.659 s)
  HealthCheckService
    Constructor
      √ должен создавать service с конфигурацией по умолчанию (653 ms)
      √ должен создавать service с кастомной конфигурацией (62 ms)
      √ должен инициализировать service breakers (17 ms)
    Circuit Breaker Integration
      √ должен принимать Circuit Breaker Manager (22 ms)
      × должен отслеживать состояние circuit breakers (199 ms)
    Performance Monitor Integration
      √ должен принимать Performance Monitor (21 ms)
    Redis Check
      × должен возвращать UNKNOWN статус если Redis клиент не настроен (18 ms)
      × должен возвращать HEALTHY статус при подключенном Redis (40 ms)
      √ должен иметь responseTime для Redis (33 ms)
    Database Check
      × должен возвращать UNKNOWN статус если Database подключение не настроено (14 ms)
      × должен возвращать HEALTHY статус при подключенной Database (34 ms)
    Vault Check
      × должен возвращать WARNING статус если Vault токен не настроен (14 ms)
      × должен возвращать HEALTHY статус при настроенном Vault (56 ms)
    Elasticsearch Check
      × должен возвращать WARNING статус если Elasticsearch пароль не настроен (20 ms)
      × должен возвращать HEALTHY статус при настроенном Elasticsearch (48 ms)
    Circuit Breakers Check
      × должен возвращать HEALTHY статус когда все circuit breakers закрыты (15 ms)
      √ должен возвращать статистику по circuit breakers (16 ms)
    Memory Check
      × должен возвращать статус памяти (21 ms)
      × должен возвращать HEALTHY статус при нормальном использовании памяти (21 ms)
    CPU Check
      × должен возвращать статус CPU (19 ms)
    External APIs Check
      × должен возвращать статус external APIs (154 ms)
      √ должен добавлять кастомные external API (158 ms)
    Application Check
      × должен возвращать статус приложения (153 ms)
    Overall Status Calculation
      × должен возвращать HEALTHY когда все компоненты здоровы (204 ms)
      × должен возвращать UNHEALTHY когда есть нездоровые компоненты (190 ms)
    Summary Calculation
      √ должен правильно подсчитывать статистику компонентов (213 ms)
    Liveness Check
      √ должен выполнять быструю проверку без зависимостей (15 ms)
    Readiness Check
      √ должен выполнять полную проверку зависимостей (117 ms)
    Prometheus Metrics
      √ должен возвращать метрики в формате Prometheus (236 ms)
      √ должен включать метрики компонентов (403 ms)
      √ должен включать memory метрики (336 ms)
      √ должен возвращать пустые метрики если проверка не выполнялась (28 ms)
    Event Emitter
      √ должен эмитить started событие при запуске (36 ms)
      √ должен эмитить stopped событие при остановке (46 ms)
      √ должен эмитить check:completed событие после проверки (159 ms)
      √ должен эмитить issue:detected при проблеме (285 ms)
    Start/Stop
      √ должен запускать периодические проверки (405 ms)
      × должен останавливать периодические проверки (41 ms)
      √ не должен запускать несколько таймеров одновременно (37 ms)
    Singleton
      √ должен возвращать один и тот же экземпляр (35 ms)
      √ должен создавать новый экземпляр после reset (45 ms)
      √ должен принимать конфигурацию при первом создании (35 ms)
    Last Check Result
      √ должен возвращать undefined до первой проверки (13 ms)
      √ должен возвращать последний результат проверки (278 ms)
      × должен сохранять последний результат (539 ms)
    Configuration Defaults
      × должен использовать DEFAULT_HEALTH_CHECK_CONFIG (15 ms)
      × должен использовать DEFAULT_HEALTH_CHECK_OPTIONS (14 ms)
    HealthStatus Enum
      × должен иметь правильные значения (28 ms)
    ComponentType Enum
      × должен иметь правильные значения (15 ms)

  ● HealthCheckService › Circuit Breaker Integration › должен отслеживать состояние circuit breakers

    TypeError: Cannot read properties of undefined (reading 'HEALTHY')

    [0m [90m 132 |[39m       
     [90m 133 |[39m       expect(result[33m.[39mcomponents[33m.[39mcircuit_breakers)[33m.[39mtoBeDefined()[33m;[39m
    [31m[1m>[22m[39m[90m 134 |[39m       expect(result[33m.[39mcomponents[33m.[39mcircuit_breakers[33m.[39mstatus)[33m.[39mtoBe([33mHealthStatus[39m[33m.[39m[33mHEALTHY[39m)[33m;[39m
     [90m     |[39m                                                                           [31m[1m^[22m[39m
     [90m 135 |[39m     })[33m;[39m
     [90m 136 |[39m   })[33m;[39m
     [90m 137 |[39m[0m

      at Object.<anonymous> (tests/health/HealthCheckService.test.ts:134:75)

  ● HealthCheckService › Redis Check › должен возвращать UNKNOWN статус если Redis клиент не настроен

    TypeError: Cannot read properties of undefined (reading 'UNKNOWN')

    [0m [90m 164 |[39m
     [90m 165 |[39m       expect(result[33m.[39mcomponents[33m.[39mredis)[33m.[39mtoBeDefined()[33m;[39m
    [31m[1m>[22m[39m[90m 166 |[39m       expect(result[33m.[39mcomponents[33m.[39mredis[33m.[39mstatus)[33m.[39mtoBe([33mHealthStatus[39m[33m.[39m[33mUNKNOWN[39m)[33m;[39m
     [90m     |[39m                                                                [31m[1m^[22m[39m
     [90m 167 |[39m       expect(result[33m.[39mcomponents[33m.[39mredis[33m.[39merror)[33m.[39mtoContain([32m'не настроен'[39m)[33m;[39m
     [90m 168 |[39m     })[33m;[39m
     [90m 169 |[39m[0m

      at Object.<anonymous> (tests/health/HealthCheckService.test.ts:166:64)

  ● HealthCheckService › Redis Check › должен возвращать HEALTHY статус при подключенном Redis

    TypeError: Cannot read properties of undefined (reading 'HEALTHY')

    [0m [90m 182 |[39m
     [90m 183 |[39m       expect(result[33m.[39mcomponents[33m.[39mredis)[33m.[39mtoBeDefined()[33m;[39m
    [31m[1m>[22m[39m[90m 184 |[39m       expect(result[33m.[39mcomponents[33m.[39mredis[33m.[39mstatus)[33m.[39mtoBe([33mHealthStatus[39m[33m.[39m[33mHEALTHY[39m)[33m;[39m
     [90m     |[39m                                                                [31m[1m^[22m[39m
     [90m 185 |[39m       expect(result[33m.[39mcomponents[33m.[39mredis[33m.[39mresponseTime)[33m.[39mtoBeGreaterThanOrEqual([35m0[39m)[33m;[39m
     [90m 186 |[39m     })[33m;[39m
     [90m 187 |[39m[0m

      at Object.<anonymous> (tests/health/HealthCheckService.test.ts:184:64)

  ● HealthCheckService › Database Check › должен возвращать UNKNOWN статус если Database подключение не настроено

    TypeError: Cannot read properties of undefined (reading 'UNKNOWN')

    [0m [90m 220 |[39m
     [90m 221 |[39m       expect(result[33m.[39mcomponents[33m.[39mdatabase)[33m.[39mtoBeDefined()[33m;[39m
    [31m[1m>[22m[39m[90m 222 |[39m       expect(result[33m.[39mcomponents[33m.[39mdatabase[33m.[39mstatus)[33m.[39mtoBe([33mHealthStatus[39m[33m.[39m[33mUNKNOWN[39m)[33m;[39m
     [90m     |[39m                                                                   [31m[1m^[22m[39m
     [90m 223 |[39m       expect(result[33m.[39mcomponents[33m.[39mdatabase[33m.[39merror)[33m.[39mtoContain([32m'не настроено'[39m)[33m;[39m
     [90m 224 |[39m     })[33m;[39m
     [90m 225 |[39m[0m

      at Object.<anonymous> (tests/health/HealthCheckService.test.ts:222:67)

  ● HealthCheckService › Database Check › должен возвращать HEALTHY статус при подключенной Database

    TypeError: Cannot read properties of undefined (reading 'HEALTHY')

    [0m [90m 238 |[39m
     [90m 239 |[39m       expect(result[33m.[39mcomponents[33m.[39mdatabase)[33m.[39mtoBeDefined()[33m;[39m
    [31m[1m>[22m[39m[90m 240 |[39m       expect(result[33m.[39mcomponents[33m.[39mdatabase[33m.[39mstatus)[33m.[39mtoBe([33mHealthStatus[39m[33m.[39m[33mHEALTHY[39m)[33m;[39m
     [90m     |[39m                                                                   [31m[1m^[22m[39m
     [90m 241 |[39m       expect(result[33m.[39mcomponents[33m.[39mdatabase[33m.[39mresponseTime)[33m.[39mtoBeGreaterThanOrEqual([35m0[39m)[33m;[39m
     [90m 242 |[39m     })[33m;[39m
     [90m 243 |[39m   })[33m;[39m[0m

      at Object.<anonymous> (tests/health/HealthCheckService.test.ts:240:67)

  ● HealthCheckService › Vault Check › должен возвращать WARNING статус если Vault токен не настроен

    TypeError: Cannot read properties of undefined (reading 'WARNING')

    [0m [90m 265 |[39m
     [90m 266 |[39m       expect(result[33m.[39mcomponents[33m.[39mvault)[33m.[39mtoBeDefined()[33m;[39m
    [31m[1m>[22m[39m[90m 267 |[39m       expect(result[33m.[39mcomponents[33m.[39mvault[33m.[39mstatus)[33m.[39mtoBe([33mHealthStatus[39m[33m.[39m[33mWARNING[39m)[33m;[39m
     [90m     |[39m                                                                [31m[1m^[22m[39m
     [90m 268 |[39m       expect(result[33m.[39mcomponents[33m.[39mvault[33m.[39merror)[33m.[39mtoContain([32m'не настроен'[39m)[33m;[39m
     [90m 269 |[39m     })[33m;[39m
     [90m 270 |[39m[0m

      at Object.<anonymous> (tests/health/HealthCheckService.test.ts:267:64)

  ● HealthCheckService › Vault Check › должен возвращать HEALTHY статус при настроенном Vault

    TypeError: Cannot read properties of undefined (reading 'HEALTHY')

    [0m [90m 283 |[39m
     [90m 284 |[39m       expect(result[33m.[39mcomponents[33m.[39mvault)[33m.[39mtoBeDefined()[33m;[39m
    [31m[1m>[22m[39m[90m 285 |[39m       expect([[33mHealthStatus[39m[33m.[39m[33mHEALTHY[39m[33m,[39m [33mHealthStatus[39m[33m.[39m[33mWARNING[39m])[33m.[39mtoContain(result[33m.[39mcomponents[33m.[39mvault[33m.[39mstatus)[33m;[39m
     [90m     |[39m                            [31m[1m^[22m[39m
     [90m 286 |[39m       
     [90m 287 |[39m       [90m// Очищаем[39m
     [90m 288 |[39m       [36mdelete[39m process[33m.[39menv[33m.[39m[33mVAULT_URL[39m[33m;[39m[0m

      at Object.<anonymous> (tests/health/HealthCheckService.test.ts:285:28)

  ● HealthCheckService › Elasticsearch Check › должен возвращать WARNING статус если Elasticsearch пароль не настроен

    TypeError: Cannot read properties of undefined (reading 'WARNING')

    [0m [90m 313 |[39m
     [90m 314 |[39m       expect(result[33m.[39mcomponents[33m.[39melasticsearch)[33m.[39mtoBeDefined()[33m;[39m
    [31m[1m>[22m[39m[90m 315 |[39m       expect(result[33m.[39mcomponents[33m.[39melasticsearch[33m.[39mstatus)[33m.[39mtoBe([33mHealthStatus[39m[33m.[39m[33mWARNING[39m)[33m;[39m
     [90m     |[39m                                                                        [31m[1m^[22m[39m
     [90m 316 |[39m       expect(result[33m.[39mcomponents[33m.[39melasticsearch[33m.[39merror)[33m.[39mtoContain([32m'не настроен'[39m)[33m;[39m
     [90m 317 |[39m     })[33m;[39m
     [90m 318 |[39m[0m

      at Object.<anonymous> (tests/health/HealthCheckService.test.ts:315:72)

  ● HealthCheckService › Elasticsearch Check › должен возвращать HEALTHY статус при настроенном Elasticsearch

    TypeError: Cannot read properties of undefined (reading 'HEALTHY')

    [0m [90m 332 |[39m
     [90m 333 |[39m       expect(result[33m.[39mcomponents[33m.[39melasticsearch)[33m.[39mtoBeDefined()[33m;[39m
    [31m[1m>[22m[39m[90m 334 |[39m       expect([[33mHealthStatus[39m[33m.[39m[33mHEALTHY[39m[33m,[39m [33mHealthStatus[39m[33m.[39m[33mWARNING[39m])[33m.[39mtoContain(result[33m.[39mcomponents[33m.[39melasticsearch[33m.[39mstatus)[33m;[39m
     [90m     |[39m                            [31m[1m^[22m[39m
     [90m 335 |[39m       
     [90m 336 |[39m       [90m// Очищаем[39m
     [90m 337 |[39m       [36mdelete[39m process[33m.[39menv[33m.[39m[33mELASTICSEARCH_HOST[39m[33m;[39m[0m

      at Object.<anonymous> (tests/health/HealthCheckService.test.ts:334:28)

  ● HealthCheckService › Circuit Breakers Check › должен возвращать HEALTHY статус когда все circuit breakers закрыты

    TypeError: Cannot read properties of undefined (reading 'HEALTHY')

    [0m [90m 359 |[39m
     [90m 360 |[39m       expect(result[33m.[39mcomponents[33m.[39mcircuit_breakers)[33m.[39mtoBeDefined()[33m;[39m
    [31m[1m>[22m[39m[90m 361 |[39m       expect(result[33m.[39mcomponents[33m.[39mcircuit_breakers[33m.[39mstatus)[33m.[39mtoBe([33mHealthStatus[39m[33m.[39m[33mHEALTHY[39m)[33m;[39m
     [90m     |[39m                                                                           [31m[1m^[22m[39m
     [90m 362 |[39m       expect(result[33m.[39mcomponents[33m.[39mcircuit_breakers[33m.[39mdetails)[33m.[39mtoBeDefined()[33m;[39m
     [90m 363 |[39m     })[33m;[39m
     [90m 364 |[39m[0m

      at Object.<anonymous> (tests/health/HealthCheckService.test.ts:361:75)

  ● HealthCheckService › Memory Check › должен возвращать статус памяти

    TypeError: Cannot read properties of undefined (reading 'MEMORY')

    [0m [90m 399 |[39m
     [90m 400 |[39m       expect(result[33m.[39mcomponents[33m.[39mmemory)[33m.[39mtoBeDefined()[33m;[39m
    [31m[1m>[22m[39m[90m 401 |[39m       expect(result[33m.[39mcomponents[33m.[39mmemory[33m.[39mtype)[33m.[39mtoBe([33mComponentType[39m[33m.[39m[33mMEMORY[39m)[33m;[39m
     [90m     |[39m                                                                [31m[1m^[22m[39m
     [90m 402 |[39m       expect(result[33m.[39mcomponents[33m.[39mmemory[33m.[39mdetails)[33m.[39mtoBeDefined()[33m;[39m
     [90m 403 |[39m       
     [90m 404 |[39m       [36mconst[39m details [33m=[39m result[33m.[39mcomponents[33m.[39mmemory[33m.[39mdetails [36mas[39m [33mRecord[39m[33m<[39m[33mstring[39m[33m,[39m unknown[33m>[39m[33m;[39m[0m

      at Object.<anonymous> (tests/health/HealthCheckService.test.ts:401:64)

  ● HealthCheckService › Memory Check › должен возвращать HEALTHY статус при нормальном использовании памяти

    TypeError: Cannot read properties of undefined (reading 'HEALTHY')

    [0m [90m 420 |[39m
     [90m 421 |[39m       [90m// В нормальных условиях память должна быть healthy[39m
    [31m[1m>[22m[39m[90m 422 |[39m       expect([[33mHealthStatus[39m[33m.[39m[33mHEALTHY[39m[33m,[39m [33mHealthStatus[39m[33m.[39m[33mWARNING[39m])[33m.[39mtoContain(result[33m.[39mcomponents[33m.[39mmemory[33m.[39mstatus)[33m;[39m
     [90m     |[39m                            [31m[1m^[22m[39m
     [90m 423 |[39m     })[33m;[39m
     [90m 424 |[39m   })[33m;[39m
     [90m 425 |[39m[0m

      at Object.<anonymous> (tests/health/HealthCheckService.test.ts:422:28)

  ● HealthCheckService › CPU Check › должен возвращать статус CPU

    TypeError: Cannot read properties of undefined (reading 'CPU')

    [0m [90m 441 |[39m
     [90m 442 |[39m       expect(result[33m.[39mcomponents[33m.[39mcpu)[33m.[39mtoBeDefined()[33m;[39m
    [31m[1m>[22m[39m[90m 443 |[39m       expect(result[33m.[39mcomponents[33m.[39mcpu[33m.[39mtype)[33m.[39mtoBe([33mComponentType[39m[33m.[39m[33mCPU[39m)[33m;[39m
     [90m     |[39m                                                             [31m[1m^[22m[39m
     [90m 444 |[39m       expect(result[33m.[39mcomponents[33m.[39mcpu[33m.[39mdetails)[33m.[39mtoBeDefined()[33m;[39m
     [90m 445 |[39m       
     [90m 446 |[39m       [36mconst[39m details [33m=[39m result[33m.[39mcomponents[33m.[39mcpu[33m.[39mdetails [36mas[39m [33mRecord[39m[33m<[39m[33mstring[39m[33m,[39m unknown[33m>[39m[33m;[39m[0m

      at Object.<anonymous> (tests/health/HealthCheckService.test.ts:443:61)

  ● HealthCheckService › External APIs Check › должен возвращать статус external APIs

    TypeError: Cannot read properties of undefined (reading 'EXTERNAL_API')

    [0m [90m 468 |[39m
     [90m 469 |[39m       expect(result[33m.[39mcomponents[33m.[39mexternal_apis)[33m.[39mtoBeDefined()[33m;[39m
    [31m[1m>[22m[39m[90m 470 |[39m       expect(result[33m.[39mcomponents[33m.[39mexternal_apis[33m.[39mtype)[33m.[39mtoBe([33mComponentType[39m[33m.[39m[33mEXTERNAL_API[39m)[33m;[39m
     [90m     |[39m                                                                       [31m[1m^[22m[39m
     [90m 471 |[39m       expect(result[33m.[39mcomponents[33m.[39mexternal_apis[33m.[39mdetails)[33m.[39mtoBeDefined()[33m;[39m
     [90m 472 |[39m     })[33m;[39m
     [90m 473 |[39m[0m

      at Object.<anonymous> (tests/health/HealthCheckService.test.ts:470:71)

  ● HealthCheckService › Application Check › должен возвращать статус приложения

    TypeError: Cannot read properties of undefined (reading 'APPLICATION')

    [0m [90m 498 |[39m
     [90m 499 |[39m       expect(result[33m.[39mcomponents[33m.[39mapplication)[33m.[39mtoBeDefined()[33m;[39m
    [31m[1m>[22m[39m[90m 500 |[39m       expect(result[33m.[39mcomponents[33m.[39mapplication[33m.[39mtype)[33m.[39mtoBe([33mComponentType[39m[33m.[39m[33mAPPLICATION[39m)[33m;[39m
     [90m     |[39m                                                                     [31m[1m^[22m[39m
     [90m 501 |[39m       expect(result[33m.[39mcomponents[33m.[39mapplication[33m.[39mstatus)[33m.[39mtoBe([33mHealthStatus[39m[33m.[39m[33mHEALTHY[39m)[33m;[39m
     [90m 502 |[39m       
     [90m 503 |[39m       [36mconst[39m details [33m=[39m result[33m.[39mcomponents[33m.[39mapplication[33m.[39mdetails [36mas[39m [33mRecord[39m[33m<[39m[33mstring[39m[33m,[39m unknown[33m>[39m[33m;[39m[0m

      at Object.<anonymous> (tests/health/HealthCheckService.test.ts:500:69)

  ● HealthCheckService › Overall Status Calculation › должен возвращать HEALTHY когда все компоненты здоровы

    TypeError: Cannot read properties of undefined (reading 'HEALTHY')

    [0m [90m 522 |[39m       [36mconst[39m result [33m=[39m [36mawait[39m service[33m.[39mperformHealthCheck()[33m;[39m
     [90m 523 |[39m
    [31m[1m>[22m[39m[90m 524 |[39m       expect(result[33m.[39mstatus)[33m.[39mtoBe([33mHealthStatus[39m[33m.[39m[33mHEALTHY[39m)[33m;[39m
     [90m     |[39m                                               [31m[1m^[22m[39m
     [90m 525 |[39m     })[33m;[39m
     [90m 526 |[39m
     [90m 527 |[39m     it([32m'должен возвращать UNHEALTHY когда есть нездоровые компоненты'[39m[33m,[39m [36masync[39m () [33m=>[39m {[0m

      at Object.<anonymous> (tests/health/HealthCheckService.test.ts:524:47)

  ● HealthCheckService › Overall Status Calculation › должен возвращать UNHEALTHY когда есть нездоровые компоненты

    TypeError: Cannot read properties of undefined (reading 'HEALTHY')

    [0m [90m 535 |[39m       
     [90m 536 |[39m       [90m// Хотя бы один компонент должен быть unhealthy или warning[39m
    [31m[1m>[22m[39m[90m 537 |[39m       expect([[33mHealthStatus[39m[33m.[39m[33mHEALTHY[39m[33m,[39m [33mHealthStatus[39m[33m.[39m[33mWARNING[39m[33m,[39m [33mHealthStatus[39m[33m.[39m[33mUNHEALTHY[39m])[33m.[39mtoContain(result[33m.[39mstatus)[33m;[39m
     [90m     |[39m                            [31m[1m^[22m[39m
     [90m 538 |[39m       
     [90m 539 |[39m       badService[33m.[39mstop()[33m;[39m
     [90m 540 |[39m     })[33m;[39m[0m

      at Object.<anonymous> (tests/health/HealthCheckService.test.ts:537:28)

  ● HealthCheckService › Start/Stop › должен останавливать периодические проверки

    expect(received).toBeDefined()

    Received: undefined

    [0m [90m 729 |[39m       
     [90m 730 |[39m       [90m// После остановки не должно быть проверок[39m
    [31m[1m>[22m[39m[90m 731 |[39m       expect(testService[33m.[39mgetLastCheckResult())[33m.[39mtoBeDefined()[33m;[39m
     [90m     |[39m                                                [31m[1m^[22m[39m
     [90m 732 |[39m     })[33m;[39m
     [90m 733 |[39m
     [90m 734 |[39m     it([32m'не должен запускать несколько таймеров одновременно'[39m[33m,[39m () [33m=>[39m {[0m

      at Object.<anonymous> (tests/health/HealthCheckService.test.ts:731:48)

  ● HealthCheckService › Last Check Result › должен сохранять последний результат

    expect(received).toBe(expected) // Object.is equality

    - Expected  - 22
    + Received  + 22

    @@ -4,16 +4,16 @@
            "details": Object {
              "arch": "x64",
              "environment": "test",
              "pid": 15872,
              "platform": "win32",
    -         "uptime": 9.8886673,
    +         "uptime": 9.6630728,
              "version": "v22.14.0",
            },
            "name": "Application",
            "status": "healthy",
    -       "timestamp": 2026-03-24T21:32:37.003Z,
    +       "timestamp": 2026-03-24T21:32:36.778Z,
            "type": "application",
          },
          "circuit_breakers": Object {
            "details": Object {
              "breakers": Array [
    @@ -36,30 +36,30 @@
                Object {
                  "available": true,
                  "failures": 0,
                  "name": "vault",
                  "state": "CLOSED",
    -             "successes": 2,
    -             "totalRequests": 2,
    +             "successes": 1,
    +             "totalRequests": 1,
                },
                Object {
                  "available": true,
                  "failures": 0,
                  "name": "elasticsearch",
                  "state": "CLOSED",
    -             "successes": 2,
    -             "totalRequests": 2,
    +             "successes": 1,
    +             "totalRequests": 1,
                },
              ],
              "closed": 4,
              "halfOpen": 0,
              "open": 0,
              "total": 4,
            },
            "name": "Circuit Breakers",
            "status": "healthy",
    -       "timestamp": 2026-03-24T21:32:36.831Z,
    +       "timestamp": 2026-03-24T21:32:36.615Z,
            "type": "circuit_breaker",
          },
          "cpu": Object {
            "details": Object {
              "cores": 8,
    @@ -70,90 +70,90 @@
              ],
              "usage": 45.53,
            },
            "name": "CPU",
            "status": "healthy",
    -       "timestamp": 2026-03-24T21:32:36.832Z,
    +       "timestamp": 2026-03-24T21:32:36.615Z,
            "type": "cpu",
          },
          "database": Object {
            "error": "Database подключение не настроено",
            "name": "Database",
            "status": "unknown",
    -       "timestamp": 2026-03-24T21:32:36.778Z,
    +       "timestamp": 2026-03-24T21:32:36.521Z,
            "type": "database",
          },
          "elasticsearch": Object {
            "details": Object {
              "configured": true,
              "host": "https://es.test.local:9200",
            },
            "name": "Elasticsearch",
            "responseTime": 0,
            "status": "healthy",
    -       "timestamp": 2026-03-24T21:32:36.804Z,
    +       "timestamp": 2026-03-24T21:32:36.565Z,
            "type": "elasticsearch",
          },
          "external_apis": Object {
            "details": Object {
              "apis": Array [
                Object {
                  "available": true,
                  "name": "vault",
    -             "responseTime": 64,
    +             "responseTime": 42,
                  "statusCode": 200,
                  "url": "https://vault.test.local:8200/v1/sys/health",
                },
                Object {
                  "available": true,
                  "name": "elasticsearch",
    -             "responseTime": 106,
    +             "responseTime": 81,
                  "statusCode": 200,
                  "url": "https://es.test.local:9200/_cluster/health",
                },
              ],
              "available": 2,
              "total": 2,
              "unavailable": 0,
            },
            "name": "External APIs",
            "status": "healthy",
    -       "timestamp": 2026-03-24T21:32:36.833Z,
    +       "timestamp": 2026-03-24T21:32:36.655Z,
            "type": "external_api",
          },
          "memory": Object {
            "details": Object {
              "external": 3446463,
    -         "freeMemory": 5281710080,
    +         "freeMemory": 5295599616,
              "heapTotal": 105701376,
    -         "heapUsed": 70073664,
    +         "heapUsed": 70043688,
              "rss": 152780800,
              "totalMemory": 16562294784,
    -         "usagePercent": 68.11,
    -         "usedMemory": 11280584704,
    +         "usagePercent": 68.03,
    +         "usedMemory": 11266695168,
            },
            "name": "Memory",
            "status": "healthy",
    -       "timestamp": 2026-03-24T21:32:36.831Z,
    +       "timestamp": 2026-03-24T21:32:36.615Z,
            "type": "memory",
          },
          "redis": Object {
            "error": "Redis клиент не настроен",
            "name": "Redis",
            "status": "unknown",
    -       "timestamp": 2026-03-24T21:32:36.778Z,
    +       "timestamp": 2026-03-24T21:32:36.521Z,
            "type": "redis",
          },
          "vault": Object {
            "details": Object {
              "configured": true,
              "url": "https://vault.test.local:8200",
            },
            "name": "Vault",
            "responseTime": 0,
            "status": "healthy",
    -       "timestamp": 2026-03-24T21:32:36.778Z,
    +       "timestamp": 2026-03-24T21:32:36.521Z,
            "type": "vault",
          },
        },
        "environment": "test",
        "status": "unknown",
    @@ -162,9 +162,9 @@
          "total": 9,
          "unhealthy": 0,
          "unknown": 2,
          "warning": 0,
        },
    -   "timestamp": 2026-03-24T21:32:36.778Z,
    -   "uptime": 9.8887209,
    +   "timestamp": 2026-03-24T21:32:36.521Z,
    +   "uptime": 9.6631206,
        "version": "v22.14.0",
      }

    [0m [90m 804 |[39m       [36mconst[39m result2 [33m=[39m service[33m.[39mgetLastCheckResult()[33m;[39m
     [90m 805 |[39m       
    [31m[1m>[22m[39m[90m 806 |[39m       expect(result1)[33m.[39mtoBe(result2)[33m;[39m [90m// Один и тот же объект[39m
     [90m     |[39m                       [31m[1m^[22m[39m
     [90m 807 |[39m     })[33m;[39m
     [90m 808 |[39m   })[33m;[39m
     [90m 809 |[39m[0m

      at Object.<anonymous> (tests/health/HealthCheckService.test.ts:806:23)

  ● HealthCheckService › Configuration Defaults › должен использовать DEFAULT_HEALTH_CHECK_CONFIG

    TypeError: Cannot read properties of undefined (reading 'enabled')

    [0m [90m 814 |[39m   describe([32m'Configuration Defaults'[39m[33m,[39m () [33m=>[39m {
     [90m 815 |[39m     it([32m'должен использовать DEFAULT_HEALTH_CHECK_CONFIG'[39m[33m,[39m () [33m=>[39m {
    [31m[1m>[22m[39m[90m 816 |[39m       expect([33mDEFAULT_HEALTH_CHECK_CONFIG[39m[33m.[39menabled)[33m.[39mtoBe([36mtrue[39m)[33m;[39m
     [90m     |[39m                                          [31m[1m^[22m[39m
     [90m 817 |[39m       expect([33mDEFAULT_HEALTH_CHECK_CONFIG[39m[33m.[39mcheckInterval)[33m.[39mtoBe([35m10000[39m)[33m;[39m
     [90m 818 |[39m       expect([33mDEFAULT_HEALTH_CHECK_CONFIG[39m[33m.[39mredisTimeout)[33m.[39mtoBe([35m5000[39m)[33m;[39m
     [90m 819 |[39m       expect([33mDEFAULT_HEALTH_CHECK_CONFIG[39m[33m.[39mdatabaseTimeout)[33m.[39mtoBe([35m5000[39m)[33m;[39m[0m

      at Object.<anonymous> (tests/health/HealthCheckService.test.ts:816:42)

  ● HealthCheckService › Configuration Defaults › должен использовать DEFAULT_HEALTH_CHECK_OPTIONS

    TypeError: Cannot read properties of undefined (reading 'checkRedis')

    [0m [90m 821 |[39m
     [90m 822 |[39m     it([32m'должен использовать DEFAULT_HEALTH_CHECK_OPTIONS'[39m[33m,[39m () [33m=>[39m {
    [31m[1m>[22m[39m[90m 823 |[39m       expect([33mDEFAULT_HEALTH_CHECK_OPTIONS[39m[33m.[39mcheckRedis)[33m.[39mtoBe([36mtrue[39m)[33m;[39m
     [90m     |[39m                                           [31m[1m^[22m[39m
     [90m 824 |[39m       expect([33mDEFAULT_HEALTH_CHECK_OPTIONS[39m[33m.[39mcheckDatabase)[33m.[39mtoBe([36mtrue[39m)[33m;[39m
     [90m 825 |[39m       expect([33mDEFAULT_HEALTH_CHECK_OPTIONS[39m[33m.[39mcheckVault)[33m.[39mtoBe([36mtrue[39m)[33m;[39m
     [90m 826 |[39m       expect([33mDEFAULT_HEALTH_CHECK_OPTIONS[39m[33m.[39mcheckElasticsearch)[33m.[39mtoBe([36mtrue[39m)[33m;[39m[0m

      at Object.<anonymous> (tests/health/HealthCheckService.test.ts:823:43)

  ● HealthCheckService › HealthStatus Enum › должен иметь правильные значения

    TypeError: Cannot read properties of undefined (reading 'HEALTHY')

    [0m [90m 837 |[39m   describe([32m'HealthStatus Enum'[39m[33m,[39m () [33m=>[39m {
     [90m 838 |[39m     it([32m'должен иметь правильные значения'[39m[33m,[39m () [33m=>[39m {
    [31m[1m>[22m[39m[90m 839 |[39m       expect([33mHealthStatus[39m[33m.[39m[33mHEALTHY[39m)[33m.[39mtoBe([32m'healthy'[39m)[33m;[39m
     [90m     |[39m                           [31m[1m^[22m[39m
     [90m 840 |[39m       expect([33mHealthStatus[39m[33m.[39m[33mUNHEALTHY[39m)[33m.[39mtoBe([32m'unhealthy'[39m)[33m;[39m
     [90m 841 |[39m       expect([33mHealthStatus[39m[33m.[39m[33mWARNING[39m)[33m.[39mtoBe([32m'warning'[39m)[33m;[39m
     [90m 842 |[39m       expect([33mHealthStatus[39m[33m.[39m[33mUNKNOWN[39m)[33m.[39mtoBe([32m'unknown'[39m)[33m;[39m[0m

      at Object.<anonymous> (tests/health/HealthCheckService.test.ts:839:27)

  ● HealthCheckService › ComponentType Enum › должен иметь правильные значения

    TypeError: Cannot read properties of undefined (reading 'REDIS')

    [0m [90m 850 |[39m   describe([32m'ComponentType Enum'[39m[33m,[39m () [33m=>[39m {
     [90m 851 |[39m     it([32m'должен иметь правильные значения'[39m[33m,[39m () [33m=>[39m {
    [31m[1m>[22m[39m[90m 852 |[39m       expect([33mComponentType[39m[33m.[39m[33mREDIS[39m)[33m.[39mtoBe([32m'redis'[39m)[33m;[39m
     [90m     |[39m                            [31m[1m^[22m[39m
     [90m 853 |[39m       expect([33mComponentType[39m[33m.[39m[33mDATABASE[39m)[33m.[39mtoBe([32m'database'[39m)[33m;[39m
     [90m 854 |[39m       expect([33mComponentType[39m[33m.[39m[33mVAULT[39m)[33m.[39mtoBe([32m'vault'[39m)[33m;[39m
     [90m 855 |[39m       expect([33mComponentType[39m[33m.[39m[33mELASTICSEARCH[39m)[33m.[39mtoBe([32m'elasticsearch'[39m)[33m;[39m[0m

      at Object.<anonymous> (tests/health/HealthCheckService.test.ts:852:28)

  console.error
    [2026-03-24T21:32:37.662Z] [CryptoService] [ERROR] Ошибка операции sign Error: Ключ с идентификатором key_a66c983be2f9e656ab5397e1d50c0ac7 не найден
        at DigitalSignatureService.createError (C:\Users\grigo\OneDrive\Рабочий стол\protocol\src\crypto\DigitalSignature.ts:996:19)
        at DigitalSignatureService.createError [as sign] (C:\Users\grigo\OneDrive\Рабочий стол\protocol\src\crypto\DigitalSignature.ts:150:20)
        at sign (C:\Users\grigo\OneDrive\Рабочий стол\protocol\src\crypto\CryptoService.ts:347:36)
        at CryptoService.operation [as trackOperation] (C:\Users\grigo\OneDrive\Рабочий стол\protocol\src\crypto\CryptoService.ts:750:28)
        at CryptoService.trackOperation [as sign] (C:\Users\grigo\OneDrive\Рабочий стол\protocol\src\crypto\CryptoService.ts:345:17)
        at Object.<anonymous> (C:\Users\grigo\OneDrive\Рабочий стол\protocol\tests\crypto.test.ts:877:45)
        at processTicksAndRejections (node:internal/process/task_queues:105:5) {
      errorCode: 'KEY_NOT_FOUND'
    }

    [0m [90m 730 |[39m     
     [90m 731 |[39m     [36mif[39m (level [33m===[39m [32m'ERROR'[39m [33m||[39m error) {
    [31m[1m>[22m[39m[90m 732 |[39m       console[33m.[39merror(logMessage[33m,[39m error [33m||[39m [32m''[39m)[33m;[39m
     [90m     |[39m               [31m[1m^[22m[39m
     [90m 733 |[39m     } [36melse[39m [36mif[39m (level [33m===[39m [32m'WARN'[39m) {
     [90m 734 |[39m       console[33m.[39mwarn(logMessage)[33m;[39m
     [90m 735 |[39m     } [36melse[39m {[0m

      at CryptoService.error [as log] (src/crypto/CryptoService.ts:732:15)
      at CryptoService.log [as trackOperation] (src/crypto/CryptoService.ts:768:12)
      at Object.<anonymous> (tests/crypto.test.ts:877:25)

  console.log
    [2026-03-24T21:32:37.802Z] [CryptoService] [INFO] CryptoService создан, ожидает инициализации

      at CryptoService.log (src/crypto/CryptoService.ts:736:15)

  console.log
    [2026-03-24T21:32:37.806Z] [CryptoService] [INFO] Мастер-ключ сгенерирован

      at CryptoService.log (src/crypto/CryptoService.ts:736:15)

  console.log
    [2026-03-24T21:32:37.807Z] [CryptoService] [INFO] CryptoService успешно инициализирован

      at CryptoService.log (src/crypto/CryptoService.ts:736:15)

  console.log
    [2026-03-24T21:32:37.809Z] [CryptoService] [INFO] CryptoService остановлен

      at CryptoService.log (src/crypto/CryptoService.ts:736:15)

  console.log
    [2026-03-24T21:32:37.817Z] [CryptoService] [INFO] CryptoService создан, ожидает инициализации

      at CryptoService.log (src/crypto/CryptoService.ts:736:15)

  console.log
    [2026-03-24T21:32:37.821Z] [CryptoService] [INFO] Мастер-ключ сгенерирован

      at CryptoService.log (src/crypto/CryptoService.ts:736:15)

  console.log
    [2026-03-24T21:32:37.823Z] [CryptoService] [INFO] CryptoService успешно инициализирован

      at CryptoService.log (src/crypto/CryptoService.ts:736:15)

  console.warn
    Argon2 недоступен, используется PBKDF2 fallback

    [0m [90m 393 |[39m       [90m// Fallback: эмуляция через PBKDF2 с усилением[39m
     [90m 394 |[39m       [90m// Это НЕ обеспечивает ту же безопасность, что и настоящий Argon2[39m
    [31m[1m>[22m[39m[90m 395 |[39m       console[33m.[39mwarn([32m'Argon2 недоступен, используется PBKDF2 fallback'[39m)[33m;[39m
     [90m     |[39m               [31m[1m^[22m[39m
     [90m 396 |[39m       [36mreturn[39m [36mthis[39m[33m.[39mderiveArgon2Fallback(password[33m,[39m salt[33m,[39m params)[33m;[39m
     [90m 397 |[39m     }
     [90m 398 |[39m   }[0m

      at KeyDerivationService.warn [as deriveArgon2] (src/crypto/KeyDerivation.ts:395:15)
      at KeyDerivationService.deriveArgon2 [as deriveKey] (src/crypto/KeyDerivation.ts:101:21)
      at CryptoService.deriveKey (src/crypto/CryptoService.ts:424:38)
      at Object.<anonymous> (tests/crypto.test.ts:900:33)

  console.log
    [2026-03-24T21:32:37.847Z] [CryptoService] [INFO] CryptoService остановлен

      at CryptoService.log (src/crypto/CryptoService.ts:736:15)

  console.log
    [2026-03-24T21:32:37.873Z] [CryptoService] [INFO] CryptoService создан, ожидает инициализации

      at CryptoService.log (src/crypto/CryptoService.ts:736:15)

  console.log
    [2026-03-24T21:32:37.876Z] [CryptoService] [INFO] Мастер-ключ сгенерирован

      at CryptoService.log (src/crypto/CryptoService.ts:736:15)

  console.log
    [2026-03-24T21:32:37.878Z] [CryptoService] [INFO] CryptoService успешно инициализирован

      at CryptoService.log (src/crypto/CryptoService.ts:736:15)

  console.log
    [2026-03-24T21:32:37.881Z] [CryptoService] [INFO] CryptoService остановлен

      at CryptoService.log (src/crypto/CryptoService.ts:736:15)

  console.log
    [2026-03-24T21:32:37.884Z] [CryptoService] [INFO] CryptoService создан, ожидает инициализации

      at CryptoService.log (src/crypto/CryptoService.ts:736:15)

  console.log
    [2026-03-24T21:32:37.887Z] [CryptoService] [INFO] Мастер-ключ сгенерирован

      at CryptoService.log (src/crypto/CryptoService.ts:736:15)

  console.log
    [2026-03-24T21:32:37.888Z] [CryptoService] [INFO] CryptoService успешно инициализирован

      at CryptoService.log (src/crypto/CryptoService.ts:736:15)

  console.log
    [2026-03-24T21:32:37.910Z] [CryptoService] [INFO] CryptoService остановлен

      at CryptoService.log (src/crypto/CryptoService.ts:736:15)

  console.log
    [32m[INFO][0m 2026-03-24T21:32:37.867Z protocol-security: [HSMIntegration] Service created

      at ConsoleTransport.method [as send] (src/logging/Logger.ts:158:7)
          at Array.map (<anonymous>)

  console.log
    [INFO] [FinanceSecurity] Module created

      at StubLogger.log [as info] (src/utils/StubLogger.ts:10:13)

  console.log
    [32m[INFO][0m 2026-03-24T21:32:37.938Z protocol-security: [HSMIntegration] Service created

      at ConsoleTransport.method [as send] (src/logging/Logger.ts:158:7)
          at Array.map (<anonymous>)

  console.log
    [INFO] [FinanceSecurity] Module created

      at StubLogger.log [as info] (src/utils/StubLogger.ts:10:13)

  console.log
    [32m[INFO][0m 2026-03-24T21:32:37.945Z protocol-security: [HSMIntegration] Service created

      at ConsoleTransport.method [as send] (src/logging/Logger.ts:158:7)
          at Array.map (<anonymous>)

  console.log
    [INFO] [FinanceSecurity] Module created

      at StubLogger.log [as info] (src/utils/StubLogger.ts:10:13)

  console.log
    [32m[INFO][0m 2026-03-24T21:32:37.962Z protocol-security: [SecretLease] Продлён lease f3d3c755-9f8b-4865-b9cd-fef6c7b45ae1

      at ConsoleTransport.method [as send] (src/logging/Logger.ts:158:7)
          at Array.map (<anonymous>)

  console.log
    [32m[INFO][0m 2026-03-24T21:32:37.964Z protocol-security: [SecretLease] Автоматически продлён lease f3d3c755-9f8b-4865-b9cd-fef6c7b45ae1

      at ConsoleTransport.method [as send] (src/logging/Logger.ts:158:7)
          at Array.map (<anonymous>)

  console.log
    [32m[INFO][0m 2026-03-24T21:32:37.952Z protocol-security: [Tokenization] Initialized with in-memory vault

      at ConsoleTransport.method [as send] (src/logging/Logger.ts:158:7)
          at Array.map (<anonymous>)

  console.log
    [INFO] [FinanceSecurity] Tokenization initialized

      at StubLogger.log [as info] (src/utils/StubLogger.ts:10:13)

  console.log
    [32m[INFO][0m 2026-03-24T21:32:37.975Z protocol-security: [FraudDetection] Initializing ML model

      at ConsoleTransport.method [as send] (src/logging/Logger.ts:158:7)
          at Array.map (<anonymous>)

  console.log
    [32m[INFO][0m 2026-03-24T21:32:37.991Z protocol-security: [FraudDetection] ML model loaded

      at ConsoleTransport.method [as send] (src/logging/Logger.ts:158:7)
          at Array.map (<anonymous>)

  console.log
    [INFO] [FinanceSecurity] Fraud detection initialized

      at StubLogger.log [as info] (src/utils/StubLogger.ts:10:13)

  console.log
    [32m[INFO][0m 2026-03-24T21:32:37.996Z protocol-security: [AML] Loading sanctions list

      at ConsoleTransport.method [as send] (src/logging/Logger.ts:158:7)
          at Array.map (<anonymous>)

  console.log
    [32m[INFO][0m 2026-03-24T21:32:38.006Z protocol-security: [AML] Loading sanctions list

      at ConsoleTransport.method [as send] (src/logging/Logger.ts:158:7)
          at Array.map (<anonymous>)

  console.log
    [32m[INFO][0m 2026-03-24T21:32:38.009Z protocol-security: [AML] Loading sanctions list

      at ConsoleTransport.method [as send] (src/logging/Logger.ts:158:7)
          at Array.map (<anonymous>)

  console.log
    [32m[INFO][0m 2026-03-24T21:32:38.011Z protocol-security: [AML] Initialized

      at ConsoleTransport.method [as send] (src/logging/Logger.ts:158:7)
          at Array.map (<anonymous>)

  console.log
    [INFO] [FinanceSecurity] AML initialized

      at StubLogger.log [as info] (src/utils/StubLogger.ts:10:13)

  console.log
    [32m[INFO][0m 2026-03-24T21:32:38.013Z protocol-security: [TransactionMonitoring] Initialized

      at ConsoleTransport.method [as send] (src/logging/Logger.ts:158:7)
          at Array.map (<anonymous>)

  console.log
    [INFO] [FinanceSecurity] Transaction monitoring initialized

      at StubLogger.log [as info] (src/utils/StubLogger.ts:10:13)

PASS tests/integrity.test.ts
  MerkleTree
    √ должен создавать дерево из файлов (5 ms)
    √ должен генерировать Merkle proof (4 ms)
    √ должен верифицировать Merkle proof (2 ms)
    √ должен обнаруживать невалидный proof (1 ms)
    √ должен обновлять файл в дереве (4 ms)
    √ должен сериализовать и десериализовать дерево (4 ms)
  HashChain
    √ должен создавать цепь с genesis хешем (4 ms)
    √ должен добавлять записи в цепь (3 ms)
    √ должен верифицировать целостность цепи (4 ms)
    √ должен обнаруживать tampering в цепи (2 ms)
    √ должен сохранять и загружать цепь (24 ms)
  CodeSigner
    √ должен подписывать данные (378 ms)
    √ должен верифицировать подпись (420 ms)
    √ должен обнаруживать невалидную подпись (539 ms)
  SBOMGenerator
    √ должен генерировать SBOM для проекта (20 ms)
    √ должен сериализовать SBOM в CycloneDX формат (7 ms)
  SLSAVerifier
    √ должен верифицировать SLSA Level 1 (3 ms)
    √ должен определять достигнутый уровень SLSA (8 ms)
  TransparencyLogClient
    √ должен записывать entry в log (251 ms)
    √ должен верифицировать inclusion proof (138 ms)
  BaselineManager
    √ должен создавать baseline (13 ms)
    √ должен сравнивать с baseline (10 ms)
  ModificationDetector
    √ должен детектировать модификации (20 ms)
    √ должен обнаруживать IOC паттерны (10 ms)
  IntegrityService
    √ должен запускаться и останавливаться (15 ms)
    √ должен вычислять хеши файлов (26 ms)
    √ должен выполнять полную проверку целостности (14 ms)
  Integration Tests
    √ должен работать полный workflow целостности (33 ms)

  console.log
    [INFO] [FinanceSecurity] Module fully initialized

      at StubLogger.log [as info] (src/utils/StubLogger.ts:10:13)

  console.log
    [32m[INFO][0m 2026-03-24T21:32:38.022Z protocol-security: [HSMIntegration] Service created

      at ConsoleTransport.method [as send] (src/logging/Logger.ts:158:7)
          at Array.map (<anonymous>)

  console.log
    [INFO] [FinanceSecurity] Module created

      at StubLogger.log [as info] (src/utils/StubLogger.ts:10:13)

  console.log
    [32m[INFO][0m 2026-03-24T21:32:38.027Z protocol-security: [Tokenization] Initialized with in-memory vault

      at ConsoleTransport.method [as send] (src/logging/Logger.ts:158:7)
          at Array.map (<anonymous>)

  console.log
    [INFO] [FinanceSecurity] Tokenization initialized

      at StubLogger.log [as info] (src/utils/StubLogger.ts:10:13)

  console.log
    [32m[INFO][0m 2026-03-24T21:32:38.030Z protocol-security: [FraudDetection] Initializing ML model

      at ConsoleTransport.method [as send] (src/logging/Logger.ts:158:7)
          at Array.map (<anonymous>)

  console.log
    [32m[INFO][0m 2026-03-24T21:32:38.032Z protocol-security: [FraudDetection] ML model loaded

      at ConsoleTransport.method [as send] (src/logging/Logger.ts:158:7)
          at Array.map (<anonymous>)

  console.log
    [INFO] [FinanceSecurity] Fraud detection initialized

      at StubLogger.log [as info] (src/utils/StubLogger.ts:10:13)

  console.log
    [32m[INFO][0m 2026-03-24T21:32:38.034Z protocol-security: [AML] Loading sanctions list

      at ConsoleTransport.method [as send] (src/logging/Logger.ts:158:7)
          at Array.map (<anonymous>)

  console.log
    [32m[INFO][0m 2026-03-24T21:32:38.035Z protocol-security: [AML] Loading sanctions list

      at ConsoleTransport.method [as send] (src/logging/Logger.ts:158:7)
          at Array.map (<anonymous>)

  console.log
    [32m[INFO][0m 2026-03-24T21:32:38.036Z protocol-security: [AML] Loading sanctions list

      at ConsoleTransport.method [as send] (src/logging/Logger.ts:158:7)
          at Array.map (<anonymous>)

  console.log
    [32m[INFO][0m 2026-03-24T21:32:38.037Z protocol-security: [AML] Initialized

      at ConsoleTransport.method [as send] (src/logging/Logger.ts:158:7)
          at Array.map (<anonymous>)

  console.log
    [INFO] [FinanceSecurity] AML initialized

      at StubLogger.log [as info] (src/utils/StubLogger.ts:10:13)

  console.log
    [32m[INFO][0m 2026-03-24T21:32:38.039Z protocol-security: [TransactionMonitoring] Initialized

      at ConsoleTransport.method [as send] (src/logging/Logger.ts:158:7)
          at Array.map (<anonymous>)

  console.log
    [INFO] [FinanceSecurity] Transaction monitoring initialized

      at StubLogger.log [as info] (src/utils/StubLogger.ts:10:13)

  console.log
    [INFO] [FinanceSecurity] Module fully initialized

      at StubLogger.log [as info] (src/utils/StubLogger.ts:10:13)

  console.log
    [32m[INFO][0m 2026-03-24T21:32:38.043Z protocol-security: [HSMIntegration] Service created

      at ConsoleTransport.method [as send] (src/logging/Logger.ts:158:7)
          at Array.map (<anonymous>)

  console.log
    [INFO] [FinanceSecurity] Module created

      at StubLogger.log [as info] (src/utils/StubLogger.ts:10:13)

  console.log
    [32m[INFO][0m 2026-03-24T21:32:38.047Z protocol-security: [Tokenization] Initialized with in-memory vault

      at ConsoleTransport.method [as send] (src/logging/Logger.ts:158:7)
          at Array.map (<anonymous>)

  console.log
    [INFO] [FinanceSecurity] Tokenization initialized

      at StubLogger.log [as info] (src/utils/StubLogger.ts:10:13)

  console.log
    [32m[INFO][0m 2026-03-24T21:32:38.060Z protocol-security: [FraudDetection] Initializing ML model

      at ConsoleTransport.method [as send] (src/logging/Logger.ts:158:7)
          at Array.map (<anonymous>)

  console.log
    [32m[INFO][0m 2026-03-24T21:32:38.061Z protocol-security: [FraudDetection] ML model loaded

      at ConsoleTransport.method [as send] (src/logging/Logger.ts:158:7)
          at Array.map (<anonymous>)

  console.log
    [INFO] [FinanceSecurity] Fraud detection initialized

      at StubLogger.log [as info] (src/utils/StubLogger.ts:10:13)

  console.log
    [32m[INFO][0m 2026-03-24T21:32:38.064Z protocol-security: [AML] Loading sanctions list

      at ConsoleTransport.method [as send] (src/logging/Logger.ts:158:7)
          at Array.map (<anonymous>)

  console.log
    [32m[INFO][0m 2026-03-24T21:32:38.066Z protocol-security: [AML] Loading sanctions list

      at ConsoleTransport.method [as send] (src/logging/Logger.ts:158:7)
          at Array.map (<anonymous>)

FAIL tests/zerotrust/zerotrust.test.ts
  ● Test suite failed to run

    Cannot find module '../zerotrust/MicroSegmentation' from 'tests/zerotrust/zerotrust.test.ts'

    [0m [90m 29 |[39m [36mimport[39m { [33mDevicePostureChecker[39m } [36mfrom[39m [32m'../../src/zerotrust/DevicePostureChecker'[39m[33m;[39m
     [90m 30 |[39m [36mimport[39m { [33mTrustVerifier[39m } [36mfrom[39m [32m'../../src/zerotrust/TrustVerifier'[39m[33m;[39m
    [31m[1m>[22m[39m[90m 31 |[39m [36mimport[39m { [33mMicroSegmentation[39m } [36mfrom[39m [32m'../zerotrust/MicroSegmentation'[39m[33m;[39m
     [90m    |[39m [31m[1m^[22m[39m
     [90m 32 |[39m [36mimport[39m { [33mZeroTrustController[39m } [36mfrom[39m [32m'../zerotrust/ZeroTrustController'[39m[33m;[39m
     [90m 33 |[39m
     [90m 34 |[39m [90m// ============================================================================[39m[0m

      at Resolver._throwModNotFoundError (node_modules/jest-resolve/build/resolver.js:427:11)
      at Object.<anonymous> (tests/zerotrust/zerotrust.test.ts:31:1)

  console.log
    [32m[INFO][0m 2026-03-24T21:32:38.067Z protocol-security: [AML] Loading sanctions list

      at ConsoleTransport.method [as send] (src/logging/Logger.ts:158:7)
          at Array.map (<anonymous>)

  console.log
    [32m[INFO][0m 2026-03-24T21:32:38.069Z protocol-security: [AML] Initialized

      at ConsoleTransport.method [as send] (src/logging/Logger.ts:158:7)
          at Array.map (<anonymous>)

  console.log
    [INFO] [FinanceSecurity] AML initialized

      at StubLogger.log [as info] (src/utils/StubLogger.ts:10:13)

  console.log
    [32m[INFO][0m 2026-03-24T21:32:38.072Z protocol-security: [TransactionMonitoring] Initialized

      at ConsoleTransport.method [as send] (src/logging/Logger.ts:158:7)
          at Array.map (<anonymous>)

  console.log
    [INFO] [FinanceSecurity] Transaction monitoring initialized

      at StubLogger.log [as info] (src/utils/StubLogger.ts:10:13)

  console.log
    [INFO] [FinanceSecurity] Module fully initialized

      at StubLogger.log [as info] (src/utils/StubLogger.ts:10:13)

  console.log
    [INFO] [FinanceSecurity] Shutting down...

      at StubLogger.log [as info] (src/utils/StubLogger.ts:10:13)

  console.log
    [32m[INFO][0m 2026-03-24T21:32:38.082Z protocol-security: [HSMIntegration] Shutting down HSM connection...

      at ConsoleTransport.method [as send] (src/logging/Logger.ts:158:7)
          at Array.map (<anonymous>)

  console.log
    [32m[INFO][0m 2026-03-24T21:32:38.086Z protocol-security: [HSMIntegration] HSM connection closed

      at ConsoleTransport.method [as send] (src/logging/Logger.ts:158:7)
          at Array.map (<anonymous>)

  console.log
    [32m[INFO][0m 2026-03-24T21:32:38.089Z protocol-security: [FraudDetection] Destroyed

      at ConsoleTransport.method [as send] (src/logging/Logger.ts:158:7)
          at Array.map (<anonymous>)

  console.log
    [32m[INFO][0m 2026-03-24T21:32:38.091Z protocol-security: [TransactionMonitoring] Destroyed

      at ConsoleTransport.method [as send] (src/logging/Logger.ts:158:7)
          at Array.map (<anonymous>)

  console.log
    [32m[INFO][0m 2026-03-24T21:32:38.093Z protocol-security: [AML] Destroyed

      at ConsoleTransport.method [as send] (src/logging/Logger.ts:158:7)
          at Array.map (<anonymous>)

  console.log
    [INFO] [FinanceSecurity] Module shut down

      at StubLogger.log [as info] (src/utils/StubLogger.ts:10:13)

PASS tests/finance/FinanceSecurityModule.test.ts
  FinanceSecurityModule - Simplified
    constructor
      √ should create module (73 ms)
      √ should have correct initial status (6 ms)
    initialization
      √ should initialize successfully (77 ms)
      √ should emit initialized event (21 ms)
    destroy
      √ should destroy module (53 ms)

FAIL tests/auth.test.ts
  ● Test suite failed to run

    Cannot find module 'otpauth' from 'src/auth/MFService.ts'

    Require stack:
      src/auth/MFService.ts
      tests/auth.test.ts

    [0m [90m  9 |[39m [90m */[39m
     [90m 10 |[39m
    [31m[1m>[22m[39m[90m 11 |[39m [36mimport[39m [33m*[39m [36mas[39m [33mOTPAuth[39m [36mfrom[39m [32m'otpauth'[39m[33m;[39m
     [90m    |[39m [31m[1m^[22m[39m
     [90m 12 |[39m [36mimport[39m { randomBytes[33m,[39m createHash[33m,[39m timingSafeEqual } [36mfrom[39m [32m'crypto'[39m[33m;[39m
     [90m 13 |[39m [36mimport[39m { v4 [36mas[39m uuidv4 } [36mfrom[39m [32m'uuid'[39m[33m;[39m
     [90m 14 |[39m [36mimport[39m { logger } [36mfrom[39m [32m'../logging/Logger'[39m[33m;[39m[0m

      at Resolver._throwModNotFoundError (node_modules/jest-resolve/build/resolver.js:427:11)
      at Object.require (src/auth/MFService.ts:11:1)
      at Object.<anonymous> (tests/auth.test.ts:11:1)

FAIL tests/crypto.test.ts (9.335 s)
  SecureRandom
    randomBytes
      √ должен генерировать случайные байты заданной длины (410 ms)
      √ должен генерировать уникальные последовательности (6 ms)
      √ должен бросать ошибку при отрицательной длине (13 ms)
    randomUUID
      √ должен генерировать валидные UUID v4 (7 ms)
      √ должен генерировать уникальные UUID (13 ms)
    randomInt
      √ должен генерировать числа в заданном диапазоне (55 ms)
      √ должен генерировать равномерное распределение (4200 ms)
    generateToken
      √ должен генерировать токены в разных кодировках (5 ms)
    checkEntropyQuality
      × должен проходить проверку качества для криптографически случайных данных (9 ms)
  HashService
    hash
      √ должен вычислять хэши различных алгоритмов (2 ms)
      √ должен быть детерминированным (1 ms)
      √ должен производить разные хэши для разных данных (1 ms)
    hmac
      √ должен вычислять HMAC (1 ms)
      √ должен производить разные HMAC для разных ключей
    constantTimeCompare
      √ должен возвращать true для одинаковых хэшей (1 ms)
      √ должен возвращать false для разных хэшей (1 ms)
    verifyIntegrity
      √ должен подтверждать целостность данных (3 ms)
      √ должен обнаруживать повреждение данных (1 ms)
  KeyDerivationService
    deriveKey
      √ должен деривировать ключ с использованием Argon2id (106 ms)
      √ должен быть детерминированным (3 ms)
      √ должен производить разные ключи для разных солей (3 ms)
    deriveKeyWithSalt
      √ должен генерировать случайную соль (5 ms)
    generateSalt
      √ должен генерировать соль заданной длины (1 ms)
      √ должен генерировать уникальные соли (4 ms)
    getRecommendedParams
      √ должен возвращать параметры для разных уровней безопасности (1 ms)
  DigitalSignatureService
    generateKeyPair
      √ должен генерировать пару ключей Ed25519 (8 ms)
      √ должен генерировать пару ключей ECDSA (3 ms)
      √ должен генерировать пару ключей RSA-PSS (274 ms)
    sign and verify
      × должен создавать и верифицировать подпись Ed25519 (5 ms)
      × должен отклонять неверную подпись (5 ms)
      × должен обнаруживать изменение данных (4 ms)
    signBatch and verifyBatch
      × должен обрабатывать пакетную подпись и верификацию (6 ms)
    deleteKey
      √ должен удалять ключ из хранилища (4 ms)
  EnvelopeEncryptionService
    encrypt and decrypt
      √ должен шифровать и расшифровывать данные (6 ms)
      √ должен шифровать строки (3 ms)
      √ должен использовать разные nonce для разных шифрований (4 ms)
    additional authenticated data
      √ должен поддерживать AAD (3 ms)
    rotateKEK
      √ должен ротировать KEK (3 ms)
    verifyEnvelope
      √ должен верифицировать валидный конверт (2 ms)
      √ должен обнаруживать невалидный конверт (8 ms)
  KeyManager
    generateKey
      √ должен генерировать симметричный ключ (5 ms)
      × должен генерировать асимметричный ключ для подписи (3 ms)
      √ должен генерировать мастер-ключ (3 ms)
    getKey
      √ должен возвращать метаданные ключа (2 ms)
      √ должен возвращать null для несуществующего ключа (1 ms)
    rotateKey
      √ должен ротировать ключ (5 ms)
    destroyKey
      √ должен уничтожать ключ (4 ms)
    getStats
      × должен возвращать статистику (6 ms)
  PostQuantumCrypto
    generateKeyPair
      √ должен генерировать PQC ключи Kyber (77 ms)
      √ должен генерировать PQC ключи Dilithium (4 ms)
    getAlgorithmInfo
      √ должен возвращать информацию об алгоритме (1 ms)
    getSupportedAlgorithms
      √ должен возвращать список поддерживаемых алгоритмов (1 ms)
  CryptoService Integration
    full encryption flow
      √ должен выполнять полный цикл шифрования-расшифрования (54 ms)
    signature flow
      × должен выполнять полный цикл подписи-верификации (144 ms)
    hash operations
      √ должен вычислять хэши (12 ms)
    key derivation
      √ должен деривировать ключи из пароля (39 ms)
    random generation
      √ должен генерировать случайные данные (32 ms)
    getStats
      × должен возвращать полную статистику (29 ms)
  Security Tests
    timing attack resistance
      √ должен использовать constant-time сравнение (14 ms)
    key uniqueness
      √ должен генерировать уникальные ключи (144 ms)
    memory cleanup
      √ должен очищать чувствительные данные из памяти (3 ms)

  ● SecureRandom › checkEntropyQuality › должен проходить проверку качества для криптографически случайных данных

    assert(received)

    Expected value to be equal to:
      true
    Received:
      false

    Message:
      Проверка энтропии не пройдена: {"chiSquared":269.2480000000003,"mean":128.281,"serialCorrelation":50.93068068068068}

    [0m [90m 139 |[39m       [36mconst[39m result [33m=[39m secureRandom[33m.[39mcheckEntropyQuality(data)[33m;[39m
     [90m 140 |[39m       
    [31m[1m>[22m[39m[90m 141 |[39m       assert[33m.[39mok(result[33m.[39mpassed[33m,[39m [32m`Проверка энтропии не пройдена: ${JSON.stringify(result.details)}`[39m)[33m;[39m
     [90m     |[39m              [31m[1m^[22m[39m
     [90m 142 |[39m       assert[33m.[39mok(result[33m.[39mscore [33m>=[39m [35m0.66[39m[33m,[39m [32m`Слишком низкий score: ${result.score}`[39m)[33m;[39m
     [90m 143 |[39m     })[33m;[39m
     [90m 144 |[39m   })[33m;[39m[0m

      at Object.<anonymous> (tests/crypto.test.ts:141:14)

  ● DigitalSignatureService › sign and verify › должен создавать и верифицировать подпись Ed25519

    Ошибка создания подписи: TypeError [ERR_CRYPTO_INVALID_KEY_OBJECT_TYPE]: Invalid key object type secret, expected private.

    [0m [90m 994 |[39m [90m   */[39m
     [90m 995 |[39m   [36mprivate[39m createError(code[33m:[39m [33mCryptoErrorCode[39m[33m,[39m message[33m:[39m string)[33m:[39m [33mError[39m {
    [31m[1m>[22m[39m[90m 996 |[39m     [36mconst[39m error [33m=[39m [36mnew[39m [33mError[39m(message)[33m;[39m
     [90m     |[39m                   [31m[1m^[22m[39m
     [90m 997 |[39m     (error [36mas[39m any)[33m.[39merrorCode [33m=[39m code[33m;[39m
     [90m 998 |[39m     [36mreturn[39m error[33m;[39m
     [90m 999 |[39m   }[0m

      at DigitalSignatureService.createError (src/crypto/DigitalSignature.ts:996:19)
      at DigitalSignatureService.createError [as sign] (src/crypto/DigitalSignature.ts:214:18)
      at Object.<anonymous> (tests/crypto.test.ts:410:25)

  ● DigitalSignatureService › sign and verify › должен отклонять неверную подпись

    Ошибка создания подписи: TypeError [ERR_CRYPTO_INVALID_KEY_OBJECT_TYPE]: Invalid key object type secret, expected private.

    [0m [90m 994 |[39m [90m   */[39m
     [90m 995 |[39m   [36mprivate[39m createError(code[33m:[39m [33mCryptoErrorCode[39m[33m,[39m message[33m:[39m string)[33m:[39m [33mError[39m {
    [31m[1m>[22m[39m[90m 996 |[39m     [36mconst[39m error [33m=[39m [36mnew[39m [33mError[39m(message)[33m;[39m
     [90m     |[39m                   [31m[1m^[22m[39m
     [90m 997 |[39m     (error [36mas[39m any)[33m.[39merrorCode [33m=[39m code[33m;[39m
     [90m 998 |[39m     [36mreturn[39m error[33m;[39m
     [90m 999 |[39m   }[0m

      at DigitalSignatureService.createError (src/crypto/DigitalSignature.ts:996:19)
      at DigitalSignatureService.createError [as sign] (src/crypto/DigitalSignature.ts:214:18)
      at Object.<anonymous> (tests/crypto.test.ts:421:25)

  ● DigitalSignatureService › sign and verify › должен обнаруживать изменение данных

    Ошибка создания подписи: TypeError [ERR_CRYPTO_INVALID_KEY_OBJECT_TYPE]: Invalid key object type secret, expected private.

    [0m [90m 994 |[39m [90m   */[39m
     [90m 995 |[39m   [36mprivate[39m createError(code[33m:[39m [33mCryptoErrorCode[39m[33m,[39m message[33m:[39m string)[33m:[39m [33mError[39m {
    [31m[1m>[22m[39m[90m 996 |[39m     [36mconst[39m error [33m=[39m [36mnew[39m [33mError[39m(message)[33m;[39m
     [90m     |[39m                   [31m[1m^[22m[39m
     [90m 997 |[39m     (error [36mas[39m any)[33m.[39merrorCode [33m=[39m code[33m;[39m
     [90m 998 |[39m     [36mreturn[39m error[33m;[39m
     [90m 999 |[39m   }[0m

      at DigitalSignatureService.createError (src/crypto/DigitalSignature.ts:996:19)
      at DigitalSignatureService.createError [as sign] (src/crypto/DigitalSignature.ts:214:18)
      at Object.<anonymous> (tests/crypto.test.ts:433:25)

  ● DigitalSignatureService › signBatch and verifyBatch › должен обрабатывать пакетную подпись и верификацию

    Ошибка создания подписи: TypeError [ERR_CRYPTO_INVALID_KEY_OBJECT_TYPE]: Invalid key object type secret, expected private.

    [0m [90m 994 |[39m [90m   */[39m
     [90m 995 |[39m   [36mprivate[39m createError(code[33m:[39m [33mCryptoErrorCode[39m[33m,[39m message[33m:[39m string)[33m:[39m [33mError[39m {
    [31m[1m>[22m[39m[90m 996 |[39m     [36mconst[39m error [33m=[39m [36mnew[39m [33mError[39m(message)[33m;[39m
     [90m     |[39m                   [31m[1m^[22m[39m
     [90m 997 |[39m     (error [36mas[39m any)[33m.[39merrorCode [33m=[39m code[33m;[39m
     [90m 998 |[39m     [36mreturn[39m error[33m;[39m
     [90m 999 |[39m   }[0m

      at DigitalSignatureService.createError (src/crypto/DigitalSignature.ts:996:19)
      at DigitalSignatureService.createError [as sign] (src/crypto/DigitalSignature.ts:214:18)
      at DigitalSignatureService.signBatch (src/crypto/DigitalSignature.ts:382:22)
      at Object.<anonymous> (tests/crypto.test.ts:447:26)

  ● KeyManager › generateKey › должен генерировать асимметричный ключ для подписи

    TypeError: Cannot assign to read only property '0' of string '-----BEGIN PRIVATE KEY-----
    MC4CAQAwBQYDK2VwBCIEIOlvT5FBiCSnnszZDTv/F1B27cf5UaUvVruWTBtSnjVH
    -----END PRIVATE KEY-----
    '

    [0m [90m 1000 |[39m     } [36mcatch[39m {
     [90m 1001 |[39m       [36mfor[39m ([36mlet[39m i [33m=[39m [35m0[39m[33m;[39m i [33m<[39m buffer[33m.[39mlength[33m;[39m i[33m++[39m) {
    [31m[1m>[22m[39m[90m 1002 |[39m         buffer[i] [33m=[39m [35m0[39m[33m;[39m
     [90m      |[39m                  [31m[1m^[22m[39m
     [90m 1003 |[39m       }
     [90m 1004 |[39m     }
     [90m 1005 |[39m   }[0m

      at KeyManager.secureZero (src/crypto/KeyManager.ts:1002:18)
      at KeyManager.secureZero [as destroy] (src/crypto/KeyManager.ts:687:14)
      at Object.<anonymous> (tests/crypto.test.ts:639:16)

  ● KeyManager › getStats › должен возвращать статистику

    TypeError: Cannot assign to read only property '0' of string '-----BEGIN PRIVATE KEY-----
    MC4CAQAwBQYDK2VwBCIEILdKGG93qSZ3pLXCBSmPosWb0H/1kk+nPUgRyATaaaBy
    -----END PRIVATE KEY-----
    '

    [0m [90m 1000 |[39m     } [36mcatch[39m {
     [90m 1001 |[39m       [36mfor[39m ([36mlet[39m i [33m=[39m [35m0[39m[33m;[39m i [33m<[39m buffer[33m.[39mlength[33m;[39m i[33m++[39m) {
    [31m[1m>[22m[39m[90m 1002 |[39m         buffer[i] [33m=[39m [35m0[39m[33m;[39m
     [90m      |[39m                  [31m[1m^[22m[39m
     [90m 1003 |[39m       }
     [90m 1004 |[39m     }
     [90m 1005 |[39m   }[0m

      at KeyManager.secureZero (src/crypto/KeyManager.ts:1002:18)
      at KeyManager.secureZero [as destroy] (src/crypto/KeyManager.ts:687:14)
      at Object.<anonymous> (tests/crypto.test.ts:639:16)

  ● CryptoService Integration › signature flow › должен выполнять полный цикл подписи-верификации

    Ключ с идентификатором key_a66c983be2f9e656ab5397e1d50c0ac7 не найден

    [0m [90m 994 |[39m [90m   */[39m
     [90m 995 |[39m   [36mprivate[39m createError(code[33m:[39m [33mCryptoErrorCode[39m[33m,[39m message[33m:[39m string)[33m:[39m [33mError[39m {
    [31m[1m>[22m[39m[90m 996 |[39m     [36mconst[39m error [33m=[39m [36mnew[39m [33mError[39m(message)[33m;[39m
     [90m     |[39m                   [31m[1m^[22m[39m
     [90m 997 |[39m     (error [36mas[39m any)[33m.[39merrorCode [33m=[39m code[33m;[39m
     [90m 998 |[39m     [36mreturn[39m error[33m;[39m
     [90m 999 |[39m   }[0m

      at DigitalSignatureService.createError (src/crypto/DigitalSignature.ts:996:19)
      at DigitalSignatureService.createError [as sign] (src/crypto/DigitalSignature.ts:150:20)
      at sign (src/crypto/CryptoService.ts:347:36)
      at CryptoService.operation [as trackOperation] (src/crypto/CryptoService.ts:750:28)
      at CryptoService.trackOperation [as sign] (src/crypto/CryptoService.ts:345:17)
      at Object.<anonymous> (tests/crypto.test.ts:877:45)

  ● CryptoService Integration › signature flow › должен выполнять полный цикл подписи-верификации

    TypeError: Cannot assign to read only property '0' of string '-----BEGIN PRIVATE KEY-----
    MC4CAQAwBQYDK2VwBCIEINqxAjM4NjLf95cUnva4BxXY9L6FIwfgWpixDVFpfg+F
    -----END PRIVATE KEY-----
    '

    [0m [90m 1000 |[39m     } [36mcatch[39m {
     [90m 1001 |[39m       [36mfor[39m ([36mlet[39m i [33m=[39m [35m0[39m[33m;[39m i [33m<[39m buffer[33m.[39mlength[33m;[39m i[33m++[39m) {
    [31m[1m>[22m[39m[90m 1002 |[39m         buffer[i] [33m=[39m [35m0[39m[33m;[39m
     [90m      |[39m                  [31m[1m^[22m[39m
     [90m 1003 |[39m       }
     [90m 1004 |[39m     }
     [90m 1005 |[39m   }[0m

      at KeyManager.secureZero (src/crypto/KeyManager.ts:1002:18)
      at KeyManager.secureZero [as destroy] (src/crypto/KeyManager.ts:687:14)
      at CryptoService.destroy (src/crypto/CryptoService.ts:189:21)
      at Object.<anonymous> (tests/crypto.test.ts:838:25)

  ● CryptoService Integration › getStats › должен возвращать полную статистику

    assert(received)

    Expected value to be equal to:
      true
    Received:
      false

    [0m [90m 933 |[39m       [36mconst[39m stats [33m=[39m cryptoService[33m.[39mgetStats()[33m;[39m
     [90m 934 |[39m       
    [31m[1m>[22m[39m[90m 935 |[39m       assert[33m.[39mok(stats[33m.[39moperations[33m.[39mtotalOperations [33m>=[39m [35m2[39m)[33m;[39m
     [90m     |[39m              [31m[1m^[22m[39m
     [90m 936 |[39m       assert[33m.[39mstrictEqual(stats[33m.[39mkeys[33m.[39mtotalKeys[33m,[39m [35m2[39m)[33m;[39m [90m// master key + stats key[39m
     [90m 937 |[39m     })[33m;[39m
     [90m 938 |[39m   })[33m;[39m[0m

      at Object.<anonymous> (tests/crypto.test.ts:935:14)

FAIL tests/security/security-middleware.test.ts
  ● Test suite failed to run

    Cannot find module './Logger' from 'src/utils/RetryHandler.ts'

    Require stack:
      src/utils/RetryHandler.ts
      src/middleware/RateLimitMiddleware.ts
      tests/security/security-middleware.test.ts

    [0m [90m 15 |[39m
     [90m 16 |[39m [36mimport[39m { [33mEventEmitter[39m } [36mfrom[39m [32m'events'[39m[33m;[39m
    [31m[1m>[22m[39m[90m 17 |[39m [36mimport[39m { logger } [36mfrom[39m [32m'./Logger'[39m[33m;[39m
     [90m    |[39m [31m[1m^[22m[39m
     [90m 18 |[39m [36mimport[39m { [33mCircuitBreaker[39m[33m,[39m [33mCircuitBreakerError[39m } [36mfrom[39m [32m'./CircuitBreaker'[39m[33m;[39m
     [90m 19 |[39m
     [90m 20 |[39m [90m/**[39m[0m

      at Resolver._throwModNotFoundError (node_modules/jest-resolve/build/resolver.js:427:11)
      at Object.require (src/utils/RetryHandler.ts:17:1)
      at Object.require (src/middleware/RateLimitMiddleware.ts:20:1)
      at Object.<anonymous> (tests/security/security-middleware.test.ts:21:1)

FAIL tests/threat/threat-detection.test.ts
  ● Test suite failed to run

    Cannot find module '../src/threat/MLModels' from 'tests/threat/threat-detection.test.ts'

    [0m [90m 15 |[39m [36mimport[39m { [33mKillChainAnalyzer[39m } [36mfrom[39m [32m'../../src/threat/KillChainAnalyzer'[39m[33m;[39m
     [90m 16 |[39m [36mimport[39m { [33mThreatDashboardService[39m } [36mfrom[39m [32m'../../src/threat/ThreatDashboard'[39m[33m;[39m
    [31m[1m>[22m[39m[90m 17 |[39m [36mimport[39m {
     [90m    |[39m [31m[1m^[22m[39m
     [90m 18 |[39m   [33mIsolationForest[39m[33m,[39m
     [90m 19 |[39m   [33mLSTMModel[39m[33m,[39m
     [90m 20 |[39m   [33mAutoencoderModel[39m[33m,[39m[0m

      at Resolver._throwModNotFoundError (node_modules/jest-resolve/build/resolver.js:427:11)
      at Object.<anonymous> (tests/threat/threat-detection.test.ts:17:1)

  console.log
    [32m[INFO][0m 2026-03-24T21:32:38.975Z protocol-security: [SecretLease] Продлён lease f3d3c755-9f8b-4865-b9cd-fef6c7b45ae1

      at ConsoleTransport.method [as send] (src/logging/Logger.ts:158:7)
          at Array.map (<anonymous>)

  console.log
    [32m[INFO][0m 2026-03-24T21:32:38.977Z protocol-security: [SecretLease] Автоматически продлён lease f3d3c755-9f8b-4865-b9cd-fef6c7b45ae1

      at ConsoleTransport.method [as send] (src/logging/Logger.ts:158:7)
          at Array.map (<anonymous>)

  console.log
    [32m[INFO][0m 2026-03-24T21:32:39.990Z protocol-security: [SecretLease] Продлён lease f3d3c755-9f8b-4865-b9cd-fef6c7b45ae1

      at ConsoleTransport.method [as send] (src/logging/Logger.ts:158:7)
          at Array.map (<anonymous>)

  console.log
    [32m[INFO][0m 2026-03-24T21:32:39.994Z protocol-security: [SecretLease] Автоматически продлён lease f3d3c755-9f8b-4865-b9cd-fef6c7b45ae1

      at ConsoleTransport.method [as send] (src/logging/Logger.ts:158:7)
          at Array.map (<anonymous>)

  console.log
    [32m[INFO][0m 2026-03-24T21:32:40.991Z protocol-security: [SecretLease] Продлён lease f3d3c755-9f8b-4865-b9cd-fef6c7b45ae1

      at ConsoleTransport.method [as send] (src/logging/Logger.ts:158:7)
          at Array.map (<anonymous>)

  console.log
    [32m[INFO][0m 2026-03-24T21:32:40.993Z protocol-security: [SecretLease] Автоматически продлён lease f3d3c755-9f8b-4865-b9cd-fef6c7b45ae1

      at ConsoleTransport.method [as send] (src/logging/Logger.ts:158:7)
          at Array.map (<anonymous>)

  console.log
    [32m[INFO][0m 2026-03-24T21:32:42.004Z protocol-security: [SecretLease] Продлён lease f3d3c755-9f8b-4865-b9cd-fef6c7b45ae1

      at ConsoleTransport.method [as send] (src/logging/Logger.ts:158:7)
          at Array.map (<anonymous>)

  console.log
    [32m[INFO][0m 2026-03-24T21:32:42.005Z protocol-security: [SecretLease] Автоматически продлён lease f3d3c755-9f8b-4865-b9cd-fef6c7b45ae1

      at ConsoleTransport.method [as send] (src/logging/Logger.ts:158:7)
          at Array.map (<anonymous>)

  console.log
    [32m[INFO][0m 2026-03-24T21:32:43.017Z protocol-security: [SecretLease] Продлён lease f3d3c755-9f8b-4865-b9cd-fef6c7b45ae1

      at ConsoleTransport.method [as send] (src/logging/Logger.ts:158:7)
          at Array.map (<anonymous>)

  console.log
    [32m[INFO][0m 2026-03-24T21:32:43.019Z protocol-security: [SecretLease] Автоматически продлён lease f3d3c755-9f8b-4865-b9cd-fef6c7b45ae1

      at ConsoleTransport.method [as send] (src/logging/Logger.ts:158:7)
          at Array.map (<anonymous>)

  console.log
    [32m[INFO][0m 2026-03-24T21:32:44.019Z protocol-security: [SecretLease] Продлён lease f3d3c755-9f8b-4865-b9cd-fef6c7b45ae1

      at ConsoleTransport.method [as send] (src/logging/Logger.ts:158:7)
          at Array.map (<anonymous>)

  console.log
    [32m[INFO][0m 2026-03-24T21:32:44.021Z protocol-security: [SecretLease] Автоматически продлён lease f3d3c755-9f8b-4865-b9cd-fef6c7b45ae1

      at ConsoleTransport.method [as send] (src/logging/Logger.ts:158:7)
          at Array.map (<anonymous>)

  console.log
    [32m[INFO][0m 2026-03-24T21:32:45.031Z protocol-security: [SecretLease] Продлён lease f3d3c755-9f8b-4865-b9cd-fef6c7b45ae1

      at ConsoleTransport.method [as send] (src/logging/Logger.ts:158:7)
          at Array.map (<anonymous>)

  console.log
    [32m[INFO][0m 2026-03-24T21:32:45.033Z protocol-security: [SecretLease] Автоматически продлён lease f3d3c755-9f8b-4865-b9cd-fef6c7b45ae1

      at ConsoleTransport.method [as send] (src/logging/Logger.ts:158:7)
          at Array.map (<anonymous>)

  console.error
    [31m[ERROR][0m 2026-03-24T21:32:46.036Z protocol-security: [SecretLease] Ошибка автоматического продления lease f3d3c755-9f8b-4865-b9cd-fef6c7b45ae1

    [0m [90m 156 |[39m       [90m// Выбор метода вывода в зависимости от уровня[39m
     [90m 157 |[39m       [36mconst[39m method [33m=[39m [36mthis[39m[33m.[39mgetConsoleMethod(log[33m.[39mlevel)[33m;[39m
    [31m[1m>[22m[39m[90m 158 |[39m       method(output)[33m;[39m
     [90m     |[39m       [31m[1m^[22m[39m
     [90m 159 |[39m       
     [90m 160 |[39m       [36mreturn[39m {
     [90m 161 |[39m         success[33m:[39m [36mtrue[39m[33m,[39m[0m

      at ConsoleTransport.method [as send] (src/logging/Logger.ts:158:7)
      at send (src/logging/Logger.ts:871:42)
          at Array.map (<anonymous>)
      at SecureLogger.map (src/logging/Logger.ts:868:49)
      at SecureLogger.log [as error] (src/logging/Logger.ts:997:17)
      at SecretLeaseManager.error [as autoRenewLease] (src/secrets/SecretLeaseManager.ts:587:14)

  console.log
    [32m[INFO][0m 2026-03-24T21:32:47.035Z protocol-security: [SecretLease] Истёк lease f3d3c755-9f8b-4865-b9cd-fef6c7b45ae1

      at ConsoleTransport.method [as send] (src/logging/Logger.ts:158:7)
          at Array.map (<anonymous>)

  console.log
    [32m[INFO][0m 2026-03-24T21:32:47.036Z protocol-security: [SecretLease] Отозван lease f3d3c755-9f8b-4865-b9cd-fef6c7b45ae1

      at ConsoleTransport.method [as send] (src/logging/Logger.ts:158:7)
          at Array.map (<anonymous>)

  console.log
    [32m[INFO][0m 2026-03-24T21:32:47.038Z protocol-security: [SecretLease] Остановлен

      at ConsoleTransport.method [as send] (src/logging/Logger.ts:158:7)
          at Array.map (<anonymous>)

  console.log
    [32m[INFO][0m 2026-03-24T21:32:47.039Z protocol-security: [SecretLease] Остановлен

      at ConsoleTransport.method [as send] (src/logging/Logger.ts:158:7)
          at Array.map (<anonymous>)

  console.log
    [32m[INFO][0m 2026-03-24T21:32:47.041Z protocol-security: [SecretLease] Инициализирован

      at ConsoleTransport.method [as send] (src/logging/Logger.ts:158:7)
          at Array.map (<anonymous>)

  console.log
    [32m[INFO][0m 2026-03-24T21:32:47.043Z protocol-security: [SecretLease] Выдан lease 4d081647-8bd9-44e9-a3df-328654940d15

      at ConsoleTransport.method [as send] (src/logging/Logger.ts:158:7)
          at Array.map (<anonymous>)

  console.log
    [32m[INFO][0m 2026-03-24T21:32:47.044Z protocol-security: [SecretLease] Выдан lease 80d137ce-717f-4e9b-b48f-ecfd82289acc

      at ConsoleTransport.method [as send] (src/logging/Logger.ts:158:7)
          at Array.map (<anonymous>)

  console.log
    [32m[INFO][0m 2026-03-24T21:32:47.048Z protocol-security: [SecretLease] Отозван lease 4d081647-8bd9-44e9-a3df-328654940d15

      at ConsoleTransport.method [as send] (src/logging/Logger.ts:158:7)
          at Array.map (<anonymous>)

  console.log
    [32m[INFO][0m 2026-03-24T21:32:47.050Z protocol-security: [SecretLease] Отозван lease 80d137ce-717f-4e9b-b48f-ecfd82289acc

      at ConsoleTransport.method [as send] (src/logging/Logger.ts:158:7)
          at Array.map (<anonymous>)

  console.log
    [32m[INFO][0m 2026-03-24T21:32:47.052Z protocol-security: [SecretLease] Остановлен

      at ConsoleTransport.method [as send] (src/logging/Logger.ts:158:7)
          at Array.map (<anonymous>)

  console.log
    [32m[INFO][0m 2026-03-24T21:32:47.055Z protocol-security: [SecretScanner] Инициализирован

      at ConsoleTransport.method [as send] (src/logging/Logger.ts:158:7)
          at Array.map (<anonymous>)

  console.warn
    [33m[WARNING][0m 2026-03-24T21:32:47.078Z protocol-security: [SecretScanner] Обнаружена утечка: AWS Access Key ID

    [0m [90m 156 |[39m       [90m// Выбор метода вывода в зависимости от уровня[39m
     [90m 157 |[39m       [36mconst[39m method [33m=[39m [36mthis[39m[33m.[39mgetConsoleMethod(log[33m.[39mlevel)[33m;[39m
    [31m[1m>[22m[39m[90m 158 |[39m       method(output)[33m;[39m
     [90m     |[39m       [31m[1m^[22m[39m
     [90m 159 |[39m       
     [90m 160 |[39m       [36mreturn[39m {
     [90m 161 |[39m         success[33m:[39m [36mtrue[39m[33m,[39m[0m

      at ConsoleTransport.method [as send] (src/logging/Logger.ts:158:7)
      at send (src/logging/Logger.ts:871:42)
          at Array.map (<anonymous>)
      at SecureLogger.map (src/logging/Logger.ts:868:49)
      at SecureLogger.log [as warn] (src/logging/Logger.ts:1067:17)
      at SecretScanner.warn [as scanContent] (src/secrets/SecretScanner.ts:644:18)
      at SecretScanner.scanContent [as scanLog] (src/secrets/SecretScanner.ts:664:10)
      at Object.<anonymous> (tests/secrets/secrets.test.ts:993:29)

  console.log
    [32m[INFO][0m 2026-03-24T21:32:47.098Z protocol-security: [SecretScanner] Остановлен

      at ConsoleTransport.method [as send] (src/logging/Logger.ts:158:7)
          at Array.map (<anonymous>)

  console.log
    [32m[INFO][0m 2026-03-24T21:32:47.101Z protocol-security: [SecretScanner] Инициализирован

      at ConsoleTransport.method [as send] (src/logging/Logger.ts:158:7)
          at Array.map (<anonymous>)

  console.warn
    [33m[WARNING][0m 2026-03-24T21:32:47.103Z protocol-security: [SecretScanner] Обнаружена утечка: GitHub PAT

    [0m [90m 156 |[39m       [90m// Выбор метода вывода в зависимости от уровня[39m
     [90m 157 |[39m       [36mconst[39m method [33m=[39m [36mthis[39m[33m.[39mgetConsoleMethod(log[33m.[39mlevel)[33m;[39m
    [31m[1m>[22m[39m[90m 158 |[39m       method(output)[33m;[39m
     [90m     |[39m       [31m[1m^[22m[39m
     [90m 159 |[39m       
     [90m 160 |[39m       [36mreturn[39m {
     [90m 161 |[39m         success[33m:[39m [36mtrue[39m[33m,[39m[0m

      at ConsoleTransport.method [as send] (src/logging/Logger.ts:158:7)
      at send (src/logging/Logger.ts:871:42)
          at Array.map (<anonymous>)
      at SecureLogger.map (src/logging/Logger.ts:868:49)
      at SecureLogger.log [as warn] (src/logging/Logger.ts:1067:17)
      at SecretScanner.warn [as scanContent] (src/secrets/SecretScanner.ts:644:18)
      at SecretScanner.scanContent [as scanLog] (src/secrets/SecretScanner.ts:664:10)
      at Object.<anonymous> (tests/secrets/secrets.test.ts:1002:29)

  console.log
    [32m[INFO][0m 2026-03-24T21:32:47.116Z protocol-security: [SecretScanner] Остановлен

      at ConsoleTransport.method [as send] (src/logging/Logger.ts:158:7)
          at Array.map (<anonymous>)

  console.log
    [32m[INFO][0m 2026-03-24T21:32:47.119Z protocol-security: [SecretScanner] Инициализирован

      at ConsoleTransport.method [as send] (src/logging/Logger.ts:158:7)
          at Array.map (<anonymous>)

  console.warn
    [33m[WARNING][0m 2026-03-24T21:32:47.120Z protocol-security: [SecretScanner] Обнаружена утечка: Private Key

    [0m [90m 156 |[39m       [90m// Выбор метода вывода в зависимости от уровня[39m
     [90m 157 |[39m       [36mconst[39m method [33m=[39m [36mthis[39m[33m.[39mgetConsoleMethod(log[33m.[39mlevel)[33m;[39m
    [31m[1m>[22m[39m[90m 158 |[39m       method(output)[33m;[39m
     [90m     |[39m       [31m[1m^[22m[39m
     [90m 159 |[39m       
     [90m 160 |[39m       [36mreturn[39m {
     [90m 161 |[39m         success[33m:[39m [36mtrue[39m[33m,[39m[0m

      at ConsoleTransport.method [as send] (src/logging/Logger.ts:158:7)
      at send (src/logging/Logger.ts:871:42)
          at Array.map (<anonymous>)
      at SecureLogger.map (src/logging/Logger.ts:868:49)
      at SecureLogger.log [as warn] (src/logging/Logger.ts:1067:17)
      at SecretScanner.warn [as scanContent] (src/secrets/SecretScanner.ts:644:18)
      at SecretScanner.scanContent [as scanLog] (src/secrets/SecretScanner.ts:664:10)
      at Object.<anonymous> (tests/secrets/secrets.test.ts:1009:29)

  console.log
    [32m[INFO][0m 2026-03-24T21:32:47.137Z protocol-security: [SecretScanner] Остановлен

      at ConsoleTransport.method [as send] (src/logging/Logger.ts:158:7)
          at Array.map (<anonymous>)

  console.log
    [32m[INFO][0m 2026-03-24T21:32:47.140Z protocol-security: [SecretScanner] Инициализирован

      at ConsoleTransport.method [as send] (src/logging/Logger.ts:158:7)
          at Array.map (<anonymous>)

  console.warn
    [33m[WARNING][0m 2026-03-24T21:32:47.143Z protocol-security: [SecretScanner] Обнаружена утечка: JWT Token

    [0m [90m 156 |[39m       [90m// Выбор метода вывода в зависимости от уровня[39m
     [90m 157 |[39m       [36mconst[39m method [33m=[39m [36mthis[39m[33m.[39mgetConsoleMethod(log[33m.[39mlevel)[33m;[39m
    [31m[1m>[22m[39m[90m 158 |[39m       method(output)[33m;[39m
     [90m     |[39m       [31m[1m^[22m[39m
     [90m 159 |[39m       
     [90m 160 |[39m       [36mreturn[39m {
     [90m 161 |[39m         success[33m:[39m [36mtrue[39m[33m,[39m[0m

      at ConsoleTransport.method [as send] (src/logging/Logger.ts:158:7)
      at send (src/logging/Logger.ts:871:42)
          at Array.map (<anonymous>)
      at SecureLogger.map (src/logging/Logger.ts:868:49)
      at SecureLogger.log [as warn] (src/logging/Logger.ts:1067:17)
      at SecretScanner.warn [as scanContent] (src/secrets/SecretScanner.ts:644:18)
      at SecretScanner.scanContent [as scanLog] (src/secrets/SecretScanner.ts:664:10)
      at Object.<anonymous> (tests/secrets/secrets.test.ts:1017:29)

  console.log
    [32m[INFO][0m 2026-03-24T21:32:47.158Z protocol-security: [SecretScanner] Остановлен

      at ConsoleTransport.method [as send] (src/logging/Logger.ts:158:7)
          at Array.map (<anonymous>)

  console.log
    [32m[INFO][0m 2026-03-24T21:32:47.160Z protocol-security: [SecretScanner] Инициализирован

      at ConsoleTransport.method [as send] (src/logging/Logger.ts:158:7)
          at Array.map (<anonymous>)

  console.warn
    [33m[WARNING][0m 2026-03-24T21:32:47.163Z protocol-security: [SecretScanner] Обнаружена утечка: Database Connection String

    [0m [90m 156 |[39m       [90m// Выбор метода вывода в зависимости от уровня[39m
     [90m 157 |[39m       [36mconst[39m method [33m=[39m [36mthis[39m[33m.[39mgetConsoleMethod(log[33m.[39mlevel)[33m;[39m
    [31m[1m>[22m[39m[90m 158 |[39m       method(output)[33m;[39m
     [90m     |[39m       [31m[1m^[22m[39m
     [90m 159 |[39m       
     [90m 160 |[39m       [36mreturn[39m {
     [90m 161 |[39m         success[33m:[39m [36mtrue[39m[33m,[39m[0m

      at ConsoleTransport.method [as send] (src/logging/Logger.ts:158:7)
      at send (src/logging/Logger.ts:871:42)
          at Array.map (<anonymous>)
      at SecureLogger.map (src/logging/Logger.ts:868:49)
      at SecureLogger.log [as warn] (src/logging/Logger.ts:1067:17)
      at SecretScanner.warn [as scanContent] (src/secrets/SecretScanner.ts:644:18)
      at SecretScanner.scanContent [as scanLog] (src/secrets/SecretScanner.ts:664:10)
      at Object.<anonymous> (tests/secrets/secrets.test.ts:1024:29)

  console.log
    [32m[INFO][0m 2026-03-24T21:32:47.174Z protocol-security: [SecretScanner] Остановлен

      at ConsoleTransport.method [as send] (src/logging/Logger.ts:158:7)
          at Array.map (<anonymous>)

  console.log
    [32m[INFO][0m 2026-03-24T21:32:47.177Z protocol-security: [SecretScanner] Инициализирован

      at ConsoleTransport.method [as send] (src/logging/Logger.ts:158:7)
          at Array.map (<anonymous>)

  console.warn
    [33m[WARNING][0m 2026-03-24T21:32:47.179Z protocol-security: [SecretScanner] Обнаружена утечка: AWS Access Key ID

    [0m [90m 156 |[39m       [90m// Выбор метода вывода в зависимости от уровня[39m
     [90m 157 |[39m       [36mconst[39m method [33m=[39m [36mthis[39m[33m.[39mgetConsoleMethod(log[33m.[39mlevel)[33m;[39m
    [31m[1m>[22m[39m[90m 158 |[39m       method(output)[33m;[39m
     [90m     |[39m       [31m[1m^[22m[39m
     [90m 159 |[39m       
     [90m 160 |[39m       [36mreturn[39m {
     [90m 161 |[39m         success[33m:[39m [36mtrue[39m[33m,[39m[0m

      at ConsoleTransport.method [as send] (src/logging/Logger.ts:158:7)
      at send (src/logging/Logger.ts:871:42)
          at Array.map (<anonymous>)
      at SecureLogger.map (src/logging/Logger.ts:868:49)
      at SecureLogger.log [as warn] (src/logging/Logger.ts:1067:17)
      at SecretScanner.warn [as scanContent] (src/secrets/SecretScanner.ts:644:18)
      at SecretScanner.scanContent [as scanLog] (src/secrets/SecretScanner.ts:664:10)
      at Object.<anonymous> (tests/secrets/secrets.test.ts:1034:15)

  console.log
    [32m[INFO][0m 2026-03-24T21:32:47.197Z protocol-security: [SecretScanner] Остановлен

      at ConsoleTransport.method [as send] (src/logging/Logger.ts:158:7)
          at Array.map (<anonymous>)

  console.log
    [32m[INFO][0m 2026-03-24T21:32:47.200Z protocol-security: [SecretScanner] Инициализирован

      at ConsoleTransport.method [as send] (src/logging/Logger.ts:158:7)
          at Array.map (<anonymous>)

  console.warn
    [33m[WARNING][0m 2026-03-24T21:32:47.203Z protocol-security: [SecretScanner] Обнаружена утечка: AWS Access Key ID

    [0m [90m 156 |[39m       [90m// Выбор метода вывода в зависимости от уровня[39m
     [90m 157 |[39m       [36mconst[39m method [33m=[39m [36mthis[39m[33m.[39mgetConsoleMethod(log[33m.[39mlevel)[33m;[39m
    [31m[1m>[22m[39m[90m 158 |[39m       method(output)[33m;[39m
     [90m     |[39m       [31m[1m^[22m[39m
     [90m 159 |[39m       
     [90m 160 |[39m       [36mreturn[39m {
     [90m 161 |[39m         success[33m:[39m [36mtrue[39m[33m,[39m[0m

      at ConsoleTransport.method [as send] (src/logging/Logger.ts:158:7)
      at send (src/logging/Logger.ts:871:42)
          at Array.map (<anonymous>)
      at SecureLogger.map (src/logging/Logger.ts:868:49)
      at SecureLogger.log [as warn] (src/logging/Logger.ts:1067:17)
      at SecretScanner.warn [as scanContent] (src/secrets/SecretScanner.ts:644:18)
      at SecretScanner.scanContent [as scanLog] (src/secrets/SecretScanner.ts:664:10)
      at Object.<anonymous> (tests/secrets/secrets.test.ts:1042:29)

  console.log
    [32m[INFO][0m 2026-03-24T21:32:47.218Z protocol-security: [SecretScanner] Остановлен

      at ConsoleTransport.method [as send] (src/logging/Logger.ts:158:7)
          at Array.map (<anonymous>)

  console.log
    [32m[INFO][0m 2026-03-24T21:32:47.221Z protocol-security: [SecretScanner] Инициализирован

      at ConsoleTransport.method [as send] (src/logging/Logger.ts:158:7)
          at Array.map (<anonymous>)

  console.warn
    [33m[WARNING][0m 2026-03-24T21:32:47.224Z protocol-security: [SecretScanner] Обнаружена утечка: AWS Access Key ID

    [0m [90m 156 |[39m       [90m// Выбор метода вывода в зависимости от уровня[39m
     [90m 157 |[39m       [36mconst[39m method [33m=[39m [36mthis[39m[33m.[39mgetConsoleMethod(log[33m.[39mlevel)[33m;[39m
    [31m[1m>[22m[39m[90m 158 |[39m       method(output)[33m;[39m
     [90m     |[39m       [31m[1m^[22m[39m
     [90m 159 |[39m       
     [90m 160 |[39m       [36mreturn[39m {
     [90m 161 |[39m         success[33m:[39m [36mtrue[39m[33m,[39m[0m

      at ConsoleTransport.method [as send] (src/logging/Logger.ts:158:7)
      at send (src/logging/Logger.ts:871:42)
          at Array.map (<anonymous>)
      at SecureLogger.map (src/logging/Logger.ts:868:49)
      at SecureLogger.log [as warn] (src/logging/Logger.ts:1067:17)
      at SecretScanner.warn [as scanContent] (src/secrets/SecretScanner.ts:644:18)
      at SecretScanner.scanContent [as scanLog] (src/secrets/SecretScanner.ts:664:10)
      at Object.<anonymous> (tests/secrets/secrets.test.ts:1053:29)

  console.log
    [32m[INFO][0m 2026-03-24T21:32:47.235Z protocol-security: [SecretScanner] Ложное срабатывание: leak_1774387967224_br00whtoh

      at ConsoleTransport.method [as send] (src/logging/Logger.ts:158:7)
          at Array.map (<anonymous>)

  console.log
    [32m[INFO][0m 2026-03-24T21:32:47.237Z protocol-security: [SecretScanner] Остановлен

      at ConsoleTransport.method [as send] (src/logging/Logger.ts:158:7)
          at Array.map (<anonymous>)

  console.log
    [32m[INFO][0m 2026-03-24T21:32:47.240Z protocol-security: [SecretScanner] Инициализирован

      at ConsoleTransport.method [as send] (src/logging/Logger.ts:158:7)
          at Array.map (<anonymous>)

  console.log
    [32m[INFO][0m 2026-03-24T21:32:47.244Z protocol-security: [SecretScanner] Остановлен

      at ConsoleTransport.method [as send] (src/logging/Logger.ts:158:7)
          at Array.map (<anonymous>)

  console.log
    [32m[INFO][0m 2026-03-24T21:32:47.246Z protocol-security: [SecretScanner] Инициализирован

      at ConsoleTransport.method [as send] (src/logging/Logger.ts:158:7)
          at Array.map (<anonymous>)

  console.log
    [32m[INFO][0m 2026-03-24T21:32:47.248Z protocol-security: [SecretScanner] Остановлен

      at ConsoleTransport.method [as send] (src/logging/Logger.ts:158:7)
          at Array.map (<anonymous>)

  console.log
    [32m[INFO][0m 2026-03-24T21:32:47.250Z protocol-security: [SecretScanner] Инициализирован

      at ConsoleTransport.method [as send] (src/logging/Logger.ts:158:7)
          at Array.map (<anonymous>)

  console.log
    [32m[INFO][0m 2026-03-24T21:32:47.252Z protocol-security: [SecretScanner] Остановлен

      at ConsoleTransport.method [as send] (src/logging/Logger.ts:158:7)
          at Array.map (<anonymous>)

  console.log
    [32m[INFO][0m 2026-03-24T21:32:47.253Z protocol-security: [SecretScanner] Инициализирован

      at ConsoleTransport.method [as send] (src/logging/Logger.ts:158:7)
          at Array.map (<anonymous>)

  console.warn
    [33m[WARNING][0m 2026-03-24T21:32:47.255Z protocol-security: [SecretScanner] Обнаружена утечка: AWS Access Key ID

    [0m [90m 156 |[39m       [90m// Выбор метода вывода в зависимости от уровня[39m
     [90m 157 |[39m       [36mconst[39m method [33m=[39m [36mthis[39m[33m.[39mgetConsoleMethod(log[33m.[39mlevel)[33m;[39m
    [31m[1m>[22m[39m[90m 158 |[39m       method(output)[33m;[39m
     [90m     |[39m       [31m[1m^[22m[39m
     [90m 159 |[39m       
     [90m 160 |[39m       [36mreturn[39m {
     [90m 161 |[39m         success[33m:[39m [36mtrue[39m[33m,[39m[0m

      at ConsoleTransport.method [as send] (src/logging/Logger.ts:158:7)
      at send (src/logging/Logger.ts:871:42)
          at Array.map (<anonymous>)
      at SecureLogger.map (src/logging/Logger.ts:868:49)
      at SecureLogger.log [as warn] (src/logging/Logger.ts:1067:17)
      at SecretScanner.warn [as scanContent] (src/secrets/SecretScanner.ts:644:18)
      at SecretScanner.scanContent [as scanLog] (src/secrets/SecretScanner.ts:664:10)
      at Object.<anonymous> (tests/secrets/secrets.test.ts:1095:15)

  console.log
    [32m[INFO][0m 2026-03-24T21:32:47.266Z protocol-security: [SecretScanner] Остановлен

      at ConsoleTransport.method [as send] (src/logging/Logger.ts:158:7)
          at Array.map (<anonymous>)

  console.log
    [32m[INFO][0m 2026-03-24T21:32:47.272Z protocol-security: [SecretScanner] Инициализирован

      at ConsoleTransport.method [as send] (src/logging/Logger.ts:158:7)
          at Array.map (<anonymous>)

  console.warn
    [33m[WARNING][0m 2026-03-24T21:32:47.274Z protocol-security: [SecretScanner] Обнаружена утечка: AWS Access Key ID

    [0m [90m 156 |[39m       [90m// Выбор метода вывода в зависимости от уровня[39m
     [90m 157 |[39m       [36mconst[39m method [33m=[39m [36mthis[39m[33m.[39mgetConsoleMethod(log[33m.[39mlevel)[33m;[39m
    [31m[1m>[22m[39m[90m 158 |[39m       method(output)[33m;[39m
     [90m     |[39m       [31m[1m^[22m[39m
     [90m 159 |[39m       
     [90m 160 |[39m       [36mreturn[39m {
     [90m 161 |[39m         success[33m:[39m [36mtrue[39m[33m,[39m[0m

      at ConsoleTransport.method [as send] (src/logging/Logger.ts:158:7)
      at send (src/logging/Logger.ts:871:42)
          at Array.map (<anonymous>)
      at SecureLogger.map (src/logging/Logger.ts:868:49)
      at SecureLogger.log [as warn] (src/logging/Logger.ts:1067:17)
      at SecretScanner.warn [as scanContent] (src/secrets/SecretScanner.ts:644:18)
      at SecretScanner.scanContent [as scanLog] (src/secrets/SecretScanner.ts:664:10)
      at Object.<anonymous> (tests/secrets/secrets.test.ts:1106:15)

  console.log
    [32m[INFO][0m 2026-03-24T21:32:47.284Z protocol-security: [SecretScanner] Остановлен

      at ConsoleTransport.method [as send] (src/logging/Logger.ts:158:7)
          at Array.map (<anonymous>)

  console.log
    [32m[INFO][0m 2026-03-24T21:32:47.286Z protocol-security: [SecretLease] Инициализирован

      at ConsoleTransport.method [as send] (src/logging/Logger.ts:158:7)
          at Array.map (<anonymous>)

  console.log
    [32m[INFO][0m 2026-03-24T21:32:47.289Z protocol-security: [DynamicSecrets] Инициализирован

      at ConsoleTransport.method [as send] (src/logging/Logger.ts:158:7)
          at Array.map (<anonymous>)

  console.log
    [32m[INFO][0m 2026-03-24T21:32:47.321Z protocol-security: [SecretLease] Выдан lease 38dd72e8-de35-4343-8bd0-18113587c9b0

      at ConsoleTransport.method [as send] (src/logging/Logger.ts:158:7)
          at Array.map (<anonymous>)

  console.log
    [32m[INFO][0m 2026-03-24T21:32:47.322Z protocol-security: [DynamicSecrets] Создан динамический секрет db_mn54s5zs_8284c75f49391abb

      at ConsoleTransport.method [as send] (src/logging/Logger.ts:158:7)
          at Array.map (<anonymous>)

  console.log
    [32m[INFO][0m 2026-03-24T21:32:47.325Z protocol-security: [DynamicSecrets] Отозван секрет db_mn54s5zs_8284c75f49391abb

      at ConsoleTransport.method [as send] (src/logging/Logger.ts:158:7)
          at Array.map (<anonymous>)

  console.log
    [32m[INFO][0m 2026-03-24T21:32:47.328Z protocol-security: [DynamicSecrets] Остановлен

      at ConsoleTransport.method [as send] (src/logging/Logger.ts:158:7)
          at Array.map (<anonymous>)

  console.log
    [32m[INFO][0m 2026-03-24T21:32:47.329Z protocol-security: [SecretLease] Отозван lease 38dd72e8-de35-4343-8bd0-18113587c9b0

      at ConsoleTransport.method [as send] (src/logging/Logger.ts:158:7)
          at Array.map (<anonymous>)

  console.log
    [32m[INFO][0m 2026-03-24T21:32:47.330Z protocol-security: [SecretLease] Остановлен

      at ConsoleTransport.method [as send] (src/logging/Logger.ts:158:7)
          at Array.map (<anonymous>)

  console.log
    [32m[INFO][0m 2026-03-24T21:32:47.331Z protocol-security: [SecretLease] Инициализирован

      at ConsoleTransport.method [as send] (src/logging/Logger.ts:158:7)
          at Array.map (<anonymous>)

  console.log
    [32m[INFO][0m 2026-03-24T21:32:47.333Z protocol-security: [DynamicSecrets] Инициализирован

      at ConsoleTransport.method [as send] (src/logging/Logger.ts:158:7)
          at Array.map (<anonymous>)

  console.log
    [32m[INFO][0m 2026-03-24T21:32:47.336Z protocol-security: [SecretLease] Выдан lease 39d5d9cd-a067-48eb-8cf4-6c70da703772

      at ConsoleTransport.method [as send] (src/logging/Logger.ts:158:7)
          at Array.map (<anonymous>)

  console.log
    [32m[INFO][0m 2026-03-24T21:32:47.337Z protocol-security: [DynamicSecrets] Создан динамический секрет db_mn54s608_ba76eb01e2ad2935

      at ConsoleTransport.method [as send] (src/logging/Logger.ts:158:7)
          at Array.map (<anonymous>)

  console.log
    [32m[INFO][0m 2026-03-24T21:32:47.339Z protocol-security: [DynamicSecrets] Отозван секрет db_mn54s608_ba76eb01e2ad2935

      at ConsoleTransport.method [as send] (src/logging/Logger.ts:158:7)
          at Array.map (<anonymous>)

  console.log
    [32m[INFO][0m 2026-03-24T21:32:47.340Z protocol-security: [DynamicSecrets] Остановлен

      at ConsoleTransport.method [as send] (src/logging/Logger.ts:158:7)
          at Array.map (<anonymous>)

  console.log
    [32m[INFO][0m 2026-03-24T21:32:47.341Z protocol-security: [SecretLease] Отозван lease 39d5d9cd-a067-48eb-8cf4-6c70da703772

      at ConsoleTransport.method [as send] (src/logging/Logger.ts:158:7)
          at Array.map (<anonymous>)

  console.log
    [32m[INFO][0m 2026-03-24T21:32:47.342Z protocol-security: [SecretLease] Остановлен

      at ConsoleTransport.method [as send] (src/logging/Logger.ts:158:7)
          at Array.map (<anonymous>)

  console.log
    [32m[INFO][0m 2026-03-24T21:32:47.343Z protocol-security: [SecretLease] Инициализирован

      at ConsoleTransport.method [as send] (src/logging/Logger.ts:158:7)
          at Array.map (<anonymous>)

  console.log
    [32m[INFO][0m 2026-03-24T21:32:47.344Z protocol-security: [DynamicSecrets] Инициализирован

      at ConsoleTransport.method [as send] (src/logging/Logger.ts:158:7)
          at Array.map (<anonymous>)

  console.log
    [32m[INFO][0m 2026-03-24T21:32:47.346Z protocol-security: [SecretLease] Выдан lease 21b5a8db-8b81-40fc-b50a-704f1cfe9d0a

      at ConsoleTransport.method [as send] (src/logging/Logger.ts:158:7)
          at Array.map (<anonymous>)

  console.log
    [32m[INFO][0m 2026-03-24T21:32:47.347Z protocol-security: [DynamicSecrets] Создан динамический секрет api_mn54s60i_d02812457639b04e

      at ConsoleTransport.method [as send] (src/logging/Logger.ts:158:7)
          at Array.map (<anonymous>)

  console.log
    [32m[INFO][0m 2026-03-24T21:32:47.349Z protocol-security: [DynamicSecrets] Отозван секрет api_mn54s60i_d02812457639b04e

      at ConsoleTransport.method [as send] (src/logging/Logger.ts:158:7)
          at Array.map (<anonymous>)

  console.log
    [32m[INFO][0m 2026-03-24T21:32:47.350Z protocol-security: [DynamicSecrets] Остановлен

      at ConsoleTransport.method [as send] (src/logging/Logger.ts:158:7)
          at Array.map (<anonymous>)

  console.log
    [32m[INFO][0m 2026-03-24T21:32:47.351Z protocol-security: [SecretLease] Отозван lease 21b5a8db-8b81-40fc-b50a-704f1cfe9d0a

      at ConsoleTransport.method [as send] (src/logging/Logger.ts:158:7)
          at Array.map (<anonymous>)

  console.log
    [32m[INFO][0m 2026-03-24T21:32:47.352Z protocol-security: [SecretLease] Остановлен

      at ConsoleTransport.method [as send] (src/logging/Logger.ts:158:7)
          at Array.map (<anonymous>)

  console.log
    [32m[INFO][0m 2026-03-24T21:32:47.353Z protocol-security: [SecretLease] Инициализирован

      at ConsoleTransport.method [as send] (src/logging/Logger.ts:158:7)
          at Array.map (<anonymous>)

  console.log
    [32m[INFO][0m 2026-03-24T21:32:47.354Z protocol-security: [DynamicSecrets] Инициализирован

      at ConsoleTransport.method [as send] (src/logging/Logger.ts:158:7)
          at Array.map (<anonymous>)

  console.log
    [32m[INFO][0m 2026-03-24T21:32:47.358Z protocol-security: [SecretLease] Выдан lease 94dcccf3-160c-4b9e-8efb-34f5d7314bb8

      at ConsoleTransport.method [as send] (src/logging/Logger.ts:158:7)
          at Array.map (<anonymous>)

  console.log
    [32m[INFO][0m 2026-03-24T21:32:47.359Z protocol-security: [DynamicSecrets] Создан динамический секрет ssh_mn54s60u_b3b768221cbc16b4

      at ConsoleTransport.method [as send] (src/logging/Logger.ts:158:7)
          at Array.map (<anonymous>)

  console.log
    [32m[INFO][0m 2026-03-24T21:32:47.360Z protocol-security: [DynamicSecrets] Отозван секрет ssh_mn54s60u_b3b768221cbc16b4

      at ConsoleTransport.method [as send] (src/logging/Logger.ts:158:7)
          at Array.map (<anonymous>)

  console.log
    [32m[INFO][0m 2026-03-24T21:32:47.362Z protocol-security: [DynamicSecrets] Остановлен

      at ConsoleTransport.method [as send] (src/logging/Logger.ts:158:7)
          at Array.map (<anonymous>)

  console.log
    [32m[INFO][0m 2026-03-24T21:32:47.362Z protocol-security: [SecretLease] Отозван lease 94dcccf3-160c-4b9e-8efb-34f5d7314bb8

      at ConsoleTransport.method [as send] (src/logging/Logger.ts:158:7)
          at Array.map (<anonymous>)

  console.log
    [32m[INFO][0m 2026-03-24T21:32:47.363Z protocol-security: [SecretLease] Остановлен

      at ConsoleTransport.method [as send] (src/logging/Logger.ts:158:7)
          at Array.map (<anonymous>)

  console.log
    [32m[INFO][0m 2026-03-24T21:32:47.365Z protocol-security: [SecretLease] Инициализирован

      at ConsoleTransport.method [as send] (src/logging/Logger.ts:158:7)
          at Array.map (<anonymous>)

  console.log
    [32m[INFO][0m 2026-03-24T21:32:47.367Z protocol-security: [DynamicSecrets] Инициализирован

      at ConsoleTransport.method [as send] (src/logging/Logger.ts:158:7)
          at Array.map (<anonymous>)

  console.log
    [32m[INFO][0m 2026-03-24T21:32:47.369Z protocol-security: [SecretLease] Выдан lease 65821c51-e607-4368-bf61-1669c35db5bf

      at ConsoleTransport.method [as send] (src/logging/Logger.ts:158:7)
          at Array.map (<anonymous>)

  console.log
    [32m[INFO][0m 2026-03-24T21:32:47.370Z protocol-security: [DynamicSecrets] Создан динамический секрет oauth_mn54s615_b10e8a8e5a951ab6

      at ConsoleTransport.method [as send] (src/logging/Logger.ts:158:7)
          at Array.map (<anonymous>)

  console.log
    [32m[INFO][0m 2026-03-24T21:32:47.372Z protocol-security: [DynamicSecrets] Отозван секрет oauth_mn54s615_b10e8a8e5a951ab6

      at ConsoleTransport.method [as send] (src/logging/Logger.ts:158:7)
          at Array.map (<anonymous>)

  console.log
    [32m[INFO][0m 2026-03-24T21:32:47.374Z protocol-security: [DynamicSecrets] Остановлен

      at ConsoleTransport.method [as send] (src/logging/Logger.ts:158:7)
          at Array.map (<anonymous>)

  console.log
    [32m[INFO][0m 2026-03-24T21:32:47.375Z protocol-security: [SecretLease] Отозван lease 65821c51-e607-4368-bf61-1669c35db5bf

      at ConsoleTransport.method [as send] (src/logging/Logger.ts:158:7)
          at Array.map (<anonymous>)

  console.log
    [32m[INFO][0m 2026-03-24T21:32:47.376Z protocol-security: [SecretLease] Остановлен

      at ConsoleTransport.method [as send] (src/logging/Logger.ts:158:7)
          at Array.map (<anonymous>)

  console.log
    [32m[INFO][0m 2026-03-24T21:32:47.378Z protocol-security: [SecretLease] Инициализирован

      at ConsoleTransport.method [as send] (src/logging/Logger.ts:158:7)
          at Array.map (<anonymous>)

  console.log
    [32m[INFO][0m 2026-03-24T21:32:47.379Z protocol-security: [DynamicSecrets] Инициализирован

      at ConsoleTransport.method [as send] (src/logging/Logger.ts:158:7)
          at Array.map (<anonymous>)

  console.log
    [32m[INFO][0m 2026-03-24T21:32:47.381Z protocol-security: [SecretLease] Выдан lease 8023655c-5d99-4e15-a0e2-b3e73c129983

      at ConsoleTransport.method [as send] (src/logging/Logger.ts:158:7)
          at Array.map (<anonymous>)

  console.log
    [32m[INFO][0m 2026-03-24T21:32:47.382Z protocol-security: [DynamicSecrets] Создан динамический секрет api_mn54s61h_fde3e31349c3a802

      at ConsoleTransport.method [as send] (src/logging/Logger.ts:158:7)
          at Array.map (<anonymous>)

  console.log
    [32m[INFO][0m 2026-03-24T21:32:47.384Z protocol-security: [DynamicSecrets] Отозван секрет api_mn54s61h_fde3e31349c3a802

      at ConsoleTransport.method [as send] (src/logging/Logger.ts:158:7)
          at Array.map (<anonymous>)

  console.log
    [32m[INFO][0m 2026-03-24T21:32:47.385Z protocol-security: [DynamicSecrets] Остановлен

      at ConsoleTransport.method [as send] (src/logging/Logger.ts:158:7)
          at Array.map (<anonymous>)

  console.log
    [32m[INFO][0m 2026-03-24T21:32:47.387Z protocol-security: [SecretLease] Отозван lease 8023655c-5d99-4e15-a0e2-b3e73c129983

      at ConsoleTransport.method [as send] (src/logging/Logger.ts:158:7)
          at Array.map (<anonymous>)

  console.log
    [32m[INFO][0m 2026-03-24T21:32:47.388Z protocol-security: [SecretLease] Остановлен

      at ConsoleTransport.method [as send] (src/logging/Logger.ts:158:7)
          at Array.map (<anonymous>)

  console.log
    [32m[INFO][0m 2026-03-24T21:32:47.389Z protocol-security: [SecretLease] Инициализирован

      at ConsoleTransport.method [as send] (src/logging/Logger.ts:158:7)
          at Array.map (<anonymous>)

  console.log
    [32m[INFO][0m 2026-03-24T21:32:47.390Z protocol-security: [DynamicSecrets] Инициализирован

      at ConsoleTransport.method [as send] (src/logging/Logger.ts:158:7)
          at Array.map (<anonymous>)

  console.log
    [32m[INFO][0m 2026-03-24T21:32:47.391Z protocol-security: [SecretLease] Выдан lease 107fb262-229a-4716-b502-22c723fe45bd

      at ConsoleTransport.method [as send] (src/logging/Logger.ts:158:7)
          at Array.map (<anonymous>)

  console.log
    [32m[INFO][0m 2026-03-24T21:32:47.392Z protocol-security: [DynamicSecrets] Создан динамический секрет api_mn54s61r_2ecfe46f8377c9c3

      at ConsoleTransport.method [as send] (src/logging/Logger.ts:158:7)
          at Array.map (<anonymous>)

  console.log
    [32m[INFO][0m 2026-03-24T21:32:47.393Z protocol-security: [DynamicSecrets] Продлён секрет api_mn54s61r_2ecfe46f8377c9c3

      at ConsoleTransport.method [as send] (src/logging/Logger.ts:158:7)
          at Array.map (<anonymous>)

  console.log
    [32m[INFO][0m 2026-03-24T21:32:47.394Z protocol-security: [DynamicSecrets] Отозван секрет api_mn54s61r_2ecfe46f8377c9c3

      at ConsoleTransport.method [as send] (src/logging/Logger.ts:158:7)
          at Array.map (<anonymous>)

  console.warn
    Log rate limit exceeded. Suppressed 100 logs.

    [0m [90m 823 |[39m       [90m// Логирование факта suppression только если это не слишком часто[39m
     [90m 824 |[39m       [36mif[39m ([36mthis[39m[33m.[39mrateLimiter[33m.[39mgetSuppressedCount() [33m%[39m [35m100[39m [33m===[39m [35m0[39m) {
    [31m[1m>[22m[39m[90m 825 |[39m         console[33m.[39mwarn([32m`Log rate limit exceeded. Suppressed ${this.rateLimiter.getSuppressedCount()} logs.`[39m)[33m;[39m
     [90m     |[39m                 [31m[1m^[22m[39m
     [90m 826 |[39m       }
     [90m 827 |[39m       [36mreturn[39m [36mnull[39m[33m;[39m
     [90m 828 |[39m     }[0m

      at SecureLogger.warn [as log] (src/logging/Logger.ts:825:17)
      at SecureLogger.log [as info] (src/logging/Logger.ts:1039:17)
      at SecretCache.info [as initialize] (src/secrets/SecretCache.ts:142:12)
      at SecretsManager.initialize (src/secrets/SecretsManager.ts:248:26)
      at Object.<anonymous> (tests/secrets/secrets.test.ts:1383:26)

FAIL tests/secrets/secrets.test.ts (19.025 s)
  SecretCache
    initialize/destroy
      √ должен успешно инициализироваться (529 ms)
      √ должен успешно уничтожаться (16 ms)
    set/get
      √ должен сохранять и получать секрет (25 ms)
      √ должен возвращать null для несуществующего секрета (19 ms)
      √ должен проверять версию при получении (9 ms)
    TTL expiration
      √ должен истекать по TTL (1524 ms)
    delete
      √ должен удалять секрет из кэша (8 ms)
    clear
      √ должен очищать весь кэш (8 ms)
    encryption
      √ должен шифровать значения в памяти (13 ms)
    stats
      √ должен возвращать корректную статистику (10 ms)
      √ должен сбрасывать статистику (7 ms)
    memory usage
      √ должен рассчитывать использование памяти (7 ms)
  AccessPolicyManager
    policy management
      √ должен добавлять политику (60 ms)
      √ должен обновлять политику (14 ms)
      √ должен удалять политику (11 ms)
    access control
      √ должен разрешать доступ при matching правиле (10 ms)
      √ должен запрещать доступ при deny правиле (9 ms)
      √ должен запрещать доступ в strict mode без явного разрешения (9 ms)
      × должен проверять роли (13 ms)
    conditions
      √ должен проверять IP диапазон (10 ms)
      × должен проверять MFA (9 ms)
    stats
      √ должен возвращать статистику (9 ms)
  SecretVersioningManager
    version creation
      √ должен создавать версии секретов (55 ms)
      × должен увеличивать номер версии (9 ms)
    version retrieval
      √ должен получать версию по номеру (18 ms)
      × должен получать все версии (49 ms)
    rollback
      × должен выполнять откат к предыдущей версии (8 ms)
      √ должен требовать причину отката (13 ms)
    integrity check
      × должен проверять целостность версии (9 ms)
    stats
      × должен возвращать статистику версионирования (32 ms)
  SecretLeaseManager
    lease acquisition
      √ должен выдавать lease (87 ms)
      √ должен соблюдать лимит lease на субъекта (217 ms)
    lease renewal
      √ должен продлевать lease (15 ms)
      √ должен запрещать продление чужого lease (11 ms)
      √ должен соблюдать максимальное количество продлений (34 ms)
    lease revocation
      √ должен отзывать lease (3 ms)
      √ должен отзывать все lease секрета (4 ms)
    lease expiration
      √ должен эмитить событие об истечении (12107 ms)
    stats
      √ должен возвращать статистику lease (13 ms)
  SecretScanner
    pattern detection
      √ должен обнаруживать AWS Access Key (48 ms)
      √ должен обнаруживать GitHub PAT (17 ms)
      √ должен обнаруживать private key (22 ms)
      √ должен обнаруживать JWT токен (20 ms)
      √ должен обнаруживать database connection string (16 ms)
    leak management
      √ должен сохранять обнаружения (23 ms)
      √ должен обновлять статус обнаружения (21 ms)
      √ должен отмечать ложные срабатывания (18 ms)
    suspicious access detection
      √ должен обнаруживать подозрительный доступ (6 ms)
    brute force detection
      √ должен обнаруживать брутфорс атаку (4 ms)
      √ не должен срабатывать при нормальном количестве попыток (3 ms)
    stats
      × должен возвращать статистику сканирования (14 ms)
    report export
      √ должен экспортировать отчёт (15 ms)
  DynamicSecretsManager
    database credentials
      √ должен генерировать учётные данные PostgreSQL (45 ms)
      √ должен генерировать учётные данные MySQL (12 ms)
    API keys
      √ должен генерировать API ключи (9 ms)
    SSH keys
      √ должен генерировать SSH ключи (13 ms)
    OAuth tokens
      √ должен генерировать OAuth токены (12 ms)
    secret management
      √ должен получать созданный секрет (11 ms)
      √ должен продлевать секрет (7 ms)
      √ должен отзывать секрет (1 ms)
    stats
      √ должен возвращать статистику (2 ms)
  SecretsManager (Integration)
    initialization
      × должен успешно инициализироваться (4 ms)
      × должен возвращать статистику (1 ms)
    access control integration
      × должен проверять доступ перед операцией
      × должен разрешать доступ при наличии политики (51 ms)
    audit logging
      × должен логировать операции (1 ms)
    backend health
      × должен проверять здоровье бэкендов (1 ms)
    events
      × должен эмитить события (1 ms)

  ● AccessPolicyManager › access control › должен проверять роли

    expect(received).toBe(expected) // Object.is equality

    Expected: true
    Received: false

    [0m [90m 496 |[39m         createTestContext({ roles[33m:[39m [[32m'admin'[39m] })
     [90m 497 |[39m       )[33m;[39m
    [31m[1m>[22m[39m[90m 498 |[39m       expect(adminResult[33m.[39mallowed)[33m.[39mtoBe([36mtrue[39m)[33m;[39m
     [90m     |[39m                                   [31m[1m^[22m[39m
     [90m 499 |[39m     })[33m;[39m
     [90m 500 |[39m   })[33m;[39m
     [90m 501 |[39m[0m

      at Object.<anonymous> (tests/secrets/secrets.test.ts:498:35)

  ● AccessPolicyManager › conditions › должен проверять MFA

    expect(received).toBe(expected) // Object.is equality

    Expected: true
    Received: false

    [0m [90m 580 |[39m         createTestContext({ mfaVerified[33m:[39m [36mtrue[39m })
     [90m 581 |[39m       )[33m;[39m
    [31m[1m>[22m[39m[90m 582 |[39m       expect(mfaResult[33m.[39mallowed)[33m.[39mtoBe([36mtrue[39m)[33m;[39m
     [90m     |[39m                                 [31m[1m^[22m[39m
     [90m 583 |[39m     })[33m;[39m
     [90m 584 |[39m   })[33m;[39m
     [90m 585 |[39m[0m

      at Object.<anonymous> (tests/secrets/secrets.test.ts:582:33)

  ● SecretVersioningManager › version creation › должен увеличивать номер версии

    SecretVersionError: Слишком частое создание версий

    [0m [90m 161 |[39m     [36mconst[39m lastTime [33m=[39m [36mthis[39m[33m.[39mlastOperationTime[33m.[39m[36mget[39m(secret[33m.[39mid)[33m;[39m
     [90m 162 |[39m     [36mif[39m (lastTime [33m&&[39m [33mDate[39m[33m.[39mnow() [33m-[39m lastTime [33m<[39m [36mthis[39m[33m.[39mconfig[33m.[39mminVersionInterval) {
    [31m[1m>[22m[39m[90m 163 |[39m       [36mthrow[39m [36mnew[39m [33mSecretVersionError[39m(
     [90m     |[39m             [31m[1m^[22m[39m
     [90m 164 |[39m         [32m'Слишком частое создание версий'[39m[33m,[39m
     [90m 165 |[39m         secret[33m.[39mid
     [90m 166 |[39m       )[33m;[39m[0m

      at SecretVersioningManager.createVersion (src/secrets/SecretVersioning.ts:163:13)
      at Object.<anonymous> (tests/secrets/secrets.test.ts:663:48)

  ● SecretVersioningManager › version retrieval › должен получать все версии

    SecretVersionError: Слишком частое создание версий

    [0m [90m 161 |[39m     [36mconst[39m lastTime [33m=[39m [36mthis[39m[33m.[39mlastOperationTime[33m.[39m[36mget[39m(secret[33m.[39mid)[33m;[39m
     [90m 162 |[39m     [36mif[39m (lastTime [33m&&[39m [33mDate[39m[33m.[39mnow() [33m-[39m lastTime [33m<[39m [36mthis[39m[33m.[39mconfig[33m.[39mminVersionInterval) {
    [31m[1m>[22m[39m[90m 163 |[39m       [36mthrow[39m [36mnew[39m [33mSecretVersionError[39m(
     [90m     |[39m             [31m[1m^[22m[39m
     [90m 164 |[39m         [32m'Слишком частое создание версий'[39m[33m,[39m
     [90m 165 |[39m         secret[33m.[39mid
     [90m 166 |[39m       )[33m;[39m[0m

      at SecretVersioningManager.createVersion (src/secrets/SecretVersioning.ts:163:13)
      at Object.<anonymous> (tests/secrets/secrets.test.ts:692:33)

  ● SecretVersioningManager › rollback › должен выполнять откат к предыдущей версии

    SecretVersionError: Слишком частое создание версий

    [0m [90m 161 |[39m     [36mconst[39m lastTime [33m=[39m [36mthis[39m[33m.[39mlastOperationTime[33m.[39m[36mget[39m(secret[33m.[39mid)[33m;[39m
     [90m 162 |[39m     [36mif[39m (lastTime [33m&&[39m [33mDate[39m[33m.[39mnow() [33m-[39m lastTime [33m<[39m [36mthis[39m[33m.[39mconfig[33m.[39mminVersionInterval) {
    [31m[1m>[22m[39m[90m 163 |[39m       [36mthrow[39m [36mnew[39m [33mSecretVersionError[39m(
     [90m     |[39m             [31m[1m^[22m[39m
     [90m 164 |[39m         [32m'Слишком частое создание версий'[39m[33m,[39m
     [90m 165 |[39m         secret[33m.[39mid
     [90m 166 |[39m       )[33m;[39m[0m

      at SecretVersioningManager.createVersion (src/secrets/SecretVersioning.ts:163:13)
      at Object.<anonymous> (tests/secrets/secrets.test.ts:715:31)

  ● SecretVersioningManager › integrity check › должен проверять целостность версии

    expect(received).toBe(expected) // Object.is equality

    Expected: true
    Received: false

    [0m [90m 760 |[39m       
     [90m 761 |[39m       [36mconst[39m result [33m=[39m versioningManager[33m.[39mverifyIntegrity(secret[33m.[39mid[33m,[39m [35m1[39m)[33m;[39m
    [31m[1m>[22m[39m[90m 762 |[39m       expect(result[33m.[39mvalid)[33m.[39mtoBe([36mtrue[39m)[33m;[39m
     [90m     |[39m                            [31m[1m^[22m[39m
     [90m 763 |[39m     })[33m;[39m
     [90m 764 |[39m   })[33m;[39m
     [90m 765 |[39m[0m

      at Object.<anonymous> (tests/secrets/secrets.test.ts:762:28)

  ● SecretVersioningManager › stats › должен возвращать статистику версионирования

    SecretVersionError: Слишком частое создание версий

    [0m [90m 161 |[39m     [36mconst[39m lastTime [33m=[39m [36mthis[39m[33m.[39mlastOperationTime[33m.[39m[36mget[39m(secret[33m.[39mid)[33m;[39m
     [90m 162 |[39m     [36mif[39m (lastTime [33m&&[39m [33mDate[39m[33m.[39mnow() [33m-[39m lastTime [33m<[39m [36mthis[39m[33m.[39mconfig[33m.[39mminVersionInterval) {
    [31m[1m>[22m[39m[90m 163 |[39m       [36mthrow[39m [36mnew[39m [33mSecretVersionError[39m(
     [90m     |[39m             [31m[1m^[22m[39m
     [90m 164 |[39m         [32m'Слишком частое создание версий'[39m[33m,[39m
     [90m 165 |[39m         secret[33m.[39mid
     [90m 166 |[39m       )[33m;[39m[0m

      at SecretVersioningManager.createVersion (src/secrets/SecretVersioning.ts:163:13)
      at Object.<anonymous> (tests/secrets/secrets.test.ts:771:33)

  ● SecretScanner › stats › должен возвращать статистику сканирования

    expect(received).toBeGreaterThan(expected)

    Expected: > 0
    Received:   0

    [0m [90m 1097 |[39m       [36mconst[39m stats [33m=[39m scanner[33m.[39mgetStats()[33m;[39m
     [90m 1098 |[39m       
    [31m[1m>[22m[39m[90m 1099 |[39m       expect(stats[33m.[39mtotalLeaks)[33m.[39mtoBeGreaterThan([35m0[39m)[33m;[39m
     [90m      |[39m                                [31m[1m^[22m[39m
     [90m 1100 |[39m       expect(stats[33m.[39mleaksBySeverity[33m.[39m[36mget[39m([33mLeakSeverity[39m[33m.[39m[33mCRITICAL[39m))[33m.[39mtoBeGreaterThan([35m0[39m)[33m;[39m
     [90m 1101 |[39m     })[33m;[39m
     [90m 1102 |[39m   })[33m;[39m[0m

      at Object.<anonymous> (tests/secrets/secrets.test.ts:1099:32)

  ● SecretsManager (Integration) › initialization › должен успешно инициализироваться

    SecretConfigError: Не удалось инициализировать ни один бэкенд

    [0m [90m 340 |[39m     
     [90m 341 |[39m     [36mif[39m ([33m![39m[36mthis[39m[33m.[39mprimaryBackend) {
    [31m[1m>[22m[39m[90m 342 |[39m       [36mthrow[39m [36mnew[39m [33mSecretConfigError[39m([32m'Не удалось инициализировать ни один бэкенд'[39m)[33m;[39m
     [90m     |[39m             [31m[1m^[22m[39m
     [90m 343 |[39m     }
     [90m 344 |[39m   }
     [90m 345 |[39m[0m

      at SecretsManager.initializeBackends (src/secrets/SecretsManager.ts:342:13)
      at SecretsManager.initializeBackends [as initialize] (src/secrets/SecretsManager.ts:252:18)
      at Object.<anonymous> (tests/secrets/secrets.test.ts:1383:5)

  ● SecretsManager (Integration) › initialization › должен возвращать статистику

    SecretConfigError: Не удалось инициализировать ни один бэкенд

    [0m [90m 340 |[39m     
     [90m 341 |[39m     [36mif[39m ([33m![39m[36mthis[39m[33m.[39mprimaryBackend) {
    [31m[1m>[22m[39m[90m 342 |[39m       [36mthrow[39m [36mnew[39m [33mSecretConfigError[39m([32m'Не удалось инициализировать ни один бэкенд'[39m)[33m;[39m
     [90m     |[39m             [31m[1m^[22m[39m
     [90m 343 |[39m     }
     [90m 344 |[39m   }
     [90m 345 |[39m[0m

      at SecretsManager.initializeBackends (src/secrets/SecretsManager.ts:342:13)
      at SecretsManager.initializeBackends [as initialize] (src/secrets/SecretsManager.ts:252:18)
      at Object.<anonymous> (tests/secrets/secrets.test.ts:1383:5)

  ● SecretsManager (Integration) › access control integration › должен проверять доступ перед операцией

    SecretConfigError: Не удалось инициализировать ни один бэкенд

    [0m [90m 340 |[39m     
     [90m 341 |[39m     [36mif[39m ([33m![39m[36mthis[39m[33m.[39mprimaryBackend) {
    [31m[1m>[22m[39m[90m 342 |[39m       [36mthrow[39m [36mnew[39m [33mSecretConfigError[39m([32m'Не удалось инициализировать ни один бэкенд'[39m)[33m;[39m
     [90m     |[39m             [31m[1m^[22m[39m
     [90m 343 |[39m     }
     [90m 344 |[39m   }
     [90m 345 |[39m[0m

      at SecretsManager.initializeBackends (src/secrets/SecretsManager.ts:342:13)
      at SecretsManager.initializeBackends [as initialize] (src/secrets/SecretsManager.ts:252:18)
      at Object.<anonymous> (tests/secrets/secrets.test.ts:1383:5)

  ● SecretsManager (Integration) › access control integration › должен разрешать доступ при наличии политики

    SecretConfigError: Не удалось инициализировать ни один бэкенд

    [0m [90m 340 |[39m     
     [90m 341 |[39m     [36mif[39m ([33m![39m[36mthis[39m[33m.[39mprimaryBackend) {
    [31m[1m>[22m[39m[90m 342 |[39m       [36mthrow[39m [36mnew[39m [33mSecretConfigError[39m([32m'Не удалось инициализировать ни один бэкенд'[39m)[33m;[39m
     [90m     |[39m             [31m[1m^[22m[39m
     [90m 343 |[39m     }
     [90m 344 |[39m   }
     [90m 345 |[39m[0m

      at SecretsManager.initializeBackends (src/secrets/SecretsManager.ts:342:13)
      at SecretsManager.initializeBackends [as initialize] (src/secrets/SecretsManager.ts:252:18)
      at Object.<anonymous> (tests/secrets/secrets.test.ts:1383:5)

  ● SecretsManager (Integration) › audit logging › должен логировать операции

    SecretConfigError: Не удалось инициализировать ни один бэкенд

    [0m [90m 340 |[39m     
     [90m 341 |[39m     [36mif[39m ([33m![39m[36mthis[39m[33m.[39mprimaryBackend) {
    [31m[1m>[22m[39m[90m 342 |[39m       [36mthrow[39m [36mnew[39m [33mSecretConfigError[39m([32m'Не удалось инициализировать ни один бэкенд'[39m)[33m;[39m
     [90m     |[39m             [31m[1m^[22m[39m
     [90m 343 |[39m     }
     [90m 344 |[39m   }
     [90m 345 |[39m[0m

      at SecretsManager.initializeBackends (src/secrets/SecretsManager.ts:342:13)
      at SecretsManager.initializeBackends [as initialize] (src/secrets/SecretsManager.ts:252:18)
      at Object.<anonymous> (tests/secrets/secrets.test.ts:1383:5)

  ● SecretsManager (Integration) › backend health › должен проверять здоровье бэкендов

    SecretConfigError: Не удалось инициализировать ни один бэкенд

    [0m [90m 340 |[39m     
     [90m 341 |[39m     [36mif[39m ([33m![39m[36mthis[39m[33m.[39mprimaryBackend) {
    [31m[1m>[22m[39m[90m 342 |[39m       [36mthrow[39m [36mnew[39m [33mSecretConfigError[39m([32m'Не удалось инициализировать ни один бэкенд'[39m)[33m;[39m
     [90m     |[39m             [31m[1m^[22m[39m
     [90m 343 |[39m     }
     [90m 344 |[39m   }
     [90m 345 |[39m[0m

      at SecretsManager.initializeBackends (src/secrets/SecretsManager.ts:342:13)
      at SecretsManager.initializeBackends [as initialize] (src/secrets/SecretsManager.ts:252:18)
      at Object.<anonymous> (tests/secrets/secrets.test.ts:1383:5)

  ● SecretsManager (Integration) › events › должен эмитить события

    SecretConfigError: Не удалось инициализировать ни один бэкенд

    [0m [90m 340 |[39m     
     [90m 341 |[39m     [36mif[39m ([33m![39m[36mthis[39m[33m.[39mprimaryBackend) {
    [31m[1m>[22m[39m[90m 342 |[39m       [36mthrow[39m [36mnew[39m [33mSecretConfigError[39m([32m'Не удалось инициализировать ни один бэкенд'[39m)[33m;[39m
     [90m     |[39m             [31m[1m^[22m[39m
     [90m 343 |[39m     }
     [90m 344 |[39m   }
     [90m 345 |[39m[0m

      at SecretsManager.initializeBackends (src/secrets/SecretsManager.ts:342:13)
      at SecretsManager.initializeBackends [as initialize] (src/secrets/SecretsManager.ts:252:18)
      at Object.<anonymous> (tests/secrets/secrets.test.ts:1383:5)

  console.log
    [32m[INFO][0m 2026-03-24T21:32:51.131Z protocol-security: [PlaybookEngine] [2026-03-24T21:32:51.130Z] [INFO] Зарегистрирован обработчик для действия: collect_data

      at ConsoleTransport.method [as send] (src/logging/Logger.ts:158:7)
          at Array.map (<anonymous>)

  console.log
    [32m[INFO][0m 2026-03-24T21:32:51.420Z protocol-security: [PlaybookEngine] [2026-03-24T21:32:51.420Z] [INFO] Зарегистрирован обработчик для действия: analyze_data

      at ConsoleTransport.method [as send] (src/logging/Logger.ts:158:7)
          at Array.map (<anonymous>)

  console.log
    [32m[INFO][0m 2026-03-24T21:32:51.423Z protocol-security: [PlaybookEngine] [2026-03-24T21:32:51.423Z] [INFO] Зарегистрирован обработчик для действия: block_ip

      at ConsoleTransport.method [as send] (src/logging/Logger.ts:158:7)
          at Array.map (<anonymous>)

  console.log
    [32m[INFO][0m 2026-03-24T21:32:51.426Z protocol-security: [PlaybookEngine] [2026-03-24T21:32:51.426Z] [INFO] Зарегистрирован обработчик для действия: block_domain

      at ConsoleTransport.method [as send] (src/logging/Logger.ts:158:7)
          at Array.map (<anonymous>)

  console.log
    [32m[INFO][0m 2026-03-24T21:32:51.429Z protocol-security: [PlaybookEngine] [2026-03-24T21:32:51.429Z] [INFO] Зарегистрирован обработчик для действия: isolate_host

      at ConsoleTransport.method [as send] (src/logging/Logger.ts:158:7)
          at Array.map (<anonymous>)

  console.log
    [32m[INFO][0m 2026-03-24T21:32:51.431Z protocol-security: [PlaybookEngine] [2026-03-24T21:32:51.431Z] [INFO] Зарегистрирован обработчик для действия: lock_account

      at ConsoleTransport.method [as send] (src/logging/Logger.ts:158:7)
          at Array.map (<anonymous>)

  console.log
    [32m[INFO][0m 2026-03-24T21:32:51.434Z protocol-security: [PlaybookEngine] [2026-03-24T21:32:51.434Z] [INFO] Зарегистрирован обработчик для действия: revoke_tokens

      at ConsoleTransport.method [as send] (src/logging/Logger.ts:158:7)
          at Array.map (<anonymous>)

  console.log
    [32m[INFO][0m 2026-03-24T21:32:51.437Z protocol-security: [PlaybookEngine] [2026-03-24T21:32:51.437Z] [INFO] Зарегистрирован обработчик для действия: send_notification

      at ConsoleTransport.method [as send] (src/logging/Logger.ts:158:7)
          at Array.map (<anonymous>)

  console.log
    [32m[INFO][0m 2026-03-24T21:32:51.439Z protocol-security: [PlaybookEngine] [2026-03-24T21:32:51.439Z] [INFO] Зарегистрирован обработчик для действия: create_ticket

      at ConsoleTransport.method [as send] (src/logging/Logger.ts:158:7)
          at Array.map (<anonymous>)

  console.log
    [32m[INFO][0m 2026-03-24T21:32:51.442Z protocol-security: [PlaybookEngine] [2026-03-24T21:32:51.442Z] [INFO] Зарегистрирован обработчик для действия: document

      at ConsoleTransport.method [as send] (src/logging/Logger.ts:158:7)
          at Array.map (<anonymous>)

  console.log
    [32m[INFO][0m 2026-03-24T21:32:51.459Z protocol-security: [TimelineReconstructor] [2026-03-24T21:32:51.459Z] [INFO] Добавление события в инцидент inc_1774387971456_3kx3wr4ib: anomaly_detected

      at ConsoleTransport.method [as send] (src/logging/Logger.ts:158:7)
          at Array.map (<anonymous>)

  console.log
    [32m[INFO][0m 2026-03-24T21:32:51.478Z protocol-security: [TimelineReconstructor] [2026-03-24T21:32:51.478Z] [INFO] Событие te_1774387971478_aodcaetbe добавлено в временную шкалу

      at ConsoleTransport.method [as send] (src/logging/Logger.ts:158:7)
          at Array.map (<anonymous>)

  console.log
    [32m[INFO][0m 2026-03-24T21:32:51.484Z protocol-security: [PlaybookEngine] [2026-03-24T21:32:51.484Z] [INFO] Зарегистрирован обработчик для действия: collect_data

      at ConsoleTransport.method [as send] (src/logging/Logger.ts:158:7)
          at Array.map (<anonymous>)

  console.log
    [32m[INFO][0m 2026-03-24T21:32:51.488Z protocol-security: [PlaybookEngine] [2026-03-24T21:32:51.488Z] [INFO] Зарегистрирован обработчик для действия: analyze_data

      at ConsoleTransport.method [as send] (src/logging/Logger.ts:158:7)
          at Array.map (<anonymous>)

  console.log
    [32m[INFO][0m 2026-03-24T21:32:51.491Z protocol-security: [PlaybookEngine] [2026-03-24T21:32:51.491Z] [INFO] Зарегистрирован обработчик для действия: block_ip

      at ConsoleTransport.method [as send] (src/logging/Logger.ts:158:7)
          at Array.map (<anonymous>)

  console.log
    [32m[INFO][0m 2026-03-24T21:32:51.495Z protocol-security: [PlaybookEngine] [2026-03-24T21:32:51.494Z] [INFO] Зарегистрирован обработчик для действия: block_domain

      at ConsoleTransport.method [as send] (src/logging/Logger.ts:158:7)
          at Array.map (<anonymous>)

  console.log
    [32m[INFO][0m 2026-03-24T21:32:51.498Z protocol-security: [PlaybookEngine] [2026-03-24T21:32:51.498Z] [INFO] Зарегистрирован обработчик для действия: isolate_host

      at ConsoleTransport.method [as send] (src/logging/Logger.ts:158:7)
          at Array.map (<anonymous>)

  console.log
    [32m[INFO][0m 2026-03-24T21:32:51.502Z protocol-security: [PlaybookEngine] [2026-03-24T21:32:51.502Z] [INFO] Зарегистрирован обработчик для действия: lock_account

      at ConsoleTransport.method [as send] (src/logging/Logger.ts:158:7)
          at Array.map (<anonymous>)

  console.log
    [32m[INFO][0m 2026-03-24T21:32:51.505Z protocol-security: [PlaybookEngine] [2026-03-24T21:32:51.505Z] [INFO] Зарегистрирован обработчик для действия: revoke_tokens

      at ConsoleTransport.method [as send] (src/logging/Logger.ts:158:7)
          at Array.map (<anonymous>)

  console.log
    [32m[INFO][0m 2026-03-24T21:32:51.508Z protocol-security: [PlaybookEngine] [2026-03-24T21:32:51.508Z] [INFO] Зарегистрирован обработчик для действия: send_notification

      at ConsoleTransport.method [as send] (src/logging/Logger.ts:158:7)
          at Array.map (<anonymous>)

  console.log
    [32m[INFO][0m 2026-03-24T21:32:51.517Z protocol-security: [PlaybookEngine] [2026-03-24T21:32:51.517Z] [INFO] Зарегистрирован обработчик для действия: create_ticket

      at ConsoleTransport.method [as send] (src/logging/Logger.ts:158:7)
          at Array.map (<anonymous>)

  console.log
    [32m[INFO][0m 2026-03-24T21:32:51.520Z protocol-security: [PlaybookEngine] [2026-03-24T21:32:51.520Z] [INFO] Зарегистрирован обработчик для действия: document

      at ConsoleTransport.method [as send] (src/logging/Logger.ts:158:7)
          at Array.map (<anonymous>)

  console.log
    [32m[INFO][0m 2026-03-24T21:32:51.530Z protocol-security: [PlaybookEngine] [2026-03-24T21:32:51.530Z] [INFO] Зарегистрирован обработчик для действия: collect_data

      at ConsoleTransport.method [as send] (src/logging/Logger.ts:158:7)
          at Array.map (<anonymous>)

  console.log
    [32m[INFO][0m 2026-03-24T21:32:51.533Z protocol-security: [PlaybookEngine] [2026-03-24T21:32:51.533Z] [INFO] Зарегистрирован обработчик для действия: analyze_data

      at ConsoleTransport.method [as send] (src/logging/Logger.ts:158:7)
          at Array.map (<anonymous>)

  console.log
    [32m[INFO][0m 2026-03-24T21:32:51.537Z protocol-security: [PlaybookEngine] [2026-03-24T21:32:51.537Z] [INFO] Зарегистрирован обработчик для действия: block_ip

      at ConsoleTransport.method [as send] (src/logging/Logger.ts:158:7)
          at Array.map (<anonymous>)

  console.log
    [32m[INFO][0m 2026-03-24T21:32:51.541Z protocol-security: [PlaybookEngine] [2026-03-24T21:32:51.541Z] [INFO] Зарегистрирован обработчик для действия: block_domain

      at ConsoleTransport.method [as send] (src/logging/Logger.ts:158:7)
          at Array.map (<anonymous>)

  console.log
    [32m[INFO][0m 2026-03-24T21:32:51.545Z protocol-security: [PlaybookEngine] [2026-03-24T21:32:51.545Z] [INFO] Зарегистрирован обработчик для действия: isolate_host

      at ConsoleTransport.method [as send] (src/logging/Logger.ts:158:7)
          at Array.map (<anonymous>)

  console.log
    [32m[INFO][0m 2026-03-24T21:32:51.557Z protocol-security: [PlaybookEngine] [2026-03-24T21:32:51.557Z] [INFO] Зарегистрирован обработчик для действия: lock_account

      at ConsoleTransport.method [as send] (src/logging/Logger.ts:158:7)
          at Array.map (<anonymous>)

  console.log
    [32m[INFO][0m 2026-03-24T21:32:51.560Z protocol-security: [PlaybookEngine] [2026-03-24T21:32:51.560Z] [INFO] Зарегистрирован обработчик для действия: revoke_tokens

      at ConsoleTransport.method [as send] (src/logging/Logger.ts:158:7)
          at Array.map (<anonymous>)

  console.log
    [32m[INFO][0m 2026-03-24T21:32:51.564Z protocol-security: [PlaybookEngine] [2026-03-24T21:32:51.564Z] [INFO] Зарегистрирован обработчик для действия: send_notification

      at ConsoleTransport.method [as send] (src/logging/Logger.ts:158:7)
          at Array.map (<anonymous>)

  console.log
    [32m[INFO][0m 2026-03-24T21:32:51.566Z protocol-security: [PlaybookEngine] [2026-03-24T21:32:51.566Z] [INFO] Зарегистрирован обработчик для действия: create_ticket

      at ConsoleTransport.method [as send] (src/logging/Logger.ts:158:7)
          at Array.map (<anonymous>)

  console.log
    [32m[INFO][0m 2026-03-24T21:32:51.568Z protocol-security: [PlaybookEngine] [2026-03-24T21:32:51.568Z] [INFO] Зарегистрирован обработчик для действия: document

      at ConsoleTransport.method [as send] (src/logging/Logger.ts:158:7)
          at Array.map (<anonymous>)

  console.log
    [32m[INFO][0m 2026-03-24T21:32:51.576Z protocol-security: [TimelineReconstructor] [2026-03-24T21:32:51.576Z] [INFO] Добавление события в инцидент inc_1774387971575_fo7neulru: anomaly_detected

      at ConsoleTransport.method [as send] (src/logging/Logger.ts:158:7)
          at Array.map (<anonymous>)

  console.log
    [32m[INFO][0m 2026-03-24T21:32:51.578Z protocol-security: [TimelineReconstructor] [2026-03-24T21:32:51.578Z] [INFO] Событие te_1774387971578_92q96ypvt добавлено в временную шкалу

      at ConsoleTransport.method [as send] (src/logging/Logger.ts:158:7)
          at Array.map (<anonymous>)

  console.log
    [32m[INFO][0m 2026-03-24T21:32:51.582Z protocol-security: [PlaybookEngine] [2026-03-24T21:32:51.582Z] [INFO] Зарегистрирован обработчик для действия: collect_data

      at ConsoleTransport.method [as send] (src/logging/Logger.ts:158:7)
          at Array.map (<anonymous>)

  console.log
    [32m[INFO][0m 2026-03-24T21:32:51.585Z protocol-security: [PlaybookEngine] [2026-03-24T21:32:51.585Z] [INFO] Зарегистрирован обработчик для действия: analyze_data

      at ConsoleTransport.method [as send] (src/logging/Logger.ts:158:7)
          at Array.map (<anonymous>)

  console.log
    [32m[INFO][0m 2026-03-24T21:32:51.587Z protocol-security: [PlaybookEngine] [2026-03-24T21:32:51.587Z] [INFO] Зарегистрирован обработчик для действия: block_ip

      at ConsoleTransport.method [as send] (src/logging/Logger.ts:158:7)
          at Array.map (<anonymous>)

  console.log
    [32m[INFO][0m 2026-03-24T21:32:51.589Z protocol-security: [PlaybookEngine] [2026-03-24T21:32:51.589Z] [INFO] Зарегистрирован обработчик для действия: block_domain

      at ConsoleTransport.method [as send] (src/logging/Logger.ts:158:7)
          at Array.map (<anonymous>)

  console.log
    [32m[INFO][0m 2026-03-24T21:32:51.592Z protocol-security: [PlaybookEngine] [2026-03-24T21:32:51.592Z] [INFO] Зарегистрирован обработчик для действия: isolate_host

      at ConsoleTransport.method [as send] (src/logging/Logger.ts:158:7)
          at Array.map (<anonymous>)

  console.log
    [32m[INFO][0m 2026-03-24T21:32:51.595Z protocol-security: [PlaybookEngine] [2026-03-24T21:32:51.595Z] [INFO] Зарегистрирован обработчик для действия: lock_account

      at ConsoleTransport.method [as send] (src/logging/Logger.ts:158:7)
          at Array.map (<anonymous>)

  console.log
    [32m[INFO][0m 2026-03-24T21:32:51.599Z protocol-security: [PlaybookEngine] [2026-03-24T21:32:51.599Z] [INFO] Зарегистрирован обработчик для действия: revoke_tokens

      at ConsoleTransport.method [as send] (src/logging/Logger.ts:158:7)
          at Array.map (<anonymous>)

  console.log
    [32m[INFO][0m 2026-03-24T21:32:51.602Z protocol-security: [PlaybookEngine] [2026-03-24T21:32:51.602Z] [INFO] Зарегистрирован обработчик для действия: send_notification

      at ConsoleTransport.method [as send] (src/logging/Logger.ts:158:7)
          at Array.map (<anonymous>)

  console.log
    [32m[INFO][0m 2026-03-24T21:32:51.606Z protocol-security: [PlaybookEngine] [2026-03-24T21:32:51.606Z] [INFO] Зарегистрирован обработчик для действия: create_ticket

      at ConsoleTransport.method [as send] (src/logging/Logger.ts:158:7)
          at Array.map (<anonymous>)

  console.log
    [32m[INFO][0m 2026-03-24T21:32:51.608Z protocol-security: [PlaybookEngine] [2026-03-24T21:32:51.608Z] [INFO] Зарегистрирован обработчик для действия: document

      at ConsoleTransport.method [as send] (src/logging/Logger.ts:158:7)
          at Array.map (<anonymous>)

  console.log
    [32m[INFO][0m 2026-03-24T21:32:51.613Z protocol-security: [TimelineReconstructor] [2026-03-24T21:32:51.613Z] [INFO] Добавление события в инцидент inc_1774387971612_f8ghqzmri: anomaly_detected

      at ConsoleTransport.method [as send] (src/logging/Logger.ts:158:7)
          at Array.map (<anonymous>)

  console.log
    [32m[INFO][0m 2026-03-24T21:32:51.615Z protocol-security: [TimelineReconstructor] [2026-03-24T21:32:51.615Z] [INFO] Событие te_1774387971615_njbs2kc44 добавлено в временную шкалу

      at ConsoleTransport.method [as send] (src/logging/Logger.ts:158:7)
          at Array.map (<anonymous>)

  console.log
    [32m[INFO][0m 2026-03-24T21:32:51.617Z protocol-security: [TimelineReconstructor] [2026-03-24T21:32:51.617Z] [INFO] Добавление события в инцидент inc_1774387971612_f8ghqzmri: containment_action

      at ConsoleTransport.method [as send] (src/logging/Logger.ts:158:7)
          at Array.map (<anonymous>)

  console.log
    [32m[INFO][0m 2026-03-24T21:32:51.618Z protocol-security: [TimelineReconstructor] [2026-03-24T21:32:51.618Z] [INFO] Событие te_1774387971618_na56tpsnj добавлено в временную шкалу

      at ConsoleTransport.method [as send] (src/logging/Logger.ts:158:7)
          at Array.map (<anonymous>)

  console.log
    [32m[INFO][0m 2026-03-24T21:32:51.620Z protocol-security: [PlaybookEngine] [2026-03-24T21:32:51.620Z] [INFO] Зарегистрирован обработчик для действия: collect_data

      at ConsoleTransport.method [as send] (src/logging/Logger.ts:158:7)
          at Array.map (<anonymous>)

  console.log
    [32m[INFO][0m 2026-03-24T21:32:51.622Z protocol-security: [PlaybookEngine] [2026-03-24T21:32:51.622Z] [INFO] Зарегистрирован обработчик для действия: analyze_data

      at ConsoleTransport.method [as send] (src/logging/Logger.ts:158:7)
          at Array.map (<anonymous>)

  console.log
    [32m[INFO][0m 2026-03-24T21:32:51.624Z protocol-security: [PlaybookEngine] [2026-03-24T21:32:51.624Z] [INFO] Зарегистрирован обработчик для действия: block_ip

      at ConsoleTransport.method [as send] (src/logging/Logger.ts:158:7)
          at Array.map (<anonymous>)

  console.log
    [32m[INFO][0m 2026-03-24T21:32:51.626Z protocol-security: [PlaybookEngine] [2026-03-24T21:32:51.626Z] [INFO] Зарегистрирован обработчик для действия: block_domain

      at ConsoleTransport.method [as send] (src/logging/Logger.ts:158:7)
          at Array.map (<anonymous>)

  console.log
    [32m[INFO][0m 2026-03-24T21:32:51.628Z protocol-security: [PlaybookEngine] [2026-03-24T21:32:51.628Z] [INFO] Зарегистрирован обработчик для действия: isolate_host

      at ConsoleTransport.method [as send] (src/logging/Logger.ts:158:7)
          at Array.map (<anonymous>)

  console.log
    [32m[INFO][0m 2026-03-24T21:32:51.630Z protocol-security: [PlaybookEngine] [2026-03-24T21:32:51.630Z] [INFO] Зарегистрирован обработчик для действия: lock_account

      at ConsoleTransport.method [as send] (src/logging/Logger.ts:158:7)
          at Array.map (<anonymous>)

  console.log
    [32m[INFO][0m 2026-03-24T21:32:51.632Z protocol-security: [PlaybookEngine] [2026-03-24T21:32:51.632Z] [INFO] Зарегистрирован обработчик для действия: revoke_tokens

      at ConsoleTransport.method [as send] (src/logging/Logger.ts:158:7)
          at Array.map (<anonymous>)

  console.log
    [32m[INFO][0m 2026-03-24T21:32:51.633Z protocol-security: [PlaybookEngine] [2026-03-24T21:32:51.633Z] [INFO] Зарегистрирован обработчик для действия: send_notification

      at ConsoleTransport.method [as send] (src/logging/Logger.ts:158:7)
          at Array.map (<anonymous>)

  console.log
    [32m[INFO][0m 2026-03-24T21:32:51.635Z protocol-security: [PlaybookEngine] [2026-03-24T21:32:51.635Z] [INFO] Зарегистрирован обработчик для действия: create_ticket

      at ConsoleTransport.method [as send] (src/logging/Logger.ts:158:7)
          at Array.map (<anonymous>)

  console.log
    [32m[INFO][0m 2026-03-24T21:32:51.637Z protocol-security: [PlaybookEngine] [2026-03-24T21:32:51.637Z] [INFO] Зарегистрирован обработчик для действия: document

      at ConsoleTransport.method [as send] (src/logging/Logger.ts:158:7)
          at Array.map (<anonymous>)

  console.log
    [32m[INFO][0m 2026-03-24T21:32:51.642Z protocol-security: [TimelineReconstructor] [2026-03-24T21:32:51.642Z] [INFO] Добавление события в инцидент inc_1774387971641_o5nax4ol8: anomaly_detected

      at ConsoleTransport.method [as send] (src/logging/Logger.ts:158:7)
          at Array.map (<anonymous>)

  console.log
    [32m[INFO][0m 2026-03-24T21:32:51.643Z protocol-security: [TimelineReconstructor] [2026-03-24T21:32:51.643Z] [INFO] Событие te_1774387971643_swh28r9d3 добавлено в временную шкалу

      at ConsoleTransport.method [as send] (src/logging/Logger.ts:158:7)
          at Array.map (<anonymous>)

  console.log
    [32m[INFO][0m 2026-03-24T21:32:51.645Z protocol-security: [PostIncidentReview] [2026-03-24T21:32:51.645Z] [INFO] Инициация анализа после инцидента для inc_1774387971641_o5nax4ol8

      at ConsoleTransport.method [as send] (src/logging/Logger.ts:158:7)
          at Array.map (<anonymous>)

  console.log
    [32m[INFO][0m 2026-03-24T21:32:51.661Z protocol-security: [IncidentReporter] [2026-03-24T21:32:51.661Z] [INFO] Генерация отчета типа incident_detail для инцидента inc_1774387971641_o5nax4ol8

      at ConsoleTransport.method [as send] (src/logging/Logger.ts:158:7)
          at Array.map (<anonymous>)

  console.log
    [32m[INFO][0m 2026-03-24T21:32:51.687Z protocol-security: [PlaybookEngine] [2026-03-24T21:32:51.687Z] [INFO] Зарегистрирован обработчик для действия: collect_data

      at ConsoleTransport.method [as send] (src/logging/Logger.ts:158:7)
          at Array.map (<anonymous>)

  console.log
    [32m[INFO][0m 2026-03-24T21:32:51.690Z protocol-security: [PlaybookEngine] [2026-03-24T21:32:51.690Z] [INFO] Зарегистрирован обработчик для действия: analyze_data

      at ConsoleTransport.method [as send] (src/logging/Logger.ts:158:7)
          at Array.map (<anonymous>)

  console.log
    [32m[INFO][0m 2026-03-24T21:32:51.692Z protocol-security: [PlaybookEngine] [2026-03-24T21:32:51.692Z] [INFO] Зарегистрирован обработчик для действия: block_ip

      at ConsoleTransport.method [as send] (src/logging/Logger.ts:158:7)
          at Array.map (<anonymous>)

  console.log
    [32m[INFO][0m 2026-03-24T21:32:51.693Z protocol-security: [PlaybookEngine] [2026-03-24T21:32:51.693Z] [INFO] Зарегистрирован обработчик для действия: block_domain

      at ConsoleTransport.method [as send] (src/logging/Logger.ts:158:7)
          at Array.map (<anonymous>)

  console.log
    [32m[INFO][0m 2026-03-24T21:32:51.695Z protocol-security: [PlaybookEngine] [2026-03-24T21:32:51.695Z] [INFO] Зарегистрирован обработчик для действия: isolate_host

      at ConsoleTransport.method [as send] (src/logging/Logger.ts:158:7)
          at Array.map (<anonymous>)

  console.log
    [32m[INFO][0m 2026-03-24T21:32:51.697Z protocol-security: [PlaybookEngine] [2026-03-24T21:32:51.697Z] [INFO] Зарегистрирован обработчик для действия: lock_account

      at ConsoleTransport.method [as send] (src/logging/Logger.ts:158:7)
          at Array.map (<anonymous>)

  console.log
    [32m[INFO][0m 2026-03-24T21:32:51.707Z protocol-security: [PlaybookEngine] [2026-03-24T21:32:51.707Z] [INFO] Зарегистрирован обработчик для действия: revoke_tokens

      at ConsoleTransport.method [as send] (src/logging/Logger.ts:158:7)
          at Array.map (<anonymous>)

  console.log
    [32m[INFO][0m 2026-03-24T21:32:51.709Z protocol-security: [PlaybookEngine] [2026-03-24T21:32:51.709Z] [INFO] Зарегистрирован обработчик для действия: send_notification

      at ConsoleTransport.method [as send] (src/logging/Logger.ts:158:7)
          at Array.map (<anonymous>)

  console.log
    [32m[INFO][0m 2026-03-24T21:32:51.711Z protocol-security: [PlaybookEngine] [2026-03-24T21:32:51.711Z] [INFO] Зарегистрирован обработчик для действия: create_ticket

      at ConsoleTransport.method [as send] (src/logging/Logger.ts:158:7)
          at Array.map (<anonymous>)

  console.log
    [32m[INFO][0m 2026-03-24T21:32:51.713Z protocol-security: [PlaybookEngine] [2026-03-24T21:32:51.713Z] [INFO] Зарегистрирован обработчик для действия: document

      at ConsoleTransport.method [as send] (src/logging/Logger.ts:158:7)
          at Array.map (<anonymous>)

  console.log
    [32m[INFO][0m 2026-03-24T21:32:51.720Z protocol-security: [TimelineReconstructor] [2026-03-24T21:32:51.720Z] [INFO] Добавление события в инцидент inc_1774387971719_pmij1ubna: anomaly_detected

      at ConsoleTransport.method [as send] (src/logging/Logger.ts:158:7)
          at Array.map (<anonymous>)

  console.log
    [32m[INFO][0m 2026-03-24T21:32:51.723Z protocol-security: [TimelineReconstructor] [2026-03-24T21:32:51.723Z] [INFO] Событие te_1774387971722_clqfa0b80 добавлено в временную шкалу

      at ConsoleTransport.method [as send] (src/logging/Logger.ts:158:7)
          at Array.map (<anonymous>)

  console.log
    [32m[INFO][0m 2026-03-24T21:32:51.725Z protocol-security: [IncidentReporter] [2026-03-24T21:32:51.725Z] [INFO] Генерация отчета типа incident_detail для инцидента inc_1774387971719_pmij1ubna

      at ConsoleTransport.method [as send] (src/logging/Logger.ts:158:7)
          at Array.map (<anonymous>)

  console.log
    [32m[INFO][0m 2026-03-24T21:32:51.729Z protocol-security: [PlaybookEngine] [2026-03-24T21:32:51.729Z] [INFO] Зарегистрирован обработчик для действия: collect_data

      at ConsoleTransport.method [as send] (src/logging/Logger.ts:158:7)
          at Array.map (<anonymous>)

  console.log
    [32m[INFO][0m 2026-03-24T21:32:51.732Z protocol-security: [PlaybookEngine] [2026-03-24T21:32:51.732Z] [INFO] Зарегистрирован обработчик для действия: analyze_data

      at ConsoleTransport.method [as send] (src/logging/Logger.ts:158:7)
          at Array.map (<anonymous>)

  console.log
    [32m[INFO][0m 2026-03-24T21:32:51.734Z protocol-security: [PlaybookEngine] [2026-03-24T21:32:51.734Z] [INFO] Зарегистрирован обработчик для действия: block_ip

      at ConsoleTransport.method [as send] (src/logging/Logger.ts:158:7)
          at Array.map (<anonymous>)

  console.log
    [32m[INFO][0m 2026-03-24T21:32:51.736Z protocol-security: [PlaybookEngine] [2026-03-24T21:32:51.736Z] [INFO] Зарегистрирован обработчик для действия: block_domain

      at ConsoleTransport.method [as send] (src/logging/Logger.ts:158:7)
          at Array.map (<anonymous>)

  console.log
    [32m[INFO][0m 2026-03-24T21:32:51.738Z protocol-security: [PlaybookEngine] [2026-03-24T21:32:51.738Z] [INFO] Зарегистрирован обработчик для действия: isolate_host

      at ConsoleTransport.method [as send] (src/logging/Logger.ts:158:7)
          at Array.map (<anonymous>)

  console.log
    [32m[INFO][0m 2026-03-24T21:32:51.740Z protocol-security: [PlaybookEngine] [2026-03-24T21:32:51.740Z] [INFO] Зарегистрирован обработчик для действия: lock_account

      at ConsoleTransport.method [as send] (src/logging/Logger.ts:158:7)
          at Array.map (<anonymous>)

  console.log
    [32m[INFO][0m 2026-03-24T21:32:51.741Z protocol-security: [PlaybookEngine] [2026-03-24T21:32:51.741Z] [INFO] Зарегистрирован обработчик для действия: revoke_tokens

      at ConsoleTransport.method [as send] (src/logging/Logger.ts:158:7)
          at Array.map (<anonymous>)

  console.log
    [32m[INFO][0m 2026-03-24T21:32:51.744Z protocol-security: [PlaybookEngine] [2026-03-24T21:32:51.744Z] [INFO] Зарегистрирован обработчик для действия: send_notification

      at ConsoleTransport.method [as send] (src/logging/Logger.ts:158:7)
          at Array.map (<anonymous>)

  console.log
    [32m[INFO][0m 2026-03-24T21:32:51.746Z protocol-security: [PlaybookEngine] [2026-03-24T21:32:51.746Z] [INFO] Зарегистрирован обработчик для действия: create_ticket

      at ConsoleTransport.method [as send] (src/logging/Logger.ts:158:7)
          at Array.map (<anonymous>)

  console.log
    [32m[INFO][0m 2026-03-24T21:32:51.748Z protocol-security: [PlaybookEngine] [2026-03-24T21:32:51.748Z] [INFO] Зарегистрирован обработчик для действия: document

      at ConsoleTransport.method [as send] (src/logging/Logger.ts:158:7)
          at Array.map (<anonymous>)

  console.log
    [32m[INFO][0m 2026-03-24T21:32:51.758Z protocol-security: [TimelineReconstructor] [2026-03-24T21:32:51.757Z] [INFO] Добавление события в инцидент inc_1774387971755_2csn56zas: anomaly_detected

      at ConsoleTransport.method [as send] (src/logging/Logger.ts:158:7)
          at Array.map (<anonymous>)

  console.log
    [32m[INFO][0m 2026-03-24T21:32:51.760Z protocol-security: [TimelineReconstructor] [2026-03-24T21:32:51.760Z] [INFO] Событие te_1774387971760_o6429wtui добавлено в временную шкалу

      at ConsoleTransport.method [as send] (src/logging/Logger.ts:158:7)
          at Array.map (<anonymous>)

  console.log
    [32m[INFO][0m 2026-03-24T21:32:51.764Z protocol-security: [TimelineReconstructor] [2026-03-24T21:32:51.764Z] [INFO] Добавление события в инцидент inc_1774387971762_od1m0o96i: anomaly_detected

      at ConsoleTransport.method [as send] (src/logging/Logger.ts:158:7)
          at Array.map (<anonymous>)

  console.log
    [32m[INFO][0m 2026-03-24T21:32:51.766Z protocol-security: [TimelineReconstructor] [2026-03-24T21:32:51.766Z] [INFO] Событие te_1774387971766_4tyai03s5 добавлено в временную шкалу

      at ConsoleTransport.method [as send] (src/logging/Logger.ts:158:7)
          at Array.map (<anonymous>)

FAIL tests/incident/incident.test.ts (24.231 s)
  IncidentClassifier
    classify()
      √ должен корректно классифицировать malware инцидент (75 ms)
      × должен повышать серьезность для критических систем (3 ms)
      × должен определять категорию по заголовку (39 ms)
    validateContext()
      √ должен возвращать ошибку для невалидного контекста (2 ms)
      √ должен принимать валидный контекст (3 ms)
  PlaybookEngine
    startPlaybook()
      × должен запускать playbook и выполнять шаги (3020 ms)
      √ должен проваливать playbook при ошибке валидации (175 ms)
    pausePlaybook() / resumePlaybook()
      √ должен ставить на паузу и возобновлять playbook (1 ms)
  ForensicsCollector
    initiateCollection()
      √ должен инициировать сбор форензика данных (5007 ms)
      √ должен вычислять хэши для собранных данных (3010 ms)
    verifyIntegrity()
      √ должен проверять целостность собранных данных (3003 ms)
  EvidenceManager
    addEvidence()
      √ должен добавлять улику в хранилище (3 ms)
      √ должен выбрасывать ошибку для невалидной улики (39 ms)
    updateCustody()
      √ должен обновлять цепочку хранения (3 ms)
    verifyIntegrity()
      √ должен проверять целостность улики (2 ms)
  ContainmentActions
    initiateContainmentAction()
      √ должен выполнять действие сдерживания IP blocking (513 ms)
      √ должен требовать одобрение для network_isolation (44 ms)
      √ должен выполнять rollback (1518 ms)
    executeAutoContainment()
      √ должен выполнять автоматическое сдерживание (2541 ms)
  CommunicationManager
    sendNotification()
      × должен отправлять уведомление по шаблону (3 ms)
      √ должен требовать одобрение для executive-brief (1 ms)
    getCommunicationStats()
      × должен возвращать статистику коммуникации (1 ms)
  TimelineReconstructor
    addEvent()
      √ должен добавлять событие в временную шкалу (3 ms)
      √ должен сортировать события по времени (1 ms)
    reconstructTimeline()
      √ должен реконструировать временную шкалу (2 ms)
  IncidentManager - Integration Tests
    createIncident()
      × должен создавать новый инцидент (355 ms)
      √ должен позволять поиск инцидентов (46 ms)
    updateIncidentLifecycle()
      √ должен обновлять стадию жизненного цикла (51 ms)
    executeContainmentAction()
      √ должен выполнять действие сдерживания (38 ms)
    closeIncident()
      √ должен закрывать инцидент (67 ms)
    generateReport()
      √ должен генерировать отчет по инциденту (41 ms)
    getStatistics()
      √ должен возвращать статистику (40 ms)
  PostIncidentReview
    initiateReview()
      √ должен инициировать анализ после инцидента (2 ms)
  ExternalIntegrations
    sendSlackMessage()
      √ должен отправлять сообщение в Slack (212 ms)
    createPagerDutyIncident()
      √ должен создавать инцидент в PagerDuty (311 ms)
    createJiraIssue()
      √ должен создавать задачу в Jira (407 ms)
  IncidentReporter
    generateIncidentReport()
      √ должен генерировать детальный отчет (2 ms)
      √ должен генерировать executive summary (35 ms)
    generateMetricsDashboard()
      × должен генерировать дашборд метрик (3 ms)

  ● IncidentClassifier › classify() › должен повышать серьезность для критических систем

    TypeError: expect(...).toBeOneOf is not a function

    [0m [90m 168 |[39m       [36mconst[39m result [33m=[39m classifier[33m.[39mclassify(contextWithCritical)[33m;[39m
     [90m 169 |[39m
    [31m[1m>[22m[39m[90m 170 |[39m       expect(result[33m.[39mseverity)[33m.[39mtoBeOneOf([
     [90m     |[39m                               [31m[1m^[22m[39m
     [90m 171 |[39m         [33mIncidentSeverity[39m[33m.[39m[33mCRITICAL[39m[33m,[39m
     [90m 172 |[39m         [33mIncidentSeverity[39m[33m.[39m[33mHIGH[39m[33m,[39m
     [90m 173 |[39m         [33mIncidentSeverity[39m[33m.[39m[33mMEDIUM[39m[0m

      at Object.<anonymous> (tests/incident/incident.test.ts:170:31)

  ● IncidentClassifier › classify() › должен определять категорию по заголовку

    expect(received).toBe(expected) // Object.is equality

    Expected: "ransomware_attack"
    Received: "other"

    [0m [90m 205 |[39m         })[33m;[39m
     [90m 206 |[39m
    [31m[1m>[22m[39m[90m 207 |[39m         expect(result[33m.[39mcategory)[33m.[39mtoBe(expectedCategory)[33m;[39m
     [90m     |[39m                                 [31m[1m^[22m[39m
     [90m 208 |[39m       }
     [90m 209 |[39m     })[33m;[39m
     [90m 210 |[39m   })[33m;[39m[0m

      at Object.<anonymous> (tests/incident/incident.test.ts:207:33)

  ● PlaybookEngine › startPlaybook() › должен запускать playbook и выполнять шаги

    expect(received).toBeDefined()

    Received: undefined

    [0m [90m 347 |[39m
     [90m 348 |[39m       [36mconst[39m updatedExecution [33m=[39m engine[33m.[39mgetExecutionStatus(execution[33m.[39mid)[33m;[39m
    [31m[1m>[22m[39m[90m 349 |[39m       expect(updatedExecution)[33m.[39mtoBeDefined()[33m;[39m
     [90m     |[39m                                [31m[1m^[22m[39m
     [90m 350 |[39m     })[33m;[39m
     [90m 351 |[39m
     [90m 352 |[39m     it([32m'должен проваливать playbook при ошибке валидации'[39m[33m,[39m [36masync[39m () [33m=>[39m {[0m

      at Object.<anonymous> (tests/incident/incident.test.ts:349:32)

  ● CommunicationManager › sendNotification() › должен отправлять уведомление по шаблону

    TypeError: Cannot read properties of undefined (reading 'description')

    [0m [90m 420 |[39m       affectedUsersCount[33m:[39m incident[33m.[39mmetrics[33m.[39maffectedUsersCount[33m.[39mtoString()[33m,[39m
     [90m 421 |[39m       priority[33m:[39m [32m`P${incident.priority}`[39m[33m,[39m
    [31m[1m>[22m[39m[90m 422 |[39m       executiveSummary[33m:[39m (incident[33m.[39mdetails[33m.[39mdescription [33m||[39m [32m'No description available'[39m)[33m.[39msubstring([35m0[39m[33m,[39m [35m200[39m) [33m+[39m [32m'...'[39m[33m,[39m
     [90m     |[39m                                           [31m[1m^[22m[39m
     [90m 423 |[39m       businessImpact[33m:[39m incident[33m.[39mmetrics[33m.[39mbusinessImpactEstimate[33m?[39m[33m.[39moperationalImpact [33m||[39m [32m'Assessing...'[39m[33m,[39m
     [90m 424 |[39m       actionsTaken[33m:[39m incident[33m.[39mcontainmentActions[33m.[39mlength[33m.[39mtoString()[33m,[39m
     [90m 425 |[39m       nextUpdateTime[33m:[39m [36mnew[39m [33mDate[39m([33mDate[39m[33m.[39mnow() [33m+[39m [36mthis[39m[33m.[39mconfig[33m.[39mupdateFrequency)[33m.[39mtoISOString()[33m,[39m[0m

      at CommunicationManager.description [as prepareVariables] (src/incident/CommunicationManager.ts:422:43)
      at CommunicationManager.prepareVariables (src/incident/CommunicationManager.ts:344:28)
      at Object.<anonymous> (tests/incident/incident.test.ts:753:42)

  ● CommunicationManager › getCommunicationStats() › должен возвращать статистику коммуникации

    TypeError: Cannot read properties of undefined (reading 'description')

    [0m [90m 420 |[39m       affectedUsersCount[33m:[39m incident[33m.[39mmetrics[33m.[39maffectedUsersCount[33m.[39mtoString()[33m,[39m
     [90m 421 |[39m       priority[33m:[39m [32m`P${incident.priority}`[39m[33m,[39m
    [31m[1m>[22m[39m[90m 422 |[39m       executiveSummary[33m:[39m (incident[33m.[39mdetails[33m.[39mdescription [33m||[39m [32m'No description available'[39m)[33m.[39msubstring([35m0[39m[33m,[39m [35m200[39m) [33m+[39m [32m'...'[39m[33m,[39m
     [90m     |[39m                                           [31m[1m^[22m[39m
     [90m 423 |[39m       businessImpact[33m:[39m incident[33m.[39mmetrics[33m.[39mbusinessImpactEstimate[33m?[39m[33m.[39moperationalImpact [33m||[39m [32m'Assessing...'[39m[33m,[39m
     [90m 424 |[39m       actionsTaken[33m:[39m incident[33m.[39mcontainmentActions[33m.[39mlength[33m.[39mtoString()[33m,[39m
     [90m 425 |[39m       nextUpdateTime[33m:[39m [36mnew[39m [33mDate[39m([33mDate[39m[33m.[39mnow() [33m+[39m [36mthis[39m[33m.[39mconfig[33m.[39mupdateFrequency)[33m.[39mtoISOString()[33m,[39m[0m

      at CommunicationManager.description [as prepareVariables] (src/incident/CommunicationManager.ts:422:43)
      at CommunicationManager.prepareVariables (src/incident/CommunicationManager.ts:344:28)
      at Object.<anonymous> (tests/incident/incident.test.ts:821:21)

  ● IncidentManager - Integration Tests › createIncident() › должен создавать новый инцидент

    expect(received).toBe(expected) // Object.is equality

    Expected: "high"
    Received: "critical"

    [0m [90m 959 |[39m       expect(incident[33m.[39mstatus)[33m.[39mtoBe([33mIncidentStatus[39m[33m.[39m[33mNEW[39m)[33m;[39m
     [90m 960 |[39m       expect(incident[33m.[39mlifecycleStage)[33m.[39mtoBe([33mIncidentLifecycleStage[39m[33m.[39m[33mDETECTION[39m)[33m;[39m
    [31m[1m>[22m[39m[90m 961 |[39m       expect(incident[33m.[39mseverity)[33m.[39mtoBe([33mIncidentSeverity[39m[33m.[39m[33mHIGH[39m)[33m;[39m
     [90m     |[39m                                 [31m[1m^[22m[39m
     [90m 962 |[39m       expect(incident[33m.[39mowner[33m.[39mid)[33m.[39mtoBe(testActor[33m.[39mid)[33m;[39m
     [90m 963 |[39m     })[33m;[39m
     [90m 964 |[39m[0m

      at Object.<anonymous> (tests/incident/incident.test.ts:961:33)

  ● IncidentReporter › generateMetricsDashboard() › должен генерировать дашборд метрик

    TypeError: Cannot read properties of undefined (reading 'mitreTechniques')

    [0m [90m 581 |[39m
     [90m 582 |[39m     [36mfor[39m ([36mconst[39m incident [36mof[39m incidents) {
    [31m[1m>[22m[39m[90m 583 |[39m       [36mfor[39m ([36mconst[39m technique [36mof[39m incident[33m.[39mdetails[33m.[39mmitreTechniques [33m||[39m []) {
     [90m     |[39m                                                [31m[1m^[22m[39m
     [90m 584 |[39m         techniqueCount[33m.[39m[36mset[39m(technique[33m,[39m (techniqueCount[33m.[39m[36mget[39m(technique) [33m||[39m [35m0[39m) [33m+[39m [35m1[39m)[33m;[39m
     [90m 585 |[39m       }
     [90m 586 |[39m     }[0m

      at IncidentReporter.mitreTechniques [as extractTopTechniques] (src/incident/IncidentReporter.ts:583:48)
      at IncidentReporter.extractTopTechniques [as generateMetricsDashboard] (src/incident/IncidentReporter.ts:384:27)
      at Object.<anonymous> (tests/incident/incident.test.ts:1353:40)

A worker process has failed to exit gracefully and has been force exited. This is likely caused by tests leaking due to improper teardown. Try running with --detectOpenHandles to find leaks. Active timers can also cause this, ensure that .unref() was called on them.
---------------------------------|---------|----------|---------|---------|--------------------------------------------------------------------------------------------------------------------------------------------------------------------------------------------------------------------------------------------------------------------------------------------------------------------------------------------------------------
File                             | % Stmts | % Branch | % Funcs | % Lines | Uncovered Line #s                                                                                                                                                                                                                                                                                                                                            
---------------------------------|---------|----------|---------|---------|--------------------------------------------------------------------------------------------------------------------------------------------------------------------------------------------------------------------------------------------------------------------------------------------------------------------------------------------------------------
All files                        |   27.49 |    20.72 |   26.59 |   27.92 |                                                                                                                                                                                                                                                                                                                                                              
 src                             |       0 |        0 |       0 |       0 |                                                                                                                                                                                                                                                                                                                                                              
  MultiBranchSecurity.ts         |       0 |        0 |       0 |       0 | 19-603                                                                                                                                                                                                                                                                                                                                                       
  app.ts                         |       0 |        0 |       0 |       0 | 21-893                                                                                                                                                                                                                                                                                                                                                       
  index.ts                       |       0 |        0 |       0 |       0 | 11-361                                                                                                                                                                                                                                                                                                                                                       
 src/auth                        |    7.69 |     4.36 |    4.58 |    7.97 |                                                                                                                                                                                                                                                                                                                                                              
  ABACService.ts                 |       0 |        0 |       0 |       0 | 11-925                                                                                                                                                                                                                                                                                                                                                       
  AuthService.ts                 |       0 |        0 |       0 |       0 | 11-982                                                                                                                                                                                                                                                                                                                                                       
  DeviceFingerprint.ts           |       0 |        0 |       0 |       0 | 11-872                                                                                                                                                                                                                                                                                                                                                       
  JWTBlacklist.ts                |   77.18 |    61.17 |   77.27 |   77.18 | 186-190,195-196,200-201,205-206,231,235-248,354,362-363,446,467-472,495-496,517,553-554,575,596-599,621-622,646,704-705,725,750-751,762,775-776,787,809-810,821,843-844,890-891,895-896                                                                                                                                                                      
  JWTService.ts                  |       0 |        0 |       0 |       0 | 13-1819                                                                                                                                                                                                                                                                                                                                                      
  MFService.ts                   |       0 |        0 |       0 |       0 | 11-743                                                                                                                                                                                                                                                                                                                                                       
  OAuthService.ts                |       0 |        0 |       0 |       0 | 11-1040                                                                                                                                                                                                                                                                                                                                                      
  PasswordService.ts             |       0 |        0 |       0 |       0 | 11-681                                                                                                                                                                                                                                                                                                                                                       
  RBACService.ts                 |       0 |        0 |       0 |       0 | 11-814                                                                                                                                                                                                                                                                                                                                                       
  RateLimiter.ts                 |       0 |        0 |       0 |       0 | 11-860                                                                                                                                                                                                                                                                                                                                                       
  SessionManager.ts              |       0 |        0 |       0 |       0 | 12-1120                                                                                                                                                                                                                                                                                                                                                      
  WebAuthnService.ts             |       0 |        0 |       0 |       0 | 11-701                                                                                                                                                                                                                                                                                                                                                       
 src/blockchain                  |       0 |        0 |       0 |       0 |                                                                                                                                                                                                                                                                                                                                                              
  BlockchainSecurityModule.ts    |       0 |        0 |       0 |       0 | 11-146                                                                                                                                                                                                                                                                                                                                                       
  index.ts                       |       0 |      100 |       0 |       0 | 22-42                                                                                                                                                                                                                                                                                                                                                        
 src/blockchain/bridge           |       0 |        0 |       0 |       0 |                                                                                                                                                                                                                                                                                                                                                              
  BridgeSecurity.ts              |       0 |        0 |       0 |       0 | 11-157                                                                                                                                                                                                                                                                                                                                                       
 src/blockchain/contracts        |       0 |        0 |       0 |       0 |                                                                                                                                                                                                                                                                                                                                                              
  FormalVerifier.ts              |       0 |        0 |       0 |       0 | 11-164                                                                                                                                                                                                                                                                                                                                                       
 src/blockchain/crypto           |       0 |        0 |       0 |       0 |                                                                                                                                                                                                                                                                                                                                                              
  PostQuantumSigner.ts           |       0 |        0 |       0 |       0 | 11-171                                                                                                                                                                                                                                                                                                                                                       
 src/blockchain/mev              |       0 |        0 |       0 |       0 |                                                                                                                                                                                                                                                                                                                                                              
  MEVProtector.ts                |       0 |        0 |       0 |       0 | 11-189                                                                                                                                                                                                                                                                                                                                                       
 src/blockchain/nft              |       0 |        0 |       0 |       0 |                                                                                                                                                                                                                                                                                                                                                              
  NFTAuthenticator.ts            |       0 |        0 |       0 |       0 | 11-163                                                                                                                                                                                                                                                                                                                                                       
  RoyaltyEnforcer.ts             |       0 |        0 |       0 |       0 | 11-165                                                                                                                                                                                                                                                                                                                                                       
 src/blockchain/zk               |       0 |        0 |       0 |       0 |                                                                                                                                                                                                                                                                                                                                                              
  ZKAuthenticator.ts             |       0 |        0 |       0 |       0 | 11-200                                                                                                                                                                                                                                                                                                                                                       
 src/cloud                       |       0 |      100 |       0 |       0 |                                                                                                                                                                                                                                                                                                                                                              
  CloudNativeSecurityModule.ts   |       0 |      100 |       0 |       0 | 7-51                                                                                                                                                                                                                                                                                                                                                         
 src/crypto                      |   35.37 |    27.76 |   31.43 |   35.49 |                                                                                                                                                                                                                                                                                                                                                              
  CryptoService.ts               |   54.67 |    48.27 |   48.07 |   54.67 | 151-152,158,175-176,185,192,226,258,279-323,359-361,395-405,434-438,460-546,597-618,627,653,657,666,675,678,683,691,713-716,725,734,778-780,804-807,816-818,829-847,857-872                                                                                                                                                                                  
  DigitalSignature.ts            |   37.54 |    22.47 |   46.15 |   37.84 | 77,98,122,155,160,169-171,178,190-205,230-366,383-406,421,434,455-487,507-515,585,627-720,837-842,850,853,858,866,876-956,1025-1034,1044-1054,1065-1075                                                                                                                                                                                                      
  EnvelopeEncryption.ts          |   50.64 |    43.18 |   57.57 |   51.09 | 85,110-118,133,137,190,203,208,215,219,227-228,244-389,404,408,412,445,486,491,510-544,560,691-701,727-730,739,745,779-785,802,807-809,820,836-838,867-882,896-907                                                                                                                                                                                           
  HSMInterface.ts                |    1.93 |        0 |       0 |    1.94 | 52-205,213-485,493-708,716-952,961-1164,1175-1205,1213-1297                                                                                                                                                                                                                                                                                                  
  HashService.ts                 |   30.82 |    16.21 |      25 |   31.25 | 97-130,165-262,308-347,363,395,403-447,458-520,528-536,547-555                                                                                                                                                                                                                                                                                               
  KeyDerivation.ts               |   34.84 |    29.57 |    42.3 |   35.11 | 109-135,168-238,319-368,428-431,442,500-590,598,602,606-616,629-648,655-664                                                                                                                                                                                                                                                                                  
  KeyManager.ts                  |   47.72 |    30.95 |   48.78 |   48.34 | 102-127,148-180,202,223,247,259-260,276-278,289-298,308,313,318,330-387,397,441,451,471-569,578-579,624,643-649,657,661,724,738-739,767-799,822-827,851-857,875-904,920-951,984,995,1011-1013,1044-1056                                                                                                                                                      
  PostQuantum.ts                 |   25.14 |     4.34 |   28.57 |   25.14 | 96,104,112-394,413,584-595,633-878,899-908,918-927                                                                                                                                                                                                                                                                                                           
  SecureRandom.ts                |    69.5 |    54.54 |   62.06 |   68.83 | 68,80-82,135,171-221,236,240,247,277,296-334,364,385,444,488,503,541,555,574,593-604,613,621,631                                                                                                                                                                                                                                                             
  index.ts                       |       0 |      100 |       0 |       0 | 10-62                                                                                                                                                                                                                                                                                                                                                        
 src/ecommerce                   |   23.27 |     5.58 |   27.72 |   25.15 |                                                                                                                                                                                                                                                                                                                                                              
  AccountTakeoverPrevention.ts   |   19.19 |        0 |   18.75 |   20.87 | 44-301                                                                                                                                                                                                                                                                                                                                                       
  BotProtection.ts               |    14.5 |        0 |      15 |   15.32 | 36-39,53-382                                                                                                                                                                                                                                                                                                                                                 
  CheckoutSecurity.ts            |   12.84 |        0 |      30 |   13.72 | 40-277                                                                                                                                                                                                                                                                                                                                                       
  CouponAbusePrevention.ts       |      25 |      100 |      40 |      25 | 9-17                                                                                                                                                                                                                                                                                                                                                         
  EcommerceSecurityModule.ts     |   85.93 |     62.5 |      80 |    87.3 | 95-96,116-118,184-185,208                                                                                                                                                                                                                                                                                                                                    
  InventoryFraud.ts              |      25 |      100 |      40 |      25 | 9-17                                                                                                                                                                                                                                                                                                                                                         
  MarketplaceSecurity.ts         |      20 |      100 |   33.33 |      20 | 9-21                                                                                                                                                                                                                                                                                                                                                         
  PaymentFraudDetection.ts       |      20 |      100 |   33.33 |      20 | 9-24                                                                                                                                                                                                                                                                                                                                                         
  ReviewFraudDetection.ts        |   14.73 |        0 |      25 |   15.73 | 39-280                                                                                                                                                                                                                                                                                                                                                       
  index.ts                       |       0 |      100 |       0 |       0 | 7-32                                                                                                                                                                                                                                                                                                                                                         
 src/enterprise                  |       0 |      100 |       0 |       0 |                                                                                                                                                                                                                                                                                                                                                              
  EnterpriseSecurityModule.ts    |       0 |      100 |       0 |       0 | 7-51                                                                                                                                                                                                                                                                                                                                                         
 src/errors                      |   80.78 |    74.07 |   78.46 |   80.78 |                                                                                                                                                                                                                                                                                                                                                              
  BaseError.ts                   |   90.67 |    87.23 |   88.09 |   90.67 | 213,233-234,239-243,409,429,523,571                                                                                                                                                                                                                                                                                                                          
  ErrorHandlerMiddleware.ts      |   67.05 |    55.88 |   60.86 |   67.05 | 158,165,172,208-209,219,234,239-269,279-281,312-316,346,355,370-373,389,436                                                                                                                                                                                                                                                                                  
 src/finance                     |   40.32 |    69.44 |   21.05 |   45.04 |                                                                                                                                                                                                                                                                                                                                                              
  FinanceSecurityModule.ts       |   51.02 |    69.44 |   66.66 |   51.02 | 110-111,117-118,159-307                                                                                                                                                                                                                                                                                                                                      
  index.ts                       |       0 |      100 |       0 |       0 | 21-41                                                                                                                                                                                                                                                                                                                                                        
 src/finance/aml                 |     4.4 |        0 |    4.83 |    4.67 |                                                                                                                                                                                                                                                                                                                                                              
  AMLChecker.ts                  |   48.64 |        0 |      50 |   52.94 | 34-90                                                                                                                                                                                                                                                                                                                                                        
  SanctionsScreening.ts          |       0 |        0 |       0 |       0 | 21-783                                                                                                                                                                                                                                                                                                                                                       
  SuspiciousActivityReporting.ts |       0 |        0 |       0 |       0 | 20-782                                                                                                                                                                                                                                                                                                                                                       
 src/finance/fraud               |    8.74 |        0 |    9.09 |    9.49 |                                                                                                                                                                                                                                                                                                                                                              
  BehavioralBiometrics.ts        |       0 |        0 |       0 |       0 | 20-925                                                                                                                                                                                                                                                                                                                                                       
  FraudDetectionEngine.ts        |   22.07 |        0 |   27.27 |      25 | 47-202                                                                                                                                                                                                                                                                                                                                                       
  TransactionMonitoring.ts       |      52 |        0 |      60 |   56.52 | 26-42                                                                                                                                                                                                                                                                                                                                                        
 src/finance/hsm                 |    5.27 |        0 |    4.25 |    5.33 |                                                                                                                                                                                                                                                                                                                                                              
  HSMIntegration.ts              |   13.79 |        0 |    12.5 |   13.79 | 170-633,650,678                                                                                                                                                                                                                                                                                                                                              
  KeyManagement.ts               |       0 |        0 |       0 |       0 | 21-998                                                                                                                                                                                                                                                                                                                                                       
 src/finance/payment             |    4.63 |        0 |    6.97 |    4.79 |                                                                                                                                                                                                                                                                                                                                                              
  PaymentCardEncryption.ts       |       5 |        0 |    9.09 |     5.1 | 48-314                                                                                                                                                                                                                                                                                                                                                       
  SecurePINProcessing.ts         |       0 |        0 |       0 |       0 | 19-490                                                                                                                                                                                                                                                                                                                                                       
  TokenizationService.ts         |    9.21 |        0 |   10.52 |    9.72 | 53,65-483                                                                                                                                                                                                                                                                                                                                                    
 src/government                  |       0 |      100 |       0 |       0 |                                                                                                                                                                                                                                                                                                                                                              
  GovernmentSecurityModule.ts    |       0 |      100 |       0 |       0 | 7-48                                                                                                                                                                                                                                                                                                                                                         
 src/health                      |   81.34 |    68.62 |   71.83 |   80.64 |                                                                                                                                                                                                                                                                                                                                                              
  HealthCheckService.ts          |   85.26 |    67.34 |   96.07 |   84.63 | 194,212,218,442-472,497,540,561,603,624,674,695,746,806,808,825,850,852,872,907,909,924,943,963-965,980,982,1052-1053,1070                                                                                                                                                                                                                                   
  HealthCheckTypes.ts            |     100 |      100 |     100 |     100 |                                                                                                                                                                                                                                                                                                                                                              
  index.ts                       |       0 |      100 |       0 |       0 | 11-35                                                                                                                                                                                                                                                                                                                                                        
 src/healthcare                  |   62.02 |    76.47 |   30.43 |   71.01 |                                                                                                                                                                                                                                                                                                                                                              
  HealthcareSecurityModule.ts    |   81.66 |    76.47 |   53.84 |   81.66 | 94-95,113-115,143-150,183-198,232,240                                                                                                                                                                                                                                                                                                                        
  index.ts                       |       0 |      100 |       0 |       0 | 7-27                                                                                                                                                                                                                                                                                                                                                         
 src/healthcare/consent          |   11.58 |        0 |   15.38 |   11.84 |                                                                                                                                                                                                                                                                                                                                                              
  PatientConsentManager.ts       |   11.58 |        0 |   15.38 |   11.84 | 89-90,107-723,733-771,796                                                                                                                                                                                                                                                                                                                                    
 src/healthcare/devices          |   22.72 |        0 |      25 |   24.19 |                                                                                                                                                                                                                                                                                                                                                              
  MedicalDeviceSecurity.ts       |   22.72 |        0 |      25 |   24.19 | 41-192                                                                                                                                                                                                                                                                                                                                                       
 src/healthcare/ehr              |   30.92 |        0 |      25 |   34.48 |                                                                                                                                                                                                                                                                                                                                                              
  EHRIntegration.ts              |   32.65 |        0 |      20 |   38.09 | 48-157                                                                                                                                                                                                                                                                                                                                                       
  FHIRSecurity.ts                |   29.16 |        0 |   33.33 |   31.11 | 50-208                                                                                                                                                                                                                                                                                                                                                       
 src/healthcare/identity         |   21.12 |        0 |      25 |   22.72 |                                                                                                                                                                                                                                                                                                                                                              
  HealthcareIdentity.ts          |   21.12 |        0 |      25 |   22.72 | 46-227                                                                                                                                                                                                                                                                                                                                                       
 src/healthcare/phi              |   13.04 |        8 |   15.78 |   13.91 |                                                                                                                                                                                                                                                                                                                                                              
  PHIProtection.ts               |   13.04 |        8 |   15.78 |   13.91 | 102-103,109-110,124-622                                                                                                                                                                                                                                                                                                                                      
 src/healthcare/telehealth       |    28.3 |        0 |   27.27 |   28.84 |                                                                                                                                                                                                                                                                                                                                                              
  TelehealthSecurity.ts          |    28.3 |        0 |   27.27 |   28.84 | 40-169                                                                                                                                                                                                                                                                                                                                                       
 src/incident                    |   55.76 |    40.36 |   54.92 |   55.98 |                                                                                                                                                                                                                                                                                                                                                              
  CommunicationManager.ts        |   26.27 |    13.88 |   25.92 |   26.49 | 310,330,347-399,433-635,643-678                                                                                                                                                                                                                                                                                                                              
  ContainmentActions.ts          |   56.21 |    44.06 |   70.58 |   55.77 | 222-226,231-245,257-260,269-272,278-322,384-411,451-500,524,528,575-576,633-649,668,692-715,738,799-846                                                                                                                                                                                                                                                      
  EvidenceManager.ts             |   43.71 |     37.2 |   52.17 |   43.71 | 246-261,283,348-412,427,450,464-469,489-658,679-740                                                                                                                                                                                                                                                                                                          
  ExternalIntegrations.ts        |   33.57 |    18.18 |    37.5 |   33.09 | 87-118,141,166-185,235,264-302,348,376-734                                                                                                                                                                                                                                                                                                                   
  ForensicsCollector.ts          |   48.66 |    22.64 |   48.71 |   48.64 | 192-193,228-240,277-283,289-292,301-401,459-500,591-728,797,818-898,912,927-929,943,948,960-961,979-991                                                                                                                                                                                                                                                      
  IncidentClassifier.ts          |   71.14 |    52.35 |   88.13 |   71.52 | 445-467,482-494,510,521-538,828-837,849-856,876,938,1007-1034,1055-1056,1066,1082,1091-1100,1140,1154,1157,1179,1182,1185,1199,1204,1246-1260                                                                                                                                                                                                                
  IncidentManager.ts             |   65.14 |    46.47 |      55 |   66.52 | 276-277,282,287-288,293-294,368,415,441-454,468-472,487,493,496,499-501,509-518,543,555-559,607,665-755,772,823,841-851,867-874,890-892,910-911,929-930,934-935                                                                                                                                                                                              
  IncidentReporter.ts            |   68.57 |    49.48 |   66.07 |   70.98 | 100,152-158,192-227,283-349,389-394,423,427,431,441,477,496-499,564-566,571-575,584-618                                                                                                                                                                                                                                                                      
  PlaybookEngine.ts              |   48.35 |    25.18 |   54.54 |   47.75 | 192,197,202,207,212,217,227,232,298-299,327,331,350,363,374,389,402,418,441-442,447-449,454-456,461-462,490,526-630,638,681,706-816,855-871,898-948,962,1031-1224,1278-1319                                                                                                                                                                                  
  PostIncidentReview.ts          |   53.48 |    58.13 |   54.54 |    53.9 | 146,151,155,168,193,204,214-217,249,261,343-473,487,505-515                                                                                                                                                                                                                                                                                                  
  TimelineReconstructor.ts       |   62.31 |    48.83 |    62.5 |    63.9 | 107,178-226,240-247,265-268,287,301,325,356-405,440-456,467,490,505,558-563                                                                                                                                                                                                                                                                                  
  index.ts                       |     100 |      100 |   21.81 |     100 |                                                                                                                                                                                                                                                                                                                                                              
 src/incident/Playbooks          |     100 |      100 |     100 |     100 |                                                                                                                                                                                                                                                                                                                                                              
  CredentialCompromise.ts        |     100 |      100 |     100 |     100 |                                                                                                                                                                                                                                                                                                                                                              
  DDoSAttack.ts                  |     100 |      100 |     100 |     100 |                                                                                                                                                                                                                                                                                                                                                              
  DataBreach.ts                  |     100 |      100 |     100 |     100 |                                                                                                                                                                                                                                                                                                                                                              
  InsiderThreat.ts               |     100 |      100 |     100 |     100 |                                                                                                                                                                                                                                                                                                                                                              
  MalwareOutbreak.ts             |     100 |      100 |     100 |     100 |                                                                                                                                                                                                                                                                                                                                                              
  RansomwareAttack.ts            |     100 |      100 |     100 |     100 |                                                                                                                                                                                                                                                                                                                                                              
  index.ts                       |     100 |      100 |     100 |     100 |                                                                                                                                                                                                                                                                                                                                                              
 src/integrity                   |   39.33 |    27.29 |    36.5 |   39.81 |                                                                                                                                                                                                                                                                                                                                                              
  ArtifactSigner.ts              |    5.72 |    18.75 |    3.84 |    5.72 | 213-900,915-977                                                                                                                                                                                                                                                                                                                                              
  BaselineManager.ts             |   44.89 |     29.9 |   52.38 |   44.61 | 103,115,137,191-193,210-213,270-287,308-310,376-445,466,498,516,550-855                                                                                                                                                                                                                                                                                      
  CodeSigner.ts                  |   28.63 |     15.9 |   33.33 |   28.63 | 144-145,150-153,166-238,259,312-348,380-381,386-389,409-455,474-475,496-579,599-608,625-841,862,894-910                                                                                                                                                                                                                                                      
  FileIntegrityMonitor.ts        |    2.48 |        0 |       0 |    2.53 | 97-947,966-1012                                                                                                                                                                                                                                                                                                                                              
  HashChain.ts                   |   52.24 |    37.31 |   43.24 |   52.29 | 127,131-136,214,220,250-283,299,315-316,333-335,341-343,348,356,375-442,456,497-498,518-519,563-565,613-623,657-684,752-820                                                                                                                                                                                                                                  
  IntegrityService.ts            |   63.34 |    38.96 |   52.77 |   63.34 | 179-180,204,246,264-286,297,317-320,336,347-348,369-371,406-407,432-439,465,494-602,617,650-659,744-746,786-788,790-792,806,822,843-904,956                                                                                                                                                                                                                  
  MerkleTree.ts                  |   63.45 |    39.13 |   65.78 |   63.54 | 89,94-101,116,240,265,293,297,329,349-393,407,443-506,563,573,576,626,631-632,662-663,676-705,721-759                                                                                                                                                                                                                                                        
  ModificationDetector.ts        |   68.34 |    46.87 |   63.33 |    69.1 | 288-296,315,336-349,378-380,415,420-428,434-436,451,503,524,545,552,566,593,604-607,627-646,739-740,744-745,749-750,773-774,778,790-830,852-865                                                                                                                                                                                                              
  RuntimeVerifier.ts             |      22 |    21.66 |   19.44 |   21.76 | 116,129,144-146,160,185-187,201-380,413-570,584-661,681-693                                                                                                                                                                                                                                                                                                  
  SBOMGenerator.ts               |   50.61 |    27.48 |   48.14 |   52.56 | 203,259-261,286,316-318,413-528,581-582,638-640,648-652,663-672,699,703,719,726,733,748-774,811,815-856,885,888,897-907,928-1048,1088-1101                                                                                                                                                                                                                   
  SLSAVerifier.ts                |   67.18 |     41.5 |    62.5 |   66.66 | 272-274,303-304,381-391,405,498-557,599-758,774,805                                                                                                                                                                                                                                                                                                          
  SupplyChainVerifier.ts         |    8.05 |    17.07 |      12 |    8.21 | 165-665,692-702                                                                                                                                                                                                                                                                                                                                              
  TransparencyLog.ts             |   46.61 |    27.27 |   41.17 |   47.28 | 153,164-167,202-204,221-225,250-261,351-502,514,549-551,588-653,668-670,686-718,746-757                                                                                                                                                                                                                                                                      
  index.ts                       |       0 |      100 |       0 |       0 | 23-71                                                                                                                                                                                                                                                                                                                                                        
 src/logging                     |    44.3 |    37.43 |   41.72 |   45.12 |                                                                                                                                                                                                                                                                                                                                                              
  AlertingService.ts             |   35.59 |    21.95 |   32.91 |    36.2 | 202-257,295-296,309-312,339-346,367-373,398-444,466-793,827-881,895-924,941-942,951,1084-1088,1100,1109,1139-1140,1152,1177-1224,1249-1256,1261,1266-1267,1278-1286,1297,1318-1319,1329,1344,1369-1387,1395-1404,1422-1443,1460-1494                                                                                                                         
  AnomalyDetection.ts            |   29.87 |    32.85 |   19.75 |   32.14 | 229-353,377-651,686,696-724,840,856-857,866,878,891-895,909,914,933-946,978-990,1000,1005,1016-1026,1048-1068,1079-1081,1091,1146,1158-1164,1191-1192,1203-1253,1266,1277,1296-1325,1339-1400                                                                                                                                                                
  AttackDetection.ts             |   78.32 |    72.27 |   71.64 |   78.88 | 622,646-666,715,719,723,775-776,788,800-801,903,954,961,967-968,988-1001,1022,1031,1227-1249,1263-1285,1341,1352,1477-1494,1521,1552-1603                                                                                                                                                                                                                    
  ComplianceReporter.ts          |   61.46 |    58.33 |   58.82 |   63.86 | 486,495,583,608-669,738,787-788,846,848,938,940,990-997,1086,1103,1110-1112,1124,1141-1205                                                                                                                                                                                                                                                                   
  ElasticsearchClient.ts         |   17.91 |    30.43 |   20.33 |   18.18 | 137-214,246-266,283-284,304-334,352-356,370-371,489-977,994-996,1004-1005,1032                                                                                                                                                                                                                                                                               
  IntegrityVerifier.ts           |    50.2 |    34.84 |   47.91 |   50.43 | 186-187,196,233-236,244,248,269,299-309,323-331,363-405,431-458,572-576,584-586,595,617-668,705-751,767-782,792,810-841,851,866-888,932-944                                                                                                                                                                                                                  
  LogBuffer.ts                   |       0 |        0 |       0 |       0 | 19-1245                                                                                                                                                                                                                                                                                                                                                      
  LogCorrelator.ts               |   69.25 |    57.71 |   65.75 |    70.5 | 377,381-382,415-416,430-431,482-483,488-489,494,514,520,526,533,579-584,597-633,657-662,681-689,711-721,803,843,846,1166-1168,1188-1210,1235-1239,1301-1338,1348,1364-1398,1412-1413,1437-1453                                                                                                                                                               
  LogEnricher.ts                 |   22.15 |    21.51 |   21.05 |   22.25 | 232-312,343-505,537-859,978-979,994-1011,1017-1045,1051-1065,1071-1084,1091-1105,1112,1128,1141-1164,1188-1249,1261,1291-1329                                                                                                                                                                                                                                
  LogParser.ts                   |   53.76 |    43.72 |    61.4 |   56.14 | 283-296,323,327,352,366-379,408-431,462,472,482,487,492,497,590,621-622,627-634,639-640,646,669,693,714,763,820-891,907,954-1119,1135,1209,1211,1224-1298,1340,1342,1344,1348,1392-1432,1476,1535,1538,1541,1544,1547,1550,1582-1583,1591-1592,1600-1601,1609-1610,1618-1619,1627-1628,1643-1644,1660-1667,1672-1676,1709,1717-1740,1757-1765,1806,1834-1866 
  LogStorage.ts                  |   44.68 |    15.46 |   53.22 |   44.72 | 192-238,260-288,331-472,573,590,649,663,687-696,702,709,724-725,742-766,774,797-874,915,954,968,1000,1025,1040-1055,1078-1142                                                                                                                                                                                                                                
  Logger.ts                      |   51.28 |    45.18 |   53.75 |   52.14 | 165-178,201,216,252-502,548-549,575-577,656-688,725,736,882,890-906,918-935,1182,1243-1280,1317-1324,1349,1375-1378                                                                                                                                                                                                                                          
  RealTimeAlerter.ts             |   67.53 |    44.92 |   71.42 |      68 | 252,257-258,263-264,288,380,384,388,418-428,434-435,448,474,488,521-610,624-625,636-660,699,728,747,807-813,851,914                                                                                                                                                                                                                                          
  RequestContextLogger.ts        |       0 |        0 |       0 |       0 | 14-373                                                                                                                                                                                                                                                                                                                                                       
  SIEMEngine.ts                  |   63.82 |    46.76 |   60.52 |    65.8 | 647,662,668-686,695-698,714,722,733-757,834-835,858-889,898,927-931,1041,1097-1098,1107-1115,1139,1157-1164,1254-1260,1283,1359,1393,1408,1426-1432,1460-1543,1559-1579                                                                                                                                                                                      
  SecurityContextLogger.ts       |       0 |        0 |       0 |       0 | 15-511                                                                                                                                                                                                                                                                                                                                                       
  SecurityEventTypes.ts          |     100 |      100 |     100 |     100 |                                                                                                                                                                                                                                                                                                                                                              
  StructuredSecurityLogger.ts    |   89.85 |    79.68 |   90.47 |   89.85 | 216,272,574-582                                                                                                                                                                                                                                                                                                                                              
  index.ts                       |       0 |        0 |       0 |       0 | 15-271                                                                                                                                                                                                                                                                                                                                                       
 src/middleware                  |   42.91 |    51.98 |   28.92 |   42.81 |                                                                                                                                                                                                                                                                                                                                                              
  CORSMiddleware.ts              |   91.86 |    92.68 |   86.36 |    93.8 | 114,136,152,160,252-253,262                                                                                                                                                                                                                                                                                                                                  
  InputValidationMiddleware.ts   |   80.93 |    69.03 |   94.11 |   80.85 | 315-332,357-362,417-421,429-430,459-489,502,521,554,578,609,844,893-917,963,1020,1024                                                                                                                                                                                                                                                                        
  RateLimitMiddleware.ts         |       0 |        0 |       0 |       0 | 18-1158                                                                                                                                                                                                                                                                                                                                                      
  SecurityHeadersMiddleware.ts   |       0 |        0 |       0 |       0 | 231-688                                                                                                                                                                                                                                                                                                                                                      
 src/mobile                      |       0 |      100 |       0 |       0 |                                                                                                                                                                                                                                                                                                                                                              
  MobileSecurityModule.ts        |       0 |      100 |       0 |       0 | 7-52                                                                                                                                                                                                                                                                                                                                                         
 src/secrets                     |   32.18 |    20.16 |   28.81 |   32.48 |                                                                                                                                                                                                                                                                                                                                                              
  AWSSecretsBackend.ts           |    2.83 |        0 |       0 |    2.85 | 133-836,854-880                                                                                                                                                                                                                                                                                                                                              
  AccessPolicy.ts                |   57.87 |    34.69 |   60.41 |   60.44 | 88,117,143,155,203,236-239,257,292-458,521,531,539,545,551,570,576,581,613-623,639,645-655,696,702-709,726,746,762-772,787-836,855,866-867,878,899-903                                                                                                                                                                                                       
  AzureKeyVaultBackend.ts        |    2.76 |        0 |       0 |     2.8 | 292-978,996-1022                                                                                                                                                                                                                                                                                                                                             
  DynamicSecrets.ts              |   62.36 |    36.24 |   61.53 |   62.17 | 189,193,197,201,216,261,270,360-361,383,387,392,397,437,444-447,453-467,494-506,535-543,593-597,617-622,693-718,761,804-948,964,985-987,1005-1010,1045,1111-1119                                                                                                                                                                                             
  GCPSecretBackend.ts            |    3.29 |        0 |       0 |    3.31 | 210-843,861-887                                                                                                                                                                                                                                                                                                                                              
  SecretCache.ts                 |   55.72 |    46.03 |   55.55 |   55.72 | 97,127-129,134,178,190-193,230-231,244,282,307,391-477,500-505,522,545-546,567,581-597,623-645,669-703                                                                                                                                                                                                                                                       
  SecretLeaseManager.ts          |   75.77 |    64.06 |   68.75 |   75.77 | 268,283,299,314,359,371,390,436-518,535,569,647,659-660,689,699-705,819-842                                                                                                                                                                                                                                                                                  
  SecretRotator.ts               |   10.52 |        0 |    9.67 |   10.69 | 190-240,254,259-260,274-787                                                                                                                                                                                                                                                                                                                                  
  SecretScanner.ts               |   51.03 |    33.87 |   57.57 |    51.3 | 182-183,419-420,427,456-582,611,673-750,826,891,907,925,945,967,1032-1050                                                                                                                                                                                                                                                                                    
  SecretVersioning.ts            |    35.1 |    24.28 |      50 |   35.29 | 190-192,239,255-267,281,309-529,552,558,568,590-618,635-643,668,675-783                                                                                                                                                                                                                                                                                      
  SecretsManager.ts              |   23.07 |     3.81 |   19.64 |   23.54 | 163-164,175-176,187-188,200,204-205,217-229,239,255-265,284-337,357-1095,1118-1137,1152-1329,1352-1378                                                                                                                                                                                                                                                       
  VaultBackend.ts                |     3.3 |        0 |       0 |    3.34 | 108-980,1002-1036                                                                                                                                                                                                                                                                                                                                            
 src/threat                      |       0 |        0 |       0 |       0 |                                                                                                                                                                                                                                                                                                                                                              
  AutomatedResponse.ts           |       0 |        0 |       0 |       0 | 8-1191                                                                                                                                                                                                                                                                                                                                                       
  CorrelationEngine.ts           |       0 |        0 |       0 |       0 | 8-834                                                                                                                                                                                                                                                                                                                                                        
  EndpointDetector.ts            |       0 |        0 |       0 |       0 | 8-887                                                                                                                                                                                                                                                                                                                                                        
  KillChainAnalyzer.ts           |       0 |        0 |       0 |       0 | 8-672                                                                                                                                                                                                                                                                                                                                                        
  MITREAttackMapper.ts           |       0 |        0 |       0 |       0 | 8-1077                                                                                                                                                                                                                                                                                                                                                       
  MLModels.ts                    |       0 |        0 |       0 |       0 | 8-1091                                                                                                                                                                                                                                                                                                                                                       
  NetworkAnalyzer.ts             |       0 |        0 |       0 |       0 | 8-865                                                                                                                                                                                                                                                                                                                                                        
  RiskScorer.ts                  |       0 |        0 |       0 |       0 | 8-952                                                                                                                                                                                                                                                                                                                                                        
  ThreatDashboard.ts             |       0 |        0 |       0 |       0 | 8-915                                                                                                                                                                                                                                                                                                                                                        
  ThreatDetectionEngine.ts       |       0 |        0 |       0 |       0 | 9-1132                                                                                                                                                                                                                                                                                                                                                       
  ThreatHunting.ts               |       0 |        0 |       0 |       0 | 8-749                                                                                                                                                                                                                                                                                                                                                        
  ThreatIntelligence.ts          |       0 |        0 |       0 |       0 | 8-1082                                                                                                                                                                                                                                                                                                                                                       
  UEBAService.ts                 |       0 |        0 |       0 |       0 | 8-1328                                                                                                                                                                                                                                                                                                                                                       
  index.ts                       |       0 |      100 |       0 |       0 | 9-33                                                                                                                                                                                                                                                                                                                                                         
 src/utils                       |    49.5 |    40.86 |   39.01 |   49.44 |                                                                                                                                                                                                                                                                                                                                                              
  CircuitBreaker.ts              |   90.12 |    88.46 |   82.85 |   91.71 | 250-251,272-277,466-484                                                                                                                                                                                                                                                                                                                                      
  EnvironmentValidator.ts        |   94.87 |    79.54 |     100 |   95.23 | 413,444,501,538,714-717                                                                                                                                                                                                                                                                                                                                      
  InputValidator.ts              |   58.47 |    44.13 |   73.68 |   58.94 | 257-260,266-267,337-338,352,358,381-382,392-393,408,418,429,460-463,472-473,478-479,484,498,514-541,558-559,596-597,609,620-623,644-648,657-680,716-717,731,745,759,835-838,853-870,886,906-960,968,975-993                                                                                                                                                  
  PerformanceMonitor.ts          |   15.63 |     8.77 |    9.67 |   15.63 | 348-869,882-885,892-908                                                                                                                                                                                                                                                                                                                                      
  RetryHandler.ts                |       0 |        0 |       0 |       0 | 16-635                                                                                                                                                                                                                                                                                                                                                       
  StubLogger.ts                  |   14.28 |     9.09 |    9.09 |   14.28 | 15-59                                                                                                                                                                                                                                                                                                                                                        
  index.ts                       |       0 |      100 |       0 |       0 | 8-53                                                                                                                                                                                                                                                                                                                                                         
 src/zerotrust                   |       0 |        0 |       0 |       0 |                                                                                                                                                                                                                                                                                                                                                              
  DevicePostureChecker.ts        |       0 |        0 |       0 |       0 | 13-808                                                                                                                                                                                                                                                                                                                                                       
  EgressFilter.ts                |       0 |        0 |       0 |       0 | 12-618                                                                                                                                                                                                                                                                                                                                                       
  IdentityAwareProxy.ts          |       0 |        0 |       0 |       0 | 13-839                                                                                                                                                                                                                                                                                                                                                       
  JustInTimeAccess.ts            |       0 |        0 |       0 |       0 | 12-685                                                                                                                                                                                                                                                                                                                                                       
  MicroSegmentation.ts           |       0 |        0 |       0 |       0 | 13-645                                                                                                                                                                                                                                                                                                                                                       
  NetworkAccessControl.ts        |       0 |        0 |       0 |       0 | 12-770                                                                                                                                                                                                                                                                                                                                                       
  NetworkPolicyEngine.ts         |       0 |        0 |       0 |       0 | 12-494                                                                                                                                                                                                                                                                                                                                                       
  PolicyDecisionPoint.ts         |       0 |        0 |       0 |       0 | 13-1113                                                                                                                                                                                                                                                                                                                                                      
  PolicyEnforcementPoint.ts      |       0 |        0 |       0 |       0 | 13-983                                                                                                                                                                                                                                                                                                                                                       
  ServiceMeshMTLS.ts             |       0 |        0 |       0 |       0 | 13-758                                                                                                                                                                                                                                                                                                                                                       
  SoftwareDefinedPerimeter.ts    |       0 |        0 |       0 |       0 | 13-725                                                                                                                                                                                                                                                                                                                                                       
  TLSEverywhere.ts               |       0 |        0 |       0 |       0 | 12-457                                                                                                                                                                                                                                                                                                                                                       
  TrustVerifier.ts               |       0 |        0 |       0 |       0 | 14-1009                                                                                                                                                                                                                                                                                                                                                      
  ZeroTrustController.ts         |       0 |        0 |       0 |       0 | 12-756                                                                                                                                                                                                                                                                                                                                                       
  index.ts                       |       0 |      100 |       0 |       0 | 15-218                                                                                                                                                                                                                                                                                                                                                       
  zerotrust.types.ts             |       0 |        0 |       0 |       0 | 22-1157                                                                                                                                                                                                                                                                                                                                                      
---------------------------------|---------|----------|---------|---------|--------------------------------------------------------------------------------------------------------------------------------------------------------------------------------------------------------------------------------------------------------------------------------------------------------------------------------------------------------------
Jest: "global" coverage threshold for statements (50%) not met: 27.49%
Jest: "global" coverage threshold for branches (50%) not met: 20.72%
Jest: "global" coverage threshold for lines (50%) not met: 27.92%
Jest: "global" coverage threshold for functions (50%) not met: 26.59%
Test Suites: 13 failed, 7 passed, 20 total
Tests:       79 failed, 3 skipped, 690 passed, 772 total
Snapshots:   0 total
Time:        41.315 s
Ran all test suites.
